PYTHONPATH=./python":"$PYTHONPATH PYTHONDONTWRITEBYTECODE=yes /usr/bin/python3 ./ofproto/ipfix-gen-entities ofproto/ipfix.xml > ofproto/ipfix-entities.def.tmp && \
mv ofproto/ipfix-entities.def.tmp ofproto/ipfix-entities.def
sed -f ./build-aux/extract-odp-netlink-h < include/linux/openvswitch.h > include/odp-netlink.h
sed \
	-e '/^##/d' \
	-e 's,[@]pkgdatadir[@],/usr/local/share/openvswitch,g' \
	-e 's,[@]RUNDIR[@],/usr/local/var/run/openvswitch,g' \
	-e 's,[@]LOGDIR[@],/usr/local/var/log/openvswitch,g' \
	-e 's,[@]bindir[@],/usr/local/bin,g' \
	-e 's,[@]sysconfdir[@],/usr/local/etc,g' \
	-e 's,[@]DBDIR[@],/usr/local/etc/openvswitch,g' \
	< python/ovs/dirs.py.template > python/ovs/dirs.py.tmp && \
mv python/ovs/dirs.py.tmp python/ovs/dirs.py
sh -f ./build-aux/extract-odp-netlink-macros-h include/odp-netlink.h > include/odp-netlink-macros.h
PYTHONPATH=./python":"$PYTHONPATH PYTHONDONTWRITEBYTECODE=yes /usr/bin/python3 ./ovsdb/ovsdb-idlc.in annotate ./vswitchd/vswitch.ovsschema ./lib/vswitch-idl.ann > lib/vswitch-idl.ovsidl.tmp && mv lib/vswitch-idl.ovsidl.tmp lib/vswitch-idl.ovsidl
PYTHONPATH=./python":"$PYTHONPATH PYTHONDONTWRITEBYTECODE=yes /usr/bin/python3 ./ovsdb/ovsdb-idlc.in annotate ./ovsdb/_server.ovsschema ./lib/ovsdb-server-idl.ann > lib/ovsdb-server-idl.ovsidl.tmp && mv lib/ovsdb-server-idl.ovsidl.tmp lib/ovsdb-server-idl.ovsidl
PYTHONPATH=./python":"$PYTHONPATH PYTHONDONTWRITEBYTECODE=yes /usr/bin/python3 ./ovsdb/ovsdb-idlc.in -C . annotate tests/idltest.ovsschema tests/idltest.ann > tests/idltest.ovsidl.tmp && \
mv tests/idltest.ovsidl.tmp tests/idltest.ovsidl
PYTHONPATH=./python":"$PYTHONPATH PYTHONDONTWRITEBYTECODE=yes /usr/bin/python3 ./ovsdb/ovsdb-idlc.in annotate ./vtep/vtep.ovsschema ./vtep/vtep-idl.ann > vtep/vtep-idl.ovsidl.tmp && \
mv vtep/vtep-idl.ovsidl.tmp vtep/vtep-idl.ovsidl
PYTHONPATH=./python":"$PYTHONPATH PYTHONDONTWRITEBYTECODE=yes /usr/bin/python3 ./ovsdb/ovsdb-idlc.in c-idl-source lib/vswitch-idl.ovsidl > lib/vswitch-idl.c.tmp && mv lib/vswitch-idl.c.tmp lib/vswitch-idl.c
PYTHONPATH=./python":"$PYTHONPATH PYTHONDONTWRITEBYTECODE=yes /usr/bin/python3 ./ovsdb/ovsdb-idlc.in c-idl-header lib/vswitch-idl.ovsidl > lib/vswitch-idl.h.tmp && mv lib/vswitch-idl.h.tmp lib/vswitch-idl.h
PYTHONPATH=./python":"$PYTHONPATH PYTHONDONTWRITEBYTECODE=yes /usr/bin/python3 ./ovsdb/ovsdb-idlc.in c-idl-source lib/ovsdb-server-idl.ovsidl > lib/ovsdb-server-idl.c.tmp && mv lib/ovsdb-server-idl.c.tmp lib/ovsdb-server-idl.c
PYTHONPATH=./python":"$PYTHONPATH PYTHONDONTWRITEBYTECODE=yes /usr/bin/python3 ./ovsdb/ovsdb-idlc.in c-idl-header lib/ovsdb-server-idl.ovsidl > lib/ovsdb-server-idl.h.tmp && mv lib/ovsdb-server-idl.h.tmp lib/ovsdb-server-idl.h
PYTHONPATH=./python":"$PYTHONPATH PYTHONDONTWRITEBYTECODE=yes /usr/bin/python3 ./ovsdb/ovsdb-idlc.in c-idl-header tests/idltest.ovsidl > tests/idltest.h.tmp && mv tests/idltest.h.tmp tests/idltest.h
PYTHONPATH=./python":"$PYTHONPATH PYTHONDONTWRITEBYTECODE=yes /usr/bin/python3 ./ovsdb/ovsdb-idlc.in c-idl-source vtep/vtep-idl.ovsidl > vtep/vtep-idl.c.tmp && mv vtep/vtep-idl.c.tmp vtep/vtep-idl.c
PYTHONPATH=./python":"$PYTHONPATH PYTHONDONTWRITEBYTECODE=yes /usr/bin/python3 ./ovsdb/ovsdb-idlc.in c-idl-header vtep/vtep-idl.ovsidl > vtep/vtep-idl.h.tmp && mv vtep/vtep-idl.h.tmp vtep/vtep-idl.h
PYTHONPATH=./python":"$PYTHONPATH PYTHONDONTWRITEBYTECODE=yes /usr/bin/python3 ./ovsdb/ovsdb-idlc.in c-idl-source tests/idltest.ovsidl > tests/idltest.c.tmp && mv tests/idltest.c.tmp tests/idltest.c
make  all-am
make[1]: Entering directory '/mnt/d/ovs_DS'
PYTHONPATH=./python":"$PYTHONPATH PYTHONDONTWRITEBYTECODE=yes /usr/bin/python3 build-aux/extract-ofp-fields meta-flow ./include/openvswitch/meta-flow.h > lib/meta-flow.inc.tmp
PYTHONPATH=./python":"$PYTHONPATH PYTHONDONTWRITEBYTECODE=yes /usr/bin/python3 build-aux/extract-ofp-fields nx-match ./include/openvswitch/meta-flow.h > lib/nx-match.inc.tmp
depbase=`echo lib/object-collection.lo | sed 's|[^/]*$|.deps/&|;s|\.lo$||'`;\
/bin/bash ./libtool  --tag=CC   --mode=compile gcc -DHAVE_CONFIG_H -I.    -I ./include -I ./include -I ./lib -I ./lib    -Wstrict-prototypes -Wall -Wextra -Wno-sign-compare -Wpointer-arith -Wformat -Wformat-security -Wswitch-enum -Wunused-parameter -Wbad-function-cast -Wcast-align -Wstrict-prototypes -Wold-style-definition -Wmissing-prototypes -Wmissing-field-initializers -fno-strict-aliasing -Wswitch-bool -Wlogical-not-parentheses -Wsizeof-array-argument -Wbool-compare -Wshift-negative-value -Wduplicated-cond -Wshadow -Wmultistatement-macros -Wcast-align=strict    -g -O2 -MT lib/object-collection.lo -MD -MP -MF $depbase.Tpo -c -o lib/object-collection.lo lib/object-collection.c &&\
mv -f $depbase.Tpo $depbase.Plo
depbase=`echo lib/odp-execute.lo | sed 's|[^/]*$|.deps/&|;s|\.lo$||'`;\
/bin/bash ./libtool  --tag=CC   --mode=compile gcc -DHAVE_CONFIG_H -I.    -I ./include -I ./include -I ./lib -I ./lib    -Wstrict-prototypes -Wall -Wextra -Wno-sign-compare -Wpointer-arith -Wformat -Wformat-security -Wswitch-enum -Wunused-parameter -Wbad-function-cast -Wcast-align -Wstrict-prototypes -Wold-style-definition -Wmissing-prototypes -Wmissing-field-initializers -fno-strict-aliasing -Wswitch-bool -Wlogical-not-parentheses -Wsizeof-array-argument -Wbool-compare -Wshift-negative-value -Wduplicated-cond -Wshadow -Wmultistatement-macros -Wcast-align=strict    -g -O2 -MT lib/odp-execute.lo -MD -MP -MF $depbase.Tpo -c -o lib/odp-execute.lo lib/odp-execute.c &&\
mv -f $depbase.Tpo $depbase.Plo
libtool: compile:  gcc -DHAVE_CONFIG_H -I. -I ./include -I ./include -I ./lib -I ./lib -Wstrict-prototypes -Wall -Wextra -Wno-sign-compare -Wpointer-arith -Wformat -Wformat-security -Wswitch-enum -Wunused-parameter -Wbad-function-cast -Wcast-align -Wstrict-prototypes -Wold-style-definition -Wmissing-prototypes -Wmissing-field-initializers -fno-strict-aliasing -Wswitch-bool -Wlogical-not-parentheses -Wsizeof-array-argument -Wbool-compare -Wshift-negative-value -Wduplicated-cond -Wshadow -Wmultistatement-macros -Wcast-align=strict -g -O2 -MT lib/odp-execute.lo -MD -MP -MF lib/.deps/odp-execute.Tpo -c lib/odp-execute.c -o lib/odp-execute.o
libtool: compile:  gcc -DHAVE_CONFIG_H -I. -I ./include -I ./include -I ./lib -I ./lib -Wstrict-prototypes -Wall -Wextra -Wno-sign-compare -Wpointer-arith -Wformat -Wformat-security -Wswitch-enum -Wunused-parameter -Wbad-function-cast -Wcast-align -Wstrict-prototypes -Wold-style-definition -Wmissing-prototypes -Wmissing-field-initializers -fno-strict-aliasing -Wswitch-bool -Wlogical-not-parentheses -Wsizeof-array-argument -Wbool-compare -Wshift-negative-value -Wduplicated-cond -Wshadow -Wmultistatement-macros -Wcast-align=strict -g -O2 -MT lib/object-collection.lo -MD -MP -MF lib/.deps/object-collection.Tpo -c lib/object-collection.c -o lib/object-collection.o
mv lib/meta-flow.inc.tmp lib/meta-flow.inc
depbase=`echo lib/odp-execute-private.lo | sed 's|[^/]*$|.deps/&|;s|\.lo$||'`;\
/bin/bash ./libtool  --tag=CC   --mode=compile gcc -DHAVE_CONFIG_H -I.    -I ./include -I ./include -I ./lib -I ./lib    -Wstrict-prototypes -Wall -Wextra -Wno-sign-compare -Wpointer-arith -Wformat -Wformat-security -Wswitch-enum -Wunused-parameter -Wbad-function-cast -Wcast-align -Wstrict-prototypes -Wold-style-definition -Wmissing-prototypes -Wmissing-field-initializers -fno-strict-aliasing -Wswitch-bool -Wlogical-not-parentheses -Wsizeof-array-argument -Wbool-compare -Wshift-negative-value -Wduplicated-cond -Wshadow -Wmultistatement-macros -Wcast-align=strict    -g -O2 -MT lib/odp-execute-private.lo -MD -MP -MF $depbase.Tpo -c -o lib/odp-execute-private.lo lib/odp-execute-private.c &&\
mv -f $depbase.Tpo $depbase.Plo
mv lib/nx-match.inc.tmp lib/nx-match.inc
depbase=`echo lib/odp-util.lo | sed 's|[^/]*$|.deps/&|;s|\.lo$||'`;\
/bin/bash ./libtool  --tag=CC   --mode=compile gcc -DHAVE_CONFIG_H -I.    -I ./include -I ./include -I ./lib -I ./lib    -Wstrict-prototypes -Wall -Wextra -Wno-sign-compare -Wpointer-arith -Wformat -Wformat-security -Wswitch-enum -Wunused-parameter -Wbad-function-cast -Wcast-align -Wstrict-prototypes -Wold-style-definition -Wmissing-prototypes -Wmissing-field-initializers -fno-strict-aliasing -Wswitch-bool -Wlogical-not-parentheses -Wsizeof-array-argument -Wbool-compare -Wshift-negative-value -Wduplicated-cond -Wshadow -Wmultistatement-macros -Wcast-align=strict    -g -O2 -MT lib/odp-util.lo -MD -MP -MF $depbase.Tpo -c -o lib/odp-util.lo lib/odp-util.c &&\
mv -f $depbase.Tpo $depbase.Plo
libtool: compile:  gcc -DHAVE_CONFIG_H -I. -I ./include -I ./include -I ./lib -I ./lib -Wstrict-prototypes -Wall -Wextra -Wno-sign-compare -Wpointer-arith -Wformat -Wformat-security -Wswitch-enum -Wunused-parameter -Wbad-function-cast -Wcast-align -Wstrict-prototypes -Wold-style-definition -Wmissing-prototypes -Wmissing-field-initializers -fno-strict-aliasing -Wswitch-bool -Wlogical-not-parentheses -Wsizeof-array-argument -Wbool-compare -Wshift-negative-value -Wduplicated-cond -Wshadow -Wmultistatement-macros -Wcast-align=strict -g -O2 -MT lib/odp-execute-private.lo -MD -MP -MF lib/.deps/odp-execute-private.Tpo -c lib/odp-execute-private.c -o lib/odp-execute-private.o
libtool: compile:  gcc -DHAVE_CONFIG_H -I. -I ./include -I ./include -I ./lib -I ./lib -Wstrict-prototypes -Wall -Wextra -Wno-sign-compare -Wpointer-arith -Wformat -Wformat-security -Wswitch-enum -Wunused-parameter -Wbad-function-cast -Wcast-align -Wstrict-prototypes -Wold-style-definition -Wmissing-prototypes -Wmissing-field-initializers -fno-strict-aliasing -Wswitch-bool -Wlogical-not-parentheses -Wsizeof-array-argument -Wbool-compare -Wshift-negative-value -Wduplicated-cond -Wshadow -Wmultistatement-macros -Wcast-align=strict -g -O2 -MT lib/odp-util.lo -MD -MP -MF lib/.deps/odp-util.Tpo -c lib/odp-util.c -o lib/odp-util.o
PYTHONPATH=./python":"$PYTHONPATH PYTHONDONTWRITEBYTECODE=yes /usr/bin/python3 build-aux/extract-ofp-actions prototypes ./lib/ofp-actions.c > lib/ofp-actions.inc1.tmp && mv lib/ofp-actions.inc1.tmp lib/ofp-actions.inc1
PYTHONPATH=./python":"$PYTHONPATH PYTHONDONTWRITEBYTECODE=yes /usr/bin/python3 build-aux/extract-ofp-actions definitions ./lib/ofp-actions.c > lib/ofp-actions.inc2.tmp && mv lib/ofp-actions.inc2.tmp lib/ofp-actions.inc2
depbase=`echo lib/ofp-bundle.lo | sed 's|[^/]*$|.deps/&|;s|\.lo$||'`;\
/bin/bash ./libtool  --tag=CC   --mode=compile gcc -DHAVE_CONFIG_H -I.    -I ./include -I ./include -I ./lib -I ./lib    -Wstrict-prototypes -Wall -Wextra -Wno-sign-compare -Wpointer-arith -Wformat -Wformat-security -Wswitch-enum -Wunused-parameter -Wbad-function-cast -Wcast-align -Wstrict-prototypes -Wold-style-definition -Wmissing-prototypes -Wmissing-field-initializers -fno-strict-aliasing -Wswitch-bool -Wlogical-not-parentheses -Wsizeof-array-argument -Wbool-compare -Wshift-negative-value -Wduplicated-cond -Wshadow -Wmultistatement-macros -Wcast-align=strict    -g -O2 -MT lib/ofp-bundle.lo -MD -MP -MF $depbase.Tpo -c -o lib/ofp-bundle.lo lib/ofp-bundle.c &&\
mv -f $depbase.Tpo $depbase.Plo
libtool: compile:  gcc -DHAVE_CONFIG_H -I. -I ./include -I ./include -I ./lib -I ./lib -Wstrict-prototypes -Wall -Wextra -Wno-sign-compare -Wpointer-arith -Wformat -Wformat-security -Wswitch-enum -Wunused-parameter -Wbad-function-cast -Wcast-align -Wstrict-prototypes -Wold-style-definition -Wmissing-prototypes -Wmissing-field-initializers -fno-strict-aliasing -Wswitch-bool -Wlogical-not-parentheses -Wsizeof-array-argument -Wbool-compare -Wshift-negative-value -Wduplicated-cond -Wshadow -Wmultistatement-macros -Wcast-align=strict -g -O2 -MT lib/ofp-bundle.lo -MD -MP -MF lib/.deps/ofp-bundle.Tpo -c lib/ofp-bundle.c -o lib/ofp-bundle.o
depbase=`echo lib/ofp-connection.lo | sed 's|[^/]*$|.deps/&|;s|\.lo$||'`;\
/bin/bash ./libtool  --tag=CC   --mode=compile gcc -DHAVE_CONFIG_H -I.    -I ./include -I ./include -I ./lib -I ./lib    -Wstrict-prototypes -Wall -Wextra -Wno-sign-compare -Wpointer-arith -Wformat -Wformat-security -Wswitch-enum -Wunused-parameter -Wbad-function-cast -Wcast-align -Wstrict-prototypes -Wold-style-definition -Wmissing-prototypes -Wmissing-field-initializers -fno-strict-aliasing -Wswitch-bool -Wlogical-not-parentheses -Wsizeof-array-argument -Wbool-compare -Wshift-negative-value -Wduplicated-cond -Wshadow -Wmultistatement-macros -Wcast-align=strict    -g -O2 -MT lib/ofp-connection.lo -MD -MP -MF $depbase.Tpo -c -o lib/ofp-connection.lo lib/ofp-connection.c &&\
mv -f $depbase.Tpo $depbase.Plo
libtool: compile:  gcc -DHAVE_CONFIG_H -I. -I ./include -I ./include -I ./lib -I ./lib -Wstrict-prototypes -Wall -Wextra -Wno-sign-compare -Wpointer-arith -Wformat -Wformat-security -Wswitch-enum -Wunused-parameter -Wbad-function-cast -Wcast-align -Wstrict-prototypes -Wold-style-definition -Wmissing-prototypes -Wmissing-field-initializers -fno-strict-aliasing -Wswitch-bool -Wlogical-not-parentheses -Wsizeof-array-argument -Wbool-compare -Wshift-negative-value -Wduplicated-cond -Wshadow -Wmultistatement-macros -Wcast-align=strict -g -O2 -MT lib/ofp-connection.lo -MD -MP -MF lib/.deps/ofp-connection.Tpo -c lib/ofp-connection.c -o lib/ofp-connection.o
depbase=`echo lib/ofp-ct.lo | sed 's|[^/]*$|.deps/&|;s|\.lo$||'`;\
/bin/bash ./libtool  --tag=CC   --mode=compile gcc -DHAVE_CONFIG_H -I.    -I ./include -I ./include -I ./lib -I ./lib    -Wstrict-prototypes -Wall -Wextra -Wno-sign-compare -Wpointer-arith -Wformat -Wformat-security -Wswitch-enum -Wunused-parameter -Wbad-function-cast -Wcast-align -Wstrict-prototypes -Wold-style-definition -Wmissing-prototypes -Wmissing-field-initializers -fno-strict-aliasing -Wswitch-bool -Wlogical-not-parentheses -Wsizeof-array-argument -Wbool-compare -Wshift-negative-value -Wduplicated-cond -Wshadow -Wmultistatement-macros -Wcast-align=strict    -g -O2 -MT lib/ofp-ct.lo -MD -MP -MF $depbase.Tpo -c -o lib/ofp-ct.lo lib/ofp-ct.c &&\
mv -f $depbase.Tpo $depbase.Plo
depbase=`echo lib/ofp-ed-props.lo | sed 's|[^/]*$|.deps/&|;s|\.lo$||'`;\
/bin/bash ./libtool  --tag=CC   --mode=compile gcc -DHAVE_CONFIG_H -I.    -I ./include -I ./include -I ./lib -I ./lib    -Wstrict-prototypes -Wall -Wextra -Wno-sign-compare -Wpointer-arith -Wformat -Wformat-security -Wswitch-enum -Wunused-parameter -Wbad-function-cast -Wcast-align -Wstrict-prototypes -Wold-style-definition -Wmissing-prototypes -Wmissing-field-initializers -fno-strict-aliasing -Wswitch-bool -Wlogical-not-parentheses -Wsizeof-array-argument -Wbool-compare -Wshift-negative-value -Wduplicated-cond -Wshadow -Wmultistatement-macros -Wcast-align=strict    -g -O2 -MT lib/ofp-ed-props.lo -MD -MP -MF $depbase.Tpo -c -o lib/ofp-ed-props.lo lib/ofp-ed-props.c &&\
mv -f $depbase.Tpo $depbase.Plo
libtool: compile:  gcc -DHAVE_CONFIG_H -I. -I ./include -I ./include -I ./lib -I ./lib -Wstrict-prototypes -Wall -Wextra -Wno-sign-compare -Wpointer-arith -Wformat -Wformat-security -Wswitch-enum -Wunused-parameter -Wbad-function-cast -Wcast-align -Wstrict-prototypes -Wold-style-definition -Wmissing-prototypes -Wmissing-field-initializers -fno-strict-aliasing -Wswitch-bool -Wlogical-not-parentheses -Wsizeof-array-argument -Wbool-compare -Wshift-negative-value -Wduplicated-cond -Wshadow -Wmultistatement-macros -Wcast-align=strict -g -O2 -MT lib/ofp-ct.lo -MD -MP -MF lib/.deps/ofp-ct.Tpo -c lib/ofp-ct.c -o lib/ofp-ct.o
libtool: compile:  gcc -DHAVE_CONFIG_H -I. -I ./include -I ./include -I ./lib -I ./lib -Wstrict-prototypes -Wall -Wextra -Wno-sign-compare -Wpointer-arith -Wformat -Wformat-security -Wswitch-enum -Wunused-parameter -Wbad-function-cast -Wcast-align -Wstrict-prototypes -Wold-style-definition -Wmissing-prototypes -Wmissing-field-initializers -fno-strict-aliasing -Wswitch-bool -Wlogical-not-parentheses -Wsizeof-array-argument -Wbool-compare -Wshift-negative-value -Wduplicated-cond -Wshadow -Wmultistatement-macros -Wcast-align=strict -g -O2 -MT lib/ofp-ed-props.lo -MD -MP -MF lib/.deps/ofp-ed-props.Tpo -c lib/ofp-ed-props.c -o lib/ofp-ed-props.o
PYTHONPATH=./python":"$PYTHONPATH PYTHONDONTWRITEBYTECODE=yes /usr/bin/python3 ./build-aux/extract-ofp-errors \
	./include/openvswitch/ofp-errors.h \
	./include/openflow/openflow-common.h > lib/ofp-errors.inc.tmp && \
mv lib/ofp-errors.inc.tmp lib/ofp-errors.inc
depbase=`echo lib/ofp-flow.lo | sed 's|[^/]*$|.deps/&|;s|\.lo$||'`;\
/bin/bash ./libtool  --tag=CC   --mode=compile gcc -DHAVE_CONFIG_H -I.    -I ./include -I ./include -I ./lib -I ./lib    -Wstrict-prototypes -Wall -Wextra -Wno-sign-compare -Wpointer-arith -Wformat -Wformat-security -Wswitch-enum -Wunused-parameter -Wbad-function-cast -Wcast-align -Wstrict-prototypes -Wold-style-definition -Wmissing-prototypes -Wmissing-field-initializers -fno-strict-aliasing -Wswitch-bool -Wlogical-not-parentheses -Wsizeof-array-argument -Wbool-compare -Wshift-negative-value -Wduplicated-cond -Wshadow -Wmultistatement-macros -Wcast-align=strict    -g -O2 -MT lib/ofp-flow.lo -MD -MP -MF $depbase.Tpo -c -o lib/ofp-flow.lo lib/ofp-flow.c &&\
mv -f $depbase.Tpo $depbase.Plo
libtool: compile:  gcc -DHAVE_CONFIG_H -I. -I ./include -I ./include -I ./lib -I ./lib -Wstrict-prototypes -Wall -Wextra -Wno-sign-compare -Wpointer-arith -Wformat -Wformat-security -Wswitch-enum -Wunused-parameter -Wbad-function-cast -Wcast-align -Wstrict-prototypes -Wold-style-definition -Wmissing-prototypes -Wmissing-field-initializers -fno-strict-aliasing -Wswitch-bool -Wlogical-not-parentheses -Wsizeof-array-argument -Wbool-compare -Wshift-negative-value -Wduplicated-cond -Wshadow -Wmultistatement-macros -Wcast-align=strict -g -O2 -MT lib/ofp-flow.lo -MD -MP -MF lib/.deps/ofp-flow.Tpo -c lib/ofp-flow.c -o lib/ofp-flow.o
depbase=`echo lib/ofp-group.lo | sed 's|[^/]*$|.deps/&|;s|\.lo$||'`;\
/bin/bash ./libtool  --tag=CC   --mode=compile gcc -DHAVE_CONFIG_H -I.    -I ./include -I ./include -I ./lib -I ./lib    -Wstrict-prototypes -Wall -Wextra -Wno-sign-compare -Wpointer-arith -Wformat -Wformat-security -Wswitch-enum -Wunused-parameter -Wbad-function-cast -Wcast-align -Wstrict-prototypes -Wold-style-definition -Wmissing-prototypes -Wmissing-field-initializers -fno-strict-aliasing -Wswitch-bool -Wlogical-not-parentheses -Wsizeof-array-argument -Wbool-compare -Wshift-negative-value -Wduplicated-cond -Wshadow -Wmultistatement-macros -Wcast-align=strict    -g -O2 -MT lib/ofp-group.lo -MD -MP -MF $depbase.Tpo -c -o lib/ofp-group.lo lib/ofp-group.c &&\
mv -f $depbase.Tpo $depbase.Plo
libtool: compile:  gcc -DHAVE_CONFIG_H -I. -I ./include -I ./include -I ./lib -I ./lib -Wstrict-prototypes -Wall -Wextra -Wno-sign-compare -Wpointer-arith -Wformat -Wformat-security -Wswitch-enum -Wunused-parameter -Wbad-function-cast -Wcast-align -Wstrict-prototypes -Wold-style-definition -Wmissing-prototypes -Wmissing-field-initializers -fno-strict-aliasing -Wswitch-bool -Wlogical-not-parentheses -Wsizeof-array-argument -Wbool-compare -Wshift-negative-value -Wduplicated-cond -Wshadow -Wmultistatement-macros -Wcast-align=strict -g -O2 -MT lib/ofp-group.lo -MD -MP -MF lib/.deps/ofp-group.Tpo -c lib/ofp-group.c -o lib/ofp-group.o
depbase=`echo lib/ofp-ipfix.lo | sed 's|[^/]*$|.deps/&|;s|\.lo$||'`;\
/bin/bash ./libtool  --tag=CC   --mode=compile gcc -DHAVE_CONFIG_H -I.    -I ./include -I ./include -I ./lib -I ./lib    -Wstrict-prototypes -Wall -Wextra -Wno-sign-compare -Wpointer-arith -Wformat -Wformat-security -Wswitch-enum -Wunused-parameter -Wbad-function-cast -Wcast-align -Wstrict-prototypes -Wold-style-definition -Wmissing-prototypes -Wmissing-field-initializers -fno-strict-aliasing -Wswitch-bool -Wlogical-not-parentheses -Wsizeof-array-argument -Wbool-compare -Wshift-negative-value -Wduplicated-cond -Wshadow -Wmultistatement-macros -Wcast-align=strict    -g -O2 -MT lib/ofp-ipfix.lo -MD -MP -MF $depbase.Tpo -c -o lib/ofp-ipfix.lo lib/ofp-ipfix.c &&\
mv -f $depbase.Tpo $depbase.Plo
libtool: compile:  gcc -DHAVE_CONFIG_H -I. -I ./include -I ./include -I ./lib -I ./lib -Wstrict-prototypes -Wall -Wextra -Wno-sign-compare -Wpointer-arith -Wformat -Wformat-security -Wswitch-enum -Wunused-parameter -Wbad-function-cast -Wcast-align -Wstrict-prototypes -Wold-style-definition -Wmissing-prototypes -Wmissing-field-initializers -fno-strict-aliasing -Wswitch-bool -Wlogical-not-parentheses -Wsizeof-array-argument -Wbool-compare -Wshift-negative-value -Wduplicated-cond -Wshadow -Wmultistatement-macros -Wcast-align=strict -g -O2 -MT lib/ofp-ipfix.lo -MD -MP -MF lib/.deps/ofp-ipfix.Tpo -c lib/ofp-ipfix.c -o lib/ofp-ipfix.o
depbase=`echo lib/ofp-match.lo | sed 's|[^/]*$|.deps/&|;s|\.lo$||'`;\
/bin/bash ./libtool  --tag=CC   --mode=compile gcc -DHAVE_CONFIG_H -I.    -I ./include -I ./include -I ./lib -I ./lib    -Wstrict-prototypes -Wall -Wextra -Wno-sign-compare -Wpointer-arith -Wformat -Wformat-security -Wswitch-enum -Wunused-parameter -Wbad-function-cast -Wcast-align -Wstrict-prototypes -Wold-style-definition -Wmissing-prototypes -Wmissing-field-initializers -fno-strict-aliasing -Wswitch-bool -Wlogical-not-parentheses -Wsizeof-array-argument -Wbool-compare -Wshift-negative-value -Wduplicated-cond -Wshadow -Wmultistatement-macros -Wcast-align=strict    -g -O2 -MT lib/ofp-match.lo -MD -MP -MF $depbase.Tpo -c -o lib/ofp-match.lo lib/ofp-match.c &&\
mv -f $depbase.Tpo $depbase.Plo
libtool: compile:  gcc -DHAVE_CONFIG_H -I. -I ./include -I ./include -I ./lib -I ./lib -Wstrict-prototypes -Wall -Wextra -Wno-sign-compare -Wpointer-arith -Wformat -Wformat-security -Wswitch-enum -Wunused-parameter -Wbad-function-cast -Wcast-align -Wstrict-prototypes -Wold-style-definition -Wmissing-prototypes -Wmissing-field-initializers -fno-strict-aliasing -Wswitch-bool -Wlogical-not-parentheses -Wsizeof-array-argument -Wbool-compare -Wshift-negative-value -Wduplicated-cond -Wshadow -Wmultistatement-macros -Wcast-align=strict -g -O2 -MT lib/ofp-match.lo -MD -MP -MF lib/.deps/ofp-match.Tpo -c lib/ofp-match.c -o lib/ofp-match.o
depbase=`echo lib/ofp-meter.lo | sed 's|[^/]*$|.deps/&|;s|\.lo$||'`;\
/bin/bash ./libtool  --tag=CC   --mode=compile gcc -DHAVE_CONFIG_H -I.    -I ./include -I ./include -I ./lib -I ./lib    -Wstrict-prototypes -Wall -Wextra -Wno-sign-compare -Wpointer-arith -Wformat -Wformat-security -Wswitch-enum -Wunused-parameter -Wbad-function-cast -Wcast-align -Wstrict-prototypes -Wold-style-definition -Wmissing-prototypes -Wmissing-field-initializers -fno-strict-aliasing -Wswitch-bool -Wlogical-not-parentheses -Wsizeof-array-argument -Wbool-compare -Wshift-negative-value -Wduplicated-cond -Wshadow -Wmultistatement-macros -Wcast-align=strict    -g -O2 -MT lib/ofp-meter.lo -MD -MP -MF $depbase.Tpo -c -o lib/ofp-meter.lo lib/ofp-meter.c &&\
mv -f $depbase.Tpo $depbase.Plo
libtool: compile:  gcc -DHAVE_CONFIG_H -I. -I ./include -I ./include -I ./lib -I ./lib -Wstrict-prototypes -Wall -Wextra -Wno-sign-compare -Wpointer-arith -Wformat -Wformat-security -Wswitch-enum -Wunused-parameter -Wbad-function-cast -Wcast-align -Wstrict-prototypes -Wold-style-definition -Wmissing-prototypes -Wmissing-field-initializers -fno-strict-aliasing -Wswitch-bool -Wlogical-not-parentheses -Wsizeof-array-argument -Wbool-compare -Wshift-negative-value -Wduplicated-cond -Wshadow -Wmultistatement-macros -Wcast-align=strict -g -O2 -MT lib/ofp-meter.lo -MD -MP -MF lib/.deps/ofp-meter.Tpo -c lib/ofp-meter.c -o lib/ofp-meter.o
depbase=`echo lib/ofp-monitor.lo | sed 's|[^/]*$|.deps/&|;s|\.lo$||'`;\
/bin/bash ./libtool  --tag=CC   --mode=compile gcc -DHAVE_CONFIG_H -I.    -I ./include -I ./include -I ./lib -I ./lib    -Wstrict-prototypes -Wall -Wextra -Wno-sign-compare -Wpointer-arith -Wformat -Wformat-security -Wswitch-enum -Wunused-parameter -Wbad-function-cast -Wcast-align -Wstrict-prototypes -Wold-style-definition -Wmissing-prototypes -Wmissing-field-initializers -fno-strict-aliasing -Wswitch-bool -Wlogical-not-parentheses -Wsizeof-array-argument -Wbool-compare -Wshift-negative-value -Wduplicated-cond -Wshadow -Wmultistatement-macros -Wcast-align=strict    -g -O2 -MT lib/ofp-monitor.lo -MD -MP -MF $depbase.Tpo -c -o lib/ofp-monitor.lo lib/ofp-monitor.c &&\
mv -f $depbase.Tpo $depbase.Plo
libtool: compile:  gcc -DHAVE_CONFIG_H -I. -I ./include -I ./include -I ./lib -I ./lib -Wstrict-prototypes -Wall -Wextra -Wno-sign-compare -Wpointer-arith -Wformat -Wformat-security -Wswitch-enum -Wunused-parameter -Wbad-function-cast -Wcast-align -Wstrict-prototypes -Wold-style-definition -Wmissing-prototypes -Wmissing-field-initializers -fno-strict-aliasing -Wswitch-bool -Wlogical-not-parentheses -Wsizeof-array-argument -Wbool-compare -Wshift-negative-value -Wduplicated-cond -Wshadow -Wmultistatement-macros -Wcast-align=strict -g -O2 -MT lib/ofp-monitor.lo -MD -MP -MF lib/.deps/ofp-monitor.Tpo -c lib/ofp-monitor.c -o lib/ofp-monitor.o
PYTHONPATH=./python":"$PYTHONPATH PYTHONDONTWRITEBYTECODE=yes /usr/bin/python3 ./build-aux/extract-ofp-msgs \
	./include/openvswitch/ofp-msgs.h lib/ofp-msgs.inc > lib/ofp-msgs.inc.tmp && mv lib/ofp-msgs.inc.tmp lib/ofp-msgs.inc
depbase=`echo lib/ofp-packet.lo | sed 's|[^/]*$|.deps/&|;s|\.lo$||'`;\
/bin/bash ./libtool  --tag=CC   --mode=compile gcc -DHAVE_CONFIG_H -I.    -I ./include -I ./include -I ./lib -I ./lib    -Wstrict-prototypes -Wall -Wextra -Wno-sign-compare -Wpointer-arith -Wformat -Wformat-security -Wswitch-enum -Wunused-parameter -Wbad-function-cast -Wcast-align -Wstrict-prototypes -Wold-style-definition -Wmissing-prototypes -Wmissing-field-initializers -fno-strict-aliasing -Wswitch-bool -Wlogical-not-parentheses -Wsizeof-array-argument -Wbool-compare -Wshift-negative-value -Wduplicated-cond -Wshadow -Wmultistatement-macros -Wcast-align=strict    -g -O2 -MT lib/ofp-packet.lo -MD -MP -MF $depbase.Tpo -c -o lib/ofp-packet.lo lib/ofp-packet.c &&\
mv -f $depbase.Tpo $depbase.Plo
libtool: compile:  gcc -DHAVE_CONFIG_H -I. -I ./include -I ./include -I ./lib -I ./lib -Wstrict-prototypes -Wall -Wextra -Wno-sign-compare -Wpointer-arith -Wformat -Wformat-security -Wswitch-enum -Wunused-parameter -Wbad-function-cast -Wcast-align -Wstrict-prototypes -Wold-style-definition -Wmissing-prototypes -Wmissing-field-initializers -fno-strict-aliasing -Wswitch-bool -Wlogical-not-parentheses -Wsizeof-array-argument -Wbool-compare -Wshift-negative-value -Wduplicated-cond -Wshadow -Wmultistatement-macros -Wcast-align=strict -g -O2 -MT lib/ofp-packet.lo -MD -MP -MF lib/.deps/ofp-packet.Tpo -c lib/ofp-packet.c -o lib/ofp-packet.o
depbase=`echo lib/ofp-parse.lo | sed 's|[^/]*$|.deps/&|;s|\.lo$||'`;\
/bin/bash ./libtool  --tag=CC   --mode=compile gcc -DHAVE_CONFIG_H -I.    -I ./include -I ./include -I ./lib -I ./lib    -Wstrict-prototypes -Wall -Wextra -Wno-sign-compare -Wpointer-arith -Wformat -Wformat-security -Wswitch-enum -Wunused-parameter -Wbad-function-cast -Wcast-align -Wstrict-prototypes -Wold-style-definition -Wmissing-prototypes -Wmissing-field-initializers -fno-strict-aliasing -Wswitch-bool -Wlogical-not-parentheses -Wsizeof-array-argument -Wbool-compare -Wshift-negative-value -Wduplicated-cond -Wshadow -Wmultistatement-macros -Wcast-align=strict    -g -O2 -MT lib/ofp-parse.lo -MD -MP -MF $depbase.Tpo -c -o lib/ofp-parse.lo lib/ofp-parse.c &&\
mv -f $depbase.Tpo $depbase.Plo
libtool: compile:  gcc -DHAVE_CONFIG_H -I. -I ./include -I ./include -I ./lib -I ./lib -Wstrict-prototypes -Wall -Wextra -Wno-sign-compare -Wpointer-arith -Wformat -Wformat-security -Wswitch-enum -Wunused-parameter -Wbad-function-cast -Wcast-align -Wstrict-prototypes -Wold-style-definition -Wmissing-prototypes -Wmissing-field-initializers -fno-strict-aliasing -Wswitch-bool -Wlogical-not-parentheses -Wsizeof-array-argument -Wbool-compare -Wshift-negative-value -Wduplicated-cond -Wshadow -Wmultistatement-macros -Wcast-align=strict -g -O2 -MT lib/ofp-parse.lo -MD -MP -MF lib/.deps/ofp-parse.Tpo -c lib/ofp-parse.c -o lib/ofp-parse.o
depbase=`echo lib/ofp-port.lo | sed 's|[^/]*$|.deps/&|;s|\.lo$||'`;\
/bin/bash ./libtool  --tag=CC   --mode=compile gcc -DHAVE_CONFIG_H -I.    -I ./include -I ./include -I ./lib -I ./lib    -Wstrict-prototypes -Wall -Wextra -Wno-sign-compare -Wpointer-arith -Wformat -Wformat-security -Wswitch-enum -Wunused-parameter -Wbad-function-cast -Wcast-align -Wstrict-prototypes -Wold-style-definition -Wmissing-prototypes -Wmissing-field-initializers -fno-strict-aliasing -Wswitch-bool -Wlogical-not-parentheses -Wsizeof-array-argument -Wbool-compare -Wshift-negative-value -Wduplicated-cond -Wshadow -Wmultistatement-macros -Wcast-align=strict    -g -O2 -MT lib/ofp-port.lo -MD -MP -MF $depbase.Tpo -c -o lib/ofp-port.lo lib/ofp-port.c &&\
mv -f $depbase.Tpo $depbase.Plo
libtool: compile:  gcc -DHAVE_CONFIG_H -I. -I ./include -I ./include -I ./lib -I ./lib -Wstrict-prototypes -Wall -Wextra -Wno-sign-compare -Wpointer-arith -Wformat -Wformat-security -Wswitch-enum -Wunused-parameter -Wbad-function-cast -Wcast-align -Wstrict-prototypes -Wold-style-definition -Wmissing-prototypes -Wmissing-field-initializers -fno-strict-aliasing -Wswitch-bool -Wlogical-not-parentheses -Wsizeof-array-argument -Wbool-compare -Wshift-negative-value -Wduplicated-cond -Wshadow -Wmultistatement-macros -Wcast-align=strict -g -O2 -MT lib/ofp-port.lo -MD -MP -MF lib/.deps/ofp-port.Tpo -c lib/ofp-port.c -o lib/ofp-port.o
depbase=`echo lib/ofp-print.lo | sed 's|[^/]*$|.deps/&|;s|\.lo$||'`;\
/bin/bash ./libtool  --tag=CC   --mode=compile gcc -DHAVE_CONFIG_H -I.    -I ./include -I ./include -I ./lib -I ./lib    -Wstrict-prototypes -Wall -Wextra -Wno-sign-compare -Wpointer-arith -Wformat -Wformat-security -Wswitch-enum -Wunused-parameter -Wbad-function-cast -Wcast-align -Wstrict-prototypes -Wold-style-definition -Wmissing-prototypes -Wmissing-field-initializers -fno-strict-aliasing -Wswitch-bool -Wlogical-not-parentheses -Wsizeof-array-argument -Wbool-compare -Wshift-negative-value -Wduplicated-cond -Wshadow -Wmultistatement-macros -Wcast-align=strict    -g -O2 -MT lib/ofp-print.lo -MD -MP -MF $depbase.Tpo -c -o lib/ofp-print.lo lib/ofp-print.c &&\
mv -f $depbase.Tpo $depbase.Plo
libtool: compile:  gcc -DHAVE_CONFIG_H -I. -I ./include -I ./include -I ./lib -I ./lib -Wstrict-prototypes -Wall -Wextra -Wno-sign-compare -Wpointer-arith -Wformat -Wformat-security -Wswitch-enum -Wunused-parameter -Wbad-function-cast -Wcast-align -Wstrict-prototypes -Wold-style-definition -Wmissing-prototypes -Wmissing-field-initializers -fno-strict-aliasing -Wswitch-bool -Wlogical-not-parentheses -Wsizeof-array-argument -Wbool-compare -Wshift-negative-value -Wduplicated-cond -Wshadow -Wmultistatement-macros -Wcast-align=strict -g -O2 -MT lib/ofp-print.lo -MD -MP -MF lib/.deps/ofp-print.Tpo -c lib/ofp-print.c -o lib/ofp-print.o
depbase=`echo lib/ofp-prop.lo | sed 's|[^/]*$|.deps/&|;s|\.lo$||'`;\
/bin/bash ./libtool  --tag=CC   --mode=compile gcc -DHAVE_CONFIG_H -I.    -I ./include -I ./include -I ./lib -I ./lib    -Wstrict-prototypes -Wall -Wextra -Wno-sign-compare -Wpointer-arith -Wformat -Wformat-security -Wswitch-enum -Wunused-parameter -Wbad-function-cast -Wcast-align -Wstrict-prototypes -Wold-style-definition -Wmissing-prototypes -Wmissing-field-initializers -fno-strict-aliasing -Wswitch-bool -Wlogical-not-parentheses -Wsizeof-array-argument -Wbool-compare -Wshift-negative-value -Wduplicated-cond -Wshadow -Wmultistatement-macros -Wcast-align=strict    -g -O2 -MT lib/ofp-prop.lo -MD -MP -MF $depbase.Tpo -c -o lib/ofp-prop.lo lib/ofp-prop.c &&\
mv -f $depbase.Tpo $depbase.Plo
libtool: compile:  gcc -DHAVE_CONFIG_H -I. -I ./include -I ./include -I ./lib -I ./lib -Wstrict-prototypes -Wall -Wextra -Wno-sign-compare -Wpointer-arith -Wformat -Wformat-security -Wswitch-enum -Wunused-parameter -Wbad-function-cast -Wcast-align -Wstrict-prototypes -Wold-style-definition -Wmissing-prototypes -Wmissing-field-initializers -fno-strict-aliasing -Wswitch-bool -Wlogical-not-parentheses -Wsizeof-array-argument -Wbool-compare -Wshift-negative-value -Wduplicated-cond -Wshadow -Wmultistatement-macros -Wcast-align=strict -g -O2 -MT lib/ofp-prop.lo -MD -MP -MF lib/.deps/ofp-prop.Tpo -c lib/ofp-prop.c -o lib/ofp-prop.o
depbase=`echo lib/ofp-protocol.lo | sed 's|[^/]*$|.deps/&|;s|\.lo$||'`;\
/bin/bash ./libtool  --tag=CC   --mode=compile gcc -DHAVE_CONFIG_H -I.    -I ./include -I ./include -I ./lib -I ./lib    -Wstrict-prototypes -Wall -Wextra -Wno-sign-compare -Wpointer-arith -Wformat -Wformat-security -Wswitch-enum -Wunused-parameter -Wbad-function-cast -Wcast-align -Wstrict-prototypes -Wold-style-definition -Wmissing-prototypes -Wmissing-field-initializers -fno-strict-aliasing -Wswitch-bool -Wlogical-not-parentheses -Wsizeof-array-argument -Wbool-compare -Wshift-negative-value -Wduplicated-cond -Wshadow -Wmultistatement-macros -Wcast-align=strict    -g -O2 -MT lib/ofp-protocol.lo -MD -MP -MF $depbase.Tpo -c -o lib/ofp-protocol.lo lib/ofp-protocol.c &&\
mv -f $depbase.Tpo $depbase.Plo
libtool: compile:  gcc -DHAVE_CONFIG_H -I. -I ./include -I ./include -I ./lib -I ./lib -Wstrict-prototypes -Wall -Wextra -Wno-sign-compare -Wpointer-arith -Wformat -Wformat-security -Wswitch-enum -Wunused-parameter -Wbad-function-cast -Wcast-align -Wstrict-prototypes -Wold-style-definition -Wmissing-prototypes -Wmissing-field-initializers -fno-strict-aliasing -Wswitch-bool -Wlogical-not-parentheses -Wsizeof-array-argument -Wbool-compare -Wshift-negative-value -Wduplicated-cond -Wshadow -Wmultistatement-macros -Wcast-align=strict -g -O2 -MT lib/ofp-protocol.lo -MD -MP -MF lib/.deps/ofp-protocol.Tpo -c lib/ofp-protocol.c -o lib/ofp-protocol.o
depbase=`echo lib/ofp-queue.lo | sed 's|[^/]*$|.deps/&|;s|\.lo$||'`;\
/bin/bash ./libtool  --tag=CC   --mode=compile gcc -DHAVE_CONFIG_H -I.    -I ./include -I ./include -I ./lib -I ./lib    -Wstrict-prototypes -Wall -Wextra -Wno-sign-compare -Wpointer-arith -Wformat -Wformat-security -Wswitch-enum -Wunused-parameter -Wbad-function-cast -Wcast-align -Wstrict-prototypes -Wold-style-definition -Wmissing-prototypes -Wmissing-field-initializers -fno-strict-aliasing -Wswitch-bool -Wlogical-not-parentheses -Wsizeof-array-argument -Wbool-compare -Wshift-negative-value -Wduplicated-cond -Wshadow -Wmultistatement-macros -Wcast-align=strict    -g -O2 -MT lib/ofp-queue.lo -MD -MP -MF $depbase.Tpo -c -o lib/ofp-queue.lo lib/ofp-queue.c &&\
mv -f $depbase.Tpo $depbase.Plo
libtool: compile:  gcc -DHAVE_CONFIG_H -I. -I ./include -I ./include -I ./lib -I ./lib -Wstrict-prototypes -Wall -Wextra -Wno-sign-compare -Wpointer-arith -Wformat -Wformat-security -Wswitch-enum -Wunused-parameter -Wbad-function-cast -Wcast-align -Wstrict-prototypes -Wold-style-definition -Wmissing-prototypes -Wmissing-field-initializers -fno-strict-aliasing -Wswitch-bool -Wlogical-not-parentheses -Wsizeof-array-argument -Wbool-compare -Wshift-negative-value -Wduplicated-cond -Wshadow -Wmultistatement-macros -Wcast-align=strict -g -O2 -MT lib/ofp-queue.lo -MD -MP -MF lib/.deps/ofp-queue.Tpo -c lib/ofp-queue.c -o lib/ofp-queue.o
depbase=`echo lib/ofp-switch.lo | sed 's|[^/]*$|.deps/&|;s|\.lo$||'`;\
/bin/bash ./libtool  --tag=CC   --mode=compile gcc -DHAVE_CONFIG_H -I.    -I ./include -I ./include -I ./lib -I ./lib    -Wstrict-prototypes -Wall -Wextra -Wno-sign-compare -Wpointer-arith -Wformat -Wformat-security -Wswitch-enum -Wunused-parameter -Wbad-function-cast -Wcast-align -Wstrict-prototypes -Wold-style-definition -Wmissing-prototypes -Wmissing-field-initializers -fno-strict-aliasing -Wswitch-bool -Wlogical-not-parentheses -Wsizeof-array-argument -Wbool-compare -Wshift-negative-value -Wduplicated-cond -Wshadow -Wmultistatement-macros -Wcast-align=strict    -g -O2 -MT lib/ofp-switch.lo -MD -MP -MF $depbase.Tpo -c -o lib/ofp-switch.lo lib/ofp-switch.c &&\
mv -f $depbase.Tpo $depbase.Plo
libtool: compile:  gcc -DHAVE_CONFIG_H -I. -I ./include -I ./include -I ./lib -I ./lib -Wstrict-prototypes -Wall -Wextra -Wno-sign-compare -Wpointer-arith -Wformat -Wformat-security -Wswitch-enum -Wunused-parameter -Wbad-function-cast -Wcast-align -Wstrict-prototypes -Wold-style-definition -Wmissing-prototypes -Wmissing-field-initializers -fno-strict-aliasing -Wswitch-bool -Wlogical-not-parentheses -Wsizeof-array-argument -Wbool-compare -Wshift-negative-value -Wduplicated-cond -Wshadow -Wmultistatement-macros -Wcast-align=strict -g -O2 -MT lib/ofp-switch.lo -MD -MP -MF lib/.deps/ofp-switch.Tpo -c lib/ofp-switch.c -o lib/ofp-switch.o
depbase=`echo lib/ofp-table.lo | sed 's|[^/]*$|.deps/&|;s|\.lo$||'`;\
/bin/bash ./libtool  --tag=CC   --mode=compile gcc -DHAVE_CONFIG_H -I.    -I ./include -I ./include -I ./lib -I ./lib    -Wstrict-prototypes -Wall -Wextra -Wno-sign-compare -Wpointer-arith -Wformat -Wformat-security -Wswitch-enum -Wunused-parameter -Wbad-function-cast -Wcast-align -Wstrict-prototypes -Wold-style-definition -Wmissing-prototypes -Wmissing-field-initializers -fno-strict-aliasing -Wswitch-bool -Wlogical-not-parentheses -Wsizeof-array-argument -Wbool-compare -Wshift-negative-value -Wduplicated-cond -Wshadow -Wmultistatement-macros -Wcast-align=strict    -g -O2 -MT lib/ofp-table.lo -MD -MP -MF $depbase.Tpo -c -o lib/ofp-table.lo lib/ofp-table.c &&\
mv -f $depbase.Tpo $depbase.Plo
libtool: compile:  gcc -DHAVE_CONFIG_H -I. -I ./include -I ./include -I ./lib -I ./lib -Wstrict-prototypes -Wall -Wextra -Wno-sign-compare -Wpointer-arith -Wformat -Wformat-security -Wswitch-enum -Wunused-parameter -Wbad-function-cast -Wcast-align -Wstrict-prototypes -Wold-style-definition -Wmissing-prototypes -Wmissing-field-initializers -fno-strict-aliasing -Wswitch-bool -Wlogical-not-parentheses -Wsizeof-array-argument -Wbool-compare -Wshift-negative-value -Wduplicated-cond -Wshadow -Wmultistatement-macros -Wcast-align=strict -g -O2 -MT lib/ofp-table.lo -MD -MP -MF lib/.deps/ofp-table.Tpo -c lib/ofp-table.c -o lib/ofp-table.o
depbase=`echo lib/ofp-util.lo | sed 's|[^/]*$|.deps/&|;s|\.lo$||'`;\
/bin/bash ./libtool  --tag=CC   --mode=compile gcc -DHAVE_CONFIG_H -I.    -I ./include -I ./include -I ./lib -I ./lib    -Wstrict-prototypes -Wall -Wextra -Wno-sign-compare -Wpointer-arith -Wformat -Wformat-security -Wswitch-enum -Wunused-parameter -Wbad-function-cast -Wcast-align -Wstrict-prototypes -Wold-style-definition -Wmissing-prototypes -Wmissing-field-initializers -fno-strict-aliasing -Wswitch-bool -Wlogical-not-parentheses -Wsizeof-array-argument -Wbool-compare -Wshift-negative-value -Wduplicated-cond -Wshadow -Wmultistatement-macros -Wcast-align=strict    -g -O2 -MT lib/ofp-util.lo -MD -MP -MF $depbase.Tpo -c -o lib/ofp-util.lo lib/ofp-util.c &&\
mv -f $depbase.Tpo $depbase.Plo
libtool: compile:  gcc -DHAVE_CONFIG_H -I. -I ./include -I ./include -I ./lib -I ./lib -Wstrict-prototypes -Wall -Wextra -Wno-sign-compare -Wpointer-arith -Wformat -Wformat-security -Wswitch-enum -Wunused-parameter -Wbad-function-cast -Wcast-align -Wstrict-prototypes -Wold-style-definition -Wmissing-prototypes -Wmissing-field-initializers -fno-strict-aliasing -Wswitch-bool -Wlogical-not-parentheses -Wsizeof-array-argument -Wbool-compare -Wshift-negative-value -Wduplicated-cond -Wshadow -Wmultistatement-macros -Wcast-align=strict -g -O2 -MT lib/ofp-util.lo -MD -MP -MF lib/.deps/ofp-util.Tpo -c lib/ofp-util.c -o lib/ofp-util.o
depbase=`echo lib/ofp-version-opt.lo | sed 's|[^/]*$|.deps/&|;s|\.lo$||'`;\
/bin/bash ./libtool  --tag=CC   --mode=compile gcc -DHAVE_CONFIG_H -I.    -I ./include -I ./include -I ./lib -I ./lib    -Wstrict-prototypes -Wall -Wextra -Wno-sign-compare -Wpointer-arith -Wformat -Wformat-security -Wswitch-enum -Wunused-parameter -Wbad-function-cast -Wcast-align -Wstrict-prototypes -Wold-style-definition -Wmissing-prototypes -Wmissing-field-initializers -fno-strict-aliasing -Wswitch-bool -Wlogical-not-parentheses -Wsizeof-array-argument -Wbool-compare -Wshift-negative-value -Wduplicated-cond -Wshadow -Wmultistatement-macros -Wcast-align=strict    -g -O2 -MT lib/ofp-version-opt.lo -MD -MP -MF $depbase.Tpo -c -o lib/ofp-version-opt.lo lib/ofp-version-opt.c &&\
mv -f $depbase.Tpo $depbase.Plo
depbase=`echo lib/ofpbuf.lo | sed 's|[^/]*$|.deps/&|;s|\.lo$||'`;\
/bin/bash ./libtool  --tag=CC   --mode=compile gcc -DHAVE_CONFIG_H -I.    -I ./include -I ./include -I ./lib -I ./lib    -Wstrict-prototypes -Wall -Wextra -Wno-sign-compare -Wpointer-arith -Wformat -Wformat-security -Wswitch-enum -Wunused-parameter -Wbad-function-cast -Wcast-align -Wstrict-prototypes -Wold-style-definition -Wmissing-prototypes -Wmissing-field-initializers -fno-strict-aliasing -Wswitch-bool -Wlogical-not-parentheses -Wsizeof-array-argument -Wbool-compare -Wshift-negative-value -Wduplicated-cond -Wshadow -Wmultistatement-macros -Wcast-align=strict    -g -O2 -MT lib/ofpbuf.lo -MD -MP -MF $depbase.Tpo -c -o lib/ofpbuf.lo lib/ofpbuf.c &&\
mv -f $depbase.Tpo $depbase.Plo
libtool: compile:  gcc -DHAVE_CONFIG_H -I. -I ./include -I ./include -I ./lib -I ./lib -Wstrict-prototypes -Wall -Wextra -Wno-sign-compare -Wpointer-arith -Wformat -Wformat-security -Wswitch-enum -Wunused-parameter -Wbad-function-cast -Wcast-align -Wstrict-prototypes -Wold-style-definition -Wmissing-prototypes -Wmissing-field-initializers -fno-strict-aliasing -Wswitch-bool -Wlogical-not-parentheses -Wsizeof-array-argument -Wbool-compare -Wshift-negative-value -Wduplicated-cond -Wshadow -Wmultistatement-macros -Wcast-align=strict -g -O2 -MT lib/ofp-version-opt.lo -MD -MP -MF lib/.deps/ofp-version-opt.Tpo -c lib/ofp-version-opt.c -o lib/ofp-version-opt.o
libtool: compile:  gcc -DHAVE_CONFIG_H -I. -I ./include -I ./include -I ./lib -I ./lib -Wstrict-prototypes -Wall -Wextra -Wno-sign-compare -Wpointer-arith -Wformat -Wformat-security -Wswitch-enum -Wunused-parameter -Wbad-function-cast -Wcast-align -Wstrict-prototypes -Wold-style-definition -Wmissing-prototypes -Wmissing-field-initializers -fno-strict-aliasing -Wswitch-bool -Wlogical-not-parentheses -Wsizeof-array-argument -Wbool-compare -Wshift-negative-value -Wduplicated-cond -Wshadow -Wmultistatement-macros -Wcast-align=strict -g -O2 -MT lib/ofpbuf.lo -MD -MP -MF lib/.deps/ofpbuf.Tpo -c lib/ofpbuf.c -o lib/ofpbuf.o
depbase=`echo lib/ovs-atomic-locked.lo | sed 's|[^/]*$|.deps/&|;s|\.lo$||'`;\
/bin/bash ./libtool  --tag=CC   --mode=compile gcc -DHAVE_CONFIG_H -I.    -I ./include -I ./include -I ./lib -I ./lib    -Wstrict-prototypes -Wall -Wextra -Wno-sign-compare -Wpointer-arith -Wformat -Wformat-security -Wswitch-enum -Wunused-parameter -Wbad-function-cast -Wcast-align -Wstrict-prototypes -Wold-style-definition -Wmissing-prototypes -Wmissing-field-initializers -fno-strict-aliasing -Wswitch-bool -Wlogical-not-parentheses -Wsizeof-array-argument -Wbool-compare -Wshift-negative-value -Wduplicated-cond -Wshadow -Wmultistatement-macros -Wcast-align=strict    -g -O2 -MT lib/ovs-atomic-locked.lo -MD -MP -MF $depbase.Tpo -c -o lib/ovs-atomic-locked.lo lib/ovs-atomic-locked.c &&\
mv -f $depbase.Tpo $depbase.Plo
libtool: compile:  gcc -DHAVE_CONFIG_H -I. -I ./include -I ./include -I ./lib -I ./lib -Wstrict-prototypes -Wall -Wextra -Wno-sign-compare -Wpointer-arith -Wformat -Wformat-security -Wswitch-enum -Wunused-parameter -Wbad-function-cast -Wcast-align -Wstrict-prototypes -Wold-style-definition -Wmissing-prototypes -Wmissing-field-initializers -fno-strict-aliasing -Wswitch-bool -Wlogical-not-parentheses -Wsizeof-array-argument -Wbool-compare -Wshift-negative-value -Wduplicated-cond -Wshadow -Wmultistatement-macros -Wcast-align=strict -g -O2 -MT lib/ovs-atomic-locked.lo -MD -MP -MF lib/.deps/ovs-atomic-locked.Tpo -c lib/ovs-atomic-locked.c -o lib/ovs-atomic-locked.o
depbase=`echo lib/ovs-lldp.lo | sed 's|[^/]*$|.deps/&|;s|\.lo$||'`;\
/bin/bash ./libtool  --tag=CC   --mode=compile gcc -DHAVE_CONFIG_H -I.    -I ./include -I ./include -I ./lib -I ./lib    -Wstrict-prototypes -Wall -Wextra -Wno-sign-compare -Wpointer-arith -Wformat -Wformat-security -Wswitch-enum -Wunused-parameter -Wbad-function-cast -Wcast-align -Wstrict-prototypes -Wold-style-definition -Wmissing-prototypes -Wmissing-field-initializers -fno-strict-aliasing -Wswitch-bool -Wlogical-not-parentheses -Wsizeof-array-argument -Wbool-compare -Wshift-negative-value -Wduplicated-cond -Wshadow -Wmultistatement-macros -Wcast-align=strict    -g -O2 -MT lib/ovs-lldp.lo -MD -MP -MF $depbase.Tpo -c -o lib/ovs-lldp.lo lib/ovs-lldp.c &&\
mv -f $depbase.Tpo $depbase.Plo
libtool: compile:  gcc -DHAVE_CONFIG_H -I. -I ./include -I ./include -I ./lib -I ./lib -Wstrict-prototypes -Wall -Wextra -Wno-sign-compare -Wpointer-arith -Wformat -Wformat-security -Wswitch-enum -Wunused-parameter -Wbad-function-cast -Wcast-align -Wstrict-prototypes -Wold-style-definition -Wmissing-prototypes -Wmissing-field-initializers -fno-strict-aliasing -Wswitch-bool -Wlogical-not-parentheses -Wsizeof-array-argument -Wbool-compare -Wshift-negative-value -Wduplicated-cond -Wshadow -Wmultistatement-macros -Wcast-align=strict -g -O2 -MT lib/ovs-lldp.lo -MD -MP -MF lib/.deps/ovs-lldp.Tpo -c lib/ovs-lldp.c -o lib/ovs-lldp.o
depbase=`echo lib/ovs-numa.lo | sed 's|[^/]*$|.deps/&|;s|\.lo$||'`;\
/bin/bash ./libtool  --tag=CC   --mode=compile gcc -DHAVE_CONFIG_H -I.    -I ./include -I ./include -I ./lib -I ./lib    -Wstrict-prototypes -Wall -Wextra -Wno-sign-compare -Wpointer-arith -Wformat -Wformat-security -Wswitch-enum -Wunused-parameter -Wbad-function-cast -Wcast-align -Wstrict-prototypes -Wold-style-definition -Wmissing-prototypes -Wmissing-field-initializers -fno-strict-aliasing -Wswitch-bool -Wlogical-not-parentheses -Wsizeof-array-argument -Wbool-compare -Wshift-negative-value -Wduplicated-cond -Wshadow -Wmultistatement-macros -Wcast-align=strict    -g -O2 -MT lib/ovs-numa.lo -MD -MP -MF $depbase.Tpo -c -o lib/ovs-numa.lo lib/ovs-numa.c &&\
mv -f $depbase.Tpo $depbase.Plo
depbase=`echo lib/ovs-rcu.lo | sed 's|[^/]*$|.deps/&|;s|\.lo$||'`;\
/bin/bash ./libtool  --tag=CC   --mode=compile gcc -DHAVE_CONFIG_H -I.    -I ./include -I ./include -I ./lib -I ./lib    -Wstrict-prototypes -Wall -Wextra -Wno-sign-compare -Wpointer-arith -Wformat -Wformat-security -Wswitch-enum -Wunused-parameter -Wbad-function-cast -Wcast-align -Wstrict-prototypes -Wold-style-definition -Wmissing-prototypes -Wmissing-field-initializers -fno-strict-aliasing -Wswitch-bool -Wlogical-not-parentheses -Wsizeof-array-argument -Wbool-compare -Wshift-negative-value -Wduplicated-cond -Wshadow -Wmultistatement-macros -Wcast-align=strict    -g -O2 -MT lib/ovs-rcu.lo -MD -MP -MF $depbase.Tpo -c -o lib/ovs-rcu.lo lib/ovs-rcu.c &&\
mv -f $depbase.Tpo $depbase.Plo
libtool: compile:  gcc -DHAVE_CONFIG_H -I. -I ./include -I ./include -I ./lib -I ./lib -Wstrict-prototypes -Wall -Wextra -Wno-sign-compare -Wpointer-arith -Wformat -Wformat-security -Wswitch-enum -Wunused-parameter -Wbad-function-cast -Wcast-align -Wstrict-prototypes -Wold-style-definition -Wmissing-prototypes -Wmissing-field-initializers -fno-strict-aliasing -Wswitch-bool -Wlogical-not-parentheses -Wsizeof-array-argument -Wbool-compare -Wshift-negative-value -Wduplicated-cond -Wshadow -Wmultistatement-macros -Wcast-align=strict -g -O2 -MT lib/ovs-numa.lo -MD -MP -MF lib/.deps/ovs-numa.Tpo -c lib/ovs-numa.c -o lib/ovs-numa.o
libtool: compile:  gcc -DHAVE_CONFIG_H -I. -I ./include -I ./include -I ./lib -I ./lib -Wstrict-prototypes -Wall -Wextra -Wno-sign-compare -Wpointer-arith -Wformat -Wformat-security -Wswitch-enum -Wunused-parameter -Wbad-function-cast -Wcast-align -Wstrict-prototypes -Wold-style-definition -Wmissing-prototypes -Wmissing-field-initializers -fno-strict-aliasing -Wswitch-bool -Wlogical-not-parentheses -Wsizeof-array-argument -Wbool-compare -Wshift-negative-value -Wduplicated-cond -Wshadow -Wmultistatement-macros -Wcast-align=strict -g -O2 -MT lib/ovs-rcu.lo -MD -MP -MF lib/.deps/ovs-rcu.Tpo -c lib/ovs-rcu.c -o lib/ovs-rcu.o
depbase=`echo lib/ovs-replay.lo | sed 's|[^/]*$|.deps/&|;s|\.lo$||'`;\
/bin/bash ./libtool  --tag=CC   --mode=compile gcc -DHAVE_CONFIG_H -I.    -I ./include -I ./include -I ./lib -I ./lib    -Wstrict-prototypes -Wall -Wextra -Wno-sign-compare -Wpointer-arith -Wformat -Wformat-security -Wswitch-enum -Wunused-parameter -Wbad-function-cast -Wcast-align -Wstrict-prototypes -Wold-style-definition -Wmissing-prototypes -Wmissing-field-initializers -fno-strict-aliasing -Wswitch-bool -Wlogical-not-parentheses -Wsizeof-array-argument -Wbool-compare -Wshift-negative-value -Wduplicated-cond -Wshadow -Wmultistatement-macros -Wcast-align=strict    -g -O2 -MT lib/ovs-replay.lo -MD -MP -MF $depbase.Tpo -c -o lib/ovs-replay.lo lib/ovs-replay.c &&\
mv -f $depbase.Tpo $depbase.Plo
libtool: compile:  gcc -DHAVE_CONFIG_H -I. -I ./include -I ./include -I ./lib -I ./lib -Wstrict-prototypes -Wall -Wextra -Wno-sign-compare -Wpointer-arith -Wformat -Wformat-security -Wswitch-enum -Wunused-parameter -Wbad-function-cast -Wcast-align -Wstrict-prototypes -Wold-style-definition -Wmissing-prototypes -Wmissing-field-initializers -fno-strict-aliasing -Wswitch-bool -Wlogical-not-parentheses -Wsizeof-array-argument -Wbool-compare -Wshift-negative-value -Wduplicated-cond -Wshadow -Wmultistatement-macros -Wcast-align=strict -g -O2 -MT lib/ovs-replay.lo -MD -MP -MF lib/.deps/ovs-replay.Tpo -c lib/ovs-replay.c -o lib/ovs-replay.o
depbase=`echo lib/ovs-router.lo | sed 's|[^/]*$|.deps/&|;s|\.lo$||'`;\
/bin/bash ./libtool  --tag=CC   --mode=compile gcc -DHAVE_CONFIG_H -I.    -I ./include -I ./include -I ./lib -I ./lib    -Wstrict-prototypes -Wall -Wextra -Wno-sign-compare -Wpointer-arith -Wformat -Wformat-security -Wswitch-enum -Wunused-parameter -Wbad-function-cast -Wcast-align -Wstrict-prototypes -Wold-style-definition -Wmissing-prototypes -Wmissing-field-initializers -fno-strict-aliasing -Wswitch-bool -Wlogical-not-parentheses -Wsizeof-array-argument -Wbool-compare -Wshift-negative-value -Wduplicated-cond -Wshadow -Wmultistatement-macros -Wcast-align=strict    -g -O2 -MT lib/ovs-router.lo -MD -MP -MF $depbase.Tpo -c -o lib/ovs-router.lo lib/ovs-router.c &&\
mv -f $depbase.Tpo $depbase.Plo
depbase=`echo lib/ovs-thread.lo | sed 's|[^/]*$|.deps/&|;s|\.lo$||'`;\
/bin/bash ./libtool  --tag=CC   --mode=compile gcc -DHAVE_CONFIG_H -I.    -I ./include -I ./include -I ./lib -I ./lib    -Wstrict-prototypes -Wall -Wextra -Wno-sign-compare -Wpointer-arith -Wformat -Wformat-security -Wswitch-enum -Wunused-parameter -Wbad-function-cast -Wcast-align -Wstrict-prototypes -Wold-style-definition -Wmissing-prototypes -Wmissing-field-initializers -fno-strict-aliasing -Wswitch-bool -Wlogical-not-parentheses -Wsizeof-array-argument -Wbool-compare -Wshift-negative-value -Wduplicated-cond -Wshadow -Wmultistatement-macros -Wcast-align=strict    -g -O2 -MT lib/ovs-thread.lo -MD -MP -MF $depbase.Tpo -c -o lib/ovs-thread.lo lib/ovs-thread.c &&\
mv -f $depbase.Tpo $depbase.Plo
depbase=`echo lib/ovsdb-cs.lo | sed 's|[^/]*$|.deps/&|;s|\.lo$||'`;\
/bin/bash ./libtool  --tag=CC   --mode=compile gcc -DHAVE_CONFIG_H -I.    -I ./include -I ./include -I ./lib -I ./lib    -Wstrict-prototypes -Wall -Wextra -Wno-sign-compare -Wpointer-arith -Wformat -Wformat-security -Wswitch-enum -Wunused-parameter -Wbad-function-cast -Wcast-align -Wstrict-prototypes -Wold-style-definition -Wmissing-prototypes -Wmissing-field-initializers -fno-strict-aliasing -Wswitch-bool -Wlogical-not-parentheses -Wsizeof-array-argument -Wbool-compare -Wshift-negative-value -Wduplicated-cond -Wshadow -Wmultistatement-macros -Wcast-align=strict    -g -O2 -MT lib/ovsdb-cs.lo -MD -MP -MF $depbase.Tpo -c -o lib/ovsdb-cs.lo lib/ovsdb-cs.c &&\
mv -f $depbase.Tpo $depbase.Plo
libtool: compile:  gcc -DHAVE_CONFIG_H -I. -I ./include -I ./include -I ./lib -I ./lib -Wstrict-prototypes -Wall -Wextra -Wno-sign-compare -Wpointer-arith -Wformat -Wformat-security -Wswitch-enum -Wunused-parameter -Wbad-function-cast -Wcast-align -Wstrict-prototypes -Wold-style-definition -Wmissing-prototypes -Wmissing-field-initializers -fno-strict-aliasing -Wswitch-bool -Wlogical-not-parentheses -Wsizeof-array-argument -Wbool-compare -Wshift-negative-value -Wduplicated-cond -Wshadow -Wmultistatement-macros -Wcast-align=strict -g -O2 -MT lib/ovs-router.lo -MD -MP -MF lib/.deps/ovs-router.Tpo -c lib/ovs-router.c -o lib/ovs-router.o
libtool: compile:  gcc -DHAVE_CONFIG_H -I. -I ./include -I ./include -I ./lib -I ./lib -Wstrict-prototypes -Wall -Wextra -Wno-sign-compare -Wpointer-arith -Wformat -Wformat-security -Wswitch-enum -Wunused-parameter -Wbad-function-cast -Wcast-align -Wstrict-prototypes -Wold-style-definition -Wmissing-prototypes -Wmissing-field-initializers -fno-strict-aliasing -Wswitch-bool -Wlogical-not-parentheses -Wsizeof-array-argument -Wbool-compare -Wshift-negative-value -Wduplicated-cond -Wshadow -Wmultistatement-macros -Wcast-align=strict -g -O2 -MT lib/ovs-thread.lo -MD -MP -MF lib/.deps/ovs-thread.Tpo -c lib/ovs-thread.c -o lib/ovs-thread.o
libtool: compile:  gcc -DHAVE_CONFIG_H -I. -I ./include -I ./include -I ./lib -I ./lib -Wstrict-prototypes -Wall -Wextra -Wno-sign-compare -Wpointer-arith -Wformat -Wformat-security -Wswitch-enum -Wunused-parameter -Wbad-function-cast -Wcast-align -Wstrict-prototypes -Wold-style-definition -Wmissing-prototypes -Wmissing-field-initializers -fno-strict-aliasing -Wswitch-bool -Wlogical-not-parentheses -Wsizeof-array-argument -Wbool-compare -Wshift-negative-value -Wduplicated-cond -Wshadow -Wmultistatement-macros -Wcast-align=strict -g -O2 -MT lib/ovsdb-cs.lo -MD -MP -MF lib/.deps/ovsdb-cs.Tpo -c lib/ovsdb-cs.c -o lib/ovsdb-cs.o
depbase=`echo lib/ovsdb-data.lo | sed 's|[^/]*$|.deps/&|;s|\.lo$||'`;\
/bin/bash ./libtool  --tag=CC   --mode=compile gcc -DHAVE_CONFIG_H -I.    -I ./include -I ./include -I ./lib -I ./lib    -Wstrict-prototypes -Wall -Wextra -Wno-sign-compare -Wpointer-arith -Wformat -Wformat-security -Wswitch-enum -Wunused-parameter -Wbad-function-cast -Wcast-align -Wstrict-prototypes -Wold-style-definition -Wmissing-prototypes -Wmissing-field-initializers -fno-strict-aliasing -Wswitch-bool -Wlogical-not-parentheses -Wsizeof-array-argument -Wbool-compare -Wshift-negative-value -Wduplicated-cond -Wshadow -Wmultistatement-macros -Wcast-align=strict    -g -O2 -MT lib/ovsdb-data.lo -MD -MP -MF $depbase.Tpo -c -o lib/ovsdb-data.lo lib/ovsdb-data.c &&\
mv -f $depbase.Tpo $depbase.Plo
libtool: compile:  gcc -DHAVE_CONFIG_H -I. -I ./include -I ./include -I ./lib -I ./lib -Wstrict-prototypes -Wall -Wextra -Wno-sign-compare -Wpointer-arith -Wformat -Wformat-security -Wswitch-enum -Wunused-parameter -Wbad-function-cast -Wcast-align -Wstrict-prototypes -Wold-style-definition -Wmissing-prototypes -Wmissing-field-initializers -fno-strict-aliasing -Wswitch-bool -Wlogical-not-parentheses -Wsizeof-array-argument -Wbool-compare -Wshift-negative-value -Wduplicated-cond -Wshadow -Wmultistatement-macros -Wcast-align=strict -g -O2 -MT lib/ovsdb-data.lo -MD -MP -MF lib/.deps/ovsdb-data.Tpo -c lib/ovsdb-data.c -o lib/ovsdb-data.o
depbase=`echo lib/ovsdb-error.lo | sed 's|[^/]*$|.deps/&|;s|\.lo$||'`;\
/bin/bash ./libtool  --tag=CC   --mode=compile gcc -DHAVE_CONFIG_H -I.    -I ./include -I ./include -I ./lib -I ./lib    -Wstrict-prototypes -Wall -Wextra -Wno-sign-compare -Wpointer-arith -Wformat -Wformat-security -Wswitch-enum -Wunused-parameter -Wbad-function-cast -Wcast-align -Wstrict-prototypes -Wold-style-definition -Wmissing-prototypes -Wmissing-field-initializers -fno-strict-aliasing -Wswitch-bool -Wlogical-not-parentheses -Wsizeof-array-argument -Wbool-compare -Wshift-negative-value -Wduplicated-cond -Wshadow -Wmultistatement-macros -Wcast-align=strict    -g -O2 -MT lib/ovsdb-error.lo -MD -MP -MF $depbase.Tpo -c -o lib/ovsdb-error.lo lib/ovsdb-error.c &&\
mv -f $depbase.Tpo $depbase.Plo
libtool: compile:  gcc -DHAVE_CONFIG_H -I. -I ./include -I ./include -I ./lib -I ./lib -Wstrict-prototypes -Wall -Wextra -Wno-sign-compare -Wpointer-arith -Wformat -Wformat-security -Wswitch-enum -Wunused-parameter -Wbad-function-cast -Wcast-align -Wstrict-prototypes -Wold-style-definition -Wmissing-prototypes -Wmissing-field-initializers -fno-strict-aliasing -Wswitch-bool -Wlogical-not-parentheses -Wsizeof-array-argument -Wbool-compare -Wshift-negative-value -Wduplicated-cond -Wshadow -Wmultistatement-macros -Wcast-align=strict -g -O2 -MT lib/ovsdb-error.lo -MD -MP -MF lib/.deps/ovsdb-error.Tpo -c lib/ovsdb-error.c -o lib/ovsdb-error.o
depbase=`echo lib/ovsdb-idl.lo | sed 's|[^/]*$|.deps/&|;s|\.lo$||'`;\
/bin/bash ./libtool  --tag=CC   --mode=compile gcc -DHAVE_CONFIG_H -I.    -I ./include -I ./include -I ./lib -I ./lib    -Wstrict-prototypes -Wall -Wextra -Wno-sign-compare -Wpointer-arith -Wformat -Wformat-security -Wswitch-enum -Wunused-parameter -Wbad-function-cast -Wcast-align -Wstrict-prototypes -Wold-style-definition -Wmissing-prototypes -Wmissing-field-initializers -fno-strict-aliasing -Wswitch-bool -Wlogical-not-parentheses -Wsizeof-array-argument -Wbool-compare -Wshift-negative-value -Wduplicated-cond -Wshadow -Wmultistatement-macros -Wcast-align=strict    -g -O2 -MT lib/ovsdb-idl.lo -MD -MP -MF $depbase.Tpo -c -o lib/ovsdb-idl.lo lib/ovsdb-idl.c &&\
mv -f $depbase.Tpo $depbase.Plo
depbase=`echo lib/ovsdb-map-op.lo | sed 's|[^/]*$|.deps/&|;s|\.lo$||'`;\
/bin/bash ./libtool  --tag=CC   --mode=compile gcc -DHAVE_CONFIG_H -I.    -I ./include -I ./include -I ./lib -I ./lib    -Wstrict-prototypes -Wall -Wextra -Wno-sign-compare -Wpointer-arith -Wformat -Wformat-security -Wswitch-enum -Wunused-parameter -Wbad-function-cast -Wcast-align -Wstrict-prototypes -Wold-style-definition -Wmissing-prototypes -Wmissing-field-initializers -fno-strict-aliasing -Wswitch-bool -Wlogical-not-parentheses -Wsizeof-array-argument -Wbool-compare -Wshift-negative-value -Wduplicated-cond -Wshadow -Wmultistatement-macros -Wcast-align=strict    -g -O2 -MT lib/ovsdb-map-op.lo -MD -MP -MF $depbase.Tpo -c -o lib/ovsdb-map-op.lo lib/ovsdb-map-op.c &&\
mv -f $depbase.Tpo $depbase.Plo
depbase=`echo lib/ovsdb-set-op.lo | sed 's|[^/]*$|.deps/&|;s|\.lo$||'`;\
/bin/bash ./libtool  --tag=CC   --mode=compile gcc -DHAVE_CONFIG_H -I.    -I ./include -I ./include -I ./lib -I ./lib    -Wstrict-prototypes -Wall -Wextra -Wno-sign-compare -Wpointer-arith -Wformat -Wformat-security -Wswitch-enum -Wunused-parameter -Wbad-function-cast -Wcast-align -Wstrict-prototypes -Wold-style-definition -Wmissing-prototypes -Wmissing-field-initializers -fno-strict-aliasing -Wswitch-bool -Wlogical-not-parentheses -Wsizeof-array-argument -Wbool-compare -Wshift-negative-value -Wduplicated-cond -Wshadow -Wmultistatement-macros -Wcast-align=strict    -g -O2 -MT lib/ovsdb-set-op.lo -MD -MP -MF $depbase.Tpo -c -o lib/ovsdb-set-op.lo lib/ovsdb-set-op.c &&\
mv -f $depbase.Tpo $depbase.Plo
libtool: compile:  gcc -DHAVE_CONFIG_H -I. -I ./include -I ./include -I ./lib -I ./lib -Wstrict-prototypes -Wall -Wextra -Wno-sign-compare -Wpointer-arith -Wformat -Wformat-security -Wswitch-enum -Wunused-parameter -Wbad-function-cast -Wcast-align -Wstrict-prototypes -Wold-style-definition -Wmissing-prototypes -Wmissing-field-initializers -fno-strict-aliasing -Wswitch-bool -Wlogical-not-parentheses -Wsizeof-array-argument -Wbool-compare -Wshift-negative-value -Wduplicated-cond -Wshadow -Wmultistatement-macros -Wcast-align=strict -g -O2 -MT lib/ovsdb-idl.lo -MD -MP -MF lib/.deps/ovsdb-idl.Tpo -c lib/ovsdb-idl.c -o lib/ovsdb-idl.o
libtool: compile:  gcc -DHAVE_CONFIG_H -I. -I ./include -I ./include -I ./lib -I ./lib -Wstrict-prototypes -Wall -Wextra -Wno-sign-compare -Wpointer-arith -Wformat -Wformat-security -Wswitch-enum -Wunused-parameter -Wbad-function-cast -Wcast-align -Wstrict-prototypes -Wold-style-definition -Wmissing-prototypes -Wmissing-field-initializers -fno-strict-aliasing -Wswitch-bool -Wlogical-not-parentheses -Wsizeof-array-argument -Wbool-compare -Wshift-negative-value -Wduplicated-cond -Wshadow -Wmultistatement-macros -Wcast-align=strict -g -O2 -MT lib/ovsdb-map-op.lo -MD -MP -MF lib/.deps/ovsdb-map-op.Tpo -c lib/ovsdb-map-op.c -o lib/ovsdb-map-op.o
libtool: compile:  gcc -DHAVE_CONFIG_H -I. -I ./include -I ./include -I ./lib -I ./lib -Wstrict-prototypes -Wall -Wextra -Wno-sign-compare -Wpointer-arith -Wformat -Wformat-security -Wswitch-enum -Wunused-parameter -Wbad-function-cast -Wcast-align -Wstrict-prototypes -Wold-style-definition -Wmissing-prototypes -Wmissing-field-initializers -fno-strict-aliasing -Wswitch-bool -Wlogical-not-parentheses -Wsizeof-array-argument -Wbool-compare -Wshift-negative-value -Wduplicated-cond -Wshadow -Wmultistatement-macros -Wcast-align=strict -g -O2 -MT lib/ovsdb-set-op.lo -MD -MP -MF lib/.deps/ovsdb-set-op.Tpo -c lib/ovsdb-set-op.c -o lib/ovsdb-set-op.o
depbase=`echo lib/ovsdb-condition.lo | sed 's|[^/]*$|.deps/&|;s|\.lo$||'`;\
/bin/bash ./libtool  --tag=CC   --mode=compile gcc -DHAVE_CONFIG_H -I.    -I ./include -I ./include -I ./lib -I ./lib    -Wstrict-prototypes -Wall -Wextra -Wno-sign-compare -Wpointer-arith -Wformat -Wformat-security -Wswitch-enum -Wunused-parameter -Wbad-function-cast -Wcast-align -Wstrict-prototypes -Wold-style-definition -Wmissing-prototypes -Wmissing-field-initializers -fno-strict-aliasing -Wswitch-bool -Wlogical-not-parentheses -Wsizeof-array-argument -Wbool-compare -Wshift-negative-value -Wduplicated-cond -Wshadow -Wmultistatement-macros -Wcast-align=strict    -g -O2 -MT lib/ovsdb-condition.lo -MD -MP -MF $depbase.Tpo -c -o lib/ovsdb-condition.lo lib/ovsdb-condition.c &&\
mv -f $depbase.Tpo $depbase.Plo
libtool: compile:  gcc -DHAVE_CONFIG_H -I. -I ./include -I ./include -I ./lib -I ./lib -Wstrict-prototypes -Wall -Wextra -Wno-sign-compare -Wpointer-arith -Wformat -Wformat-security -Wswitch-enum -Wunused-parameter -Wbad-function-cast -Wcast-align -Wstrict-prototypes -Wold-style-definition -Wmissing-prototypes -Wmissing-field-initializers -fno-strict-aliasing -Wswitch-bool -Wlogical-not-parentheses -Wsizeof-array-argument -Wbool-compare -Wshift-negative-value -Wduplicated-cond -Wshadow -Wmultistatement-macros -Wcast-align=strict -g -O2 -MT lib/ovsdb-condition.lo -MD -MP -MF lib/.deps/ovsdb-condition.Tpo -c lib/ovsdb-condition.c -o lib/ovsdb-condition.o
depbase=`echo lib/ovsdb-parser.lo | sed 's|[^/]*$|.deps/&|;s|\.lo$||'`;\
/bin/bash ./libtool  --tag=CC   --mode=compile gcc -DHAVE_CONFIG_H -I.    -I ./include -I ./include -I ./lib -I ./lib    -Wstrict-prototypes -Wall -Wextra -Wno-sign-compare -Wpointer-arith -Wformat -Wformat-security -Wswitch-enum -Wunused-parameter -Wbad-function-cast -Wcast-align -Wstrict-prototypes -Wold-style-definition -Wmissing-prototypes -Wmissing-field-initializers -fno-strict-aliasing -Wswitch-bool -Wlogical-not-parentheses -Wsizeof-array-argument -Wbool-compare -Wshift-negative-value -Wduplicated-cond -Wshadow -Wmultistatement-macros -Wcast-align=strict    -g -O2 -MT lib/ovsdb-parser.lo -MD -MP -MF $depbase.Tpo -c -o lib/ovsdb-parser.lo lib/ovsdb-parser.c &&\
mv -f $depbase.Tpo $depbase.Plo
depbase=`echo lib/ovsdb-session.lo | sed 's|[^/]*$|.deps/&|;s|\.lo$||'`;\
/bin/bash ./libtool  --tag=CC   --mode=compile gcc -DHAVE_CONFIG_H -I.    -I ./include -I ./include -I ./lib -I ./lib    -Wstrict-prototypes -Wall -Wextra -Wno-sign-compare -Wpointer-arith -Wformat -Wformat-security -Wswitch-enum -Wunused-parameter -Wbad-function-cast -Wcast-align -Wstrict-prototypes -Wold-style-definition -Wmissing-prototypes -Wmissing-field-initializers -fno-strict-aliasing -Wswitch-bool -Wlogical-not-parentheses -Wsizeof-array-argument -Wbool-compare -Wshift-negative-value -Wduplicated-cond -Wshadow -Wmultistatement-macros -Wcast-align=strict    -g -O2 -MT lib/ovsdb-session.lo -MD -MP -MF $depbase.Tpo -c -o lib/ovsdb-session.lo lib/ovsdb-session.c &&\
mv -f $depbase.Tpo $depbase.Plo
libtool: compile:  gcc -DHAVE_CONFIG_H -I. -I ./include -I ./include -I ./lib -I ./lib -Wstrict-prototypes -Wall -Wextra -Wno-sign-compare -Wpointer-arith -Wformat -Wformat-security -Wswitch-enum -Wunused-parameter -Wbad-function-cast -Wcast-align -Wstrict-prototypes -Wold-style-definition -Wmissing-prototypes -Wmissing-field-initializers -fno-strict-aliasing -Wswitch-bool -Wlogical-not-parentheses -Wsizeof-array-argument -Wbool-compare -Wshift-negative-value -Wduplicated-cond -Wshadow -Wmultistatement-macros -Wcast-align=strict -g -O2 -MT lib/ovsdb-parser.lo -MD -MP -MF lib/.deps/ovsdb-parser.Tpo -c lib/ovsdb-parser.c -o lib/ovsdb-parser.o
libtool: compile:  gcc -DHAVE_CONFIG_H -I. -I ./include -I ./include -I ./lib -I ./lib -Wstrict-prototypes -Wall -Wextra -Wno-sign-compare -Wpointer-arith -Wformat -Wformat-security -Wswitch-enum -Wunused-parameter -Wbad-function-cast -Wcast-align -Wstrict-prototypes -Wold-style-definition -Wmissing-prototypes -Wmissing-field-initializers -fno-strict-aliasing -Wswitch-bool -Wlogical-not-parentheses -Wsizeof-array-argument -Wbool-compare -Wshift-negative-value -Wduplicated-cond -Wshadow -Wmultistatement-macros -Wcast-align=strict -g -O2 -MT lib/ovsdb-session.lo -MD -MP -MF lib/.deps/ovsdb-session.Tpo -c lib/ovsdb-session.c -o lib/ovsdb-session.o
depbase=`echo lib/ovsdb-types.lo | sed 's|[^/]*$|.deps/&|;s|\.lo$||'`;\
/bin/bash ./libtool  --tag=CC   --mode=compile gcc -DHAVE_CONFIG_H -I.    -I ./include -I ./include -I ./lib -I ./lib    -Wstrict-prototypes -Wall -Wextra -Wno-sign-compare -Wpointer-arith -Wformat -Wformat-security -Wswitch-enum -Wunused-parameter -Wbad-function-cast -Wcast-align -Wstrict-prototypes -Wold-style-definition -Wmissing-prototypes -Wmissing-field-initializers -fno-strict-aliasing -Wswitch-bool -Wlogical-not-parentheses -Wsizeof-array-argument -Wbool-compare -Wshift-negative-value -Wduplicated-cond -Wshadow -Wmultistatement-macros -Wcast-align=strict    -g -O2 -MT lib/ovsdb-types.lo -MD -MP -MF $depbase.Tpo -c -o lib/ovsdb-types.lo lib/ovsdb-types.c &&\
mv -f $depbase.Tpo $depbase.Plo
libtool: compile:  gcc -DHAVE_CONFIG_H -I. -I ./include -I ./include -I ./lib -I ./lib -Wstrict-prototypes -Wall -Wextra -Wno-sign-compare -Wpointer-arith -Wformat -Wformat-security -Wswitch-enum -Wunused-parameter -Wbad-function-cast -Wcast-align -Wstrict-prototypes -Wold-style-definition -Wmissing-prototypes -Wmissing-field-initializers -fno-strict-aliasing -Wswitch-bool -Wlogical-not-parentheses -Wsizeof-array-argument -Wbool-compare -Wshift-negative-value -Wduplicated-cond -Wshadow -Wmultistatement-macros -Wcast-align=strict -g -O2 -MT lib/ovsdb-types.lo -MD -MP -MF lib/.deps/ovsdb-types.Tpo -c lib/ovsdb-types.c -o lib/ovsdb-types.o
depbase=`echo lib/ox-stat.lo | sed 's|[^/]*$|.deps/&|;s|\.lo$||'`;\
/bin/bash ./libtool  --tag=CC   --mode=compile gcc -DHAVE_CONFIG_H -I.    -I ./include -I ./include -I ./lib -I ./lib    -Wstrict-prototypes -Wall -Wextra -Wno-sign-compare -Wpointer-arith -Wformat -Wformat-security -Wswitch-enum -Wunused-parameter -Wbad-function-cast -Wcast-align -Wstrict-prototypes -Wold-style-definition -Wmissing-prototypes -Wmissing-field-initializers -fno-strict-aliasing -Wswitch-bool -Wlogical-not-parentheses -Wsizeof-array-argument -Wbool-compare -Wshift-negative-value -Wduplicated-cond -Wshadow -Wmultistatement-macros -Wcast-align=strict    -g -O2 -MT lib/ox-stat.lo -MD -MP -MF $depbase.Tpo -c -o lib/ox-stat.lo lib/ox-stat.c &&\
mv -f $depbase.Tpo $depbase.Plo
depbase=`echo lib/packets.lo | sed 's|[^/]*$|.deps/&|;s|\.lo$||'`;\
/bin/bash ./libtool  --tag=CC   --mode=compile gcc -DHAVE_CONFIG_H -I.    -I ./include -I ./include -I ./lib -I ./lib    -Wstrict-prototypes -Wall -Wextra -Wno-sign-compare -Wpointer-arith -Wformat -Wformat-security -Wswitch-enum -Wunused-parameter -Wbad-function-cast -Wcast-align -Wstrict-prototypes -Wold-style-definition -Wmissing-prototypes -Wmissing-field-initializers -fno-strict-aliasing -Wswitch-bool -Wlogical-not-parentheses -Wsizeof-array-argument -Wbool-compare -Wshift-negative-value -Wduplicated-cond -Wshadow -Wmultistatement-macros -Wcast-align=strict    -g -O2 -MT lib/packets.lo -MD -MP -MF $depbase.Tpo -c -o lib/packets.lo lib/packets.c &&\
mv -f $depbase.Tpo $depbase.Plo
libtool: compile:  gcc -DHAVE_CONFIG_H -I. -I ./include -I ./include -I ./lib -I ./lib -Wstrict-prototypes -Wall -Wextra -Wno-sign-compare -Wpointer-arith -Wformat -Wformat-security -Wswitch-enum -Wunused-parameter -Wbad-function-cast -Wcast-align -Wstrict-prototypes -Wold-style-definition -Wmissing-prototypes -Wmissing-field-initializers -fno-strict-aliasing -Wswitch-bool -Wlogical-not-parentheses -Wsizeof-array-argument -Wbool-compare -Wshift-negative-value -Wduplicated-cond -Wshadow -Wmultistatement-macros -Wcast-align=strict -g -O2 -MT lib/packets.lo -MD -MP -MF lib/.deps/packets.Tpo -c lib/packets.c -o lib/packets.o
libtool: compile:  gcc -DHAVE_CONFIG_H -I. -I ./include -I ./include -I ./lib -I ./lib -Wstrict-prototypes -Wall -Wextra -Wno-sign-compare -Wpointer-arith -Wformat -Wformat-security -Wswitch-enum -Wunused-parameter -Wbad-function-cast -Wcast-align -Wstrict-prototypes -Wold-style-definition -Wmissing-prototypes -Wmissing-field-initializers -fno-strict-aliasing -Wswitch-bool -Wlogical-not-parentheses -Wsizeof-array-argument -Wbool-compare -Wshift-negative-value -Wduplicated-cond -Wshadow -Wmultistatement-macros -Wcast-align=strict -g -O2 -MT lib/ox-stat.lo -MD -MP -MF lib/.deps/ox-stat.Tpo -c lib/ox-stat.c -o lib/ox-stat.o
depbase=`echo lib/pcap-file.lo | sed 's|[^/]*$|.deps/&|;s|\.lo$||'`;\
/bin/bash ./libtool  --tag=CC   --mode=compile gcc -DHAVE_CONFIG_H -I.    -I ./include -I ./include -I ./lib -I ./lib    -Wstrict-prototypes -Wall -Wextra -Wno-sign-compare -Wpointer-arith -Wformat -Wformat-security -Wswitch-enum -Wunused-parameter -Wbad-function-cast -Wcast-align -Wstrict-prototypes -Wold-style-definition -Wmissing-prototypes -Wmissing-field-initializers -fno-strict-aliasing -Wswitch-bool -Wlogical-not-parentheses -Wsizeof-array-argument -Wbool-compare -Wshift-negative-value -Wduplicated-cond -Wshadow -Wmultistatement-macros -Wcast-align=strict    -g -O2 -MT lib/pcap-file.lo -MD -MP -MF $depbase.Tpo -c -o lib/pcap-file.lo lib/pcap-file.c &&\
mv -f $depbase.Tpo $depbase.Plo
libtool: compile:  gcc -DHAVE_CONFIG_H -I. -I ./include -I ./include -I ./lib -I ./lib -Wstrict-prototypes -Wall -Wextra -Wno-sign-compare -Wpointer-arith -Wformat -Wformat-security -Wswitch-enum -Wunused-parameter -Wbad-function-cast -Wcast-align -Wstrict-prototypes -Wold-style-definition -Wmissing-prototypes -Wmissing-field-initializers -fno-strict-aliasing -Wswitch-bool -Wlogical-not-parentheses -Wsizeof-array-argument -Wbool-compare -Wshift-negative-value -Wduplicated-cond -Wshadow -Wmultistatement-macros -Wcast-align=strict -g -O2 -MT lib/pcap-file.lo -MD -MP -MF lib/.deps/pcap-file.Tpo -c lib/pcap-file.c -o lib/pcap-file.o
depbase=`echo lib/perf-counter.lo | sed 's|[^/]*$|.deps/&|;s|\.lo$||'`;\
/bin/bash ./libtool  --tag=CC   --mode=compile gcc -DHAVE_CONFIG_H -I.    -I ./include -I ./include -I ./lib -I ./lib    -Wstrict-prototypes -Wall -Wextra -Wno-sign-compare -Wpointer-arith -Wformat -Wformat-security -Wswitch-enum -Wunused-parameter -Wbad-function-cast -Wcast-align -Wstrict-prototypes -Wold-style-definition -Wmissing-prototypes -Wmissing-field-initializers -fno-strict-aliasing -Wswitch-bool -Wlogical-not-parentheses -Wsizeof-array-argument -Wbool-compare -Wshift-negative-value -Wduplicated-cond -Wshadow -Wmultistatement-macros -Wcast-align=strict    -g -O2 -MT lib/perf-counter.lo -MD -MP -MF $depbase.Tpo -c -o lib/perf-counter.lo lib/perf-counter.c &&\
mv -f $depbase.Tpo $depbase.Plo
libtool: compile:  gcc -DHAVE_CONFIG_H -I. -I ./include -I ./include -I ./lib -I ./lib -Wstrict-prototypes -Wall -Wextra -Wno-sign-compare -Wpointer-arith -Wformat -Wformat-security -Wswitch-enum -Wunused-parameter -Wbad-function-cast -Wcast-align -Wstrict-prototypes -Wold-style-definition -Wmissing-prototypes -Wmissing-field-initializers -fno-strict-aliasing -Wswitch-bool -Wlogical-not-parentheses -Wsizeof-array-argument -Wbool-compare -Wshift-negative-value -Wduplicated-cond -Wshadow -Wmultistatement-macros -Wcast-align=strict -g -O2 -MT lib/perf-counter.lo -MD -MP -MF lib/.deps/perf-counter.Tpo -c lib/perf-counter.c -o lib/perf-counter.o
depbase=`echo lib/stopwatch.lo | sed 's|[^/]*$|.deps/&|;s|\.lo$||'`;\
/bin/bash ./libtool  --tag=CC   --mode=compile gcc -DHAVE_CONFIG_H -I.    -I ./include -I ./include -I ./lib -I ./lib    -Wstrict-prototypes -Wall -Wextra -Wno-sign-compare -Wpointer-arith -Wformat -Wformat-security -Wswitch-enum -Wunused-parameter -Wbad-function-cast -Wcast-align -Wstrict-prototypes -Wold-style-definition -Wmissing-prototypes -Wmissing-field-initializers -fno-strict-aliasing -Wswitch-bool -Wlogical-not-parentheses -Wsizeof-array-argument -Wbool-compare -Wshift-negative-value -Wduplicated-cond -Wshadow -Wmultistatement-macros -Wcast-align=strict    -g -O2 -MT lib/stopwatch.lo -MD -MP -MF $depbase.Tpo -c -o lib/stopwatch.lo lib/stopwatch.c &&\
mv -f $depbase.Tpo $depbase.Plo
libtool: compile:  gcc -DHAVE_CONFIG_H -I. -I ./include -I ./include -I ./lib -I ./lib -Wstrict-prototypes -Wall -Wextra -Wno-sign-compare -Wpointer-arith -Wformat -Wformat-security -Wswitch-enum -Wunused-parameter -Wbad-function-cast -Wcast-align -Wstrict-prototypes -Wold-style-definition -Wmissing-prototypes -Wmissing-field-initializers -fno-strict-aliasing -Wswitch-bool -Wlogical-not-parentheses -Wsizeof-array-argument -Wbool-compare -Wshift-negative-value -Wduplicated-cond -Wshadow -Wmultistatement-macros -Wcast-align=strict -g -O2 -MT lib/stopwatch.lo -MD -MP -MF lib/.deps/stopwatch.Tpo -c lib/stopwatch.c -o lib/stopwatch.o
depbase=`echo lib/poll-loop.lo | sed 's|[^/]*$|.deps/&|;s|\.lo$||'`;\
/bin/bash ./libtool  --tag=CC   --mode=compile gcc -DHAVE_CONFIG_H -I.    -I ./include -I ./include -I ./lib -I ./lib    -Wstrict-prototypes -Wall -Wextra -Wno-sign-compare -Wpointer-arith -Wformat -Wformat-security -Wswitch-enum -Wunused-parameter -Wbad-function-cast -Wcast-align -Wstrict-prototypes -Wold-style-definition -Wmissing-prototypes -Wmissing-field-initializers -fno-strict-aliasing -Wswitch-bool -Wlogical-not-parentheses -Wsizeof-array-argument -Wbool-compare -Wshift-negative-value -Wduplicated-cond -Wshadow -Wmultistatement-macros -Wcast-align=strict    -g -O2 -MT lib/poll-loop.lo -MD -MP -MF $depbase.Tpo -c -o lib/poll-loop.lo lib/poll-loop.c &&\
mv -f $depbase.Tpo $depbase.Plo
libtool: compile:  gcc -DHAVE_CONFIG_H -I. -I ./include -I ./include -I ./lib -I ./lib -Wstrict-prototypes -Wall -Wextra -Wno-sign-compare -Wpointer-arith -Wformat -Wformat-security -Wswitch-enum -Wunused-parameter -Wbad-function-cast -Wcast-align -Wstrict-prototypes -Wold-style-definition -Wmissing-prototypes -Wmissing-field-initializers -fno-strict-aliasing -Wswitch-bool -Wlogical-not-parentheses -Wsizeof-array-argument -Wbool-compare -Wshift-negative-value -Wduplicated-cond -Wshadow -Wmultistatement-macros -Wcast-align=strict -g -O2 -MT lib/poll-loop.lo -MD -MP -MF lib/.deps/poll-loop.Tpo -c lib/poll-loop.c -o lib/poll-loop.o
depbase=`echo lib/process.lo | sed 's|[^/]*$|.deps/&|;s|\.lo$||'`;\
/bin/bash ./libtool  --tag=CC   --mode=compile gcc -DHAVE_CONFIG_H -I.    -I ./include -I ./include -I ./lib -I ./lib    -Wstrict-prototypes -Wall -Wextra -Wno-sign-compare -Wpointer-arith -Wformat -Wformat-security -Wswitch-enum -Wunused-parameter -Wbad-function-cast -Wcast-align -Wstrict-prototypes -Wold-style-definition -Wmissing-prototypes -Wmissing-field-initializers -fno-strict-aliasing -Wswitch-bool -Wlogical-not-parentheses -Wsizeof-array-argument -Wbool-compare -Wshift-negative-value -Wduplicated-cond -Wshadow -Wmultistatement-macros -Wcast-align=strict    -g -O2 -MT lib/process.lo -MD -MP -MF $depbase.Tpo -c -o lib/process.lo lib/process.c &&\
mv -f $depbase.Tpo $depbase.Plo
libtool: compile:  gcc -DHAVE_CONFIG_H -I. -I ./include -I ./include -I ./lib -I ./lib -Wstrict-prototypes -Wall -Wextra -Wno-sign-compare -Wpointer-arith -Wformat -Wformat-security -Wswitch-enum -Wunused-parameter -Wbad-function-cast -Wcast-align -Wstrict-prototypes -Wold-style-definition -Wmissing-prototypes -Wmissing-field-initializers -fno-strict-aliasing -Wswitch-bool -Wlogical-not-parentheses -Wsizeof-array-argument -Wbool-compare -Wshift-negative-value -Wduplicated-cond -Wshadow -Wmultistatement-macros -Wcast-align=strict -g -O2 -MT lib/process.lo -MD -MP -MF lib/.deps/process.Tpo -c lib/process.c -o lib/process.o
depbase=`echo lib/pvector.lo | sed 's|[^/]*$|.deps/&|;s|\.lo$||'`;\
/bin/bash ./libtool  --tag=CC   --mode=compile gcc -DHAVE_CONFIG_H -I.    -I ./include -I ./include -I ./lib -I ./lib    -Wstrict-prototypes -Wall -Wextra -Wno-sign-compare -Wpointer-arith -Wformat -Wformat-security -Wswitch-enum -Wunused-parameter -Wbad-function-cast -Wcast-align -Wstrict-prototypes -Wold-style-definition -Wmissing-prototypes -Wmissing-field-initializers -fno-strict-aliasing -Wswitch-bool -Wlogical-not-parentheses -Wsizeof-array-argument -Wbool-compare -Wshift-negative-value -Wduplicated-cond -Wshadow -Wmultistatement-macros -Wcast-align=strict    -g -O2 -MT lib/pvector.lo -MD -MP -MF $depbase.Tpo -c -o lib/pvector.lo lib/pvector.c &&\
mv -f $depbase.Tpo $depbase.Plo
libtool: compile:  gcc -DHAVE_CONFIG_H -I. -I ./include -I ./include -I ./lib -I ./lib -Wstrict-prototypes -Wall -Wextra -Wno-sign-compare -Wpointer-arith -Wformat -Wformat-security -Wswitch-enum -Wunused-parameter -Wbad-function-cast -Wcast-align -Wstrict-prototypes -Wold-style-definition -Wmissing-prototypes -Wmissing-field-initializers -fno-strict-aliasing -Wswitch-bool -Wlogical-not-parentheses -Wsizeof-array-argument -Wbool-compare -Wshift-negative-value -Wduplicated-cond -Wshadow -Wmultistatement-macros -Wcast-align=strict -g -O2 -MT lib/pvector.lo -MD -MP -MF lib/.deps/pvector.Tpo -c lib/pvector.c -o lib/pvector.o
depbase=`echo lib/random.lo | sed 's|[^/]*$|.deps/&|;s|\.lo$||'`;\
/bin/bash ./libtool  --tag=CC   --mode=compile gcc -DHAVE_CONFIG_H -I.    -I ./include -I ./include -I ./lib -I ./lib    -Wstrict-prototypes -Wall -Wextra -Wno-sign-compare -Wpointer-arith -Wformat -Wformat-security -Wswitch-enum -Wunused-parameter -Wbad-function-cast -Wcast-align -Wstrict-prototypes -Wold-style-definition -Wmissing-prototypes -Wmissing-field-initializers -fno-strict-aliasing -Wswitch-bool -Wlogical-not-parentheses -Wsizeof-array-argument -Wbool-compare -Wshift-negative-value -Wduplicated-cond -Wshadow -Wmultistatement-macros -Wcast-align=strict    -g -O2 -MT lib/random.lo -MD -MP -MF $depbase.Tpo -c -o lib/random.lo lib/random.c &&\
mv -f $depbase.Tpo $depbase.Plo
libtool: compile:  gcc -DHAVE_CONFIG_H -I. -I ./include -I ./include -I ./lib -I ./lib -Wstrict-prototypes -Wall -Wextra -Wno-sign-compare -Wpointer-arith -Wformat -Wformat-security -Wswitch-enum -Wunused-parameter -Wbad-function-cast -Wcast-align -Wstrict-prototypes -Wold-style-definition -Wmissing-prototypes -Wmissing-field-initializers -fno-strict-aliasing -Wswitch-bool -Wlogical-not-parentheses -Wsizeof-array-argument -Wbool-compare -Wshift-negative-value -Wduplicated-cond -Wshadow -Wmultistatement-macros -Wcast-align=strict -g -O2 -MT lib/random.lo -MD -MP -MF lib/.deps/random.Tpo -c lib/random.c -o lib/random.o
depbase=`echo lib/rconn.lo | sed 's|[^/]*$|.deps/&|;s|\.lo$||'`;\
/bin/bash ./libtool  --tag=CC   --mode=compile gcc -DHAVE_CONFIG_H -I.    -I ./include -I ./include -I ./lib -I ./lib    -Wstrict-prototypes -Wall -Wextra -Wno-sign-compare -Wpointer-arith -Wformat -Wformat-security -Wswitch-enum -Wunused-parameter -Wbad-function-cast -Wcast-align -Wstrict-prototypes -Wold-style-definition -Wmissing-prototypes -Wmissing-field-initializers -fno-strict-aliasing -Wswitch-bool -Wlogical-not-parentheses -Wsizeof-array-argument -Wbool-compare -Wshift-negative-value -Wduplicated-cond -Wshadow -Wmultistatement-macros -Wcast-align=strict    -g -O2 -MT lib/rconn.lo -MD -MP -MF $depbase.Tpo -c -o lib/rconn.lo lib/rconn.c &&\
mv -f $depbase.Tpo $depbase.Plo
depbase=`echo lib/reconnect.lo | sed 's|[^/]*$|.deps/&|;s|\.lo$||'`;\
/bin/bash ./libtool  --tag=CC   --mode=compile gcc -DHAVE_CONFIG_H -I.    -I ./include -I ./include -I ./lib -I ./lib    -Wstrict-prototypes -Wall -Wextra -Wno-sign-compare -Wpointer-arith -Wformat -Wformat-security -Wswitch-enum -Wunused-parameter -Wbad-function-cast -Wcast-align -Wstrict-prototypes -Wold-style-definition -Wmissing-prototypes -Wmissing-field-initializers -fno-strict-aliasing -Wswitch-bool -Wlogical-not-parentheses -Wsizeof-array-argument -Wbool-compare -Wshift-negative-value -Wduplicated-cond -Wshadow -Wmultistatement-macros -Wcast-align=strict    -g -O2 -MT lib/reconnect.lo -MD -MP -MF $depbase.Tpo -c -o lib/reconnect.lo lib/reconnect.c &&\
mv -f $depbase.Tpo $depbase.Plo
libtool: compile:  gcc -DHAVE_CONFIG_H -I. -I ./include -I ./include -I ./lib -I ./lib -Wstrict-prototypes -Wall -Wextra -Wno-sign-compare -Wpointer-arith -Wformat -Wformat-security -Wswitch-enum -Wunused-parameter -Wbad-function-cast -Wcast-align -Wstrict-prototypes -Wold-style-definition -Wmissing-prototypes -Wmissing-field-initializers -fno-strict-aliasing -Wswitch-bool -Wlogical-not-parentheses -Wsizeof-array-argument -Wbool-compare -Wshift-negative-value -Wduplicated-cond -Wshadow -Wmultistatement-macros -Wcast-align=strict -g -O2 -MT lib/rconn.lo -MD -MP -MF lib/.deps/rconn.Tpo -c lib/rconn.c -o lib/rconn.o
libtool: compile:  gcc -DHAVE_CONFIG_H -I. -I ./include -I ./include -I ./lib -I ./lib -Wstrict-prototypes -Wall -Wextra -Wno-sign-compare -Wpointer-arith -Wformat -Wformat-security -Wswitch-enum -Wunused-parameter -Wbad-function-cast -Wcast-align -Wstrict-prototypes -Wold-style-definition -Wmissing-prototypes -Wmissing-field-initializers -fno-strict-aliasing -Wswitch-bool -Wlogical-not-parentheses -Wsizeof-array-argument -Wbool-compare -Wshift-negative-value -Wduplicated-cond -Wshadow -Wmultistatement-macros -Wcast-align=strict -g -O2 -MT lib/reconnect.lo -MD -MP -MF lib/.deps/reconnect.Tpo -c lib/reconnect.c -o lib/reconnect.o
depbase=`echo lib/rstp.lo | sed 's|[^/]*$|.deps/&|;s|\.lo$||'`;\
/bin/bash ./libtool  --tag=CC   --mode=compile gcc -DHAVE_CONFIG_H -I.    -I ./include -I ./include -I ./lib -I ./lib    -Wstrict-prototypes -Wall -Wextra -Wno-sign-compare -Wpointer-arith -Wformat -Wformat-security -Wswitch-enum -Wunused-parameter -Wbad-function-cast -Wcast-align -Wstrict-prototypes -Wold-style-definition -Wmissing-prototypes -Wmissing-field-initializers -fno-strict-aliasing -Wswitch-bool -Wlogical-not-parentheses -Wsizeof-array-argument -Wbool-compare -Wshift-negative-value -Wduplicated-cond -Wshadow -Wmultistatement-macros -Wcast-align=strict    -g -O2 -MT lib/rstp.lo -MD -MP -MF $depbase.Tpo -c -o lib/rstp.lo lib/rstp.c &&\
mv -f $depbase.Tpo $depbase.Plo
depbase=`echo lib/rstp-state-machines.lo | sed 's|[^/]*$|.deps/&|;s|\.lo$||'`;\
/bin/bash ./libtool  --tag=CC   --mode=compile gcc -DHAVE_CONFIG_H -I.    -I ./include -I ./include -I ./lib -I ./lib    -Wstrict-prototypes -Wall -Wextra -Wno-sign-compare -Wpointer-arith -Wformat -Wformat-security -Wswitch-enum -Wunused-parameter -Wbad-function-cast -Wcast-align -Wstrict-prototypes -Wold-style-definition -Wmissing-prototypes -Wmissing-field-initializers -fno-strict-aliasing -Wswitch-bool -Wlogical-not-parentheses -Wsizeof-array-argument -Wbool-compare -Wshift-negative-value -Wduplicated-cond -Wshadow -Wmultistatement-macros -Wcast-align=strict    -g -O2 -MT lib/rstp-state-machines.lo -MD -MP -MF $depbase.Tpo -c -o lib/rstp-state-machines.lo lib/rstp-state-machines.c &&\
mv -f $depbase.Tpo $depbase.Plo
libtool: compile:  gcc -DHAVE_CONFIG_H -I. -I ./include -I ./include -I ./lib -I ./lib -Wstrict-prototypes -Wall -Wextra -Wno-sign-compare -Wpointer-arith -Wformat -Wformat-security -Wswitch-enum -Wunused-parameter -Wbad-function-cast -Wcast-align -Wstrict-prototypes -Wold-style-definition -Wmissing-prototypes -Wmissing-field-initializers -fno-strict-aliasing -Wswitch-bool -Wlogical-not-parentheses -Wsizeof-array-argument -Wbool-compare -Wshift-negative-value -Wduplicated-cond -Wshadow -Wmultistatement-macros -Wcast-align=strict -g -O2 -MT lib/rstp.lo -MD -MP -MF lib/.deps/rstp.Tpo -c lib/rstp.c -o lib/rstp.o
libtool: compile:  gcc -DHAVE_CONFIG_H -I. -I ./include -I ./include -I ./lib -I ./lib -Wstrict-prototypes -Wall -Wextra -Wno-sign-compare -Wpointer-arith -Wformat -Wformat-security -Wswitch-enum -Wunused-parameter -Wbad-function-cast -Wcast-align -Wstrict-prototypes -Wold-style-definition -Wmissing-prototypes -Wmissing-field-initializers -fno-strict-aliasing -Wswitch-bool -Wlogical-not-parentheses -Wsizeof-array-argument -Wbool-compare -Wshift-negative-value -Wduplicated-cond -Wshadow -Wmultistatement-macros -Wcast-align=strict -g -O2 -MT lib/rstp-state-machines.lo -MD -MP -MF lib/.deps/rstp-state-machines.Tpo -c lib/rstp-state-machines.c -o lib/rstp-state-machines.o
depbase=`echo lib/seq.lo | sed 's|[^/]*$|.deps/&|;s|\.lo$||'`;\
/bin/bash ./libtool  --tag=CC   --mode=compile gcc -DHAVE_CONFIG_H -I.    -I ./include -I ./include -I ./lib -I ./lib    -Wstrict-prototypes -Wall -Wextra -Wno-sign-compare -Wpointer-arith -Wformat -Wformat-security -Wswitch-enum -Wunused-parameter -Wbad-function-cast -Wcast-align -Wstrict-prototypes -Wold-style-definition -Wmissing-prototypes -Wmissing-field-initializers -fno-strict-aliasing -Wswitch-bool -Wlogical-not-parentheses -Wsizeof-array-argument -Wbool-compare -Wshift-negative-value -Wduplicated-cond -Wshadow -Wmultistatement-macros -Wcast-align=strict    -g -O2 -MT lib/seq.lo -MD -MP -MF $depbase.Tpo -c -o lib/seq.lo lib/seq.c &&\
mv -f $depbase.Tpo $depbase.Plo
libtool: compile:  gcc -DHAVE_CONFIG_H -I. -I ./include -I ./include -I ./lib -I ./lib -Wstrict-prototypes -Wall -Wextra -Wno-sign-compare -Wpointer-arith -Wformat -Wformat-security -Wswitch-enum -Wunused-parameter -Wbad-function-cast -Wcast-align -Wstrict-prototypes -Wold-style-definition -Wmissing-prototypes -Wmissing-field-initializers -fno-strict-aliasing -Wswitch-bool -Wlogical-not-parentheses -Wsizeof-array-argument -Wbool-compare -Wshift-negative-value -Wduplicated-cond -Wshadow -Wmultistatement-macros -Wcast-align=strict -g -O2 -MT lib/seq.lo -MD -MP -MF lib/.deps/seq.Tpo -c lib/seq.c -o lib/seq.o
depbase=`echo lib/sha1.lo | sed 's|[^/]*$|.deps/&|;s|\.lo$||'`;\
/bin/bash ./libtool  --tag=CC   --mode=compile gcc -DHAVE_CONFIG_H -I.    -I ./include -I ./include -I ./lib -I ./lib    -Wstrict-prototypes -Wall -Wextra -Wno-sign-compare -Wpointer-arith -Wformat -Wformat-security -Wswitch-enum -Wunused-parameter -Wbad-function-cast -Wcast-align -Wstrict-prototypes -Wold-style-definition -Wmissing-prototypes -Wmissing-field-initializers -fno-strict-aliasing -Wswitch-bool -Wlogical-not-parentheses -Wsizeof-array-argument -Wbool-compare -Wshift-negative-value -Wduplicated-cond -Wshadow -Wmultistatement-macros -Wcast-align=strict    -g -O2 -MT lib/sha1.lo -MD -MP -MF $depbase.Tpo -c -o lib/sha1.lo lib/sha1.c &&\
mv -f $depbase.Tpo $depbase.Plo
libtool: compile:  gcc -DHAVE_CONFIG_H -I. -I ./include -I ./include -I ./lib -I ./lib -Wstrict-prototypes -Wall -Wextra -Wno-sign-compare -Wpointer-arith -Wformat -Wformat-security -Wswitch-enum -Wunused-parameter -Wbad-function-cast -Wcast-align -Wstrict-prototypes -Wold-style-definition -Wmissing-prototypes -Wmissing-field-initializers -fno-strict-aliasing -Wswitch-bool -Wlogical-not-parentheses -Wsizeof-array-argument -Wbool-compare -Wshift-negative-value -Wduplicated-cond -Wshadow -Wmultistatement-macros -Wcast-align=strict -g -O2 -MT lib/sha1.lo -MD -MP -MF lib/.deps/sha1.Tpo -c lib/sha1.c -o lib/sha1.o
depbase=`echo lib/shash.lo | sed 's|[^/]*$|.deps/&|;s|\.lo$||'`;\
/bin/bash ./libtool  --tag=CC   --mode=compile gcc -DHAVE_CONFIG_H -I.    -I ./include -I ./include -I ./lib -I ./lib    -Wstrict-prototypes -Wall -Wextra -Wno-sign-compare -Wpointer-arith -Wformat -Wformat-security -Wswitch-enum -Wunused-parameter -Wbad-function-cast -Wcast-align -Wstrict-prototypes -Wold-style-definition -Wmissing-prototypes -Wmissing-field-initializers -fno-strict-aliasing -Wswitch-bool -Wlogical-not-parentheses -Wsizeof-array-argument -Wbool-compare -Wshift-negative-value -Wduplicated-cond -Wshadow -Wmultistatement-macros -Wcast-align=strict    -g -O2 -MT lib/shash.lo -MD -MP -MF $depbase.Tpo -c -o lib/shash.lo lib/shash.c &&\
mv -f $depbase.Tpo $depbase.Plo
libtool: compile:  gcc -DHAVE_CONFIG_H -I. -I ./include -I ./include -I ./lib -I ./lib -Wstrict-prototypes -Wall -Wextra -Wno-sign-compare -Wpointer-arith -Wformat -Wformat-security -Wswitch-enum -Wunused-parameter -Wbad-function-cast -Wcast-align -Wstrict-prototypes -Wold-style-definition -Wmissing-prototypes -Wmissing-field-initializers -fno-strict-aliasing -Wswitch-bool -Wlogical-not-parentheses -Wsizeof-array-argument -Wbool-compare -Wshift-negative-value -Wduplicated-cond -Wshadow -Wmultistatement-macros -Wcast-align=strict -g -O2 -MT lib/shash.lo -MD -MP -MF lib/.deps/shash.Tpo -c lib/shash.c -o lib/shash.o
depbase=`echo lib/simap.lo | sed 's|[^/]*$|.deps/&|;s|\.lo$||'`;\
/bin/bash ./libtool  --tag=CC   --mode=compile gcc -DHAVE_CONFIG_H -I.    -I ./include -I ./include -I ./lib -I ./lib    -Wstrict-prototypes -Wall -Wextra -Wno-sign-compare -Wpointer-arith -Wformat -Wformat-security -Wswitch-enum -Wunused-parameter -Wbad-function-cast -Wcast-align -Wstrict-prototypes -Wold-style-definition -Wmissing-prototypes -Wmissing-field-initializers -fno-strict-aliasing -Wswitch-bool -Wlogical-not-parentheses -Wsizeof-array-argument -Wbool-compare -Wshift-negative-value -Wduplicated-cond -Wshadow -Wmultistatement-macros -Wcast-align=strict    -g -O2 -MT lib/simap.lo -MD -MP -MF $depbase.Tpo -c -o lib/simap.lo lib/simap.c &&\
mv -f $depbase.Tpo $depbase.Plo
libtool: compile:  gcc -DHAVE_CONFIG_H -I. -I ./include -I ./include -I ./lib -I ./lib -Wstrict-prototypes -Wall -Wextra -Wno-sign-compare -Wpointer-arith -Wformat -Wformat-security -Wswitch-enum -Wunused-parameter -Wbad-function-cast -Wcast-align -Wstrict-prototypes -Wold-style-definition -Wmissing-prototypes -Wmissing-field-initializers -fno-strict-aliasing -Wswitch-bool -Wlogical-not-parentheses -Wsizeof-array-argument -Wbool-compare -Wshift-negative-value -Wduplicated-cond -Wshadow -Wmultistatement-macros -Wcast-align=strict -g -O2 -MT lib/simap.lo -MD -MP -MF lib/.deps/simap.Tpo -c lib/simap.c -o lib/simap.o
depbase=`echo lib/skiplist.lo | sed 's|[^/]*$|.deps/&|;s|\.lo$||'`;\
/bin/bash ./libtool  --tag=CC   --mode=compile gcc -DHAVE_CONFIG_H -I.    -I ./include -I ./include -I ./lib -I ./lib    -Wstrict-prototypes -Wall -Wextra -Wno-sign-compare -Wpointer-arith -Wformat -Wformat-security -Wswitch-enum -Wunused-parameter -Wbad-function-cast -Wcast-align -Wstrict-prototypes -Wold-style-definition -Wmissing-prototypes -Wmissing-field-initializers -fno-strict-aliasing -Wswitch-bool -Wlogical-not-parentheses -Wsizeof-array-argument -Wbool-compare -Wshift-negative-value -Wduplicated-cond -Wshadow -Wmultistatement-macros -Wcast-align=strict    -g -O2 -MT lib/skiplist.lo -MD -MP -MF $depbase.Tpo -c -o lib/skiplist.lo lib/skiplist.c &&\
mv -f $depbase.Tpo $depbase.Plo
depbase=`echo lib/smap.lo | sed 's|[^/]*$|.deps/&|;s|\.lo$||'`;\
/bin/bash ./libtool  --tag=CC   --mode=compile gcc -DHAVE_CONFIG_H -I.    -I ./include -I ./include -I ./lib -I ./lib    -Wstrict-prototypes -Wall -Wextra -Wno-sign-compare -Wpointer-arith -Wformat -Wformat-security -Wswitch-enum -Wunused-parameter -Wbad-function-cast -Wcast-align -Wstrict-prototypes -Wold-style-definition -Wmissing-prototypes -Wmissing-field-initializers -fno-strict-aliasing -Wswitch-bool -Wlogical-not-parentheses -Wsizeof-array-argument -Wbool-compare -Wshift-negative-value -Wduplicated-cond -Wshadow -Wmultistatement-macros -Wcast-align=strict    -g -O2 -MT lib/smap.lo -MD -MP -MF $depbase.Tpo -c -o lib/smap.lo lib/smap.c &&\
mv -f $depbase.Tpo $depbase.Plo
libtool: compile:  gcc -DHAVE_CONFIG_H -I. -I ./include -I ./include -I ./lib -I ./lib -Wstrict-prototypes -Wall -Wextra -Wno-sign-compare -Wpointer-arith -Wformat -Wformat-security -Wswitch-enum -Wunused-parameter -Wbad-function-cast -Wcast-align -Wstrict-prototypes -Wold-style-definition -Wmissing-prototypes -Wmissing-field-initializers -fno-strict-aliasing -Wswitch-bool -Wlogical-not-parentheses -Wsizeof-array-argument -Wbool-compare -Wshift-negative-value -Wduplicated-cond -Wshadow -Wmultistatement-macros -Wcast-align=strict -g -O2 -MT lib/skiplist.lo -MD -MP -MF lib/.deps/skiplist.Tpo -c lib/skiplist.c -o lib/skiplist.o
libtool: compile:  gcc -DHAVE_CONFIG_H -I. -I ./include -I ./include -I ./lib -I ./lib -Wstrict-prototypes -Wall -Wextra -Wno-sign-compare -Wpointer-arith -Wformat -Wformat-security -Wswitch-enum -Wunused-parameter -Wbad-function-cast -Wcast-align -Wstrict-prototypes -Wold-style-definition -Wmissing-prototypes -Wmissing-field-initializers -fno-strict-aliasing -Wswitch-bool -Wlogical-not-parentheses -Wsizeof-array-argument -Wbool-compare -Wshift-negative-value -Wduplicated-cond -Wshadow -Wmultistatement-macros -Wcast-align=strict -g -O2 -MT lib/smap.lo -MD -MP -MF lib/.deps/smap.Tpo -c lib/smap.c -o lib/smap.o
depbase=`echo lib/socket-util.lo | sed 's|[^/]*$|.deps/&|;s|\.lo$||'`;\
/bin/bash ./libtool  --tag=CC   --mode=compile gcc -DHAVE_CONFIG_H -I.    -I ./include -I ./include -I ./lib -I ./lib    -Wstrict-prototypes -Wall -Wextra -Wno-sign-compare -Wpointer-arith -Wformat -Wformat-security -Wswitch-enum -Wunused-parameter -Wbad-function-cast -Wcast-align -Wstrict-prototypes -Wold-style-definition -Wmissing-prototypes -Wmissing-field-initializers -fno-strict-aliasing -Wswitch-bool -Wlogical-not-parentheses -Wsizeof-array-argument -Wbool-compare -Wshift-negative-value -Wduplicated-cond -Wshadow -Wmultistatement-macros -Wcast-align=strict    -g -O2 -MT lib/socket-util.lo -MD -MP -MF $depbase.Tpo -c -o lib/socket-util.lo lib/socket-util.c &&\
mv -f $depbase.Tpo $depbase.Plo
depbase=`echo lib/sort.lo | sed 's|[^/]*$|.deps/&|;s|\.lo$||'`;\
/bin/bash ./libtool  --tag=CC   --mode=compile gcc -DHAVE_CONFIG_H -I.    -I ./include -I ./include -I ./lib -I ./lib    -Wstrict-prototypes -Wall -Wextra -Wno-sign-compare -Wpointer-arith -Wformat -Wformat-security -Wswitch-enum -Wunused-parameter -Wbad-function-cast -Wcast-align -Wstrict-prototypes -Wold-style-definition -Wmissing-prototypes -Wmissing-field-initializers -fno-strict-aliasing -Wswitch-bool -Wlogical-not-parentheses -Wsizeof-array-argument -Wbool-compare -Wshift-negative-value -Wduplicated-cond -Wshadow -Wmultistatement-macros -Wcast-align=strict    -g -O2 -MT lib/sort.lo -MD -MP -MF $depbase.Tpo -c -o lib/sort.lo lib/sort.c &&\
mv -f $depbase.Tpo $depbase.Plo
libtool: compile:  gcc -DHAVE_CONFIG_H -I. -I ./include -I ./include -I ./lib -I ./lib -Wstrict-prototypes -Wall -Wextra -Wno-sign-compare -Wpointer-arith -Wformat -Wformat-security -Wswitch-enum -Wunused-parameter -Wbad-function-cast -Wcast-align -Wstrict-prototypes -Wold-style-definition -Wmissing-prototypes -Wmissing-field-initializers -fno-strict-aliasing -Wswitch-bool -Wlogical-not-parentheses -Wsizeof-array-argument -Wbool-compare -Wshift-negative-value -Wduplicated-cond -Wshadow -Wmultistatement-macros -Wcast-align=strict -g -O2 -MT lib/socket-util.lo -MD -MP -MF lib/.deps/socket-util.Tpo -c lib/socket-util.c -o lib/socket-util.o
libtool: compile:  gcc -DHAVE_CONFIG_H -I. -I ./include -I ./include -I ./lib -I ./lib -Wstrict-prototypes -Wall -Wextra -Wno-sign-compare -Wpointer-arith -Wformat -Wformat-security -Wswitch-enum -Wunused-parameter -Wbad-function-cast -Wcast-align -Wstrict-prototypes -Wold-style-definition -Wmissing-prototypes -Wmissing-field-initializers -fno-strict-aliasing -Wswitch-bool -Wlogical-not-parentheses -Wsizeof-array-argument -Wbool-compare -Wshift-negative-value -Wduplicated-cond -Wshadow -Wmultistatement-macros -Wcast-align=strict -g -O2 -MT lib/sort.lo -MD -MP -MF lib/.deps/sort.Tpo -c lib/sort.c -o lib/sort.o
depbase=`echo lib/sset.lo | sed 's|[^/]*$|.deps/&|;s|\.lo$||'`;\
/bin/bash ./libtool  --tag=CC   --mode=compile gcc -DHAVE_CONFIG_H -I.    -I ./include -I ./include -I ./lib -I ./lib    -Wstrict-prototypes -Wall -Wextra -Wno-sign-compare -Wpointer-arith -Wformat -Wformat-security -Wswitch-enum -Wunused-parameter -Wbad-function-cast -Wcast-align -Wstrict-prototypes -Wold-style-definition -Wmissing-prototypes -Wmissing-field-initializers -fno-strict-aliasing -Wswitch-bool -Wlogical-not-parentheses -Wsizeof-array-argument -Wbool-compare -Wshift-negative-value -Wduplicated-cond -Wshadow -Wmultistatement-macros -Wcast-align=strict    -g -O2 -MT lib/sset.lo -MD -MP -MF $depbase.Tpo -c -o lib/sset.lo lib/sset.c &&\
mv -f $depbase.Tpo $depbase.Plo
depbase=`echo lib/stp.lo | sed 's|[^/]*$|.deps/&|;s|\.lo$||'`;\
/bin/bash ./libtool  --tag=CC   --mode=compile gcc -DHAVE_CONFIG_H -I.    -I ./include -I ./include -I ./lib -I ./lib    -Wstrict-prototypes -Wall -Wextra -Wno-sign-compare -Wpointer-arith -Wformat -Wformat-security -Wswitch-enum -Wunused-parameter -Wbad-function-cast -Wcast-align -Wstrict-prototypes -Wold-style-definition -Wmissing-prototypes -Wmissing-field-initializers -fno-strict-aliasing -Wswitch-bool -Wlogical-not-parentheses -Wsizeof-array-argument -Wbool-compare -Wshift-negative-value -Wduplicated-cond -Wshadow -Wmultistatement-macros -Wcast-align=strict    -g -O2 -MT lib/stp.lo -MD -MP -MF $depbase.Tpo -c -o lib/stp.lo lib/stp.c &&\
mv -f $depbase.Tpo $depbase.Plo
libtool: compile:  gcc -DHAVE_CONFIG_H -I. -I ./include -I ./include -I ./lib -I ./lib -Wstrict-prototypes -Wall -Wextra -Wno-sign-compare -Wpointer-arith -Wformat -Wformat-security -Wswitch-enum -Wunused-parameter -Wbad-function-cast -Wcast-align -Wstrict-prototypes -Wold-style-definition -Wmissing-prototypes -Wmissing-field-initializers -fno-strict-aliasing -Wswitch-bool -Wlogical-not-parentheses -Wsizeof-array-argument -Wbool-compare -Wshift-negative-value -Wduplicated-cond -Wshadow -Wmultistatement-macros -Wcast-align=strict -g -O2 -MT lib/stp.lo -MD -MP -MF lib/.deps/stp.Tpo -c lib/stp.c -o lib/stp.o
libtool: compile:  gcc -DHAVE_CONFIG_H -I. -I ./include -I ./include -I ./lib -I ./lib -Wstrict-prototypes -Wall -Wextra -Wno-sign-compare -Wpointer-arith -Wformat -Wformat-security -Wswitch-enum -Wunused-parameter -Wbad-function-cast -Wcast-align -Wstrict-prototypes -Wold-style-definition -Wmissing-prototypes -Wmissing-field-initializers -fno-strict-aliasing -Wswitch-bool -Wlogical-not-parentheses -Wsizeof-array-argument -Wbool-compare -Wshift-negative-value -Wduplicated-cond -Wshadow -Wmultistatement-macros -Wcast-align=strict -g -O2 -MT lib/sset.lo -MD -MP -MF lib/.deps/sset.Tpo -c lib/sset.c -o lib/sset.o
depbase=`echo lib/stream-fd.lo | sed 's|[^/]*$|.deps/&|;s|\.lo$||'`;\
/bin/bash ./libtool  --tag=CC   --mode=compile gcc -DHAVE_CONFIG_H -I.    -I ./include -I ./include -I ./lib -I ./lib    -Wstrict-prototypes -Wall -Wextra -Wno-sign-compare -Wpointer-arith -Wformat -Wformat-security -Wswitch-enum -Wunused-parameter -Wbad-function-cast -Wcast-align -Wstrict-prototypes -Wold-style-definition -Wmissing-prototypes -Wmissing-field-initializers -fno-strict-aliasing -Wswitch-bool -Wlogical-not-parentheses -Wsizeof-array-argument -Wbool-compare -Wshift-negative-value -Wduplicated-cond -Wshadow -Wmultistatement-macros -Wcast-align=strict    -g -O2 -MT lib/stream-fd.lo -MD -MP -MF $depbase.Tpo -c -o lib/stream-fd.lo lib/stream-fd.c &&\
mv -f $depbase.Tpo $depbase.Plo
libtool: compile:  gcc -DHAVE_CONFIG_H -I. -I ./include -I ./include -I ./lib -I ./lib -Wstrict-prototypes -Wall -Wextra -Wno-sign-compare -Wpointer-arith -Wformat -Wformat-security -Wswitch-enum -Wunused-parameter -Wbad-function-cast -Wcast-align -Wstrict-prototypes -Wold-style-definition -Wmissing-prototypes -Wmissing-field-initializers -fno-strict-aliasing -Wswitch-bool -Wlogical-not-parentheses -Wsizeof-array-argument -Wbool-compare -Wshift-negative-value -Wduplicated-cond -Wshadow -Wmultistatement-macros -Wcast-align=strict -g -O2 -MT lib/stream-fd.lo -MD -MP -MF lib/.deps/stream-fd.Tpo -c lib/stream-fd.c -o lib/stream-fd.o
depbase=`echo lib/stream-replay.lo | sed 's|[^/]*$|.deps/&|;s|\.lo$||'`;\
/bin/bash ./libtool  --tag=CC   --mode=compile gcc -DHAVE_CONFIG_H -I.    -I ./include -I ./include -I ./lib -I ./lib    -Wstrict-prototypes -Wall -Wextra -Wno-sign-compare -Wpointer-arith -Wformat -Wformat-security -Wswitch-enum -Wunused-parameter -Wbad-function-cast -Wcast-align -Wstrict-prototypes -Wold-style-definition -Wmissing-prototypes -Wmissing-field-initializers -fno-strict-aliasing -Wswitch-bool -Wlogical-not-parentheses -Wsizeof-array-argument -Wbool-compare -Wshift-negative-value -Wduplicated-cond -Wshadow -Wmultistatement-macros -Wcast-align=strict    -g -O2 -MT lib/stream-replay.lo -MD -MP -MF $depbase.Tpo -c -o lib/stream-replay.lo lib/stream-replay.c &&\
mv -f $depbase.Tpo $depbase.Plo
libtool: compile:  gcc -DHAVE_CONFIG_H -I. -I ./include -I ./include -I ./lib -I ./lib -Wstrict-prototypes -Wall -Wextra -Wno-sign-compare -Wpointer-arith -Wformat -Wformat-security -Wswitch-enum -Wunused-parameter -Wbad-function-cast -Wcast-align -Wstrict-prototypes -Wold-style-definition -Wmissing-prototypes -Wmissing-field-initializers -fno-strict-aliasing -Wswitch-bool -Wlogical-not-parentheses -Wsizeof-array-argument -Wbool-compare -Wshift-negative-value -Wduplicated-cond -Wshadow -Wmultistatement-macros -Wcast-align=strict -g -O2 -MT lib/stream-replay.lo -MD -MP -MF lib/.deps/stream-replay.Tpo -c lib/stream-replay.c -o lib/stream-replay.o
depbase=`echo lib/stream-tcp.lo | sed 's|[^/]*$|.deps/&|;s|\.lo$||'`;\
/bin/bash ./libtool  --tag=CC   --mode=compile gcc -DHAVE_CONFIG_H -I.    -I ./include -I ./include -I ./lib -I ./lib    -Wstrict-prototypes -Wall -Wextra -Wno-sign-compare -Wpointer-arith -Wformat -Wformat-security -Wswitch-enum -Wunused-parameter -Wbad-function-cast -Wcast-align -Wstrict-prototypes -Wold-style-definition -Wmissing-prototypes -Wmissing-field-initializers -fno-strict-aliasing -Wswitch-bool -Wlogical-not-parentheses -Wsizeof-array-argument -Wbool-compare -Wshift-negative-value -Wduplicated-cond -Wshadow -Wmultistatement-macros -Wcast-align=strict    -g -O2 -MT lib/stream-tcp.lo -MD -MP -MF $depbase.Tpo -c -o lib/stream-tcp.lo lib/stream-tcp.c &&\
mv -f $depbase.Tpo $depbase.Plo
depbase=`echo lib/stream.lo | sed 's|[^/]*$|.deps/&|;s|\.lo$||'`;\
/bin/bash ./libtool  --tag=CC   --mode=compile gcc -DHAVE_CONFIG_H -I.    -I ./include -I ./include -I ./lib -I ./lib    -Wstrict-prototypes -Wall -Wextra -Wno-sign-compare -Wpointer-arith -Wformat -Wformat-security -Wswitch-enum -Wunused-parameter -Wbad-function-cast -Wcast-align -Wstrict-prototypes -Wold-style-definition -Wmissing-prototypes -Wmissing-field-initializers -fno-strict-aliasing -Wswitch-bool -Wlogical-not-parentheses -Wsizeof-array-argument -Wbool-compare -Wshift-negative-value -Wduplicated-cond -Wshadow -Wmultistatement-macros -Wcast-align=strict    -g -O2 -MT lib/stream.lo -MD -MP -MF $depbase.Tpo -c -o lib/stream.lo lib/stream.c &&\
mv -f $depbase.Tpo $depbase.Plo
libtool: compile:  gcc -DHAVE_CONFIG_H -I. -I ./include -I ./include -I ./lib -I ./lib -Wstrict-prototypes -Wall -Wextra -Wno-sign-compare -Wpointer-arith -Wformat -Wformat-security -Wswitch-enum -Wunused-parameter -Wbad-function-cast -Wcast-align -Wstrict-prototypes -Wold-style-definition -Wmissing-prototypes -Wmissing-field-initializers -fno-strict-aliasing -Wswitch-bool -Wlogical-not-parentheses -Wsizeof-array-argument -Wbool-compare -Wshift-negative-value -Wduplicated-cond -Wshadow -Wmultistatement-macros -Wcast-align=strict -g -O2 -MT lib/stream-tcp.lo -MD -MP -MF lib/.deps/stream-tcp.Tpo -c lib/stream-tcp.c -o lib/stream-tcp.o
libtool: compile:  gcc -DHAVE_CONFIG_H -I. -I ./include -I ./include -I ./lib -I ./lib -Wstrict-prototypes -Wall -Wextra -Wno-sign-compare -Wpointer-arith -Wformat -Wformat-security -Wswitch-enum -Wunused-parameter -Wbad-function-cast -Wcast-align -Wstrict-prototypes -Wold-style-definition -Wmissing-prototypes -Wmissing-field-initializers -fno-strict-aliasing -Wswitch-bool -Wlogical-not-parentheses -Wsizeof-array-argument -Wbool-compare -Wshift-negative-value -Wduplicated-cond -Wshadow -Wmultistatement-macros -Wcast-align=strict -g -O2 -MT lib/stream.lo -MD -MP -MF lib/.deps/stream.Tpo -c lib/stream.c -o lib/stream.o
depbase=`echo lib/stdio.lo | sed 's|[^/]*$|.deps/&|;s|\.lo$||'`;\
/bin/bash ./libtool  --tag=CC   --mode=compile gcc -DHAVE_CONFIG_H -I.    -I ./include -I ./include -I ./lib -I ./lib    -Wstrict-prototypes -Wall -Wextra -Wno-sign-compare -Wpointer-arith -Wformat -Wformat-security -Wswitch-enum -Wunused-parameter -Wbad-function-cast -Wcast-align -Wstrict-prototypes -Wold-style-definition -Wmissing-prototypes -Wmissing-field-initializers -fno-strict-aliasing -Wswitch-bool -Wlogical-not-parentheses -Wsizeof-array-argument -Wbool-compare -Wshift-negative-value -Wduplicated-cond -Wshadow -Wmultistatement-macros -Wcast-align=strict    -g -O2 -MT lib/stdio.lo -MD -MP -MF $depbase.Tpo -c -o lib/stdio.lo lib/stdio.c &&\
mv -f $depbase.Tpo $depbase.Plo
libtool: compile:  gcc -DHAVE_CONFIG_H -I. -I ./include -I ./include -I ./lib -I ./lib -Wstrict-prototypes -Wall -Wextra -Wno-sign-compare -Wpointer-arith -Wformat -Wformat-security -Wswitch-enum -Wunused-parameter -Wbad-function-cast -Wcast-align -Wstrict-prototypes -Wold-style-definition -Wmissing-prototypes -Wmissing-field-initializers -fno-strict-aliasing -Wswitch-bool -Wlogical-not-parentheses -Wsizeof-array-argument -Wbool-compare -Wshift-negative-value -Wduplicated-cond -Wshadow -Wmultistatement-macros -Wcast-align=strict -g -O2 -MT lib/stdio.lo -MD -MP -MF lib/.deps/stdio.Tpo -c lib/stdio.c -o lib/stdio.o
depbase=`echo lib/string.lo | sed 's|[^/]*$|.deps/&|;s|\.lo$||'`;\
/bin/bash ./libtool  --tag=CC   --mode=compile gcc -DHAVE_CONFIG_H -I.    -I ./include -I ./include -I ./lib -I ./lib    -Wstrict-prototypes -Wall -Wextra -Wno-sign-compare -Wpointer-arith -Wformat -Wformat-security -Wswitch-enum -Wunused-parameter -Wbad-function-cast -Wcast-align -Wstrict-prototypes -Wold-style-definition -Wmissing-prototypes -Wmissing-field-initializers -fno-strict-aliasing -Wswitch-bool -Wlogical-not-parentheses -Wsizeof-array-argument -Wbool-compare -Wshift-negative-value -Wduplicated-cond -Wshadow -Wmultistatement-macros -Wcast-align=strict    -g -O2 -MT lib/string.lo -MD -MP -MF $depbase.Tpo -c -o lib/string.lo lib/string.c &&\
mv -f $depbase.Tpo $depbase.Plo
depbase=`echo lib/svec.lo | sed 's|[^/]*$|.deps/&|;s|\.lo$||'`;\
/bin/bash ./libtool  --tag=CC   --mode=compile gcc -DHAVE_CONFIG_H -I.    -I ./include -I ./include -I ./lib -I ./lib    -Wstrict-prototypes -Wall -Wextra -Wno-sign-compare -Wpointer-arith -Wformat -Wformat-security -Wswitch-enum -Wunused-parameter -Wbad-function-cast -Wcast-align -Wstrict-prototypes -Wold-style-definition -Wmissing-prototypes -Wmissing-field-initializers -fno-strict-aliasing -Wswitch-bool -Wlogical-not-parentheses -Wsizeof-array-argument -Wbool-compare -Wshift-negative-value -Wduplicated-cond -Wshadow -Wmultistatement-macros -Wcast-align=strict    -g -O2 -MT lib/svec.lo -MD -MP -MF $depbase.Tpo -c -o lib/svec.lo lib/svec.c &&\
mv -f $depbase.Tpo $depbase.Plo
libtool: compile:  gcc -DHAVE_CONFIG_H -I. -I ./include -I ./include -I ./lib -I ./lib -Wstrict-prototypes -Wall -Wextra -Wno-sign-compare -Wpointer-arith -Wformat -Wformat-security -Wswitch-enum -Wunused-parameter -Wbad-function-cast -Wcast-align -Wstrict-prototypes -Wold-style-definition -Wmissing-prototypes -Wmissing-field-initializers -fno-strict-aliasing -Wswitch-bool -Wlogical-not-parentheses -Wsizeof-array-argument -Wbool-compare -Wshift-negative-value -Wduplicated-cond -Wshadow -Wmultistatement-macros -Wcast-align=strict -g -O2 -MT lib/string.lo -MD -MP -MF lib/.deps/string.Tpo -c lib/string.c -o lib/string.o
libtool: compile:  gcc -DHAVE_CONFIG_H -I. -I ./include -I ./include -I ./lib -I ./lib -Wstrict-prototypes -Wall -Wextra -Wno-sign-compare -Wpointer-arith -Wformat -Wformat-security -Wswitch-enum -Wunused-parameter -Wbad-function-cast -Wcast-align -Wstrict-prototypes -Wold-style-definition -Wmissing-prototypes -Wmissing-field-initializers -fno-strict-aliasing -Wswitch-bool -Wlogical-not-parentheses -Wsizeof-array-argument -Wbool-compare -Wshift-negative-value -Wduplicated-cond -Wshadow -Wmultistatement-macros -Wcast-align=strict -g -O2 -MT lib/svec.lo -MD -MP -MF lib/.deps/svec.Tpo -c lib/svec.c -o lib/svec.o
depbase=`echo lib/syslog-direct.lo | sed 's|[^/]*$|.deps/&|;s|\.lo$||'`;\
/bin/bash ./libtool  --tag=CC   --mode=compile gcc -DHAVE_CONFIG_H -I.    -I ./include -I ./include -I ./lib -I ./lib    -Wstrict-prototypes -Wall -Wextra -Wno-sign-compare -Wpointer-arith -Wformat -Wformat-security -Wswitch-enum -Wunused-parameter -Wbad-function-cast -Wcast-align -Wstrict-prototypes -Wold-style-definition -Wmissing-prototypes -Wmissing-field-initializers -fno-strict-aliasing -Wswitch-bool -Wlogical-not-parentheses -Wsizeof-array-argument -Wbool-compare -Wshift-negative-value -Wduplicated-cond -Wshadow -Wmultistatement-macros -Wcast-align=strict    -g -O2 -MT lib/syslog-direct.lo -MD -MP -MF $depbase.Tpo -c -o lib/syslog-direct.lo lib/syslog-direct.c &&\
mv -f $depbase.Tpo $depbase.Plo
libtool: compile:  gcc -DHAVE_CONFIG_H -I. -I ./include -I ./include -I ./lib -I ./lib -Wstrict-prototypes -Wall -Wextra -Wno-sign-compare -Wpointer-arith -Wformat -Wformat-security -Wswitch-enum -Wunused-parameter -Wbad-function-cast -Wcast-align -Wstrict-prototypes -Wold-style-definition -Wmissing-prototypes -Wmissing-field-initializers -fno-strict-aliasing -Wswitch-bool -Wlogical-not-parentheses -Wsizeof-array-argument -Wbool-compare -Wshift-negative-value -Wduplicated-cond -Wshadow -Wmultistatement-macros -Wcast-align=strict -g -O2 -MT lib/syslog-direct.lo -MD -MP -MF lib/.deps/syslog-direct.Tpo -c lib/syslog-direct.c -o lib/syslog-direct.o
depbase=`echo lib/syslog-libc.lo | sed 's|[^/]*$|.deps/&|;s|\.lo$||'`;\
/bin/bash ./libtool  --tag=CC   --mode=compile gcc -DHAVE_CONFIG_H -I.    -I ./include -I ./include -I ./lib -I ./lib    -Wstrict-prototypes -Wall -Wextra -Wno-sign-compare -Wpointer-arith -Wformat -Wformat-security -Wswitch-enum -Wunused-parameter -Wbad-function-cast -Wcast-align -Wstrict-prototypes -Wold-style-definition -Wmissing-prototypes -Wmissing-field-initializers -fno-strict-aliasing -Wswitch-bool -Wlogical-not-parentheses -Wsizeof-array-argument -Wbool-compare -Wshift-negative-value -Wduplicated-cond -Wshadow -Wmultistatement-macros -Wcast-align=strict    -g -O2 -MT lib/syslog-libc.lo -MD -MP -MF $depbase.Tpo -c -o lib/syslog-libc.lo lib/syslog-libc.c &&\
mv -f $depbase.Tpo $depbase.Plo
libtool: compile:  gcc -DHAVE_CONFIG_H -I. -I ./include -I ./include -I ./lib -I ./lib -Wstrict-prototypes -Wall -Wextra -Wno-sign-compare -Wpointer-arith -Wformat -Wformat-security -Wswitch-enum -Wunused-parameter -Wbad-function-cast -Wcast-align -Wstrict-prototypes -Wold-style-definition -Wmissing-prototypes -Wmissing-field-initializers -fno-strict-aliasing -Wswitch-bool -Wlogical-not-parentheses -Wsizeof-array-argument -Wbool-compare -Wshift-negative-value -Wduplicated-cond -Wshadow -Wmultistatement-macros -Wcast-align=strict -g -O2 -MT lib/syslog-libc.lo -MD -MP -MF lib/.deps/syslog-libc.Tpo -c lib/syslog-libc.c -o lib/syslog-libc.o
depbase=`echo lib/syslog-null.lo | sed 's|[^/]*$|.deps/&|;s|\.lo$||'`;\
/bin/bash ./libtool  --tag=CC   --mode=compile gcc -DHAVE_CONFIG_H -I.    -I ./include -I ./include -I ./lib -I ./lib    -Wstrict-prototypes -Wall -Wextra -Wno-sign-compare -Wpointer-arith -Wformat -Wformat-security -Wswitch-enum -Wunused-parameter -Wbad-function-cast -Wcast-align -Wstrict-prototypes -Wold-style-definition -Wmissing-prototypes -Wmissing-field-initializers -fno-strict-aliasing -Wswitch-bool -Wlogical-not-parentheses -Wsizeof-array-argument -Wbool-compare -Wshift-negative-value -Wduplicated-cond -Wshadow -Wmultistatement-macros -Wcast-align=strict    -g -O2 -MT lib/syslog-null.lo -MD -MP -MF $depbase.Tpo -c -o lib/syslog-null.lo lib/syslog-null.c &&\
mv -f $depbase.Tpo $depbase.Plo
libtool: compile:  gcc -DHAVE_CONFIG_H -I. -I ./include -I ./include -I ./lib -I ./lib -Wstrict-prototypes -Wall -Wextra -Wno-sign-compare -Wpointer-arith -Wformat -Wformat-security -Wswitch-enum -Wunused-parameter -Wbad-function-cast -Wcast-align -Wstrict-prototypes -Wold-style-definition -Wmissing-prototypes -Wmissing-field-initializers -fno-strict-aliasing -Wswitch-bool -Wlogical-not-parentheses -Wsizeof-array-argument -Wbool-compare -Wshift-negative-value -Wduplicated-cond -Wshadow -Wmultistatement-macros -Wcast-align=strict -g -O2 -MT lib/syslog-null.lo -MD -MP -MF lib/.deps/syslog-null.Tpo -c lib/syslog-null.c -o lib/syslog-null.o
depbase=`echo lib/table.lo | sed 's|[^/]*$|.deps/&|;s|\.lo$||'`;\
/bin/bash ./libtool  --tag=CC   --mode=compile gcc -DHAVE_CONFIG_H -I.    -I ./include -I ./include -I ./lib -I ./lib    -Wstrict-prototypes -Wall -Wextra -Wno-sign-compare -Wpointer-arith -Wformat -Wformat-security -Wswitch-enum -Wunused-parameter -Wbad-function-cast -Wcast-align -Wstrict-prototypes -Wold-style-definition -Wmissing-prototypes -Wmissing-field-initializers -fno-strict-aliasing -Wswitch-bool -Wlogical-not-parentheses -Wsizeof-array-argument -Wbool-compare -Wshift-negative-value -Wduplicated-cond -Wshadow -Wmultistatement-macros -Wcast-align=strict    -g -O2 -MT lib/table.lo -MD -MP -MF $depbase.Tpo -c -o lib/table.lo lib/table.c &&\
mv -f $depbase.Tpo $depbase.Plo
libtool: compile:  gcc -DHAVE_CONFIG_H -I. -I ./include -I ./include -I ./lib -I ./lib -Wstrict-prototypes -Wall -Wextra -Wno-sign-compare -Wpointer-arith -Wformat -Wformat-security -Wswitch-enum -Wunused-parameter -Wbad-function-cast -Wcast-align -Wstrict-prototypes -Wold-style-definition -Wmissing-prototypes -Wmissing-field-initializers -fno-strict-aliasing -Wswitch-bool -Wlogical-not-parentheses -Wsizeof-array-argument -Wbool-compare -Wshift-negative-value -Wduplicated-cond -Wshadow -Wmultistatement-macros -Wcast-align=strict -g -O2 -MT lib/table.lo -MD -MP -MF lib/.deps/table.Tpo -c lib/table.c -o lib/table.o
depbase=`echo lib/timer.lo | sed 's|[^/]*$|.deps/&|;s|\.lo$||'`;\
/bin/bash ./libtool  --tag=CC   --mode=compile gcc -DHAVE_CONFIG_H -I.    -I ./include -I ./include -I ./lib -I ./lib    -Wstrict-prototypes -Wall -Wextra -Wno-sign-compare -Wpointer-arith -Wformat -Wformat-security -Wswitch-enum -Wunused-parameter -Wbad-function-cast -Wcast-align -Wstrict-prototypes -Wold-style-definition -Wmissing-prototypes -Wmissing-field-initializers -fno-strict-aliasing -Wswitch-bool -Wlogical-not-parentheses -Wsizeof-array-argument -Wbool-compare -Wshift-negative-value -Wduplicated-cond -Wshadow -Wmultistatement-macros -Wcast-align=strict    -g -O2 -MT lib/timer.lo -MD -MP -MF $depbase.Tpo -c -o lib/timer.lo lib/timer.c &&\
mv -f $depbase.Tpo $depbase.Plo
libtool: compile:  gcc -DHAVE_CONFIG_H -I. -I ./include -I ./include -I ./lib -I ./lib -Wstrict-prototypes -Wall -Wextra -Wno-sign-compare -Wpointer-arith -Wformat -Wformat-security -Wswitch-enum -Wunused-parameter -Wbad-function-cast -Wcast-align -Wstrict-prototypes -Wold-style-definition -Wmissing-prototypes -Wmissing-field-initializers -fno-strict-aliasing -Wswitch-bool -Wlogical-not-parentheses -Wsizeof-array-argument -Wbool-compare -Wshift-negative-value -Wduplicated-cond -Wshadow -Wmultistatement-macros -Wcast-align=strict -g -O2 -MT lib/timer.lo -MD -MP -MF lib/.deps/timer.Tpo -c lib/timer.c -o lib/timer.o
depbase=`echo lib/timeval.lo | sed 's|[^/]*$|.deps/&|;s|\.lo$||'`;\
/bin/bash ./libtool  --tag=CC   --mode=compile gcc -DHAVE_CONFIG_H -I.    -I ./include -I ./include -I ./lib -I ./lib    -Wstrict-prototypes -Wall -Wextra -Wno-sign-compare -Wpointer-arith -Wformat -Wformat-security -Wswitch-enum -Wunused-parameter -Wbad-function-cast -Wcast-align -Wstrict-prototypes -Wold-style-definition -Wmissing-prototypes -Wmissing-field-initializers -fno-strict-aliasing -Wswitch-bool -Wlogical-not-parentheses -Wsizeof-array-argument -Wbool-compare -Wshift-negative-value -Wduplicated-cond -Wshadow -Wmultistatement-macros -Wcast-align=strict    -g -O2 -MT lib/timeval.lo -MD -MP -MF $depbase.Tpo -c -o lib/timeval.lo lib/timeval.c &&\
mv -f $depbase.Tpo $depbase.Plo
depbase=`echo lib/tnl-neigh-cache.lo | sed 's|[^/]*$|.deps/&|;s|\.lo$||'`;\
/bin/bash ./libtool  --tag=CC   --mode=compile gcc -DHAVE_CONFIG_H -I.    -I ./include -I ./include -I ./lib -I ./lib    -Wstrict-prototypes -Wall -Wextra -Wno-sign-compare -Wpointer-arith -Wformat -Wformat-security -Wswitch-enum -Wunused-parameter -Wbad-function-cast -Wcast-align -Wstrict-prototypes -Wold-style-definition -Wmissing-prototypes -Wmissing-field-initializers -fno-strict-aliasing -Wswitch-bool -Wlogical-not-parentheses -Wsizeof-array-argument -Wbool-compare -Wshift-negative-value -Wduplicated-cond -Wshadow -Wmultistatement-macros -Wcast-align=strict    -g -O2 -MT lib/tnl-neigh-cache.lo -MD -MP -MF $depbase.Tpo -c -o lib/tnl-neigh-cache.lo lib/tnl-neigh-cache.c &&\
mv -f $depbase.Tpo $depbase.Plo
libtool: compile:  gcc -DHAVE_CONFIG_H -I. -I ./include -I ./include -I ./lib -I ./lib -Wstrict-prototypes -Wall -Wextra -Wno-sign-compare -Wpointer-arith -Wformat -Wformat-security -Wswitch-enum -Wunused-parameter -Wbad-function-cast -Wcast-align -Wstrict-prototypes -Wold-style-definition -Wmissing-prototypes -Wmissing-field-initializers -fno-strict-aliasing -Wswitch-bool -Wlogical-not-parentheses -Wsizeof-array-argument -Wbool-compare -Wshift-negative-value -Wduplicated-cond -Wshadow -Wmultistatement-macros -Wcast-align=strict -g -O2 -MT lib/timeval.lo -MD -MP -MF lib/.deps/timeval.Tpo -c lib/timeval.c -o lib/timeval.o
libtool: compile:  gcc -DHAVE_CONFIG_H -I. -I ./include -I ./include -I ./lib -I ./lib -Wstrict-prototypes -Wall -Wextra -Wno-sign-compare -Wpointer-arith -Wformat -Wformat-security -Wswitch-enum -Wunused-parameter -Wbad-function-cast -Wcast-align -Wstrict-prototypes -Wold-style-definition -Wmissing-prototypes -Wmissing-field-initializers -fno-strict-aliasing -Wswitch-bool -Wlogical-not-parentheses -Wsizeof-array-argument -Wbool-compare -Wshift-negative-value -Wduplicated-cond -Wshadow -Wmultistatement-macros -Wcast-align=strict -g -O2 -MT lib/tnl-neigh-cache.lo -MD -MP -MF lib/.deps/tnl-neigh-cache.Tpo -c lib/tnl-neigh-cache.c -o lib/tnl-neigh-cache.o
depbase=`echo lib/tnl-ports.lo | sed 's|[^/]*$|.deps/&|;s|\.lo$||'`;\
/bin/bash ./libtool  --tag=CC   --mode=compile gcc -DHAVE_CONFIG_H -I.    -I ./include -I ./include -I ./lib -I ./lib    -Wstrict-prototypes -Wall -Wextra -Wno-sign-compare -Wpointer-arith -Wformat -Wformat-security -Wswitch-enum -Wunused-parameter -Wbad-function-cast -Wcast-align -Wstrict-prototypes -Wold-style-definition -Wmissing-prototypes -Wmissing-field-initializers -fno-strict-aliasing -Wswitch-bool -Wlogical-not-parentheses -Wsizeof-array-argument -Wbool-compare -Wshift-negative-value -Wduplicated-cond -Wshadow -Wmultistatement-macros -Wcast-align=strict    -g -O2 -MT lib/tnl-ports.lo -MD -MP -MF $depbase.Tpo -c -o lib/tnl-ports.lo lib/tnl-ports.c &&\
mv -f $depbase.Tpo $depbase.Plo
libtool: compile:  gcc -DHAVE_CONFIG_H -I. -I ./include -I ./include -I ./lib -I ./lib -Wstrict-prototypes -Wall -Wextra -Wno-sign-compare -Wpointer-arith -Wformat -Wformat-security -Wswitch-enum -Wunused-parameter -Wbad-function-cast -Wcast-align -Wstrict-prototypes -Wold-style-definition -Wmissing-prototypes -Wmissing-field-initializers -fno-strict-aliasing -Wswitch-bool -Wlogical-not-parentheses -Wsizeof-array-argument -Wbool-compare -Wshift-negative-value -Wduplicated-cond -Wshadow -Wmultistatement-macros -Wcast-align=strict -g -O2 -MT lib/tnl-ports.lo -MD -MP -MF lib/.deps/tnl-ports.Tpo -c lib/tnl-ports.c -o lib/tnl-ports.o
depbase=`echo lib/netdev-native-tnl.lo | sed 's|[^/]*$|.deps/&|;s|\.lo$||'`;\
/bin/bash ./libtool  --tag=CC   --mode=compile gcc -DHAVE_CONFIG_H -I.    -I ./include -I ./include -I ./lib -I ./lib    -Wstrict-prototypes -Wall -Wextra -Wno-sign-compare -Wpointer-arith -Wformat -Wformat-security -Wswitch-enum -Wunused-parameter -Wbad-function-cast -Wcast-align -Wstrict-prototypes -Wold-style-definition -Wmissing-prototypes -Wmissing-field-initializers -fno-strict-aliasing -Wswitch-bool -Wlogical-not-parentheses -Wsizeof-array-argument -Wbool-compare -Wshift-negative-value -Wduplicated-cond -Wshadow -Wmultistatement-macros -Wcast-align=strict    -g -O2 -MT lib/netdev-native-tnl.lo -MD -MP -MF $depbase.Tpo -c -o lib/netdev-native-tnl.lo lib/netdev-native-tnl.c &&\
mv -f $depbase.Tpo $depbase.Plo
libtool: compile:  gcc -DHAVE_CONFIG_H -I. -I ./include -I ./include -I ./lib -I ./lib -Wstrict-prototypes -Wall -Wextra -Wno-sign-compare -Wpointer-arith -Wformat -Wformat-security -Wswitch-enum -Wunused-parameter -Wbad-function-cast -Wcast-align -Wstrict-prototypes -Wold-style-definition -Wmissing-prototypes -Wmissing-field-initializers -fno-strict-aliasing -Wswitch-bool -Wlogical-not-parentheses -Wsizeof-array-argument -Wbool-compare -Wshift-negative-value -Wduplicated-cond -Wshadow -Wmultistatement-macros -Wcast-align=strict -g -O2 -MT lib/netdev-native-tnl.lo -MD -MP -MF lib/.deps/netdev-native-tnl.Tpo -c lib/netdev-native-tnl.c -o lib/netdev-native-tnl.o
depbase=`echo lib/token-bucket.lo | sed 's|[^/]*$|.deps/&|;s|\.lo$||'`;\
/bin/bash ./libtool  --tag=CC   --mode=compile gcc -DHAVE_CONFIG_H -I.    -I ./include -I ./include -I ./lib -I ./lib    -Wstrict-prototypes -Wall -Wextra -Wno-sign-compare -Wpointer-arith -Wformat -Wformat-security -Wswitch-enum -Wunused-parameter -Wbad-function-cast -Wcast-align -Wstrict-prototypes -Wold-style-definition -Wmissing-prototypes -Wmissing-field-initializers -fno-strict-aliasing -Wswitch-bool -Wlogical-not-parentheses -Wsizeof-array-argument -Wbool-compare -Wshift-negative-value -Wduplicated-cond -Wshadow -Wmultistatement-macros -Wcast-align=strict    -g -O2 -MT lib/token-bucket.lo -MD -MP -MF $depbase.Tpo -c -o lib/token-bucket.lo lib/token-bucket.c &&\
mv -f $depbase.Tpo $depbase.Plo
depbase=`echo lib/tun-metadata.lo | sed 's|[^/]*$|.deps/&|;s|\.lo$||'`;\
/bin/bash ./libtool  --tag=CC   --mode=compile gcc -DHAVE_CONFIG_H -I.    -I ./include -I ./include -I ./lib -I ./lib    -Wstrict-prototypes -Wall -Wextra -Wno-sign-compare -Wpointer-arith -Wformat -Wformat-security -Wswitch-enum -Wunused-parameter -Wbad-function-cast -Wcast-align -Wstrict-prototypes -Wold-style-definition -Wmissing-prototypes -Wmissing-field-initializers -fno-strict-aliasing -Wswitch-bool -Wlogical-not-parentheses -Wsizeof-array-argument -Wbool-compare -Wshift-negative-value -Wduplicated-cond -Wshadow -Wmultistatement-macros -Wcast-align=strict    -g -O2 -MT lib/tun-metadata.lo -MD -MP -MF $depbase.Tpo -c -o lib/tun-metadata.lo lib/tun-metadata.c &&\
mv -f $depbase.Tpo $depbase.Plo
libtool: compile:  gcc -DHAVE_CONFIG_H -I. -I ./include -I ./include -I ./lib -I ./lib -Wstrict-prototypes -Wall -Wextra -Wno-sign-compare -Wpointer-arith -Wformat -Wformat-security -Wswitch-enum -Wunused-parameter -Wbad-function-cast -Wcast-align -Wstrict-prototypes -Wold-style-definition -Wmissing-prototypes -Wmissing-field-initializers -fno-strict-aliasing -Wswitch-bool -Wlogical-not-parentheses -Wsizeof-array-argument -Wbool-compare -Wshift-negative-value -Wduplicated-cond -Wshadow -Wmultistatement-macros -Wcast-align=strict -g -O2 -MT lib/token-bucket.lo -MD -MP -MF lib/.deps/token-bucket.Tpo -c lib/token-bucket.c -o lib/token-bucket.o
libtool: compile:  gcc -DHAVE_CONFIG_H -I. -I ./include -I ./include -I ./lib -I ./lib -Wstrict-prototypes -Wall -Wextra -Wno-sign-compare -Wpointer-arith -Wformat -Wformat-security -Wswitch-enum -Wunused-parameter -Wbad-function-cast -Wcast-align -Wstrict-prototypes -Wold-style-definition -Wmissing-prototypes -Wmissing-field-initializers -fno-strict-aliasing -Wswitch-bool -Wlogical-not-parentheses -Wsizeof-array-argument -Wbool-compare -Wshift-negative-value -Wduplicated-cond -Wshadow -Wmultistatement-macros -Wcast-align=strict -g -O2 -MT lib/tun-metadata.lo -MD -MP -MF lib/.deps/tun-metadata.Tpo -c lib/tun-metadata.c -o lib/tun-metadata.o
depbase=`echo lib/unicode.lo | sed 's|[^/]*$|.deps/&|;s|\.lo$||'`;\
/bin/bash ./libtool  --tag=CC   --mode=compile gcc -DHAVE_CONFIG_H -I.    -I ./include -I ./include -I ./lib -I ./lib    -Wstrict-prototypes -Wall -Wextra -Wno-sign-compare -Wpointer-arith -Wformat -Wformat-security -Wswitch-enum -Wunused-parameter -Wbad-function-cast -Wcast-align -Wstrict-prototypes -Wold-style-definition -Wmissing-prototypes -Wmissing-field-initializers -fno-strict-aliasing -Wswitch-bool -Wlogical-not-parentheses -Wsizeof-array-argument -Wbool-compare -Wshift-negative-value -Wduplicated-cond -Wshadow -Wmultistatement-macros -Wcast-align=strict    -g -O2 -MT lib/unicode.lo -MD -MP -MF $depbase.Tpo -c -o lib/unicode.lo lib/unicode.c &&\
mv -f $depbase.Tpo $depbase.Plo
depbase=`echo lib/unixctl.lo | sed 's|[^/]*$|.deps/&|;s|\.lo$||'`;\
/bin/bash ./libtool  --tag=CC   --mode=compile gcc -DHAVE_CONFIG_H -I.    -I ./include -I ./include -I ./lib -I ./lib    -Wstrict-prototypes -Wall -Wextra -Wno-sign-compare -Wpointer-arith -Wformat -Wformat-security -Wswitch-enum -Wunused-parameter -Wbad-function-cast -Wcast-align -Wstrict-prototypes -Wold-style-definition -Wmissing-prototypes -Wmissing-field-initializers -fno-strict-aliasing -Wswitch-bool -Wlogical-not-parentheses -Wsizeof-array-argument -Wbool-compare -Wshift-negative-value -Wduplicated-cond -Wshadow -Wmultistatement-macros -Wcast-align=strict    -g -O2 -MT lib/unixctl.lo -MD -MP -MF $depbase.Tpo -c -o lib/unixctl.lo lib/unixctl.c &&\
mv -f $depbase.Tpo $depbase.Plo
libtool: compile:  gcc -DHAVE_CONFIG_H -I. -I ./include -I ./include -I ./lib -I ./lib -Wstrict-prototypes -Wall -Wextra -Wno-sign-compare -Wpointer-arith -Wformat -Wformat-security -Wswitch-enum -Wunused-parameter -Wbad-function-cast -Wcast-align -Wstrict-prototypes -Wold-style-definition -Wmissing-prototypes -Wmissing-field-initializers -fno-strict-aliasing -Wswitch-bool -Wlogical-not-parentheses -Wsizeof-array-argument -Wbool-compare -Wshift-negative-value -Wduplicated-cond -Wshadow -Wmultistatement-macros -Wcast-align=strict -g -O2 -MT lib/unicode.lo -MD -MP -MF lib/.deps/unicode.Tpo -c lib/unicode.c -o lib/unicode.o
libtool: compile:  gcc -DHAVE_CONFIG_H -I. -I ./include -I ./include -I ./lib -I ./lib -Wstrict-prototypes -Wall -Wextra -Wno-sign-compare -Wpointer-arith -Wformat -Wformat-security -Wswitch-enum -Wunused-parameter -Wbad-function-cast -Wcast-align -Wstrict-prototypes -Wold-style-definition -Wmissing-prototypes -Wmissing-field-initializers -fno-strict-aliasing -Wswitch-bool -Wlogical-not-parentheses -Wsizeof-array-argument -Wbool-compare -Wshift-negative-value -Wduplicated-cond -Wshadow -Wmultistatement-macros -Wcast-align=strict -g -O2 -MT lib/unixctl.lo -MD -MP -MF lib/.deps/unixctl.Tpo -c lib/unixctl.c -o lib/unixctl.o
depbase=`echo lib/userspace-tso.lo | sed 's|[^/]*$|.deps/&|;s|\.lo$||'`;\
/bin/bash ./libtool  --tag=CC   --mode=compile gcc -DHAVE_CONFIG_H -I.    -I ./include -I ./include -I ./lib -I ./lib    -Wstrict-prototypes -Wall -Wextra -Wno-sign-compare -Wpointer-arith -Wformat -Wformat-security -Wswitch-enum -Wunused-parameter -Wbad-function-cast -Wcast-align -Wstrict-prototypes -Wold-style-definition -Wmissing-prototypes -Wmissing-field-initializers -fno-strict-aliasing -Wswitch-bool -Wlogical-not-parentheses -Wsizeof-array-argument -Wbool-compare -Wshift-negative-value -Wduplicated-cond -Wshadow -Wmultistatement-macros -Wcast-align=strict    -g -O2 -MT lib/userspace-tso.lo -MD -MP -MF $depbase.Tpo -c -o lib/userspace-tso.lo lib/userspace-tso.c &&\
mv -f $depbase.Tpo $depbase.Plo
depbase=`echo lib/util.lo | sed 's|[^/]*$|.deps/&|;s|\.lo$||'`;\
/bin/bash ./libtool  --tag=CC   --mode=compile gcc -DHAVE_CONFIG_H -I.    -I ./include -I ./include -I ./lib -I ./lib    -Wstrict-prototypes -Wall -Wextra -Wno-sign-compare -Wpointer-arith -Wformat -Wformat-security -Wswitch-enum -Wunused-parameter -Wbad-function-cast -Wcast-align -Wstrict-prototypes -Wold-style-definition -Wmissing-prototypes -Wmissing-field-initializers -fno-strict-aliasing -Wswitch-bool -Wlogical-not-parentheses -Wsizeof-array-argument -Wbool-compare -Wshift-negative-value -Wduplicated-cond -Wshadow -Wmultistatement-macros -Wcast-align=strict    -g -O2 -MT lib/util.lo -MD -MP -MF $depbase.Tpo -c -o lib/util.lo lib/util.c &&\
mv -f $depbase.Tpo $depbase.Plo
libtool: compile:  gcc -DHAVE_CONFIG_H -I. -I ./include -I ./include -I ./lib -I ./lib -Wstrict-prototypes -Wall -Wextra -Wno-sign-compare -Wpointer-arith -Wformat -Wformat-security -Wswitch-enum -Wunused-parameter -Wbad-function-cast -Wcast-align -Wstrict-prototypes -Wold-style-definition -Wmissing-prototypes -Wmissing-field-initializers -fno-strict-aliasing -Wswitch-bool -Wlogical-not-parentheses -Wsizeof-array-argument -Wbool-compare -Wshift-negative-value -Wduplicated-cond -Wshadow -Wmultistatement-macros -Wcast-align=strict -g -O2 -MT lib/userspace-tso.lo -MD -MP -MF lib/.deps/userspace-tso.Tpo -c lib/userspace-tso.c -o lib/userspace-tso.o
libtool: compile:  gcc -DHAVE_CONFIG_H -I. -I ./include -I ./include -I ./lib -I ./lib -Wstrict-prototypes -Wall -Wextra -Wno-sign-compare -Wpointer-arith -Wformat -Wformat-security -Wswitch-enum -Wunused-parameter -Wbad-function-cast -Wcast-align -Wstrict-prototypes -Wold-style-definition -Wmissing-prototypes -Wmissing-field-initializers -fno-strict-aliasing -Wswitch-bool -Wlogical-not-parentheses -Wsizeof-array-argument -Wbool-compare -Wshift-negative-value -Wduplicated-cond -Wshadow -Wmultistatement-macros -Wcast-align=strict -g -O2 -MT lib/util.lo -MD -MP -MF lib/.deps/util.Tpo -c lib/util.c -o lib/util.o
depbase=`echo lib/uuid.lo | sed 's|[^/]*$|.deps/&|;s|\.lo$||'`;\
/bin/bash ./libtool  --tag=CC   --mode=compile gcc -DHAVE_CONFIG_H -I.    -I ./include -I ./include -I ./lib -I ./lib    -Wstrict-prototypes -Wall -Wextra -Wno-sign-compare -Wpointer-arith -Wformat -Wformat-security -Wswitch-enum -Wunused-parameter -Wbad-function-cast -Wcast-align -Wstrict-prototypes -Wold-style-definition -Wmissing-prototypes -Wmissing-field-initializers -fno-strict-aliasing -Wswitch-bool -Wlogical-not-parentheses -Wsizeof-array-argument -Wbool-compare -Wshift-negative-value -Wduplicated-cond -Wshadow -Wmultistatement-macros -Wcast-align=strict    -g -O2 -MT lib/uuid.lo -MD -MP -MF $depbase.Tpo -c -o lib/uuid.lo lib/uuid.c &&\
mv -f $depbase.Tpo $depbase.Plo
libtool: compile:  gcc -DHAVE_CONFIG_H -I. -I ./include -I ./include -I ./lib -I ./lib -Wstrict-prototypes -Wall -Wextra -Wno-sign-compare -Wpointer-arith -Wformat -Wformat-security -Wswitch-enum -Wunused-parameter -Wbad-function-cast -Wcast-align -Wstrict-prototypes -Wold-style-definition -Wmissing-prototypes -Wmissing-field-initializers -fno-strict-aliasing -Wswitch-bool -Wlogical-not-parentheses -Wsizeof-array-argument -Wbool-compare -Wshift-negative-value -Wduplicated-cond -Wshadow -Wmultistatement-macros -Wcast-align=strict -g -O2 -MT lib/uuid.lo -MD -MP -MF lib/.deps/uuid.Tpo -c lib/uuid.c -o lib/uuid.o
depbase=`echo lib/uuidset.lo | sed 's|[^/]*$|.deps/&|;s|\.lo$||'`;\
/bin/bash ./libtool  --tag=CC   --mode=compile gcc -DHAVE_CONFIG_H -I.    -I ./include -I ./include -I ./lib -I ./lib    -Wstrict-prototypes -Wall -Wextra -Wno-sign-compare -Wpointer-arith -Wformat -Wformat-security -Wswitch-enum -Wunused-parameter -Wbad-function-cast -Wcast-align -Wstrict-prototypes -Wold-style-definition -Wmissing-prototypes -Wmissing-field-initializers -fno-strict-aliasing -Wswitch-bool -Wlogical-not-parentheses -Wsizeof-array-argument -Wbool-compare -Wshift-negative-value -Wduplicated-cond -Wshadow -Wmultistatement-macros -Wcast-align=strict    -g -O2 -MT lib/uuidset.lo -MD -MP -MF $depbase.Tpo -c -o lib/uuidset.lo lib/uuidset.c &&\
mv -f $depbase.Tpo $depbase.Plo
depbase=`echo lib/vconn-stream.lo | sed 's|[^/]*$|.deps/&|;s|\.lo$||'`;\
/bin/bash ./libtool  --tag=CC   --mode=compile gcc -DHAVE_CONFIG_H -I.    -I ./include -I ./include -I ./lib -I ./lib    -Wstrict-prototypes -Wall -Wextra -Wno-sign-compare -Wpointer-arith -Wformat -Wformat-security -Wswitch-enum -Wunused-parameter -Wbad-function-cast -Wcast-align -Wstrict-prototypes -Wold-style-definition -Wmissing-prototypes -Wmissing-field-initializers -fno-strict-aliasing -Wswitch-bool -Wlogical-not-parentheses -Wsizeof-array-argument -Wbool-compare -Wshift-negative-value -Wduplicated-cond -Wshadow -Wmultistatement-macros -Wcast-align=strict    -g -O2 -MT lib/vconn-stream.lo -MD -MP -MF $depbase.Tpo -c -o lib/vconn-stream.lo lib/vconn-stream.c &&\
mv -f $depbase.Tpo $depbase.Plo
libtool: compile:  gcc -DHAVE_CONFIG_H -I. -I ./include -I ./include -I ./lib -I ./lib -Wstrict-prototypes -Wall -Wextra -Wno-sign-compare -Wpointer-arith -Wformat -Wformat-security -Wswitch-enum -Wunused-parameter -Wbad-function-cast -Wcast-align -Wstrict-prototypes -Wold-style-definition -Wmissing-prototypes -Wmissing-field-initializers -fno-strict-aliasing -Wswitch-bool -Wlogical-not-parentheses -Wsizeof-array-argument -Wbool-compare -Wshift-negative-value -Wduplicated-cond -Wshadow -Wmultistatement-macros -Wcast-align=strict -g -O2 -MT lib/uuidset.lo -MD -MP -MF lib/.deps/uuidset.Tpo -c lib/uuidset.c -o lib/uuidset.o
libtool: compile:  gcc -DHAVE_CONFIG_H -I. -I ./include -I ./include -I ./lib -I ./lib -Wstrict-prototypes -Wall -Wextra -Wno-sign-compare -Wpointer-arith -Wformat -Wformat-security -Wswitch-enum -Wunused-parameter -Wbad-function-cast -Wcast-align -Wstrict-prototypes -Wold-style-definition -Wmissing-prototypes -Wmissing-field-initializers -fno-strict-aliasing -Wswitch-bool -Wlogical-not-parentheses -Wsizeof-array-argument -Wbool-compare -Wshift-negative-value -Wduplicated-cond -Wshadow -Wmultistatement-macros -Wcast-align=strict -g -O2 -MT lib/vconn-stream.lo -MD -MP -MF lib/.deps/vconn-stream.Tpo -c lib/vconn-stream.c -o lib/vconn-stream.o
depbase=`echo lib/vconn.lo | sed 's|[^/]*$|.deps/&|;s|\.lo$||'`;\
/bin/bash ./libtool  --tag=CC   --mode=compile gcc -DHAVE_CONFIG_H -I.    -I ./include -I ./include -I ./lib -I ./lib    -Wstrict-prototypes -Wall -Wextra -Wno-sign-compare -Wpointer-arith -Wformat -Wformat-security -Wswitch-enum -Wunused-parameter -Wbad-function-cast -Wcast-align -Wstrict-prototypes -Wold-style-definition -Wmissing-prototypes -Wmissing-field-initializers -fno-strict-aliasing -Wswitch-bool -Wlogical-not-parentheses -Wsizeof-array-argument -Wbool-compare -Wshift-negative-value -Wduplicated-cond -Wshadow -Wmultistatement-macros -Wcast-align=strict    -g -O2 -MT lib/vconn.lo -MD -MP -MF $depbase.Tpo -c -o lib/vconn.lo lib/vconn.c &&\
mv -f $depbase.Tpo $depbase.Plo
libtool: compile:  gcc -DHAVE_CONFIG_H -I. -I ./include -I ./include -I ./lib -I ./lib -Wstrict-prototypes -Wall -Wextra -Wno-sign-compare -Wpointer-arith -Wformat -Wformat-security -Wswitch-enum -Wunused-parameter -Wbad-function-cast -Wcast-align -Wstrict-prototypes -Wold-style-definition -Wmissing-prototypes -Wmissing-field-initializers -fno-strict-aliasing -Wswitch-bool -Wlogical-not-parentheses -Wsizeof-array-argument -Wbool-compare -Wshift-negative-value -Wduplicated-cond -Wshadow -Wmultistatement-macros -Wcast-align=strict -g -O2 -MT lib/vconn.lo -MD -MP -MF lib/.deps/vconn.Tpo -c lib/vconn.c -o lib/vconn.o
depbase=`echo lib/vlan-bitmap.lo | sed 's|[^/]*$|.deps/&|;s|\.lo$||'`;\
/bin/bash ./libtool  --tag=CC   --mode=compile gcc -DHAVE_CONFIG_H -I.    -I ./include -I ./include -I ./lib -I ./lib    -Wstrict-prototypes -Wall -Wextra -Wno-sign-compare -Wpointer-arith -Wformat -Wformat-security -Wswitch-enum -Wunused-parameter -Wbad-function-cast -Wcast-align -Wstrict-prototypes -Wold-style-definition -Wmissing-prototypes -Wmissing-field-initializers -fno-strict-aliasing -Wswitch-bool -Wlogical-not-parentheses -Wsizeof-array-argument -Wbool-compare -Wshift-negative-value -Wduplicated-cond -Wshadow -Wmultistatement-macros -Wcast-align=strict    -g -O2 -MT lib/vlan-bitmap.lo -MD -MP -MF $depbase.Tpo -c -o lib/vlan-bitmap.lo lib/vlan-bitmap.c &&\
mv -f $depbase.Tpo $depbase.Plo
libtool: compile:  gcc -DHAVE_CONFIG_H -I. -I ./include -I ./include -I ./lib -I ./lib -Wstrict-prototypes -Wall -Wextra -Wno-sign-compare -Wpointer-arith -Wformat -Wformat-security -Wswitch-enum -Wunused-parameter -Wbad-function-cast -Wcast-align -Wstrict-prototypes -Wold-style-definition -Wmissing-prototypes -Wmissing-field-initializers -fno-strict-aliasing -Wswitch-bool -Wlogical-not-parentheses -Wsizeof-array-argument -Wbool-compare -Wshift-negative-value -Wduplicated-cond -Wshadow -Wmultistatement-macros -Wcast-align=strict -g -O2 -MT lib/vlan-bitmap.lo -MD -MP -MF lib/.deps/vlan-bitmap.Tpo -c lib/vlan-bitmap.c -o lib/vlan-bitmap.o
depbase=`echo lib/vlog.lo | sed 's|[^/]*$|.deps/&|;s|\.lo$||'`;\
/bin/bash ./libtool  --tag=CC   --mode=compile gcc -DHAVE_CONFIG_H -I.    -I ./include -I ./include -I ./lib -I ./lib    -Wstrict-prototypes -Wall -Wextra -Wno-sign-compare -Wpointer-arith -Wformat -Wformat-security -Wswitch-enum -Wunused-parameter -Wbad-function-cast -Wcast-align -Wstrict-prototypes -Wold-style-definition -Wmissing-prototypes -Wmissing-field-initializers -fno-strict-aliasing -Wswitch-bool -Wlogical-not-parentheses -Wsizeof-array-argument -Wbool-compare -Wshift-negative-value -Wduplicated-cond -Wshadow -Wmultistatement-macros -Wcast-align=strict    -g -O2 -MT lib/vlog.lo -MD -MP -MF $depbase.Tpo -c -o lib/vlog.lo lib/vlog.c &&\
mv -f $depbase.Tpo $depbase.Plo
depbase=`echo lib/lldp/lldp.lo | sed 's|[^/]*$|.deps/&|;s|\.lo$||'`;\
/bin/bash ./libtool  --tag=CC   --mode=compile gcc -DHAVE_CONFIG_H -I.    -I ./include -I ./include -I ./lib -I ./lib    -Wstrict-prototypes -Wall -Wextra -Wno-sign-compare -Wpointer-arith -Wformat -Wformat-security -Wswitch-enum -Wunused-parameter -Wbad-function-cast -Wcast-align -Wstrict-prototypes -Wold-style-definition -Wmissing-prototypes -Wmissing-field-initializers -fno-strict-aliasing -Wswitch-bool -Wlogical-not-parentheses -Wsizeof-array-argument -Wbool-compare -Wshift-negative-value -Wduplicated-cond -Wshadow -Wmultistatement-macros -Wcast-align=strict    -g -O2 -MT lib/lldp/lldp.lo -MD -MP -MF $depbase.Tpo -c -o lib/lldp/lldp.lo lib/lldp/lldp.c &&\
mv -f $depbase.Tpo $depbase.Plo
libtool: compile:  gcc -DHAVE_CONFIG_H -I. -I ./include -I ./include -I ./lib -I ./lib -Wstrict-prototypes -Wall -Wextra -Wno-sign-compare -Wpointer-arith -Wformat -Wformat-security -Wswitch-enum -Wunused-parameter -Wbad-function-cast -Wcast-align -Wstrict-prototypes -Wold-style-definition -Wmissing-prototypes -Wmissing-field-initializers -fno-strict-aliasing -Wswitch-bool -Wlogical-not-parentheses -Wsizeof-array-argument -Wbool-compare -Wshift-negative-value -Wduplicated-cond -Wshadow -Wmultistatement-macros -Wcast-align=strict -g -O2 -MT lib/vlog.lo -MD -MP -MF lib/.deps/vlog.Tpo -c lib/vlog.c -o lib/vlog.o
libtool: compile:  gcc -DHAVE_CONFIG_H -I. -I ./include -I ./include -I ./lib -I ./lib -Wstrict-prototypes -Wall -Wextra -Wno-sign-compare -Wpointer-arith -Wformat -Wformat-security -Wswitch-enum -Wunused-parameter -Wbad-function-cast -Wcast-align -Wstrict-prototypes -Wold-style-definition -Wmissing-prototypes -Wmissing-field-initializers -fno-strict-aliasing -Wswitch-bool -Wlogical-not-parentheses -Wsizeof-array-argument -Wbool-compare -Wshift-negative-value -Wduplicated-cond -Wshadow -Wmultistatement-macros -Wcast-align=strict -g -O2 -MT lib/lldp/lldp.lo -MD -MP -MF lib/lldp/.deps/lldp.Tpo -c lib/lldp/lldp.c -o lib/lldp/lldp.o
depbase=`echo lib/lldp/lldpd.lo | sed 's|[^/]*$|.deps/&|;s|\.lo$||'`;\
/bin/bash ./libtool  --tag=CC   --mode=compile gcc -DHAVE_CONFIG_H -I.    -I ./include -I ./include -I ./lib -I ./lib    -Wstrict-prototypes -Wall -Wextra -Wno-sign-compare -Wpointer-arith -Wformat -Wformat-security -Wswitch-enum -Wunused-parameter -Wbad-function-cast -Wcast-align -Wstrict-prototypes -Wold-style-definition -Wmissing-prototypes -Wmissing-field-initializers -fno-strict-aliasing -Wswitch-bool -Wlogical-not-parentheses -Wsizeof-array-argument -Wbool-compare -Wshift-negative-value -Wduplicated-cond -Wshadow -Wmultistatement-macros -Wcast-align=strict    -g -O2 -MT lib/lldp/lldpd.lo -MD -MP -MF $depbase.Tpo -c -o lib/lldp/lldpd.lo lib/lldp/lldpd.c &&\
mv -f $depbase.Tpo $depbase.Plo
libtool: compile:  gcc -DHAVE_CONFIG_H -I. -I ./include -I ./include -I ./lib -I ./lib -Wstrict-prototypes -Wall -Wextra -Wno-sign-compare -Wpointer-arith -Wformat -Wformat-security -Wswitch-enum -Wunused-parameter -Wbad-function-cast -Wcast-align -Wstrict-prototypes -Wold-style-definition -Wmissing-prototypes -Wmissing-field-initializers -fno-strict-aliasing -Wswitch-bool -Wlogical-not-parentheses -Wsizeof-array-argument -Wbool-compare -Wshift-negative-value -Wduplicated-cond -Wshadow -Wmultistatement-macros -Wcast-align=strict -g -O2 -MT lib/lldp/lldpd.lo -MD -MP -MF lib/lldp/.deps/lldpd.Tpo -c lib/lldp/lldpd.c -o lib/lldp/lldpd.o
depbase=`echo lib/lldp/lldpd-structs.lo | sed 's|[^/]*$|.deps/&|;s|\.lo$||'`;\
/bin/bash ./libtool  --tag=CC   --mode=compile gcc -DHAVE_CONFIG_H -I.    -I ./include -I ./include -I ./lib -I ./lib    -Wstrict-prototypes -Wall -Wextra -Wno-sign-compare -Wpointer-arith -Wformat -Wformat-security -Wswitch-enum -Wunused-parameter -Wbad-function-cast -Wcast-align -Wstrict-prototypes -Wold-style-definition -Wmissing-prototypes -Wmissing-field-initializers -fno-strict-aliasing -Wswitch-bool -Wlogical-not-parentheses -Wsizeof-array-argument -Wbool-compare -Wshift-negative-value -Wduplicated-cond -Wshadow -Wmultistatement-macros -Wcast-align=strict    -g -O2 -MT lib/lldp/lldpd-structs.lo -MD -MP -MF $depbase.Tpo -c -o lib/lldp/lldpd-structs.lo lib/lldp/lldpd-structs.c &&\
mv -f $depbase.Tpo $depbase.Plo
depbase=`echo lib/daemon-unix.lo | sed 's|[^/]*$|.deps/&|;s|\.lo$||'`;\
/bin/bash ./libtool  --tag=CC   --mode=compile gcc -DHAVE_CONFIG_H -I.    -I ./include -I ./include -I ./lib -I ./lib    -Wstrict-prototypes -Wall -Wextra -Wno-sign-compare -Wpointer-arith -Wformat -Wformat-security -Wswitch-enum -Wunused-parameter -Wbad-function-cast -Wcast-align -Wstrict-prototypes -Wold-style-definition -Wmissing-prototypes -Wmissing-field-initializers -fno-strict-aliasing -Wswitch-bool -Wlogical-not-parentheses -Wsizeof-array-argument -Wbool-compare -Wshift-negative-value -Wduplicated-cond -Wshadow -Wmultistatement-macros -Wcast-align=strict    -g -O2 -MT lib/daemon-unix.lo -MD -MP -MF $depbase.Tpo -c -o lib/daemon-unix.lo lib/daemon-unix.c &&\
mv -f $depbase.Tpo $depbase.Plo
libtool: compile:  gcc -DHAVE_CONFIG_H -I. -I ./include -I ./include -I ./lib -I ./lib -Wstrict-prototypes -Wall -Wextra -Wno-sign-compare -Wpointer-arith -Wformat -Wformat-security -Wswitch-enum -Wunused-parameter -Wbad-function-cast -Wcast-align -Wstrict-prototypes -Wold-style-definition -Wmissing-prototypes -Wmissing-field-initializers -fno-strict-aliasing -Wswitch-bool -Wlogical-not-parentheses -Wsizeof-array-argument -Wbool-compare -Wshift-negative-value -Wduplicated-cond -Wshadow -Wmultistatement-macros -Wcast-align=strict -g -O2 -MT lib/lldp/lldpd-structs.lo -MD -MP -MF lib/lldp/.deps/lldpd-structs.Tpo -c lib/lldp/lldpd-structs.c -o lib/lldp/lldpd-structs.o
libtool: compile:  gcc -DHAVE_CONFIG_H -I. -I ./include -I ./include -I ./lib -I ./lib -Wstrict-prototypes -Wall -Wextra -Wno-sign-compare -Wpointer-arith -Wformat -Wformat-security -Wswitch-enum -Wunused-parameter -Wbad-function-cast -Wcast-align -Wstrict-prototypes -Wold-style-definition -Wmissing-prototypes -Wmissing-field-initializers -fno-strict-aliasing -Wswitch-bool -Wlogical-not-parentheses -Wsizeof-array-argument -Wbool-compare -Wshift-negative-value -Wduplicated-cond -Wshadow -Wmultistatement-macros -Wcast-align=strict -g -O2 -MT lib/daemon-unix.lo -MD -MP -MF lib/.deps/daemon-unix.Tpo -c lib/daemon-unix.c -o lib/daemon-unix.o
depbase=`echo lib/latch-unix.lo | sed 's|[^/]*$|.deps/&|;s|\.lo$||'`;\
/bin/bash ./libtool  --tag=CC   --mode=compile gcc -DHAVE_CONFIG_H -I.    -I ./include -I ./include -I ./lib -I ./lib    -Wstrict-prototypes -Wall -Wextra -Wno-sign-compare -Wpointer-arith -Wformat -Wformat-security -Wswitch-enum -Wunused-parameter -Wbad-function-cast -Wcast-align -Wstrict-prototypes -Wold-style-definition -Wmissing-prototypes -Wmissing-field-initializers -fno-strict-aliasing -Wswitch-bool -Wlogical-not-parentheses -Wsizeof-array-argument -Wbool-compare -Wshift-negative-value -Wduplicated-cond -Wshadow -Wmultistatement-macros -Wcast-align=strict    -g -O2 -MT lib/latch-unix.lo -MD -MP -MF $depbase.Tpo -c -o lib/latch-unix.lo lib/latch-unix.c &&\
mv -f $depbase.Tpo $depbase.Plo
depbase=`echo lib/signals.lo | sed 's|[^/]*$|.deps/&|;s|\.lo$||'`;\
/bin/bash ./libtool  --tag=CC   --mode=compile gcc -DHAVE_CONFIG_H -I.    -I ./include -I ./include -I ./lib -I ./lib    -Wstrict-prototypes -Wall -Wextra -Wno-sign-compare -Wpointer-arith -Wformat -Wformat-security -Wswitch-enum -Wunused-parameter -Wbad-function-cast -Wcast-align -Wstrict-prototypes -Wold-style-definition -Wmissing-prototypes -Wmissing-field-initializers -fno-strict-aliasing -Wswitch-bool -Wlogical-not-parentheses -Wsizeof-array-argument -Wbool-compare -Wshift-negative-value -Wduplicated-cond -Wshadow -Wmultistatement-macros -Wcast-align=strict    -g -O2 -MT lib/signals.lo -MD -MP -MF $depbase.Tpo -c -o lib/signals.lo lib/signals.c &&\
mv -f $depbase.Tpo $depbase.Plo
libtool: compile:  gcc -DHAVE_CONFIG_H -I. -I ./include -I ./include -I ./lib -I ./lib -Wstrict-prototypes -Wall -Wextra -Wno-sign-compare -Wpointer-arith -Wformat -Wformat-security -Wswitch-enum -Wunused-parameter -Wbad-function-cast -Wcast-align -Wstrict-prototypes -Wold-style-definition -Wmissing-prototypes -Wmissing-field-initializers -fno-strict-aliasing -Wswitch-bool -Wlogical-not-parentheses -Wsizeof-array-argument -Wbool-compare -Wshift-negative-value -Wduplicated-cond -Wshadow -Wmultistatement-macros -Wcast-align=strict -g -O2 -MT lib/latch-unix.lo -MD -MP -MF lib/.deps/latch-unix.Tpo -c lib/latch-unix.c -o lib/latch-unix.o
libtool: compile:  gcc -DHAVE_CONFIG_H -I. -I ./include -I ./include -I ./lib -I ./lib -Wstrict-prototypes -Wall -Wextra -Wno-sign-compare -Wpointer-arith -Wformat -Wformat-security -Wswitch-enum -Wunused-parameter -Wbad-function-cast -Wcast-align -Wstrict-prototypes -Wold-style-definition -Wmissing-prototypes -Wmissing-field-initializers -fno-strict-aliasing -Wswitch-bool -Wlogical-not-parentheses -Wsizeof-array-argument -Wbool-compare -Wshift-negative-value -Wduplicated-cond -Wshadow -Wmultistatement-macros -Wcast-align=strict -g -O2 -MT lib/signals.lo -MD -MP -MF lib/.deps/signals.Tpo -c lib/signals.c -o lib/signals.o
depbase=`echo lib/socket-util-unix.lo | sed 's|[^/]*$|.deps/&|;s|\.lo$||'`;\
/bin/bash ./libtool  --tag=CC   --mode=compile gcc -DHAVE_CONFIG_H -I.    -I ./include -I ./include -I ./lib -I ./lib    -Wstrict-prototypes -Wall -Wextra -Wno-sign-compare -Wpointer-arith -Wformat -Wformat-security -Wswitch-enum -Wunused-parameter -Wbad-function-cast -Wcast-align -Wstrict-prototypes -Wold-style-definition -Wmissing-prototypes -Wmissing-field-initializers -fno-strict-aliasing -Wswitch-bool -Wlogical-not-parentheses -Wsizeof-array-argument -Wbool-compare -Wshift-negative-value -Wduplicated-cond -Wshadow -Wmultistatement-macros -Wcast-align=strict    -g -O2 -MT lib/socket-util-unix.lo -MD -MP -MF $depbase.Tpo -c -o lib/socket-util-unix.lo lib/socket-util-unix.c &&\
mv -f $depbase.Tpo $depbase.Plo
libtool: compile:  gcc -DHAVE_CONFIG_H -I. -I ./include -I ./include -I ./lib -I ./lib -Wstrict-prototypes -Wall -Wextra -Wno-sign-compare -Wpointer-arith -Wformat -Wformat-security -Wswitch-enum -Wunused-parameter -Wbad-function-cast -Wcast-align -Wstrict-prototypes -Wold-style-definition -Wmissing-prototypes -Wmissing-field-initializers -fno-strict-aliasing -Wswitch-bool -Wlogical-not-parentheses -Wsizeof-array-argument -Wbool-compare -Wshift-negative-value -Wduplicated-cond -Wshadow -Wmultistatement-macros -Wcast-align=strict -g -O2 -MT lib/socket-util-unix.lo -MD -MP -MF lib/.deps/socket-util-unix.Tpo -c lib/socket-util-unix.c -o lib/socket-util-unix.o
depbase=`echo lib/stream-unix.lo | sed 's|[^/]*$|.deps/&|;s|\.lo$||'`;\
/bin/bash ./libtool  --tag=CC   --mode=compile gcc -DHAVE_CONFIG_H -I.    -I ./include -I ./include -I ./lib -I ./lib    -Wstrict-prototypes -Wall -Wextra -Wno-sign-compare -Wpointer-arith -Wformat -Wformat-security -Wswitch-enum -Wunused-parameter -Wbad-function-cast -Wcast-align -Wstrict-prototypes -Wold-style-definition -Wmissing-prototypes -Wmissing-field-initializers -fno-strict-aliasing -Wswitch-bool -Wlogical-not-parentheses -Wsizeof-array-argument -Wbool-compare -Wshift-negative-value -Wduplicated-cond -Wshadow -Wmultistatement-macros -Wcast-align=strict    -g -O2 -MT lib/stream-unix.lo -MD -MP -MF $depbase.Tpo -c -o lib/stream-unix.lo lib/stream-unix.c &&\
mv -f $depbase.Tpo $depbase.Plo
depbase=`echo lib/dpif-netlink.lo | sed 's|[^/]*$|.deps/&|;s|\.lo$||'`;\
/bin/bash ./libtool  --tag=CC   --mode=compile gcc -DHAVE_CONFIG_H -I.    -I ./include -I ./include -I ./lib -I ./lib    -Wstrict-prototypes -Wall -Wextra -Wno-sign-compare -Wpointer-arith -Wformat -Wformat-security -Wswitch-enum -Wunused-parameter -Wbad-function-cast -Wcast-align -Wstrict-prototypes -Wold-style-definition -Wmissing-prototypes -Wmissing-field-initializers -fno-strict-aliasing -Wswitch-bool -Wlogical-not-parentheses -Wsizeof-array-argument -Wbool-compare -Wshift-negative-value -Wduplicated-cond -Wshadow -Wmultistatement-macros -Wcast-align=strict    -g -O2 -MT lib/dpif-netlink.lo -MD -MP -MF $depbase.Tpo -c -o lib/dpif-netlink.lo lib/dpif-netlink.c &&\
mv -f $depbase.Tpo $depbase.Plo
depbase=`echo lib/dpif-netlink-rtnl.lo | sed 's|[^/]*$|.deps/&|;s|\.lo$||'`;\
/bin/bash ./libtool  --tag=CC   --mode=compile gcc -DHAVE_CONFIG_H -I.    -I ./include -I ./include -I ./lib -I ./lib    -Wstrict-prototypes -Wall -Wextra -Wno-sign-compare -Wpointer-arith -Wformat -Wformat-security -Wswitch-enum -Wunused-parameter -Wbad-function-cast -Wcast-align -Wstrict-prototypes -Wold-style-definition -Wmissing-prototypes -Wmissing-field-initializers -fno-strict-aliasing -Wswitch-bool -Wlogical-not-parentheses -Wsizeof-array-argument -Wbool-compare -Wshift-negative-value -Wduplicated-cond -Wshadow -Wmultistatement-macros -Wcast-align=strict    -g -O2 -MT lib/dpif-netlink-rtnl.lo -MD -MP -MF $depbase.Tpo -c -o lib/dpif-netlink-rtnl.lo lib/dpif-netlink-rtnl.c &&\
mv -f $depbase.Tpo $depbase.Plo
libtool: compile:  gcc -DHAVE_CONFIG_H -I. -I ./include -I ./include -I ./lib -I ./lib -Wstrict-prototypes -Wall -Wextra -Wno-sign-compare -Wpointer-arith -Wformat -Wformat-security -Wswitch-enum -Wunused-parameter -Wbad-function-cast -Wcast-align -Wstrict-prototypes -Wold-style-definition -Wmissing-prototypes -Wmissing-field-initializers -fno-strict-aliasing -Wswitch-bool -Wlogical-not-parentheses -Wsizeof-array-argument -Wbool-compare -Wshift-negative-value -Wduplicated-cond -Wshadow -Wmultistatement-macros -Wcast-align=strict -g -O2 -MT lib/stream-unix.lo -MD -MP -MF lib/.deps/stream-unix.Tpo -c lib/stream-unix.c -o lib/stream-unix.o
libtool: compile:  gcc -DHAVE_CONFIG_H -I. -I ./include -I ./include -I ./lib -I ./lib -Wstrict-prototypes -Wall -Wextra -Wno-sign-compare -Wpointer-arith -Wformat -Wformat-security -Wswitch-enum -Wunused-parameter -Wbad-function-cast -Wcast-align -Wstrict-prototypes -Wold-style-definition -Wmissing-prototypes -Wmissing-field-initializers -fno-strict-aliasing -Wswitch-bool -Wlogical-not-parentheses -Wsizeof-array-argument -Wbool-compare -Wshift-negative-value -Wduplicated-cond -Wshadow -Wmultistatement-macros -Wcast-align=strict -g -O2 -MT lib/dpif-netlink.lo -MD -MP -MF lib/.deps/dpif-netlink.Tpo -c lib/dpif-netlink.c -o lib/dpif-netlink.o
libtool: compile:  gcc -DHAVE_CONFIG_H -I. -I ./include -I ./include -I ./lib -I ./lib -Wstrict-prototypes -Wall -Wextra -Wno-sign-compare -Wpointer-arith -Wformat -Wformat-security -Wswitch-enum -Wunused-parameter -Wbad-function-cast -Wcast-align -Wstrict-prototypes -Wold-style-definition -Wmissing-prototypes -Wmissing-field-initializers -fno-strict-aliasing -Wswitch-bool -Wlogical-not-parentheses -Wsizeof-array-argument -Wbool-compare -Wshift-negative-value -Wduplicated-cond -Wshadow -Wmultistatement-macros -Wcast-align=strict -g -O2 -MT lib/dpif-netlink-rtnl.lo -MD -MP -MF lib/.deps/dpif-netlink-rtnl.Tpo -c lib/dpif-netlink-rtnl.c -o lib/dpif-netlink-rtnl.o
depbase=`echo lib/if-notifier.lo | sed 's|[^/]*$|.deps/&|;s|\.lo$||'`;\
/bin/bash ./libtool  --tag=CC   --mode=compile gcc -DHAVE_CONFIG_H -I.    -I ./include -I ./include -I ./lib -I ./lib    -Wstrict-prototypes -Wall -Wextra -Wno-sign-compare -Wpointer-arith -Wformat -Wformat-security -Wswitch-enum -Wunused-parameter -Wbad-function-cast -Wcast-align -Wstrict-prototypes -Wold-style-definition -Wmissing-prototypes -Wmissing-field-initializers -fno-strict-aliasing -Wswitch-bool -Wlogical-not-parentheses -Wsizeof-array-argument -Wbool-compare -Wshift-negative-value -Wduplicated-cond -Wshadow -Wmultistatement-macros -Wcast-align=strict    -g -O2 -MT lib/if-notifier.lo -MD -MP -MF $depbase.Tpo -c -o lib/if-notifier.lo lib/if-notifier.c &&\
mv -f $depbase.Tpo $depbase.Plo
libtool: compile:  gcc -DHAVE_CONFIG_H -I. -I ./include -I ./include -I ./lib -I ./lib -Wstrict-prototypes -Wall -Wextra -Wno-sign-compare -Wpointer-arith -Wformat -Wformat-security -Wswitch-enum -Wunused-parameter -Wbad-function-cast -Wcast-align -Wstrict-prototypes -Wold-style-definition -Wmissing-prototypes -Wmissing-field-initializers -fno-strict-aliasing -Wswitch-bool -Wlogical-not-parentheses -Wsizeof-array-argument -Wbool-compare -Wshift-negative-value -Wduplicated-cond -Wshadow -Wmultistatement-macros -Wcast-align=strict -g -O2 -MT lib/if-notifier.lo -MD -MP -MF lib/.deps/if-notifier.Tpo -c lib/if-notifier.c -o lib/if-notifier.o
depbase=`echo lib/netdev-linux.lo | sed 's|[^/]*$|.deps/&|;s|\.lo$||'`;\
/bin/bash ./libtool  --tag=CC   --mode=compile gcc -DHAVE_CONFIG_H -I.    -I ./include -I ./include -I ./lib -I ./lib    -Wstrict-prototypes -Wall -Wextra -Wno-sign-compare -Wpointer-arith -Wformat -Wformat-security -Wswitch-enum -Wunused-parameter -Wbad-function-cast -Wcast-align -Wstrict-prototypes -Wold-style-definition -Wmissing-prototypes -Wmissing-field-initializers -fno-strict-aliasing -Wswitch-bool -Wlogical-not-parentheses -Wsizeof-array-argument -Wbool-compare -Wshift-negative-value -Wduplicated-cond -Wshadow -Wmultistatement-macros -Wcast-align=strict    -g -O2 -MT lib/netdev-linux.lo -MD -MP -MF $depbase.Tpo -c -o lib/netdev-linux.lo lib/netdev-linux.c &&\
mv -f $depbase.Tpo $depbase.Plo
libtool: compile:  gcc -DHAVE_CONFIG_H -I. -I ./include -I ./include -I ./lib -I ./lib -Wstrict-prototypes -Wall -Wextra -Wno-sign-compare -Wpointer-arith -Wformat -Wformat-security -Wswitch-enum -Wunused-parameter -Wbad-function-cast -Wcast-align -Wstrict-prototypes -Wold-style-definition -Wmissing-prototypes -Wmissing-field-initializers -fno-strict-aliasing -Wswitch-bool -Wlogical-not-parentheses -Wsizeof-array-argument -Wbool-compare -Wshift-negative-value -Wduplicated-cond -Wshadow -Wmultistatement-macros -Wcast-align=strict -g -O2 -MT lib/netdev-linux.lo -MD -MP -MF lib/.deps/netdev-linux.Tpo -c lib/netdev-linux.c -o lib/netdev-linux.o
depbase=`echo lib/netdev-offload-tc.lo | sed 's|[^/]*$|.deps/&|;s|\.lo$||'`;\
/bin/bash ./libtool  --tag=CC   --mode=compile gcc -DHAVE_CONFIG_H -I.    -I ./include -I ./include -I ./lib -I ./lib    -Wstrict-prototypes -Wall -Wextra -Wno-sign-compare -Wpointer-arith -Wformat -Wformat-security -Wswitch-enum -Wunused-parameter -Wbad-function-cast -Wcast-align -Wstrict-prototypes -Wold-style-definition -Wmissing-prototypes -Wmissing-field-initializers -fno-strict-aliasing -Wswitch-bool -Wlogical-not-parentheses -Wsizeof-array-argument -Wbool-compare -Wshift-negative-value -Wduplicated-cond -Wshadow -Wmultistatement-macros -Wcast-align=strict    -g -O2 -MT lib/netdev-offload-tc.lo -MD -MP -MF $depbase.Tpo -c -o lib/netdev-offload-tc.lo lib/netdev-offload-tc.c &&\
mv -f $depbase.Tpo $depbase.Plo
libtool: compile:  gcc -DHAVE_CONFIG_H -I. -I ./include -I ./include -I ./lib -I ./lib -Wstrict-prototypes -Wall -Wextra -Wno-sign-compare -Wpointer-arith -Wformat -Wformat-security -Wswitch-enum -Wunused-parameter -Wbad-function-cast -Wcast-align -Wstrict-prototypes -Wold-style-definition -Wmissing-prototypes -Wmissing-field-initializers -fno-strict-aliasing -Wswitch-bool -Wlogical-not-parentheses -Wsizeof-array-argument -Wbool-compare -Wshift-negative-value -Wduplicated-cond -Wshadow -Wmultistatement-macros -Wcast-align=strict -g -O2 -MT lib/netdev-offload-tc.lo -MD -MP -MF lib/.deps/netdev-offload-tc.Tpo -c lib/netdev-offload-tc.c -o lib/netdev-offload-tc.o
depbase=`echo lib/netlink-conntrack.lo | sed 's|[^/]*$|.deps/&|;s|\.lo$||'`;\
/bin/bash ./libtool  --tag=CC   --mode=compile gcc -DHAVE_CONFIG_H -I.    -I ./include -I ./include -I ./lib -I ./lib    -Wstrict-prototypes -Wall -Wextra -Wno-sign-compare -Wpointer-arith -Wformat -Wformat-security -Wswitch-enum -Wunused-parameter -Wbad-function-cast -Wcast-align -Wstrict-prototypes -Wold-style-definition -Wmissing-prototypes -Wmissing-field-initializers -fno-strict-aliasing -Wswitch-bool -Wlogical-not-parentheses -Wsizeof-array-argument -Wbool-compare -Wshift-negative-value -Wduplicated-cond -Wshadow -Wmultistatement-macros -Wcast-align=strict    -g -O2 -MT lib/netlink-conntrack.lo -MD -MP -MF $depbase.Tpo -c -o lib/netlink-conntrack.lo lib/netlink-conntrack.c &&\
mv -f $depbase.Tpo $depbase.Plo
libtool: compile:  gcc -DHAVE_CONFIG_H -I. -I ./include -I ./include -I ./lib -I ./lib -Wstrict-prototypes -Wall -Wextra -Wno-sign-compare -Wpointer-arith -Wformat -Wformat-security -Wswitch-enum -Wunused-parameter -Wbad-function-cast -Wcast-align -Wstrict-prototypes -Wold-style-definition -Wmissing-prototypes -Wmissing-field-initializers -fno-strict-aliasing -Wswitch-bool -Wlogical-not-parentheses -Wsizeof-array-argument -Wbool-compare -Wshift-negative-value -Wduplicated-cond -Wshadow -Wmultistatement-macros -Wcast-align=strict -g -O2 -MT lib/netlink-conntrack.lo -MD -MP -MF lib/.deps/netlink-conntrack.Tpo -c lib/netlink-conntrack.c -o lib/netlink-conntrack.o
depbase=`echo lib/netlink-notifier.lo | sed 's|[^/]*$|.deps/&|;s|\.lo$||'`;\
/bin/bash ./libtool  --tag=CC   --mode=compile gcc -DHAVE_CONFIG_H -I.    -I ./include -I ./include -I ./lib -I ./lib    -Wstrict-prototypes -Wall -Wextra -Wno-sign-compare -Wpointer-arith -Wformat -Wformat-security -Wswitch-enum -Wunused-parameter -Wbad-function-cast -Wcast-align -Wstrict-prototypes -Wold-style-definition -Wmissing-prototypes -Wmissing-field-initializers -fno-strict-aliasing -Wswitch-bool -Wlogical-not-parentheses -Wsizeof-array-argument -Wbool-compare -Wshift-negative-value -Wduplicated-cond -Wshadow -Wmultistatement-macros -Wcast-align=strict    -g -O2 -MT lib/netlink-notifier.lo -MD -MP -MF $depbase.Tpo -c -o lib/netlink-notifier.lo lib/netlink-notifier.c &&\
mv -f $depbase.Tpo $depbase.Plo
libtool: compile:  gcc -DHAVE_CONFIG_H -I. -I ./include -I ./include -I ./lib -I ./lib -Wstrict-prototypes -Wall -Wextra -Wno-sign-compare -Wpointer-arith -Wformat -Wformat-security -Wswitch-enum -Wunused-parameter -Wbad-function-cast -Wcast-align -Wstrict-prototypes -Wold-style-definition -Wmissing-prototypes -Wmissing-field-initializers -fno-strict-aliasing -Wswitch-bool -Wlogical-not-parentheses -Wsizeof-array-argument -Wbool-compare -Wshift-negative-value -Wduplicated-cond -Wshadow -Wmultistatement-macros -Wcast-align=strict -g -O2 -MT lib/netlink-notifier.lo -MD -MP -MF lib/.deps/netlink-notifier.Tpo -c lib/netlink-notifier.c -o lib/netlink-notifier.o
depbase=`echo lib/netlink-socket.lo | sed 's|[^/]*$|.deps/&|;s|\.lo$||'`;\
/bin/bash ./libtool  --tag=CC   --mode=compile gcc -DHAVE_CONFIG_H -I.    -I ./include -I ./include -I ./lib -I ./lib    -Wstrict-prototypes -Wall -Wextra -Wno-sign-compare -Wpointer-arith -Wformat -Wformat-security -Wswitch-enum -Wunused-parameter -Wbad-function-cast -Wcast-align -Wstrict-prototypes -Wold-style-definition -Wmissing-prototypes -Wmissing-field-initializers -fno-strict-aliasing -Wswitch-bool -Wlogical-not-parentheses -Wsizeof-array-argument -Wbool-compare -Wshift-negative-value -Wduplicated-cond -Wshadow -Wmultistatement-macros -Wcast-align=strict    -g -O2 -MT lib/netlink-socket.lo -MD -MP -MF $depbase.Tpo -c -o lib/netlink-socket.lo lib/netlink-socket.c &&\
mv -f $depbase.Tpo $depbase.Plo
libtool: compile:  gcc -DHAVE_CONFIG_H -I. -I ./include -I ./include -I ./lib -I ./lib -Wstrict-prototypes -Wall -Wextra -Wno-sign-compare -Wpointer-arith -Wformat -Wformat-security -Wswitch-enum -Wunused-parameter -Wbad-function-cast -Wcast-align -Wstrict-prototypes -Wold-style-definition -Wmissing-prototypes -Wmissing-field-initializers -fno-strict-aliasing -Wswitch-bool -Wlogical-not-parentheses -Wsizeof-array-argument -Wbool-compare -Wshift-negative-value -Wduplicated-cond -Wshadow -Wmultistatement-macros -Wcast-align=strict -g -O2 -MT lib/netlink-socket.lo -MD -MP -MF lib/.deps/netlink-socket.Tpo -c lib/netlink-socket.c -o lib/netlink-socket.o
depbase=`echo lib/rtnetlink.lo | sed 's|[^/]*$|.deps/&|;s|\.lo$||'`;\
/bin/bash ./libtool  --tag=CC   --mode=compile gcc -DHAVE_CONFIG_H -I.    -I ./include -I ./include -I ./lib -I ./lib    -Wstrict-prototypes -Wall -Wextra -Wno-sign-compare -Wpointer-arith -Wformat -Wformat-security -Wswitch-enum -Wunused-parameter -Wbad-function-cast -Wcast-align -Wstrict-prototypes -Wold-style-definition -Wmissing-prototypes -Wmissing-field-initializers -fno-strict-aliasing -Wswitch-bool -Wlogical-not-parentheses -Wsizeof-array-argument -Wbool-compare -Wshift-negative-value -Wduplicated-cond -Wshadow -Wmultistatement-macros -Wcast-align=strict    -g -O2 -MT lib/rtnetlink.lo -MD -MP -MF $depbase.Tpo -c -o lib/rtnetlink.lo lib/rtnetlink.c &&\
mv -f $depbase.Tpo $depbase.Plo
libtool: compile:  gcc -DHAVE_CONFIG_H -I. -I ./include -I ./include -I ./lib -I ./lib -Wstrict-prototypes -Wall -Wextra -Wno-sign-compare -Wpointer-arith -Wformat -Wformat-security -Wswitch-enum -Wunused-parameter -Wbad-function-cast -Wcast-align -Wstrict-prototypes -Wold-style-definition -Wmissing-prototypes -Wmissing-field-initializers -fno-strict-aliasing -Wswitch-bool -Wlogical-not-parentheses -Wsizeof-array-argument -Wbool-compare -Wshift-negative-value -Wduplicated-cond -Wshadow -Wmultistatement-macros -Wcast-align=strict -g -O2 -MT lib/rtnetlink.lo -MD -MP -MF lib/.deps/rtnetlink.Tpo -c lib/rtnetlink.c -o lib/rtnetlink.o
depbase=`echo lib/route-table.lo | sed 's|[^/]*$|.deps/&|;s|\.lo$||'`;\
/bin/bash ./libtool  --tag=CC   --mode=compile gcc -DHAVE_CONFIG_H -I.    -I ./include -I ./include -I ./lib -I ./lib    -Wstrict-prototypes -Wall -Wextra -Wno-sign-compare -Wpointer-arith -Wformat -Wformat-security -Wswitch-enum -Wunused-parameter -Wbad-function-cast -Wcast-align -Wstrict-prototypes -Wold-style-definition -Wmissing-prototypes -Wmissing-field-initializers -fno-strict-aliasing -Wswitch-bool -Wlogical-not-parentheses -Wsizeof-array-argument -Wbool-compare -Wshift-negative-value -Wduplicated-cond -Wshadow -Wmultistatement-macros -Wcast-align=strict    -g -O2 -MT lib/route-table.lo -MD -MP -MF $depbase.Tpo -c -o lib/route-table.lo lib/route-table.c &&\
mv -f $depbase.Tpo $depbase.Plo
libtool: compile:  gcc -DHAVE_CONFIG_H -I. -I ./include -I ./include -I ./lib -I ./lib -Wstrict-prototypes -Wall -Wextra -Wno-sign-compare -Wpointer-arith -Wformat -Wformat-security -Wswitch-enum -Wunused-parameter -Wbad-function-cast -Wcast-align -Wstrict-prototypes -Wold-style-definition -Wmissing-prototypes -Wmissing-field-initializers -fno-strict-aliasing -Wswitch-bool -Wlogical-not-parentheses -Wsizeof-array-argument -Wbool-compare -Wshift-negative-value -Wduplicated-cond -Wshadow -Wmultistatement-macros -Wcast-align=strict -g -O2 -MT lib/route-table.lo -MD -MP -MF lib/.deps/route-table.Tpo -c lib/route-table.c -o lib/route-table.o
depbase=`echo lib/tc.lo | sed 's|[^/]*$|.deps/&|;s|\.lo$||'`;\
/bin/bash ./libtool  --tag=CC   --mode=compile gcc -DHAVE_CONFIG_H -I.    -I ./include -I ./include -I ./lib -I ./lib    -Wstrict-prototypes -Wall -Wextra -Wno-sign-compare -Wpointer-arith -Wformat -Wformat-security -Wswitch-enum -Wunused-parameter -Wbad-function-cast -Wcast-align -Wstrict-prototypes -Wold-style-definition -Wmissing-prototypes -Wmissing-field-initializers -fno-strict-aliasing -Wswitch-bool -Wlogical-not-parentheses -Wsizeof-array-argument -Wbool-compare -Wshift-negative-value -Wduplicated-cond -Wshadow -Wmultistatement-macros -Wcast-align=strict    -g -O2 -MT lib/tc.lo -MD -MP -MF $depbase.Tpo -c -o lib/tc.lo lib/tc.c &&\
mv -f $depbase.Tpo $depbase.Plo
depbase=`echo lib/dpdk-stub.lo | sed 's|[^/]*$|.deps/&|;s|\.lo$||'`;\
/bin/bash ./libtool  --tag=CC   --mode=compile gcc -DHAVE_CONFIG_H -I.    -I ./include -I ./include -I ./lib -I ./lib    -Wstrict-prototypes -Wall -Wextra -Wno-sign-compare -Wpointer-arith -Wformat -Wformat-security -Wswitch-enum -Wunused-parameter -Wbad-function-cast -Wcast-align -Wstrict-prototypes -Wold-style-definition -Wmissing-prototypes -Wmissing-field-initializers -fno-strict-aliasing -Wswitch-bool -Wlogical-not-parentheses -Wsizeof-array-argument -Wbool-compare -Wshift-negative-value -Wduplicated-cond -Wshadow -Wmultistatement-macros -Wcast-align=strict    -g -O2 -MT lib/dpdk-stub.lo -MD -MP -MF $depbase.Tpo -c -o lib/dpdk-stub.lo lib/dpdk-stub.c &&\
mv -f $depbase.Tpo $depbase.Plo
depbase=`echo lib/async-append-aio.lo | sed 's|[^/]*$|.deps/&|;s|\.lo$||'`;\
/bin/bash ./libtool  --tag=CC   --mode=compile gcc -DHAVE_CONFIG_H -I.    -I ./include -I ./include -I ./lib -I ./lib    -Wstrict-prototypes -Wall -Wextra -Wno-sign-compare -Wpointer-arith -Wformat -Wformat-security -Wswitch-enum -Wunused-parameter -Wbad-function-cast -Wcast-align -Wstrict-prototypes -Wold-style-definition -Wmissing-prototypes -Wmissing-field-initializers -fno-strict-aliasing -Wswitch-bool -Wlogical-not-parentheses -Wsizeof-array-argument -Wbool-compare -Wshift-negative-value -Wduplicated-cond -Wshadow -Wmultistatement-macros -Wcast-align=strict    -g -O2 -MT lib/async-append-aio.lo -MD -MP -MF $depbase.Tpo -c -o lib/async-append-aio.lo lib/async-append-aio.c &&\
mv -f $depbase.Tpo $depbase.Plo
libtool: compile:  gcc -DHAVE_CONFIG_H -I. -I ./include -I ./include -I ./lib -I ./lib -Wstrict-prototypes -Wall -Wextra -Wno-sign-compare -Wpointer-arith -Wformat -Wformat-security -Wswitch-enum -Wunused-parameter -Wbad-function-cast -Wcast-align -Wstrict-prototypes -Wold-style-definition -Wmissing-prototypes -Wmissing-field-initializers -fno-strict-aliasing -Wswitch-bool -Wlogical-not-parentheses -Wsizeof-array-argument -Wbool-compare -Wshift-negative-value -Wduplicated-cond -Wshadow -Wmultistatement-macros -Wcast-align=strict -g -O2 -MT lib/tc.lo -MD -MP -MF lib/.deps/tc.Tpo -c lib/tc.c -o lib/tc.o
libtool: compile:  gcc -DHAVE_CONFIG_H -I. -I ./include -I ./include -I ./lib -I ./lib -Wstrict-prototypes -Wall -Wextra -Wno-sign-compare -Wpointer-arith -Wformat -Wformat-security -Wswitch-enum -Wunused-parameter -Wbad-function-cast -Wcast-align -Wstrict-prototypes -Wold-style-definition -Wmissing-prototypes -Wmissing-field-initializers -fno-strict-aliasing -Wswitch-bool -Wlogical-not-parentheses -Wsizeof-array-argument -Wbool-compare -Wshift-negative-value -Wduplicated-cond -Wshadow -Wmultistatement-macros -Wcast-align=strict -g -O2 -MT lib/dpdk-stub.lo -MD -MP -MF lib/.deps/dpdk-stub.Tpo -c lib/dpdk-stub.c -o lib/dpdk-stub.o
libtool: compile:  gcc -DHAVE_CONFIG_H -I. -I ./include -I ./include -I ./lib -I ./lib -Wstrict-prototypes -Wall -Wextra -Wno-sign-compare -Wpointer-arith -Wformat -Wformat-security -Wswitch-enum -Wunused-parameter -Wbad-function-cast -Wcast-align -Wstrict-prototypes -Wold-style-definition -Wmissing-prototypes -Wmissing-field-initializers -fno-strict-aliasing -Wswitch-bool -Wlogical-not-parentheses -Wsizeof-array-argument -Wbool-compare -Wshift-negative-value -Wduplicated-cond -Wshadow -Wmultistatement-macros -Wcast-align=strict -g -O2 -MT lib/async-append-aio.lo -MD -MP -MF lib/.deps/async-append-aio.Tpo -c lib/async-append-aio.c -o lib/async-append-aio.o
depbase=`echo lib/stream-ssl.lo | sed 's|[^/]*$|.deps/&|;s|\.lo$||'`;\
/bin/bash ./libtool  --tag=CC   --mode=compile gcc -DHAVE_CONFIG_H -I.    -I ./include -I ./include -I ./lib -I ./lib    -Wstrict-prototypes -Wall -Wextra -Wno-sign-compare -Wpointer-arith -Wformat -Wformat-security -Wswitch-enum -Wunused-parameter -Wbad-function-cast -Wcast-align -Wstrict-prototypes -Wold-style-definition -Wmissing-prototypes -Wmissing-field-initializers -fno-strict-aliasing -Wswitch-bool -Wlogical-not-parentheses -Wsizeof-array-argument -Wbool-compare -Wshift-negative-value -Wduplicated-cond -Wshadow -Wmultistatement-macros -Wcast-align=strict    -g -O2 -MT lib/stream-ssl.lo -MD -MP -MF $depbase.Tpo -c -o lib/stream-ssl.lo lib/stream-ssl.c &&\
mv -f $depbase.Tpo $depbase.Plo
libtool: compile:  gcc -DHAVE_CONFIG_H -I. -I ./include -I ./include -I ./lib -I ./lib -Wstrict-prototypes -Wall -Wextra -Wno-sign-compare -Wpointer-arith -Wformat -Wformat-security -Wswitch-enum -Wunused-parameter -Wbad-function-cast -Wcast-align -Wstrict-prototypes -Wold-style-definition -Wmissing-prototypes -Wmissing-field-initializers -fno-strict-aliasing -Wswitch-bool -Wlogical-not-parentheses -Wsizeof-array-argument -Wbool-compare -Wshift-negative-value -Wduplicated-cond -Wshadow -Wmultistatement-macros -Wcast-align=strict -g -O2 -MT lib/stream-ssl.lo -MD -MP -MF lib/.deps/stream-ssl.Tpo -c lib/stream-ssl.c -o lib/stream-ssl.o
depbase=`echo lib/dhparams.lo | sed 's|[^/]*$|.deps/&|;s|\.lo$||'`;\
/bin/bash ./libtool  --tag=CC   --mode=compile gcc -DHAVE_CONFIG_H -I.    -I ./include -I ./include -I ./lib -I ./lib    -Wstrict-prototypes -Wall -Wextra -Wno-sign-compare -Wpointer-arith -Wformat -Wformat-security -Wswitch-enum -Wunused-parameter -Wbad-function-cast -Wcast-align -Wstrict-prototypes -Wold-style-definition -Wmissing-prototypes -Wmissing-field-initializers -fno-strict-aliasing -Wswitch-bool -Wlogical-not-parentheses -Wsizeof-array-argument -Wbool-compare -Wshift-negative-value -Wduplicated-cond -Wshadow -Wmultistatement-macros -Wcast-align=strict    -g -O2 -MT lib/dhparams.lo -MD -MP -MF $depbase.Tpo -c -o lib/dhparams.lo lib/dhparams.c &&\
mv -f $depbase.Tpo $depbase.Plo
depbase=`echo lib/dns-resolve-stub.lo | sed 's|[^/]*$|.deps/&|;s|\.lo$||'`;\
/bin/bash ./libtool  --tag=CC   --mode=compile gcc -DHAVE_CONFIG_H -I.    -I ./include -I ./include -I ./lib -I ./lib    -Wstrict-prototypes -Wall -Wextra -Wno-sign-compare -Wpointer-arith -Wformat -Wformat-security -Wswitch-enum -Wunused-parameter -Wbad-function-cast -Wcast-align -Wstrict-prototypes -Wold-style-definition -Wmissing-prototypes -Wmissing-field-initializers -fno-strict-aliasing -Wswitch-bool -Wlogical-not-parentheses -Wsizeof-array-argument -Wbool-compare -Wshift-negative-value -Wduplicated-cond -Wshadow -Wmultistatement-macros -Wcast-align=strict    -g -O2 -MT lib/dns-resolve-stub.lo -MD -MP -MF $depbase.Tpo -c -o lib/dns-resolve-stub.lo lib/dns-resolve-stub.c &&\
mv -f $depbase.Tpo $depbase.Plo
libtool: compile:  gcc -DHAVE_CONFIG_H -I. -I ./include -I ./include -I ./lib -I ./lib -Wstrict-prototypes -Wall -Wextra -Wno-sign-compare -Wpointer-arith -Wformat -Wformat-security -Wswitch-enum -Wunused-parameter -Wbad-function-cast -Wcast-align -Wstrict-prototypes -Wold-style-definition -Wmissing-prototypes -Wmissing-field-initializers -fno-strict-aliasing -Wswitch-bool -Wlogical-not-parentheses -Wsizeof-array-argument -Wbool-compare -Wshift-negative-value -Wduplicated-cond -Wshadow -Wmultistatement-macros -Wcast-align=strict -g -O2 -MT lib/dhparams.lo -MD -MP -MF lib/.deps/dhparams.Tpo -c lib/dhparams.c -o lib/dhparams.o
libtool: compile:  gcc -DHAVE_CONFIG_H -I. -I ./include -I ./include -I ./lib -I ./lib -Wstrict-prototypes -Wall -Wextra -Wno-sign-compare -Wpointer-arith -Wformat -Wformat-security -Wswitch-enum -Wunused-parameter -Wbad-function-cast -Wcast-align -Wstrict-prototypes -Wold-style-definition -Wmissing-prototypes -Wmissing-field-initializers -fno-strict-aliasing -Wswitch-bool -Wlogical-not-parentheses -Wsizeof-array-argument -Wbool-compare -Wshift-negative-value -Wduplicated-cond -Wshadow -Wmultistatement-macros -Wcast-align=strict -g -O2 -MT lib/dns-resolve-stub.lo -MD -MP -MF lib/.deps/dns-resolve-stub.Tpo -c lib/dns-resolve-stub.c -o lib/dns-resolve-stub.o
(echo '/* -*- mode: c; buffer-read-only: t -*- */' && sed < ./lib/dirs.c.in \
	-e 's,[@]srcdir[@],.,g' \
	-e 's,[@]LOGDIR[@],"/usr/local/var/log/openvswitch",g' \
	-e 's,[@]RUNDIR[@],"/usr/local/var/run/openvswitch",g' \
	-e 's,[@]DBDIR[@],"/usr/local/etc/openvswitch",g' \
	-e 's,[@]bindir[@],"/usr/local/bin",g' \
	-e 's,[@]sysconfdir[@],"/usr/local/etc",g' \
	-e 's,[@]pkgdatadir[@],"/usr/local/share/openvswitch",g') \
     > lib/dirs.c.tmp && \
mv -f lib/dirs.c.tmp lib/dirs.c
depbase=`echo lib/ovsdb-server-idl.lo | sed 's|[^/]*$|.deps/&|;s|\.lo$||'`;\
/bin/bash ./libtool  --tag=CC   --mode=compile gcc -DHAVE_CONFIG_H -I.    -I ./include -I ./include -I ./lib -I ./lib    -Wstrict-prototypes -Wall -Wextra -Wno-sign-compare -Wpointer-arith -Wformat -Wformat-security -Wswitch-enum -Wunused-parameter -Wbad-function-cast -Wcast-align -Wstrict-prototypes -Wold-style-definition -Wmissing-prototypes -Wmissing-field-initializers -fno-strict-aliasing -Wswitch-bool -Wlogical-not-parentheses -Wsizeof-array-argument -Wbool-compare -Wshift-negative-value -Wduplicated-cond -Wshadow -Wmultistatement-macros -Wcast-align=strict    -g -O2 -MT lib/ovsdb-server-idl.lo -MD -MP -MF $depbase.Tpo -c -o lib/ovsdb-server-idl.lo lib/ovsdb-server-idl.c &&\
mv -f $depbase.Tpo $depbase.Plo
libtool: compile:  gcc -DHAVE_CONFIG_H -I. -I ./include -I ./include -I ./lib -I ./lib -Wstrict-prototypes -Wall -Wextra -Wno-sign-compare -Wpointer-arith -Wformat -Wformat-security -Wswitch-enum -Wunused-parameter -Wbad-function-cast -Wcast-align -Wstrict-prototypes -Wold-style-definition -Wmissing-prototypes -Wmissing-field-initializers -fno-strict-aliasing -Wswitch-bool -Wlogical-not-parentheses -Wsizeof-array-argument -Wbool-compare -Wshift-negative-value -Wduplicated-cond -Wshadow -Wmultistatement-macros -Wcast-align=strict -g -O2 -MT lib/ovsdb-server-idl.lo -MD -MP -MF lib/.deps/ovsdb-server-idl.Tpo -c lib/ovsdb-server-idl.c -o lib/ovsdb-server-idl.o
depbase=`echo lib/vswitch-idl.lo | sed 's|[^/]*$|.deps/&|;s|\.lo$||'`;\
/bin/bash ./libtool  --tag=CC   --mode=compile gcc -DHAVE_CONFIG_H -I.    -I ./include -I ./include -I ./lib -I ./lib    -Wstrict-prototypes -Wall -Wextra -Wno-sign-compare -Wpointer-arith -Wformat -Wformat-security -Wswitch-enum -Wunused-parameter -Wbad-function-cast -Wcast-align -Wstrict-prototypes -Wold-style-definition -Wmissing-prototypes -Wmissing-field-initializers -fno-strict-aliasing -Wswitch-bool -Wlogical-not-parentheses -Wsizeof-array-argument -Wbool-compare -Wshift-negative-value -Wduplicated-cond -Wshadow -Wmultistatement-macros -Wcast-align=strict    -g -O2 -MT lib/vswitch-idl.lo -MD -MP -MF $depbase.Tpo -c -o lib/vswitch-idl.lo lib/vswitch-idl.c &&\
mv -f $depbase.Tpo $depbase.Plo
libtool: compile:  gcc -DHAVE_CONFIG_H -I. -I ./include -I ./include -I ./lib -I ./lib -Wstrict-prototypes -Wall -Wextra -Wno-sign-compare -Wpointer-arith -Wformat -Wformat-security -Wswitch-enum -Wunused-parameter -Wbad-function-cast -Wcast-align -Wstrict-prototypes -Wold-style-definition -Wmissing-prototypes -Wmissing-field-initializers -fno-strict-aliasing -Wswitch-bool -Wlogical-not-parentheses -Wsizeof-array-argument -Wbool-compare -Wshift-negative-value -Wduplicated-cond -Wshadow -Wmultistatement-macros -Wcast-align=strict -g -O2 -MT lib/vswitch-idl.lo -MD -MP -MF lib/.deps/vswitch-idl.Tpo -c lib/vswitch-idl.c -o lib/vswitch-idl.o
/bin/bash ./libtool  --tag=CC   --mode=compile gcc -DHAVE_CONFIG_H -I.    -I ./include -I ./include -I ./lib -I ./lib    -mavx512f -mbmi -mbmi2 -fPIC -Wstrict-prototypes -Wall -Wextra -Wno-sign-compare -Wpointer-arith -Wformat -Wformat-security -Wswitch-enum -Wunused-parameter -Wbad-function-cast -Wcast-align -Wstrict-prototypes -Wold-style-definition -Wmissing-prototypes -Wmissing-field-initializers -fno-strict-aliasing -Wswitch-bool -Wlogical-not-parentheses -Wsizeof-array-argument -Wbool-compare -Wshift-negative-value -Wduplicated-cond -Wshadow -Wmultistatement-macros -Wcast-align=strict    -mavx512bw -mavx512vl -g -O2 -MT lib/lib_libopenvswitchavx512_la-dpif-netdev-avx512.lo -MD -MP -MF lib/.deps/lib_libopenvswitchavx512_la-dpif-netdev-avx512.Tpo -c -o lib/lib_libopenvswitchavx512_la-dpif-netdev-avx512.lo `test -f 'lib/dpif-netdev-avx512.c' || echo './'`lib/dpif-netdev-avx512.c
/bin/bash ./libtool  --tag=CC   --mode=compile gcc -DHAVE_CONFIG_H -I.    -I ./include -I ./include -I ./lib -I ./lib    -mavx512f -mbmi -mbmi2 -fPIC -Wstrict-prototypes -Wall -Wextra -Wno-sign-compare -Wpointer-arith -Wformat -Wformat-security -Wswitch-enum -Wunused-parameter -Wbad-function-cast -Wcast-align -Wstrict-prototypes -Wold-style-definition -Wmissing-prototypes -Wmissing-field-initializers -fno-strict-aliasing -Wswitch-bool -Wlogical-not-parentheses -Wsizeof-array-argument -Wbool-compare -Wshift-negative-value -Wduplicated-cond -Wshadow -Wmultistatement-macros -Wcast-align=strict    -mavx512bw -mavx512vl -g -O2 -MT lib/lib_libopenvswitchavx512_la-dpif-netdev-extract-avx512.lo -MD -MP -MF lib/.deps/lib_libopenvswitchavx512_la-dpif-netdev-extract-avx512.Tpo -c -o lib/lib_libopenvswitchavx512_la-dpif-netdev-extract-avx512.lo `test -f 'lib/dpif-netdev-extract-avx512.c' || echo './'`lib/dpif-netdev-extract-avx512.c
libtool: compile:  gcc -DHAVE_CONFIG_H -I. -I ./include -I ./include -I ./lib -I ./lib -mavx512f -mbmi -mbmi2 -fPIC -Wstrict-prototypes -Wall -Wextra -Wno-sign-compare -Wpointer-arith -Wformat -Wformat-security -Wswitch-enum -Wunused-parameter -Wbad-function-cast -Wcast-align -Wstrict-prototypes -Wold-style-definition -Wmissing-prototypes -Wmissing-field-initializers -fno-strict-aliasing -Wswitch-bool -Wlogical-not-parentheses -Wsizeof-array-argument -Wbool-compare -Wshift-negative-value -Wduplicated-cond -Wshadow -Wmultistatement-macros -Wcast-align=strict -mavx512bw -mavx512vl -g -O2 -MT lib/lib_libopenvswitchavx512_la-dpif-netdev-avx512.lo -MD -MP -MF lib/.deps/lib_libopenvswitchavx512_la-dpif-netdev-avx512.Tpo -c lib/dpif-netdev-avx512.c -o lib/lib_libopenvswitchavx512_la-dpif-netdev-avx512.o
libtool: compile:  gcc -DHAVE_CONFIG_H -I. -I ./include -I ./include -I ./lib -I ./lib -mavx512f -mbmi -mbmi2 -fPIC -Wstrict-prototypes -Wall -Wextra -Wno-sign-compare -Wpointer-arith -Wformat -Wformat-security -Wswitch-enum -Wunused-parameter -Wbad-function-cast -Wcast-align -Wstrict-prototypes -Wold-style-definition -Wmissing-prototypes -Wmissing-field-initializers -fno-strict-aliasing -Wswitch-bool -Wlogical-not-parentheses -Wsizeof-array-argument -Wbool-compare -Wshift-negative-value -Wduplicated-cond -Wshadow -Wmultistatement-macros -Wcast-align=strict -mavx512bw -mavx512vl -g -O2 -MT lib/lib_libopenvswitchavx512_la-dpif-netdev-extract-avx512.lo -MD -MP -MF lib/.deps/lib_libopenvswitchavx512_la-dpif-netdev-extract-avx512.Tpo -c lib/dpif-netdev-extract-avx512.c -o lib/lib_libopenvswitchavx512_la-dpif-netdev-extract-avx512.o
/bin/bash ./libtool  --tag=CC   --mode=compile gcc -DHAVE_CONFIG_H -I.    -I ./include -I ./include -I ./lib -I ./lib    -mavx512f -mbmi -mbmi2 -fPIC -Wstrict-prototypes -Wall -Wextra -Wno-sign-compare -Wpointer-arith -Wformat -Wformat-security -Wswitch-enum -Wunused-parameter -Wbad-function-cast -Wcast-align -Wstrict-prototypes -Wold-style-definition -Wmissing-prototypes -Wmissing-field-initializers -fno-strict-aliasing -Wswitch-bool -Wlogical-not-parentheses -Wsizeof-array-argument -Wbool-compare -Wshift-negative-value -Wduplicated-cond -Wshadow -Wmultistatement-macros -Wcast-align=strict    -mavx512bw -mavx512vl -g -O2 -MT lib/lib_libopenvswitchavx512_la-dpif-netdev-lookup-avx512-gather.lo -MD -MP -MF lib/.deps/lib_libopenvswitchavx512_la-dpif-netdev-lookup-avx512-gather.Tpo -c -o lib/lib_libopenvswitchavx512_la-dpif-netdev-lookup-avx512-gather.lo `test -f 'lib/dpif-netdev-lookup-avx512-gather.c' || echo './'`lib/dpif-netdev-lookup-avx512-gather.c
libtool: compile:  gcc -DHAVE_CONFIG_H -I. -I ./include -I ./include -I ./lib -I ./lib -mavx512f -mbmi -mbmi2 -fPIC -Wstrict-prototypes -Wall -Wextra -Wno-sign-compare -Wpointer-arith -Wformat -Wformat-security -Wswitch-enum -Wunused-parameter -Wbad-function-cast -Wcast-align -Wstrict-prototypes -Wold-style-definition -Wmissing-prototypes -Wmissing-field-initializers -fno-strict-aliasing -Wswitch-bool -Wlogical-not-parentheses -Wsizeof-array-argument -Wbool-compare -Wshift-negative-value -Wduplicated-cond -Wshadow -Wmultistatement-macros -Wcast-align=strict -mavx512bw -mavx512vl -g -O2 -MT lib/lib_libopenvswitchavx512_la-dpif-netdev-lookup-avx512-gather.lo -MD -MP -MF lib/.deps/lib_libopenvswitchavx512_la-dpif-netdev-lookup-avx512-gather.Tpo -c lib/dpif-netdev-lookup-avx512-gather.c -o lib/lib_libopenvswitchavx512_la-dpif-netdev-lookup-avx512-gather.o
mv -f lib/.deps/lib_libopenvswitchavx512_la-dpif-netdev-avx512.Tpo lib/.deps/lib_libopenvswitchavx512_la-dpif-netdev-avx512.Plo
/bin/bash ./libtool  --tag=CC   --mode=compile gcc -DHAVE_CONFIG_H -I.    -I ./include -I ./include -I ./lib -I ./lib    -mavx512f -mbmi -mbmi2 -fPIC -Wstrict-prototypes -Wall -Wextra -Wno-sign-compare -Wpointer-arith -Wformat -Wformat-security -Wswitch-enum -Wunused-parameter -Wbad-function-cast -Wcast-align -Wstrict-prototypes -Wold-style-definition -Wmissing-prototypes -Wmissing-field-initializers -fno-strict-aliasing -Wswitch-bool -Wlogical-not-parentheses -Wsizeof-array-argument -Wbool-compare -Wshift-negative-value -Wduplicated-cond -Wshadow -Wmultistatement-macros -Wcast-align=strict    -mavx512bw -mavx512vl -g -O2 -MT lib/lib_libopenvswitchavx512_la-odp-execute-avx512.lo -MD -MP -MF lib/.deps/lib_libopenvswitchavx512_la-odp-execute-avx512.Tpo -c -o lib/lib_libopenvswitchavx512_la-odp-execute-avx512.lo `test -f 'lib/odp-execute-avx512.c' || echo './'`lib/odp-execute-avx512.c
libtool: compile:  gcc -DHAVE_CONFIG_H -I. -I ./include -I ./include -I ./lib -I ./lib -mavx512f -mbmi -mbmi2 -fPIC -Wstrict-prototypes -Wall -Wextra -Wno-sign-compare -Wpointer-arith -Wformat -Wformat-security -Wswitch-enum -Wunused-parameter -Wbad-function-cast -Wcast-align -Wstrict-prototypes -Wold-style-definition -Wmissing-prototypes -Wmissing-field-initializers -fno-strict-aliasing -Wswitch-bool -Wlogical-not-parentheses -Wsizeof-array-argument -Wbool-compare -Wshift-negative-value -Wduplicated-cond -Wshadow -Wmultistatement-macros -Wcast-align=strict -mavx512bw -mavx512vl -g -O2 -MT lib/lib_libopenvswitchavx512_la-odp-execute-avx512.lo -MD -MP -MF lib/.deps/lib_libopenvswitchavx512_la-odp-execute-avx512.Tpo -c lib/odp-execute-avx512.c -o lib/lib_libopenvswitchavx512_la-odp-execute-avx512.o
mv -f lib/.deps/lib_libopenvswitchavx512_la-dpif-netdev-extract-avx512.Tpo lib/.deps/lib_libopenvswitchavx512_la-dpif-netdev-extract-avx512.Plo
/bin/bash ./libtool  --tag=CC   --mode=compile gcc -DHAVE_CONFIG_H -I.    -I ./include -I ./include -I ./lib -I ./lib    -Wstrict-prototypes -Wall -Wextra -Wno-sign-compare -Wpointer-arith -Wformat -Wformat-security -Wswitch-enum -Wunused-parameter -Wbad-function-cast -Wcast-align -Wstrict-prototypes -Wold-style-definition -Wmissing-prototypes -Wmissing-field-initializers -fno-strict-aliasing -Wswitch-bool -Wlogical-not-parentheses -Wsizeof-array-argument -Wbool-compare -Wshift-negative-value -Wduplicated-cond -Wshadow -Wmultistatement-macros -Wcast-align=strict    -D_BSD_SOURCE -D_DEFAULT_SOURCE -Wno-unused -Wno-unused-parameter -g -O2 -MT lib/lib_libsflow_la-sflow_agent.lo -MD -MP -MF lib/.deps/lib_libsflow_la-sflow_agent.Tpo -c -o lib/lib_libsflow_la-sflow_agent.lo `test -f 'lib/sflow_agent.c' || echo './'`lib/sflow_agent.c
libtool: compile:  gcc -DHAVE_CONFIG_H -I. -I ./include -I ./include -I ./lib -I ./lib -Wstrict-prototypes -Wall -Wextra -Wno-sign-compare -Wpointer-arith -Wformat -Wformat-security -Wswitch-enum -Wunused-parameter -Wbad-function-cast -Wcast-align -Wstrict-prototypes -Wold-style-definition -Wmissing-prototypes -Wmissing-field-initializers -fno-strict-aliasing -Wswitch-bool -Wlogical-not-parentheses -Wsizeof-array-argument -Wbool-compare -Wshift-negative-value -Wduplicated-cond -Wshadow -Wmultistatement-macros -Wcast-align=strict -D_BSD_SOURCE -D_DEFAULT_SOURCE -Wno-unused -Wno-unused-parameter -g -O2 -MT lib/lib_libsflow_la-sflow_agent.lo -MD -MP -MF lib/.deps/lib_libsflow_la-sflow_agent.Tpo -c lib/sflow_agent.c -o lib/lib_libsflow_la-sflow_agent.o
mv -f lib/.deps/lib_libopenvswitchavx512_la-dpif-netdev-lookup-avx512-gather.Tpo lib/.deps/lib_libopenvswitchavx512_la-dpif-netdev-lookup-avx512-gather.Plo
/bin/bash ./libtool  --tag=CC   --mode=compile gcc -DHAVE_CONFIG_H -I.    -I ./include -I ./include -I ./lib -I ./lib    -Wstrict-prototypes -Wall -Wextra -Wno-sign-compare -Wpointer-arith -Wformat -Wformat-security -Wswitch-enum -Wunused-parameter -Wbad-function-cast -Wcast-align -Wstrict-prototypes -Wold-style-definition -Wmissing-prototypes -Wmissing-field-initializers -fno-strict-aliasing -Wswitch-bool -Wlogical-not-parentheses -Wsizeof-array-argument -Wbool-compare -Wshift-negative-value -Wduplicated-cond -Wshadow -Wmultistatement-macros -Wcast-align=strict    -D_BSD_SOURCE -D_DEFAULT_SOURCE -Wno-unused -Wno-unused-parameter -g -O2 -MT lib/lib_libsflow_la-sflow_sampler.lo -MD -MP -MF lib/.deps/lib_libsflow_la-sflow_sampler.Tpo -c -o lib/lib_libsflow_la-sflow_sampler.lo `test -f 'lib/sflow_sampler.c' || echo './'`lib/sflow_sampler.c
libtool: compile:  gcc -DHAVE_CONFIG_H -I. -I ./include -I ./include -I ./lib -I ./lib -Wstrict-prototypes -Wall -Wextra -Wno-sign-compare -Wpointer-arith -Wformat -Wformat-security -Wswitch-enum -Wunused-parameter -Wbad-function-cast -Wcast-align -Wstrict-prototypes -Wold-style-definition -Wmissing-prototypes -Wmissing-field-initializers -fno-strict-aliasing -Wswitch-bool -Wlogical-not-parentheses -Wsizeof-array-argument -Wbool-compare -Wshift-negative-value -Wduplicated-cond -Wshadow -Wmultistatement-macros -Wcast-align=strict -D_BSD_SOURCE -D_DEFAULT_SOURCE -Wno-unused -Wno-unused-parameter -g -O2 -MT lib/lib_libsflow_la-sflow_sampler.lo -MD -MP -MF lib/.deps/lib_libsflow_la-sflow_sampler.Tpo -c lib/sflow_sampler.c -o lib/lib_libsflow_la-sflow_sampler.o
mv -f lib/.deps/lib_libsflow_la-sflow_agent.Tpo lib/.deps/lib_libsflow_la-sflow_agent.Plo
/bin/bash ./libtool  --tag=CC   --mode=compile gcc -DHAVE_CONFIG_H -I.    -I ./include -I ./include -I ./lib -I ./lib    -Wstrict-prototypes -Wall -Wextra -Wno-sign-compare -Wpointer-arith -Wformat -Wformat-security -Wswitch-enum -Wunused-parameter -Wbad-function-cast -Wcast-align -Wstrict-prototypes -Wold-style-definition -Wmissing-prototypes -Wmissing-field-initializers -fno-strict-aliasing -Wswitch-bool -Wlogical-not-parentheses -Wsizeof-array-argument -Wbool-compare -Wshift-negative-value -Wduplicated-cond -Wshadow -Wmultistatement-macros -Wcast-align=strict    -D_BSD_SOURCE -D_DEFAULT_SOURCE -Wno-unused -Wno-unused-parameter -g -O2 -MT lib/lib_libsflow_la-sflow_poller.lo -MD -MP -MF lib/.deps/lib_libsflow_la-sflow_poller.Tpo -c -o lib/lib_libsflow_la-sflow_poller.lo `test -f 'lib/sflow_poller.c' || echo './'`lib/sflow_poller.c
mv -f lib/.deps/lib_libsflow_la-sflow_sampler.Tpo lib/.deps/lib_libsflow_la-sflow_sampler.Plo
/bin/bash ./libtool  --tag=CC   --mode=compile gcc -DHAVE_CONFIG_H -I.    -I ./include -I ./include -I ./lib -I ./lib    -Wstrict-prototypes -Wall -Wextra -Wno-sign-compare -Wpointer-arith -Wformat -Wformat-security -Wswitch-enum -Wunused-parameter -Wbad-function-cast -Wcast-align -Wstrict-prototypes -Wold-style-definition -Wmissing-prototypes -Wmissing-field-initializers -fno-strict-aliasing -Wswitch-bool -Wlogical-not-parentheses -Wsizeof-array-argument -Wbool-compare -Wshift-negative-value -Wduplicated-cond -Wshadow -Wmultistatement-macros -Wcast-align=strict    -D_BSD_SOURCE -D_DEFAULT_SOURCE -Wno-unused -Wno-unused-parameter -g -O2 -MT lib/lib_libsflow_la-sflow_receiver.lo -MD -MP -MF lib/.deps/lib_libsflow_la-sflow_receiver.Tpo -c -o lib/lib_libsflow_la-sflow_receiver.lo `test -f 'lib/sflow_receiver.c' || echo './'`lib/sflow_receiver.c
libtool: compile:  gcc -DHAVE_CONFIG_H -I. -I ./include -I ./include -I ./lib -I ./lib -Wstrict-prototypes -Wall -Wextra -Wno-sign-compare -Wpointer-arith -Wformat -Wformat-security -Wswitch-enum -Wunused-parameter -Wbad-function-cast -Wcast-align -Wstrict-prototypes -Wold-style-definition -Wmissing-prototypes -Wmissing-field-initializers -fno-strict-aliasing -Wswitch-bool -Wlogical-not-parentheses -Wsizeof-array-argument -Wbool-compare -Wshift-negative-value -Wduplicated-cond -Wshadow -Wmultistatement-macros -Wcast-align=strict -D_BSD_SOURCE -D_DEFAULT_SOURCE -Wno-unused -Wno-unused-parameter -g -O2 -MT lib/lib_libsflow_la-sflow_poller.lo -MD -MP -MF lib/.deps/lib_libsflow_la-sflow_poller.Tpo -c lib/sflow_poller.c -o lib/lib_libsflow_la-sflow_poller.o
libtool: compile:  gcc -DHAVE_CONFIG_H -I. -I ./include -I ./include -I ./lib -I ./lib -Wstrict-prototypes -Wall -Wextra -Wno-sign-compare -Wpointer-arith -Wformat -Wformat-security -Wswitch-enum -Wunused-parameter -Wbad-function-cast -Wcast-align -Wstrict-prototypes -Wold-style-definition -Wmissing-prototypes -Wmissing-field-initializers -fno-strict-aliasing -Wswitch-bool -Wlogical-not-parentheses -Wsizeof-array-argument -Wbool-compare -Wshift-negative-value -Wduplicated-cond -Wshadow -Wmultistatement-macros -Wcast-align=strict -D_BSD_SOURCE -D_DEFAULT_SOURCE -Wno-unused -Wno-unused-parameter -g -O2 -MT lib/lib_libsflow_la-sflow_receiver.lo -MD -MP -MF lib/.deps/lib_libsflow_la-sflow_receiver.Tpo -c lib/sflow_receiver.c -o lib/lib_libsflow_la-sflow_receiver.o
mv -f lib/.deps/lib_libsflow_la-sflow_poller.Tpo lib/.deps/lib_libsflow_la-sflow_poller.Plo
/bin/bash ./libtool  --tag=CC   --mode=compile gcc -DHAVE_CONFIG_H -I.    -I ./include -I ./include -I ./lib -I ./lib    -Wstrict-prototypes -Wall -Wextra -Wno-sign-compare -Wpointer-arith -Wformat -Wformat-security -Wswitch-enum -Wunused-parameter -Wbad-function-cast -Wcast-align -Wstrict-prototypes -Wold-style-definition -Wmissing-prototypes -Wmissing-field-initializers -fno-strict-aliasing -Wswitch-bool -Wlogical-not-parentheses -Wsizeof-array-argument -Wbool-compare -Wshift-negative-value -Wduplicated-cond -Wshadow -Wmultistatement-macros -Wcast-align=strict    -g -O2 -MT ofproto/ofproto_libofproto_la-bond.lo -MD -MP -MF ofproto/.deps/ofproto_libofproto_la-bond.Tpo -c -o ofproto/ofproto_libofproto_la-bond.lo `test -f 'ofproto/bond.c' || echo './'`ofproto/bond.c
mv -f lib/.deps/lib_libopenvswitchavx512_la-odp-execute-avx512.Tpo lib/.deps/lib_libopenvswitchavx512_la-odp-execute-avx512.Plo
/bin/bash ./libtool  --tag=CC   --mode=compile gcc -DHAVE_CONFIG_H -I.    -I ./include -I ./include -I ./lib -I ./lib    -Wstrict-prototypes -Wall -Wextra -Wno-sign-compare -Wpointer-arith -Wformat -Wformat-security -Wswitch-enum -Wunused-parameter -Wbad-function-cast -Wcast-align -Wstrict-prototypes -Wold-style-definition -Wmissing-prototypes -Wmissing-field-initializers -fno-strict-aliasing -Wswitch-bool -Wlogical-not-parentheses -Wsizeof-array-argument -Wbool-compare -Wshift-negative-value -Wduplicated-cond -Wshadow -Wmultistatement-macros -Wcast-align=strict    -g -O2 -MT ofproto/ofproto_libofproto_la-collectors.lo -MD -MP -MF ofproto/.deps/ofproto_libofproto_la-collectors.Tpo -c -o ofproto/ofproto_libofproto_la-collectors.lo `test -f 'ofproto/collectors.c' || echo './'`ofproto/collectors.c
libtool: compile:  gcc -DHAVE_CONFIG_H -I. -I ./include -I ./include -I ./lib -I ./lib -Wstrict-prototypes -Wall -Wextra -Wno-sign-compare -Wpointer-arith -Wformat -Wformat-security -Wswitch-enum -Wunused-parameter -Wbad-function-cast -Wcast-align -Wstrict-prototypes -Wold-style-definition -Wmissing-prototypes -Wmissing-field-initializers -fno-strict-aliasing -Wswitch-bool -Wlogical-not-parentheses -Wsizeof-array-argument -Wbool-compare -Wshift-negative-value -Wduplicated-cond -Wshadow -Wmultistatement-macros -Wcast-align=strict -g -O2 -MT ofproto/ofproto_libofproto_la-bond.lo -MD -MP -MF ofproto/.deps/ofproto_libofproto_la-bond.Tpo -c ofproto/bond.c -o ofproto/ofproto_libofproto_la-bond.o
libtool: compile:  gcc -DHAVE_CONFIG_H -I. -I ./include -I ./include -I ./lib -I ./lib -Wstrict-prototypes -Wall -Wextra -Wno-sign-compare -Wpointer-arith -Wformat -Wformat-security -Wswitch-enum -Wunused-parameter -Wbad-function-cast -Wcast-align -Wstrict-prototypes -Wold-style-definition -Wmissing-prototypes -Wmissing-field-initializers -fno-strict-aliasing -Wswitch-bool -Wlogical-not-parentheses -Wsizeof-array-argument -Wbool-compare -Wshift-negative-value -Wduplicated-cond -Wshadow -Wmultistatement-macros -Wcast-align=strict -g -O2 -MT ofproto/ofproto_libofproto_la-collectors.lo -MD -MP -MF ofproto/.deps/ofproto_libofproto_la-collectors.Tpo -c ofproto/collectors.c -o ofproto/ofproto_libofproto_la-collectors.o
mv -f lib/.deps/lib_libsflow_la-sflow_receiver.Tpo lib/.deps/lib_libsflow_la-sflow_receiver.Plo
/bin/bash ./libtool  --tag=CC   --mode=compile gcc -DHAVE_CONFIG_H -I.    -I ./include -I ./include -I ./lib -I ./lib    -Wstrict-prototypes -Wall -Wextra -Wno-sign-compare -Wpointer-arith -Wformat -Wformat-security -Wswitch-enum -Wunused-parameter -Wbad-function-cast -Wcast-align -Wstrict-prototypes -Wold-style-definition -Wmissing-prototypes -Wmissing-field-initializers -fno-strict-aliasing -Wswitch-bool -Wlogical-not-parentheses -Wsizeof-array-argument -Wbool-compare -Wshift-negative-value -Wduplicated-cond -Wshadow -Wmultistatement-macros -Wcast-align=strict    -g -O2 -MT ofproto/ofproto_libofproto_la-connmgr.lo -MD -MP -MF ofproto/.deps/ofproto_libofproto_la-connmgr.Tpo -c -o ofproto/ofproto_libofproto_la-connmgr.lo `test -f 'ofproto/connmgr.c' || echo './'`ofproto/connmgr.c
libtool: compile:  gcc -DHAVE_CONFIG_H -I. -I ./include -I ./include -I ./lib -I ./lib -Wstrict-prototypes -Wall -Wextra -Wno-sign-compare -Wpointer-arith -Wformat -Wformat-security -Wswitch-enum -Wunused-parameter -Wbad-function-cast -Wcast-align -Wstrict-prototypes -Wold-style-definition -Wmissing-prototypes -Wmissing-field-initializers -fno-strict-aliasing -Wswitch-bool -Wlogical-not-parentheses -Wsizeof-array-argument -Wbool-compare -Wshift-negative-value -Wduplicated-cond -Wshadow -Wmultistatement-macros -Wcast-align=strict -g -O2 -MT ofproto/ofproto_libofproto_la-connmgr.lo -MD -MP -MF ofproto/.deps/ofproto_libofproto_la-connmgr.Tpo -c ofproto/connmgr.c -o ofproto/ofproto_libofproto_la-connmgr.o
mv -f ofproto/.deps/ofproto_libofproto_la-collectors.Tpo ofproto/.deps/ofproto_libofproto_la-collectors.Plo
/bin/bash ./libtool  --tag=CC   --mode=compile gcc -DHAVE_CONFIG_H -I.    -I ./include -I ./include -I ./lib -I ./lib    -Wstrict-prototypes -Wall -Wextra -Wno-sign-compare -Wpointer-arith -Wformat -Wformat-security -Wswitch-enum -Wunused-parameter -Wbad-function-cast -Wcast-align -Wstrict-prototypes -Wold-style-definition -Wmissing-prototypes -Wmissing-field-initializers -fno-strict-aliasing -Wswitch-bool -Wlogical-not-parentheses -Wsizeof-array-argument -Wbool-compare -Wshift-negative-value -Wduplicated-cond -Wshadow -Wmultistatement-macros -Wcast-align=strict    -g -O2 -MT ofproto/ofproto_libofproto_la-fail-open.lo -MD -MP -MF ofproto/.deps/ofproto_libofproto_la-fail-open.Tpo -c -o ofproto/ofproto_libofproto_la-fail-open.lo `test -f 'ofproto/fail-open.c' || echo './'`ofproto/fail-open.c
libtool: compile:  gcc -DHAVE_CONFIG_H -I. -I ./include -I ./include -I ./lib -I ./lib -Wstrict-prototypes -Wall -Wextra -Wno-sign-compare -Wpointer-arith -Wformat -Wformat-security -Wswitch-enum -Wunused-parameter -Wbad-function-cast -Wcast-align -Wstrict-prototypes -Wold-style-definition -Wmissing-prototypes -Wmissing-field-initializers -fno-strict-aliasing -Wswitch-bool -Wlogical-not-parentheses -Wsizeof-array-argument -Wbool-compare -Wshift-negative-value -Wduplicated-cond -Wshadow -Wmultistatement-macros -Wcast-align=strict -g -O2 -MT ofproto/ofproto_libofproto_la-fail-open.lo -MD -MP -MF ofproto/.deps/ofproto_libofproto_la-fail-open.Tpo -c ofproto/fail-open.c -o ofproto/ofproto_libofproto_la-fail-open.o
mv -f ofproto/.deps/ofproto_libofproto_la-fail-open.Tpo ofproto/.deps/ofproto_libofproto_la-fail-open.Plo
/bin/bash ./libtool  --tag=CC   --mode=compile gcc -DHAVE_CONFIG_H -I.    -I ./include -I ./include -I ./lib -I ./lib    -Wstrict-prototypes -Wall -Wextra -Wno-sign-compare -Wpointer-arith -Wformat -Wformat-security -Wswitch-enum -Wunused-parameter -Wbad-function-cast -Wcast-align -Wstrict-prototypes -Wold-style-definition -Wmissing-prototypes -Wmissing-field-initializers -fno-strict-aliasing -Wswitch-bool -Wlogical-not-parentheses -Wsizeof-array-argument -Wbool-compare -Wshift-negative-value -Wduplicated-cond -Wshadow -Wmultistatement-macros -Wcast-align=strict    -g -O2 -MT ofproto/ofproto_libofproto_la-in-band.lo -MD -MP -MF ofproto/.deps/ofproto_libofproto_la-in-band.Tpo -c -o ofproto/ofproto_libofproto_la-in-band.lo `test -f 'ofproto/in-band.c' || echo './'`ofproto/in-band.c
libtool: compile:  gcc -DHAVE_CONFIG_H -I. -I ./include -I ./include -I ./lib -I ./lib -Wstrict-prototypes -Wall -Wextra -Wno-sign-compare -Wpointer-arith -Wformat -Wformat-security -Wswitch-enum -Wunused-parameter -Wbad-function-cast -Wcast-align -Wstrict-prototypes -Wold-style-definition -Wmissing-prototypes -Wmissing-field-initializers -fno-strict-aliasing -Wswitch-bool -Wlogical-not-parentheses -Wsizeof-array-argument -Wbool-compare -Wshift-negative-value -Wduplicated-cond -Wshadow -Wmultistatement-macros -Wcast-align=strict -g -O2 -MT ofproto/ofproto_libofproto_la-in-band.lo -MD -MP -MF ofproto/.deps/ofproto_libofproto_la-in-band.Tpo -c ofproto/in-band.c -o ofproto/ofproto_libofproto_la-in-band.o
mv -f ofproto/.deps/ofproto_libofproto_la-bond.Tpo ofproto/.deps/ofproto_libofproto_la-bond.Plo
/bin/bash ./libtool  --tag=CC   --mode=compile gcc -DHAVE_CONFIG_H -I.    -I ./include -I ./include -I ./lib -I ./lib    -Wstrict-prototypes -Wall -Wextra -Wno-sign-compare -Wpointer-arith -Wformat -Wformat-security -Wswitch-enum -Wunused-parameter -Wbad-function-cast -Wcast-align -Wstrict-prototypes -Wold-style-definition -Wmissing-prototypes -Wmissing-field-initializers -fno-strict-aliasing -Wswitch-bool -Wlogical-not-parentheses -Wsizeof-array-argument -Wbool-compare -Wshift-negative-value -Wduplicated-cond -Wshadow -Wmultistatement-macros -Wcast-align=strict    -g -O2 -MT ofproto/ofproto_libofproto_la-names.lo -MD -MP -MF ofproto/.deps/ofproto_libofproto_la-names.Tpo -c -o ofproto/ofproto_libofproto_la-names.lo `test -f 'ofproto/names.c' || echo './'`ofproto/names.c
libtool: compile:  gcc -DHAVE_CONFIG_H -I. -I ./include -I ./include -I ./lib -I ./lib -Wstrict-prototypes -Wall -Wextra -Wno-sign-compare -Wpointer-arith -Wformat -Wformat-security -Wswitch-enum -Wunused-parameter -Wbad-function-cast -Wcast-align -Wstrict-prototypes -Wold-style-definition -Wmissing-prototypes -Wmissing-field-initializers -fno-strict-aliasing -Wswitch-bool -Wlogical-not-parentheses -Wsizeof-array-argument -Wbool-compare -Wshift-negative-value -Wduplicated-cond -Wshadow -Wmultistatement-macros -Wcast-align=strict -g -O2 -MT ofproto/ofproto_libofproto_la-names.lo -MD -MP -MF ofproto/.deps/ofproto_libofproto_la-names.Tpo -c ofproto/names.c -o ofproto/ofproto_libofproto_la-names.o
mv -f ofproto/.deps/ofproto_libofproto_la-connmgr.Tpo ofproto/.deps/ofproto_libofproto_la-connmgr.Plo
/bin/bash ./libtool  --tag=CC   --mode=compile gcc -DHAVE_CONFIG_H -I.    -I ./include -I ./include -I ./lib -I ./lib    -Wstrict-prototypes -Wall -Wextra -Wno-sign-compare -Wpointer-arith -Wformat -Wformat-security -Wswitch-enum -Wunused-parameter -Wbad-function-cast -Wcast-align -Wstrict-prototypes -Wold-style-definition -Wmissing-prototypes -Wmissing-field-initializers -fno-strict-aliasing -Wswitch-bool -Wlogical-not-parentheses -Wsizeof-array-argument -Wbool-compare -Wshift-negative-value -Wduplicated-cond -Wshadow -Wmultistatement-macros -Wcast-align=strict    -g -O2 -MT ofproto/ofproto_libofproto_la-netflow.lo -MD -MP -MF ofproto/.deps/ofproto_libofproto_la-netflow.Tpo -c -o ofproto/ofproto_libofproto_la-netflow.lo `test -f 'ofproto/netflow.c' || echo './'`ofproto/netflow.c
libtool: compile:  gcc -DHAVE_CONFIG_H -I. -I ./include -I ./include -I ./lib -I ./lib -Wstrict-prototypes -Wall -Wextra -Wno-sign-compare -Wpointer-arith -Wformat -Wformat-security -Wswitch-enum -Wunused-parameter -Wbad-function-cast -Wcast-align -Wstrict-prototypes -Wold-style-definition -Wmissing-prototypes -Wmissing-field-initializers -fno-strict-aliasing -Wswitch-bool -Wlogical-not-parentheses -Wsizeof-array-argument -Wbool-compare -Wshift-negative-value -Wduplicated-cond -Wshadow -Wmultistatement-macros -Wcast-align=strict -g -O2 -MT ofproto/ofproto_libofproto_la-netflow.lo -MD -MP -MF ofproto/.deps/ofproto_libofproto_la-netflow.Tpo -c ofproto/netflow.c -o ofproto/ofproto_libofproto_la-netflow.o
mv -f ofproto/.deps/ofproto_libofproto_la-names.Tpo ofproto/.deps/ofproto_libofproto_la-names.Plo
/bin/bash ./libtool  --tag=CC   --mode=compile gcc -DHAVE_CONFIG_H -I.    -I ./include -I ./include -I ./lib -I ./lib    -Wstrict-prototypes -Wall -Wextra -Wno-sign-compare -Wpointer-arith -Wformat -Wformat-security -Wswitch-enum -Wunused-parameter -Wbad-function-cast -Wcast-align -Wstrict-prototypes -Wold-style-definition -Wmissing-prototypes -Wmissing-field-initializers -fno-strict-aliasing -Wswitch-bool -Wlogical-not-parentheses -Wsizeof-array-argument -Wbool-compare -Wshift-negative-value -Wduplicated-cond -Wshadow -Wmultistatement-macros -Wcast-align=strict    -g -O2 -MT ofproto/ofproto_libofproto_la-ofproto.lo -MD -MP -MF ofproto/.deps/ofproto_libofproto_la-ofproto.Tpo -c -o ofproto/ofproto_libofproto_la-ofproto.lo `test -f 'ofproto/ofproto.c' || echo './'`ofproto/ofproto.c
mv -f ofproto/.deps/ofproto_libofproto_la-in-band.Tpo ofproto/.deps/ofproto_libofproto_la-in-band.Plo
/bin/bash ./libtool  --tag=CC   --mode=compile gcc -DHAVE_CONFIG_H -I.    -I ./include -I ./include -I ./lib -I ./lib    -Wstrict-prototypes -Wall -Wextra -Wno-sign-compare -Wpointer-arith -Wformat -Wformat-security -Wswitch-enum -Wunused-parameter -Wbad-function-cast -Wcast-align -Wstrict-prototypes -Wold-style-definition -Wmissing-prototypes -Wmissing-field-initializers -fno-strict-aliasing -Wswitch-bool -Wlogical-not-parentheses -Wsizeof-array-argument -Wbool-compare -Wshift-negative-value -Wduplicated-cond -Wshadow -Wmultistatement-macros -Wcast-align=strict    -g -O2 -MT ofproto/ofproto_libofproto_la-ofproto-dpif.lo -MD -MP -MF ofproto/.deps/ofproto_libofproto_la-ofproto-dpif.Tpo -c -o ofproto/ofproto_libofproto_la-ofproto-dpif.lo `test -f 'ofproto/ofproto-dpif.c' || echo './'`ofproto/ofproto-dpif.c
libtool: compile:  gcc -DHAVE_CONFIG_H -I. -I ./include -I ./include -I ./lib -I ./lib -Wstrict-prototypes -Wall -Wextra -Wno-sign-compare -Wpointer-arith -Wformat -Wformat-security -Wswitch-enum -Wunused-parameter -Wbad-function-cast -Wcast-align -Wstrict-prototypes -Wold-style-definition -Wmissing-prototypes -Wmissing-field-initializers -fno-strict-aliasing -Wswitch-bool -Wlogical-not-parentheses -Wsizeof-array-argument -Wbool-compare -Wshift-negative-value -Wduplicated-cond -Wshadow -Wmultistatement-macros -Wcast-align=strict -g -O2 -MT ofproto/ofproto_libofproto_la-ofproto.lo -MD -MP -MF ofproto/.deps/ofproto_libofproto_la-ofproto.Tpo -c ofproto/ofproto.c -o ofproto/ofproto_libofproto_la-ofproto.o
libtool: compile:  gcc -DHAVE_CONFIG_H -I. -I ./include -I ./include -I ./lib -I ./lib -Wstrict-prototypes -Wall -Wextra -Wno-sign-compare -Wpointer-arith -Wformat -Wformat-security -Wswitch-enum -Wunused-parameter -Wbad-function-cast -Wcast-align -Wstrict-prototypes -Wold-style-definition -Wmissing-prototypes -Wmissing-field-initializers -fno-strict-aliasing -Wswitch-bool -Wlogical-not-parentheses -Wsizeof-array-argument -Wbool-compare -Wshift-negative-value -Wduplicated-cond -Wshadow -Wmultistatement-macros -Wcast-align=strict -g -O2 -MT ofproto/ofproto_libofproto_la-ofproto-dpif.lo -MD -MP -MF ofproto/.deps/ofproto_libofproto_la-ofproto-dpif.Tpo -c ofproto/ofproto-dpif.c -o ofproto/ofproto_libofproto_la-ofproto-dpif.o
mv -f ofproto/.deps/ofproto_libofproto_la-netflow.Tpo ofproto/.deps/ofproto_libofproto_la-netflow.Plo
/bin/bash ./libtool  --tag=CC   --mode=compile gcc -DHAVE_CONFIG_H -I.    -I ./include -I ./include -I ./lib -I ./lib    -Wstrict-prototypes -Wall -Wextra -Wno-sign-compare -Wpointer-arith -Wformat -Wformat-security -Wswitch-enum -Wunused-parameter -Wbad-function-cast -Wcast-align -Wstrict-prototypes -Wold-style-definition -Wmissing-prototypes -Wmissing-field-initializers -fno-strict-aliasing -Wswitch-bool -Wlogical-not-parentheses -Wsizeof-array-argument -Wbool-compare -Wshift-negative-value -Wduplicated-cond -Wshadow -Wmultistatement-macros -Wcast-align=strict    -g -O2 -MT ofproto/ofproto_libofproto_la-ofproto-dpif-ipfix.lo -MD -MP -MF ofproto/.deps/ofproto_libofproto_la-ofproto-dpif-ipfix.Tpo -c -o ofproto/ofproto_libofproto_la-ofproto-dpif-ipfix.lo `test -f 'ofproto/ofproto-dpif-ipfix.c' || echo './'`ofproto/ofproto-dpif-ipfix.c
libtool: compile:  gcc -DHAVE_CONFIG_H -I. -I ./include -I ./include -I ./lib -I ./lib -Wstrict-prototypes -Wall -Wextra -Wno-sign-compare -Wpointer-arith -Wformat -Wformat-security -Wswitch-enum -Wunused-parameter -Wbad-function-cast -Wcast-align -Wstrict-prototypes -Wold-style-definition -Wmissing-prototypes -Wmissing-field-initializers -fno-strict-aliasing -Wswitch-bool -Wlogical-not-parentheses -Wsizeof-array-argument -Wbool-compare -Wshift-negative-value -Wduplicated-cond -Wshadow -Wmultistatement-macros -Wcast-align=strict -g -O2 -MT ofproto/ofproto_libofproto_la-ofproto-dpif-ipfix.lo -MD -MP -MF ofproto/.deps/ofproto_libofproto_la-ofproto-dpif-ipfix.Tpo -c ofproto/ofproto-dpif-ipfix.c -o ofproto/ofproto_libofproto_la-ofproto-dpif-ipfix.o
/bin/bash ./libtool  --tag=CC   --mode=compile gcc -DHAVE_CONFIG_H -I.    -I ./include -I ./include -I ./lib -I ./lib    -Wstrict-prototypes -Wall -Wextra -Wno-sign-compare -Wpointer-arith -Wformat -Wformat-security -Wswitch-enum -Wunused-parameter -Wbad-function-cast -Wcast-align -Wstrict-prototypes -Wold-style-definition -Wmissing-prototypes -Wmissing-field-initializers -fno-strict-aliasing -Wswitch-bool -Wlogical-not-parentheses -Wsizeof-array-argument -Wbool-compare -Wshift-negative-value -Wduplicated-cond -Wshadow -Wmultistatement-macros -Wcast-align=strict    -g -O2 -MT ofproto/ofproto_libofproto_la-ofproto-dpif-lsample.lo -MD -MP -MF ofproto/.deps/ofproto_libofproto_la-ofproto-dpif-lsample.Tpo -c -o ofproto/ofproto_libofproto_la-ofproto-dpif-lsample.lo `test -f 'ofproto/ofproto-dpif-lsample.c' || echo './'`ofproto/ofproto-dpif-lsample.c
libtool: compile:  gcc -DHAVE_CONFIG_H -I. -I ./include -I ./include -I ./lib -I ./lib -Wstrict-prototypes -Wall -Wextra -Wno-sign-compare -Wpointer-arith -Wformat -Wformat-security -Wswitch-enum -Wunused-parameter -Wbad-function-cast -Wcast-align -Wstrict-prototypes -Wold-style-definition -Wmissing-prototypes -Wmissing-field-initializers -fno-strict-aliasing -Wswitch-bool -Wlogical-not-parentheses -Wsizeof-array-argument -Wbool-compare -Wshift-negative-value -Wduplicated-cond -Wshadow -Wmultistatement-macros -Wcast-align=strict -g -O2 -MT ofproto/ofproto_libofproto_la-ofproto-dpif-lsample.lo -MD -MP -MF ofproto/.deps/ofproto_libofproto_la-ofproto-dpif-lsample.Tpo -c ofproto/ofproto-dpif-lsample.c -o ofproto/ofproto_libofproto_la-ofproto-dpif-lsample.o
mv -f ofproto/.deps/ofproto_libofproto_la-ofproto-dpif-lsample.Tpo ofproto/.deps/ofproto_libofproto_la-ofproto-dpif-lsample.Plo
/bin/bash ./libtool  --tag=CC   --mode=compile gcc -DHAVE_CONFIG_H -I.    -I ./include -I ./include -I ./lib -I ./lib    -Wstrict-prototypes -Wall -Wextra -Wno-sign-compare -Wpointer-arith -Wformat -Wformat-security -Wswitch-enum -Wunused-parameter -Wbad-function-cast -Wcast-align -Wstrict-prototypes -Wold-style-definition -Wmissing-prototypes -Wmissing-field-initializers -fno-strict-aliasing -Wswitch-bool -Wlogical-not-parentheses -Wsizeof-array-argument -Wbool-compare -Wshift-negative-value -Wduplicated-cond -Wshadow -Wmultistatement-macros -Wcast-align=strict    -g -O2 -MT ofproto/ofproto_libofproto_la-ofproto-dpif-mirror.lo -MD -MP -MF ofproto/.deps/ofproto_libofproto_la-ofproto-dpif-mirror.Tpo -c -o ofproto/ofproto_libofproto_la-ofproto-dpif-mirror.lo `test -f 'ofproto/ofproto-dpif-mirror.c' || echo './'`ofproto/ofproto-dpif-mirror.c
libtool: compile:  gcc -DHAVE_CONFIG_H -I. -I ./include -I ./include -I ./lib -I ./lib -Wstrict-prototypes -Wall -Wextra -Wno-sign-compare -Wpointer-arith -Wformat -Wformat-security -Wswitch-enum -Wunused-parameter -Wbad-function-cast -Wcast-align -Wstrict-prototypes -Wold-style-definition -Wmissing-prototypes -Wmissing-field-initializers -fno-strict-aliasing -Wswitch-bool -Wlogical-not-parentheses -Wsizeof-array-argument -Wbool-compare -Wshift-negative-value -Wduplicated-cond -Wshadow -Wmultistatement-macros -Wcast-align=strict -g -O2 -MT ofproto/ofproto_libofproto_la-ofproto-dpif-mirror.lo -MD -MP -MF ofproto/.deps/ofproto_libofproto_la-ofproto-dpif-mirror.Tpo -c ofproto/ofproto-dpif-mirror.c -o ofproto/ofproto_libofproto_la-ofproto-dpif-mirror.o
mv -f ofproto/.deps/ofproto_libofproto_la-ofproto-dpif-ipfix.Tpo ofproto/.deps/ofproto_libofproto_la-ofproto-dpif-ipfix.Plo
/bin/bash ./libtool  --tag=CC   --mode=compile gcc -DHAVE_CONFIG_H -I.    -I ./include -I ./include -I ./lib -I ./lib    -Wstrict-prototypes -Wall -Wextra -Wno-sign-compare -Wpointer-arith -Wformat -Wformat-security -Wswitch-enum -Wunused-parameter -Wbad-function-cast -Wcast-align -Wstrict-prototypes -Wold-style-definition -Wmissing-prototypes -Wmissing-field-initializers -fno-strict-aliasing -Wswitch-bool -Wlogical-not-parentheses -Wsizeof-array-argument -Wbool-compare -Wshift-negative-value -Wduplicated-cond -Wshadow -Wmultistatement-macros -Wcast-align=strict    -g -O2 -MT ofproto/ofproto_libofproto_la-ofproto-dpif-monitor.lo -MD -MP -MF ofproto/.deps/ofproto_libofproto_la-ofproto-dpif-monitor.Tpo -c -o ofproto/ofproto_libofproto_la-ofproto-dpif-monitor.lo `test -f 'ofproto/ofproto-dpif-monitor.c' || echo './'`ofproto/ofproto-dpif-monitor.c
libtool: compile:  gcc -DHAVE_CONFIG_H -I. -I ./include -I ./include -I ./lib -I ./lib -Wstrict-prototypes -Wall -Wextra -Wno-sign-compare -Wpointer-arith -Wformat -Wformat-security -Wswitch-enum -Wunused-parameter -Wbad-function-cast -Wcast-align -Wstrict-prototypes -Wold-style-definition -Wmissing-prototypes -Wmissing-field-initializers -fno-strict-aliasing -Wswitch-bool -Wlogical-not-parentheses -Wsizeof-array-argument -Wbool-compare -Wshift-negative-value -Wduplicated-cond -Wshadow -Wmultistatement-macros -Wcast-align=strict -g -O2 -MT ofproto/ofproto_libofproto_la-ofproto-dpif-monitor.lo -MD -MP -MF ofproto/.deps/ofproto_libofproto_la-ofproto-dpif-monitor.Tpo -c ofproto/ofproto-dpif-monitor.c -o ofproto/ofproto_libofproto_la-ofproto-dpif-monitor.o
mv -f ofproto/.deps/ofproto_libofproto_la-ofproto.Tpo ofproto/.deps/ofproto_libofproto_la-ofproto.Plo
/bin/bash ./libtool  --tag=CC   --mode=compile gcc -DHAVE_CONFIG_H -I.    -I ./include -I ./include -I ./lib -I ./lib    -Wstrict-prototypes -Wall -Wextra -Wno-sign-compare -Wpointer-arith -Wformat -Wformat-security -Wswitch-enum -Wunused-parameter -Wbad-function-cast -Wcast-align -Wstrict-prototypes -Wold-style-definition -Wmissing-prototypes -Wmissing-field-initializers -fno-strict-aliasing -Wswitch-bool -Wlogical-not-parentheses -Wsizeof-array-argument -Wbool-compare -Wshift-negative-value -Wduplicated-cond -Wshadow -Wmultistatement-macros -Wcast-align=strict    -g -O2 -MT ofproto/ofproto_libofproto_la-ofproto-dpif-rid.lo -MD -MP -MF ofproto/.deps/ofproto_libofproto_la-ofproto-dpif-rid.Tpo -c -o ofproto/ofproto_libofproto_la-ofproto-dpif-rid.lo `test -f 'ofproto/ofproto-dpif-rid.c' || echo './'`ofproto/ofproto-dpif-rid.c
mv -f ofproto/.deps/ofproto_libofproto_la-ofproto-dpif.Tpo ofproto/.deps/ofproto_libofproto_la-ofproto-dpif.Plo
/bin/bash ./libtool  --tag=CC   --mode=compile gcc -DHAVE_CONFIG_H -I.    -I ./include -I ./include -I ./lib -I ./lib    -Wstrict-prototypes -Wall -Wextra -Wno-sign-compare -Wpointer-arith -Wformat -Wformat-security -Wswitch-enum -Wunused-parameter -Wbad-function-cast -Wcast-align -Wstrict-prototypes -Wold-style-definition -Wmissing-prototypes -Wmissing-field-initializers -fno-strict-aliasing -Wswitch-bool -Wlogical-not-parentheses -Wsizeof-array-argument -Wbool-compare -Wshift-negative-value -Wduplicated-cond -Wshadow -Wmultistatement-macros -Wcast-align=strict    -g -O2 -MT ofproto/ofproto_libofproto_la-ofproto-dpif-sflow.lo -MD -MP -MF ofproto/.deps/ofproto_libofproto_la-ofproto-dpif-sflow.Tpo -c -o ofproto/ofproto_libofproto_la-ofproto-dpif-sflow.lo `test -f 'ofproto/ofproto-dpif-sflow.c' || echo './'`ofproto/ofproto-dpif-sflow.c
libtool: compile:  gcc -DHAVE_CONFIG_H -I. -I ./include -I ./include -I ./lib -I ./lib -Wstrict-prototypes -Wall -Wextra -Wno-sign-compare -Wpointer-arith -Wformat -Wformat-security -Wswitch-enum -Wunused-parameter -Wbad-function-cast -Wcast-align -Wstrict-prototypes -Wold-style-definition -Wmissing-prototypes -Wmissing-field-initializers -fno-strict-aliasing -Wswitch-bool -Wlogical-not-parentheses -Wsizeof-array-argument -Wbool-compare -Wshift-negative-value -Wduplicated-cond -Wshadow -Wmultistatement-macros -Wcast-align=strict -g -O2 -MT ofproto/ofproto_libofproto_la-ofproto-dpif-rid.lo -MD -MP -MF ofproto/.deps/ofproto_libofproto_la-ofproto-dpif-rid.Tpo -c ofproto/ofproto-dpif-rid.c -o ofproto/ofproto_libofproto_la-ofproto-dpif-rid.o
libtool: compile:  gcc -DHAVE_CONFIG_H -I. -I ./include -I ./include -I ./lib -I ./lib -Wstrict-prototypes -Wall -Wextra -Wno-sign-compare -Wpointer-arith -Wformat -Wformat-security -Wswitch-enum -Wunused-parameter -Wbad-function-cast -Wcast-align -Wstrict-prototypes -Wold-style-definition -Wmissing-prototypes -Wmissing-field-initializers -fno-strict-aliasing -Wswitch-bool -Wlogical-not-parentheses -Wsizeof-array-argument -Wbool-compare -Wshift-negative-value -Wduplicated-cond -Wshadow -Wmultistatement-macros -Wcast-align=strict -g -O2 -MT ofproto/ofproto_libofproto_la-ofproto-dpif-sflow.lo -MD -MP -MF ofproto/.deps/ofproto_libofproto_la-ofproto-dpif-sflow.Tpo -c ofproto/ofproto-dpif-sflow.c -o ofproto/ofproto_libofproto_la-ofproto-dpif-sflow.o
mv -f ofproto/.deps/ofproto_libofproto_la-ofproto-dpif-mirror.Tpo ofproto/.deps/ofproto_libofproto_la-ofproto-dpif-mirror.Plo
/bin/bash ./libtool  --tag=CC   --mode=compile gcc -DHAVE_CONFIG_H -I.    -I ./include -I ./include -I ./lib -I ./lib    -Wstrict-prototypes -Wall -Wextra -Wno-sign-compare -Wpointer-arith -Wformat -Wformat-security -Wswitch-enum -Wunused-parameter -Wbad-function-cast -Wcast-align -Wstrict-prototypes -Wold-style-definition -Wmissing-prototypes -Wmissing-field-initializers -fno-strict-aliasing -Wswitch-bool -Wlogical-not-parentheses -Wsizeof-array-argument -Wbool-compare -Wshift-negative-value -Wduplicated-cond -Wshadow -Wmultistatement-macros -Wcast-align=strict    -g -O2 -MT ofproto/ofproto_libofproto_la-ofproto-dpif-trace.lo -MD -MP -MF ofproto/.deps/ofproto_libofproto_la-ofproto-dpif-trace.Tpo -c -o ofproto/ofproto_libofproto_la-ofproto-dpif-trace.lo `test -f 'ofproto/ofproto-dpif-trace.c' || echo './'`ofproto/ofproto-dpif-trace.c
libtool: compile:  gcc -DHAVE_CONFIG_H -I. -I ./include -I ./include -I ./lib -I ./lib -Wstrict-prototypes -Wall -Wextra -Wno-sign-compare -Wpointer-arith -Wformat -Wformat-security -Wswitch-enum -Wunused-parameter -Wbad-function-cast -Wcast-align -Wstrict-prototypes -Wold-style-definition -Wmissing-prototypes -Wmissing-field-initializers -fno-strict-aliasing -Wswitch-bool -Wlogical-not-parentheses -Wsizeof-array-argument -Wbool-compare -Wshift-negative-value -Wduplicated-cond -Wshadow -Wmultistatement-macros -Wcast-align=strict -g -O2 -MT ofproto/ofproto_libofproto_la-ofproto-dpif-trace.lo -MD -MP -MF ofproto/.deps/ofproto_libofproto_la-ofproto-dpif-trace.Tpo -c ofproto/ofproto-dpif-trace.c -o ofproto/ofproto_libofproto_la-ofproto-dpif-trace.o
mv -f ofproto/.deps/ofproto_libofproto_la-ofproto-dpif-monitor.Tpo ofproto/.deps/ofproto_libofproto_la-ofproto-dpif-monitor.Plo
/bin/bash ./libtool  --tag=CC   --mode=compile gcc -DHAVE_CONFIG_H -I.    -I ./include -I ./include -I ./lib -I ./lib    -Wstrict-prototypes -Wall -Wextra -Wno-sign-compare -Wpointer-arith -Wformat -Wformat-security -Wswitch-enum -Wunused-parameter -Wbad-function-cast -Wcast-align -Wstrict-prototypes -Wold-style-definition -Wmissing-prototypes -Wmissing-field-initializers -fno-strict-aliasing -Wswitch-bool -Wlogical-not-parentheses -Wsizeof-array-argument -Wbool-compare -Wshift-negative-value -Wduplicated-cond -Wshadow -Wmultistatement-macros -Wcast-align=strict    -g -O2 -MT ofproto/ofproto_libofproto_la-ofproto-dpif-upcall.lo -MD -MP -MF ofproto/.deps/ofproto_libofproto_la-ofproto-dpif-upcall.Tpo -c -o ofproto/ofproto_libofproto_la-ofproto-dpif-upcall.lo `test -f 'ofproto/ofproto-dpif-upcall.c' || echo './'`ofproto/ofproto-dpif-upcall.c
libtool: compile:  gcc -DHAVE_CONFIG_H -I. -I ./include -I ./include -I ./lib -I ./lib -Wstrict-prototypes -Wall -Wextra -Wno-sign-compare -Wpointer-arith -Wformat -Wformat-security -Wswitch-enum -Wunused-parameter -Wbad-function-cast -Wcast-align -Wstrict-prototypes -Wold-style-definition -Wmissing-prototypes -Wmissing-field-initializers -fno-strict-aliasing -Wswitch-bool -Wlogical-not-parentheses -Wsizeof-array-argument -Wbool-compare -Wshift-negative-value -Wduplicated-cond -Wshadow -Wmultistatement-macros -Wcast-align=strict -g -O2 -MT ofproto/ofproto_libofproto_la-ofproto-dpif-upcall.lo -MD -MP -MF ofproto/.deps/ofproto_libofproto_la-ofproto-dpif-upcall.Tpo -c ofproto/ofproto-dpif-upcall.c -o ofproto/ofproto_libofproto_la-ofproto-dpif-upcall.o
mv -f ofproto/.deps/ofproto_libofproto_la-ofproto-dpif-rid.Tpo ofproto/.deps/ofproto_libofproto_la-ofproto-dpif-rid.Plo
/bin/bash ./libtool  --tag=CC   --mode=compile gcc -DHAVE_CONFIG_H -I.    -I ./include -I ./include -I ./lib -I ./lib    -Wstrict-prototypes -Wall -Wextra -Wno-sign-compare -Wpointer-arith -Wformat -Wformat-security -Wswitch-enum -Wunused-parameter -Wbad-function-cast -Wcast-align -Wstrict-prototypes -Wold-style-definition -Wmissing-prototypes -Wmissing-field-initializers -fno-strict-aliasing -Wswitch-bool -Wlogical-not-parentheses -Wsizeof-array-argument -Wbool-compare -Wshift-negative-value -Wduplicated-cond -Wshadow -Wmultistatement-macros -Wcast-align=strict    -g -O2 -MT ofproto/ofproto_libofproto_la-ofproto-dpif-xlate.lo -MD -MP -MF ofproto/.deps/ofproto_libofproto_la-ofproto-dpif-xlate.Tpo -c -o ofproto/ofproto_libofproto_la-ofproto-dpif-xlate.lo `test -f 'ofproto/ofproto-dpif-xlate.c' || echo './'`ofproto/ofproto-dpif-xlate.c
libtool: compile:  gcc -DHAVE_CONFIG_H -I. -I ./include -I ./include -I ./lib -I ./lib -Wstrict-prototypes -Wall -Wextra -Wno-sign-compare -Wpointer-arith -Wformat -Wformat-security -Wswitch-enum -Wunused-parameter -Wbad-function-cast -Wcast-align -Wstrict-prototypes -Wold-style-definition -Wmissing-prototypes -Wmissing-field-initializers -fno-strict-aliasing -Wswitch-bool -Wlogical-not-parentheses -Wsizeof-array-argument -Wbool-compare -Wshift-negative-value -Wduplicated-cond -Wshadow -Wmultistatement-macros -Wcast-align=strict -g -O2 -MT ofproto/ofproto_libofproto_la-ofproto-dpif-xlate.lo -MD -MP -MF ofproto/.deps/ofproto_libofproto_la-ofproto-dpif-xlate.Tpo -c ofproto/ofproto-dpif-xlate.c -o ofproto/ofproto_libofproto_la-ofproto-dpif-xlate.o
mv -f ofproto/.deps/ofproto_libofproto_la-ofproto-dpif-sflow.Tpo ofproto/.deps/ofproto_libofproto_la-ofproto-dpif-sflow.Plo
/bin/bash ./libtool  --tag=CC   --mode=compile gcc -DHAVE_CONFIG_H -I.    -I ./include -I ./include -I ./lib -I ./lib    -Wstrict-prototypes -Wall -Wextra -Wno-sign-compare -Wpointer-arith -Wformat -Wformat-security -Wswitch-enum -Wunused-parameter -Wbad-function-cast -Wcast-align -Wstrict-prototypes -Wold-style-definition -Wmissing-prototypes -Wmissing-field-initializers -fno-strict-aliasing -Wswitch-bool -Wlogical-not-parentheses -Wsizeof-array-argument -Wbool-compare -Wshift-negative-value -Wduplicated-cond -Wshadow -Wmultistatement-macros -Wcast-align=strict    -g -O2 -MT ofproto/ofproto_libofproto_la-ofproto-dpif-xlate-cache.lo -MD -MP -MF ofproto/.deps/ofproto_libofproto_la-ofproto-dpif-xlate-cache.Tpo -c -o ofproto/ofproto_libofproto_la-ofproto-dpif-xlate-cache.lo `test -f 'ofproto/ofproto-dpif-xlate-cache.c' || echo './'`ofproto/ofproto-dpif-xlate-cache.c
libtool: compile:  gcc -DHAVE_CONFIG_H -I. -I ./include -I ./include -I ./lib -I ./lib -Wstrict-prototypes -Wall -Wextra -Wno-sign-compare -Wpointer-arith -Wformat -Wformat-security -Wswitch-enum -Wunused-parameter -Wbad-function-cast -Wcast-align -Wstrict-prototypes -Wold-style-definition -Wmissing-prototypes -Wmissing-field-initializers -fno-strict-aliasing -Wswitch-bool -Wlogical-not-parentheses -Wsizeof-array-argument -Wbool-compare -Wshift-negative-value -Wduplicated-cond -Wshadow -Wmultistatement-macros -Wcast-align=strict -g -O2 -MT ofproto/ofproto_libofproto_la-ofproto-dpif-xlate-cache.lo -MD -MP -MF ofproto/.deps/ofproto_libofproto_la-ofproto-dpif-xlate-cache.Tpo -c ofproto/ofproto-dpif-xlate-cache.c -o ofproto/ofproto_libofproto_la-ofproto-dpif-xlate-cache.o
mv -f ofproto/.deps/ofproto_libofproto_la-ofproto-dpif-trace.Tpo ofproto/.deps/ofproto_libofproto_la-ofproto-dpif-trace.Plo
/bin/bash ./libtool  --tag=CC   --mode=compile gcc -DHAVE_CONFIG_H -I.    -I ./include -I ./include -I ./lib -I ./lib    -Wstrict-prototypes -Wall -Wextra -Wno-sign-compare -Wpointer-arith -Wformat -Wformat-security -Wswitch-enum -Wunused-parameter -Wbad-function-cast -Wcast-align -Wstrict-prototypes -Wold-style-definition -Wmissing-prototypes -Wmissing-field-initializers -fno-strict-aliasing -Wswitch-bool -Wlogical-not-parentheses -Wsizeof-array-argument -Wbool-compare -Wshift-negative-value -Wduplicated-cond -Wshadow -Wmultistatement-macros -Wcast-align=strict    -g -O2 -MT ofproto/ofproto_libofproto_la-pinsched.lo -MD -MP -MF ofproto/.deps/ofproto_libofproto_la-pinsched.Tpo -c -o ofproto/ofproto_libofproto_la-pinsched.lo `test -f 'ofproto/pinsched.c' || echo './'`ofproto/pinsched.c
libtool: compile:  gcc -DHAVE_CONFIG_H -I. -I ./include -I ./include -I ./lib -I ./lib -Wstrict-prototypes -Wall -Wextra -Wno-sign-compare -Wpointer-arith -Wformat -Wformat-security -Wswitch-enum -Wunused-parameter -Wbad-function-cast -Wcast-align -Wstrict-prototypes -Wold-style-definition -Wmissing-prototypes -Wmissing-field-initializers -fno-strict-aliasing -Wswitch-bool -Wlogical-not-parentheses -Wsizeof-array-argument -Wbool-compare -Wshift-negative-value -Wduplicated-cond -Wshadow -Wmultistatement-macros -Wcast-align=strict -g -O2 -MT ofproto/ofproto_libofproto_la-pinsched.lo -MD -MP -MF ofproto/.deps/ofproto_libofproto_la-pinsched.Tpo -c ofproto/pinsched.c -o ofproto/ofproto_libofproto_la-pinsched.o
mv -f ofproto/.deps/ofproto_libofproto_la-pinsched.Tpo ofproto/.deps/ofproto_libofproto_la-pinsched.Plo
/bin/bash ./libtool  --tag=CC   --mode=compile gcc -DHAVE_CONFIG_H -I.    -I ./include -I ./include -I ./lib -I ./lib    -Wstrict-prototypes -Wall -Wextra -Wno-sign-compare -Wpointer-arith -Wformat -Wformat-security -Wswitch-enum -Wunused-parameter -Wbad-function-cast -Wcast-align -Wstrict-prototypes -Wold-style-definition -Wmissing-prototypes -Wmissing-field-initializers -fno-strict-aliasing -Wswitch-bool -Wlogical-not-parentheses -Wsizeof-array-argument -Wbool-compare -Wshift-negative-value -Wduplicated-cond -Wshadow -Wmultistatement-macros -Wcast-align=strict    -g -O2 -MT ofproto/ofproto_libofproto_la-tunnel.lo -MD -MP -MF ofproto/.deps/ofproto_libofproto_la-tunnel.Tpo -c -o ofproto/ofproto_libofproto_la-tunnel.lo `test -f 'ofproto/tunnel.c' || echo './'`ofproto/tunnel.c
mv -f ofproto/.deps/ofproto_libofproto_la-ofproto-dpif-xlate-cache.Tpo ofproto/.deps/ofproto_libofproto_la-ofproto-dpif-xlate-cache.Plo
/bin/bash ./libtool  --tag=CC   --mode=compile gcc -DHAVE_CONFIG_H -I.    -I ./include -I ./include -I ./lib -I ./lib    -Wstrict-prototypes -Wall -Wextra -Wno-sign-compare -Wpointer-arith -Wformat -Wformat-security -Wswitch-enum -Wunused-parameter -Wbad-function-cast -Wcast-align -Wstrict-prototypes -Wold-style-definition -Wmissing-prototypes -Wmissing-field-initializers -fno-strict-aliasing -Wswitch-bool -Wlogical-not-parentheses -Wsizeof-array-argument -Wbool-compare -Wshift-negative-value -Wduplicated-cond -Wshadow -Wmultistatement-macros -Wcast-align=strict    -g -O2 -MT ofproto/ofproto_libofproto_la-bundles.lo -MD -MP -MF ofproto/.deps/ofproto_libofproto_la-bundles.Tpo -c -o ofproto/ofproto_libofproto_la-bundles.lo `test -f 'ofproto/bundles.c' || echo './'`ofproto/bundles.c
libtool: compile:  gcc -DHAVE_CONFIG_H -I. -I ./include -I ./include -I ./lib -I ./lib -Wstrict-prototypes -Wall -Wextra -Wno-sign-compare -Wpointer-arith -Wformat -Wformat-security -Wswitch-enum -Wunused-parameter -Wbad-function-cast -Wcast-align -Wstrict-prototypes -Wold-style-definition -Wmissing-prototypes -Wmissing-field-initializers -fno-strict-aliasing -Wswitch-bool -Wlogical-not-parentheses -Wsizeof-array-argument -Wbool-compare -Wshift-negative-value -Wduplicated-cond -Wshadow -Wmultistatement-macros -Wcast-align=strict -g -O2 -MT ofproto/ofproto_libofproto_la-tunnel.lo -MD -MP -MF ofproto/.deps/ofproto_libofproto_la-tunnel.Tpo -c ofproto/tunnel.c -o ofproto/ofproto_libofproto_la-tunnel.o
libtool: compile:  gcc -DHAVE_CONFIG_H -I. -I ./include -I ./include -I ./lib -I ./lib -Wstrict-prototypes -Wall -Wextra -Wno-sign-compare -Wpointer-arith -Wformat -Wformat-security -Wswitch-enum -Wunused-parameter -Wbad-function-cast -Wcast-align -Wstrict-prototypes -Wold-style-definition -Wmissing-prototypes -Wmissing-field-initializers -fno-strict-aliasing -Wswitch-bool -Wlogical-not-parentheses -Wsizeof-array-argument -Wbool-compare -Wshift-negative-value -Wduplicated-cond -Wshadow -Wmultistatement-macros -Wcast-align=strict -g -O2 -MT ofproto/ofproto_libofproto_la-bundles.lo -MD -MP -MF ofproto/.deps/ofproto_libofproto_la-bundles.Tpo -c ofproto/bundles.c -o ofproto/ofproto_libofproto_la-bundles.o
mv -f ofproto/.deps/ofproto_libofproto_la-ofproto-dpif-upcall.Tpo ofproto/.deps/ofproto_libofproto_la-ofproto-dpif-upcall.Plo
/bin/bash ./libtool  --tag=CC   --mode=compile gcc -DHAVE_CONFIG_H -I.    -I ./include -I ./include -I ./lib -I ./lib    -Wstrict-prototypes -Wall -Wextra -Wno-sign-compare -Wpointer-arith -Wformat -Wformat-security -Wswitch-enum -Wunused-parameter -Wbad-function-cast -Wcast-align -Wstrict-prototypes -Wold-style-definition -Wmissing-prototypes -Wmissing-field-initializers -fno-strict-aliasing -Wswitch-bool -Wlogical-not-parentheses -Wsizeof-array-argument -Wbool-compare -Wshift-negative-value -Wduplicated-cond -Wshadow -Wmultistatement-macros -Wcast-align=strict    -g -O2 -MT ovsdb/ovsdb_libovsdb_la-column.lo -MD -MP -MF ovsdb/.deps/ovsdb_libovsdb_la-column.Tpo -c -o ovsdb/ovsdb_libovsdb_la-column.lo `test -f 'ovsdb/column.c' || echo './'`ovsdb/column.c
libtool: compile:  gcc -DHAVE_CONFIG_H -I. -I ./include -I ./include -I ./lib -I ./lib -Wstrict-prototypes -Wall -Wextra -Wno-sign-compare -Wpointer-arith -Wformat -Wformat-security -Wswitch-enum -Wunused-parameter -Wbad-function-cast -Wcast-align -Wstrict-prototypes -Wold-style-definition -Wmissing-prototypes -Wmissing-field-initializers -fno-strict-aliasing -Wswitch-bool -Wlogical-not-parentheses -Wsizeof-array-argument -Wbool-compare -Wshift-negative-value -Wduplicated-cond -Wshadow -Wmultistatement-macros -Wcast-align=strict -g -O2 -MT ovsdb/ovsdb_libovsdb_la-column.lo -MD -MP -MF ovsdb/.deps/ovsdb_libovsdb_la-column.Tpo -c ovsdb/column.c -o ovsdb/ovsdb_libovsdb_la-column.o
mv -f ofproto/.deps/ofproto_libofproto_la-bundles.Tpo ofproto/.deps/ofproto_libofproto_la-bundles.Plo
/bin/bash ./libtool  --tag=CC   --mode=compile gcc -DHAVE_CONFIG_H -I.    -I ./include -I ./include -I ./lib -I ./lib    -Wstrict-prototypes -Wall -Wextra -Wno-sign-compare -Wpointer-arith -Wformat -Wformat-security -Wswitch-enum -Wunused-parameter -Wbad-function-cast -Wcast-align -Wstrict-prototypes -Wold-style-definition -Wmissing-prototypes -Wmissing-field-initializers -fno-strict-aliasing -Wswitch-bool -Wlogical-not-parentheses -Wsizeof-array-argument -Wbool-compare -Wshift-negative-value -Wduplicated-cond -Wshadow -Wmultistatement-macros -Wcast-align=strict    -g -O2 -MT ovsdb/ovsdb_libovsdb_la-condition.lo -MD -MP -MF ovsdb/.deps/ovsdb_libovsdb_la-condition.Tpo -c -o ovsdb/ovsdb_libovsdb_la-condition.lo `test -f 'ovsdb/condition.c' || echo './'`ovsdb/condition.c
mv -f ovsdb/.deps/ovsdb_libovsdb_la-column.Tpo ovsdb/.deps/ovsdb_libovsdb_la-column.Plo
/bin/bash ./libtool  --tag=CC   --mode=compile gcc -DHAVE_CONFIG_H -I.    -I ./include -I ./include -I ./lib -I ./lib    -Wstrict-prototypes -Wall -Wextra -Wno-sign-compare -Wpointer-arith -Wformat -Wformat-security -Wswitch-enum -Wunused-parameter -Wbad-function-cast -Wcast-align -Wstrict-prototypes -Wold-style-definition -Wmissing-prototypes -Wmissing-field-initializers -fno-strict-aliasing -Wswitch-bool -Wlogical-not-parentheses -Wsizeof-array-argument -Wbool-compare -Wshift-negative-value -Wduplicated-cond -Wshadow -Wmultistatement-macros -Wcast-align=strict    -g -O2 -MT ovsdb/ovsdb_libovsdb_la-execution.lo -MD -MP -MF ovsdb/.deps/ovsdb_libovsdb_la-execution.Tpo -c -o ovsdb/ovsdb_libovsdb_la-execution.lo `test -f 'ovsdb/execution.c' || echo './'`ovsdb/execution.c
libtool: compile:  gcc -DHAVE_CONFIG_H -I. -I ./include -I ./include -I ./lib -I ./lib -Wstrict-prototypes -Wall -Wextra -Wno-sign-compare -Wpointer-arith -Wformat -Wformat-security -Wswitch-enum -Wunused-parameter -Wbad-function-cast -Wcast-align -Wstrict-prototypes -Wold-style-definition -Wmissing-prototypes -Wmissing-field-initializers -fno-strict-aliasing -Wswitch-bool -Wlogical-not-parentheses -Wsizeof-array-argument -Wbool-compare -Wshift-negative-value -Wduplicated-cond -Wshadow -Wmultistatement-macros -Wcast-align=strict -g -O2 -MT ovsdb/ovsdb_libovsdb_la-condition.lo -MD -MP -MF ovsdb/.deps/ovsdb_libovsdb_la-condition.Tpo -c ovsdb/condition.c -o ovsdb/ovsdb_libovsdb_la-condition.o
libtool: compile:  gcc -DHAVE_CONFIG_H -I. -I ./include -I ./include -I ./lib -I ./lib -Wstrict-prototypes -Wall -Wextra -Wno-sign-compare -Wpointer-arith -Wformat -Wformat-security -Wswitch-enum -Wunused-parameter -Wbad-function-cast -Wcast-align -Wstrict-prototypes -Wold-style-definition -Wmissing-prototypes -Wmissing-field-initializers -fno-strict-aliasing -Wswitch-bool -Wlogical-not-parentheses -Wsizeof-array-argument -Wbool-compare -Wshift-negative-value -Wduplicated-cond -Wshadow -Wmultistatement-macros -Wcast-align=strict -g -O2 -MT ovsdb/ovsdb_libovsdb_la-execution.lo -MD -MP -MF ovsdb/.deps/ovsdb_libovsdb_la-execution.Tpo -c ovsdb/execution.c -o ovsdb/ovsdb_libovsdb_la-execution.o
mv -f ofproto/.deps/ofproto_libofproto_la-tunnel.Tpo ofproto/.deps/ofproto_libofproto_la-tunnel.Plo
/bin/bash ./libtool  --tag=CC   --mode=compile gcc -DHAVE_CONFIG_H -I.    -I ./include -I ./include -I ./lib -I ./lib    -Wstrict-prototypes -Wall -Wextra -Wno-sign-compare -Wpointer-arith -Wformat -Wformat-security -Wswitch-enum -Wunused-parameter -Wbad-function-cast -Wcast-align -Wstrict-prototypes -Wold-style-definition -Wmissing-prototypes -Wmissing-field-initializers -fno-strict-aliasing -Wswitch-bool -Wlogical-not-parentheses -Wsizeof-array-argument -Wbool-compare -Wshift-negative-value -Wduplicated-cond -Wshadow -Wmultistatement-macros -Wcast-align=strict    -g -O2 -MT ovsdb/ovsdb_libovsdb_la-file.lo -MD -MP -MF ovsdb/.deps/ovsdb_libovsdb_la-file.Tpo -c -o ovsdb/ovsdb_libovsdb_la-file.lo `test -f 'ovsdb/file.c' || echo './'`ovsdb/file.c
libtool: compile:  gcc -DHAVE_CONFIG_H -I. -I ./include -I ./include -I ./lib -I ./lib -Wstrict-prototypes -Wall -Wextra -Wno-sign-compare -Wpointer-arith -Wformat -Wformat-security -Wswitch-enum -Wunused-parameter -Wbad-function-cast -Wcast-align -Wstrict-prototypes -Wold-style-definition -Wmissing-prototypes -Wmissing-field-initializers -fno-strict-aliasing -Wswitch-bool -Wlogical-not-parentheses -Wsizeof-array-argument -Wbool-compare -Wshift-negative-value -Wduplicated-cond -Wshadow -Wmultistatement-macros -Wcast-align=strict -g -O2 -MT ovsdb/ovsdb_libovsdb_la-file.lo -MD -MP -MF ovsdb/.deps/ovsdb_libovsdb_la-file.Tpo -c ovsdb/file.c -o ovsdb/ovsdb_libovsdb_la-file.o
mv -f ovsdb/.deps/ovsdb_libovsdb_la-condition.Tpo ovsdb/.deps/ovsdb_libovsdb_la-condition.Plo
/bin/bash ./libtool  --tag=CC   --mode=compile gcc -DHAVE_CONFIG_H -I.    -I ./include -I ./include -I ./lib -I ./lib    -Wstrict-prototypes -Wall -Wextra -Wno-sign-compare -Wpointer-arith -Wformat -Wformat-security -Wswitch-enum -Wunused-parameter -Wbad-function-cast -Wcast-align -Wstrict-prototypes -Wold-style-definition -Wmissing-prototypes -Wmissing-field-initializers -fno-strict-aliasing -Wswitch-bool -Wlogical-not-parentheses -Wsizeof-array-argument -Wbool-compare -Wshift-negative-value -Wduplicated-cond -Wshadow -Wmultistatement-macros -Wcast-align=strict    -g -O2 -MT ovsdb/ovsdb_libovsdb_la-jsonrpc-server.lo -MD -MP -MF ovsdb/.deps/ovsdb_libovsdb_la-jsonrpc-server.Tpo -c -o ovsdb/ovsdb_libovsdb_la-jsonrpc-server.lo `test -f 'ovsdb/jsonrpc-server.c' || echo './'`ovsdb/jsonrpc-server.c
libtool: compile:  gcc -DHAVE_CONFIG_H -I. -I ./include -I ./include -I ./lib -I ./lib -Wstrict-prototypes -Wall -Wextra -Wno-sign-compare -Wpointer-arith -Wformat -Wformat-security -Wswitch-enum -Wunused-parameter -Wbad-function-cast -Wcast-align -Wstrict-prototypes -Wold-style-definition -Wmissing-prototypes -Wmissing-field-initializers -fno-strict-aliasing -Wswitch-bool -Wlogical-not-parentheses -Wsizeof-array-argument -Wbool-compare -Wshift-negative-value -Wduplicated-cond -Wshadow -Wmultistatement-macros -Wcast-align=strict -g -O2 -MT ovsdb/ovsdb_libovsdb_la-jsonrpc-server.lo -MD -MP -MF ovsdb/.deps/ovsdb_libovsdb_la-jsonrpc-server.Tpo -c ovsdb/jsonrpc-server.c -o ovsdb/ovsdb_libovsdb_la-jsonrpc-server.o
mv -f ovsdb/.deps/ovsdb_libovsdb_la-execution.Tpo ovsdb/.deps/ovsdb_libovsdb_la-execution.Plo
/bin/bash ./libtool  --tag=CC   --mode=compile gcc -DHAVE_CONFIG_H -I.    -I ./include -I ./include -I ./lib -I ./lib    -Wstrict-prototypes -Wall -Wextra -Wno-sign-compare -Wpointer-arith -Wformat -Wformat-security -Wswitch-enum -Wunused-parameter -Wbad-function-cast -Wcast-align -Wstrict-prototypes -Wold-style-definition -Wmissing-prototypes -Wmissing-field-initializers -fno-strict-aliasing -Wswitch-bool -Wlogical-not-parentheses -Wsizeof-array-argument -Wbool-compare -Wshift-negative-value -Wduplicated-cond -Wshadow -Wmultistatement-macros -Wcast-align=strict    -g -O2 -MT ovsdb/ovsdb_libovsdb_la-log.lo -MD -MP -MF ovsdb/.deps/ovsdb_libovsdb_la-log.Tpo -c -o ovsdb/ovsdb_libovsdb_la-log.lo `test -f 'ovsdb/log.c' || echo './'`ovsdb/log.c
libtool: compile:  gcc -DHAVE_CONFIG_H -I. -I ./include -I ./include -I ./lib -I ./lib -Wstrict-prototypes -Wall -Wextra -Wno-sign-compare -Wpointer-arith -Wformat -Wformat-security -Wswitch-enum -Wunused-parameter -Wbad-function-cast -Wcast-align -Wstrict-prototypes -Wold-style-definition -Wmissing-prototypes -Wmissing-field-initializers -fno-strict-aliasing -Wswitch-bool -Wlogical-not-parentheses -Wsizeof-array-argument -Wbool-compare -Wshift-negative-value -Wduplicated-cond -Wshadow -Wmultistatement-macros -Wcast-align=strict -g -O2 -MT ovsdb/ovsdb_libovsdb_la-log.lo -MD -MP -MF ovsdb/.deps/ovsdb_libovsdb_la-log.Tpo -c ovsdb/log.c -o ovsdb/ovsdb_libovsdb_la-log.o
mv -f ovsdb/.deps/ovsdb_libovsdb_la-file.Tpo ovsdb/.deps/ovsdb_libovsdb_la-file.Plo
/bin/bash ./libtool  --tag=CC   --mode=compile gcc -DHAVE_CONFIG_H -I.    -I ./include -I ./include -I ./lib -I ./lib    -Wstrict-prototypes -Wall -Wextra -Wno-sign-compare -Wpointer-arith -Wformat -Wformat-security -Wswitch-enum -Wunused-parameter -Wbad-function-cast -Wcast-align -Wstrict-prototypes -Wold-style-definition -Wmissing-prototypes -Wmissing-field-initializers -fno-strict-aliasing -Wswitch-bool -Wlogical-not-parentheses -Wsizeof-array-argument -Wbool-compare -Wshift-negative-value -Wduplicated-cond -Wshadow -Wmultistatement-macros -Wcast-align=strict    -g -O2 -MT ovsdb/ovsdb_libovsdb_la-mutation.lo -MD -MP -MF ovsdb/.deps/ovsdb_libovsdb_la-mutation.Tpo -c -o ovsdb/ovsdb_libovsdb_la-mutation.lo `test -f 'ovsdb/mutation.c' || echo './'`ovsdb/mutation.c
mv -f ofproto/.deps/ofproto_libofproto_la-ofproto-dpif-xlate.Tpo ofproto/.deps/ofproto_libofproto_la-ofproto-dpif-xlate.Plo
libtool: compile:  gcc -DHAVE_CONFIG_H -I. -I ./include -I ./include -I ./lib -I ./lib -Wstrict-prototypes -Wall -Wextra -Wno-sign-compare -Wpointer-arith -Wformat -Wformat-security -Wswitch-enum -Wunused-parameter -Wbad-function-cast -Wcast-align -Wstrict-prototypes -Wold-style-definition -Wmissing-prototypes -Wmissing-field-initializers -fno-strict-aliasing -Wswitch-bool -Wlogical-not-parentheses -Wsizeof-array-argument -Wbool-compare -Wshift-negative-value -Wduplicated-cond -Wshadow -Wmultistatement-macros -Wcast-align=strict -g -O2 -MT ovsdb/ovsdb_libovsdb_la-mutation.lo -MD -MP -MF ovsdb/.deps/ovsdb_libovsdb_la-mutation.Tpo -c ovsdb/mutation.c -o ovsdb/ovsdb_libovsdb_la-mutation.o
/bin/bash ./libtool  --tag=CC   --mode=compile gcc -DHAVE_CONFIG_H -I.    -I ./include -I ./include -I ./lib -I ./lib    -Wstrict-prototypes -Wall -Wextra -Wno-sign-compare -Wpointer-arith -Wformat -Wformat-security -Wswitch-enum -Wunused-parameter -Wbad-function-cast -Wcast-align -Wstrict-prototypes -Wold-style-definition -Wmissing-prototypes -Wmissing-field-initializers -fno-strict-aliasing -Wswitch-bool -Wlogical-not-parentheses -Wsizeof-array-argument -Wbool-compare -Wshift-negative-value -Wduplicated-cond -Wshadow -Wmultistatement-macros -Wcast-align=strict    -g -O2 -MT ovsdb/ovsdb_libovsdb_la-ovsdb.lo -MD -MP -MF ovsdb/.deps/ovsdb_libovsdb_la-ovsdb.Tpo -c -o ovsdb/ovsdb_libovsdb_la-ovsdb.lo `test -f 'ovsdb/ovsdb.c' || echo './'`ovsdb/ovsdb.c
libtool: compile:  gcc -DHAVE_CONFIG_H -I. -I ./include -I ./include -I ./lib -I ./lib -Wstrict-prototypes -Wall -Wextra -Wno-sign-compare -Wpointer-arith -Wformat -Wformat-security -Wswitch-enum -Wunused-parameter -Wbad-function-cast -Wcast-align -Wstrict-prototypes -Wold-style-definition -Wmissing-prototypes -Wmissing-field-initializers -fno-strict-aliasing -Wswitch-bool -Wlogical-not-parentheses -Wsizeof-array-argument -Wbool-compare -Wshift-negative-value -Wduplicated-cond -Wshadow -Wmultistatement-macros -Wcast-align=strict -g -O2 -MT ovsdb/ovsdb_libovsdb_la-ovsdb.lo -MD -MP -MF ovsdb/.deps/ovsdb_libovsdb_la-ovsdb.Tpo -c ovsdb/ovsdb.c -o ovsdb/ovsdb_libovsdb_la-ovsdb.o
mv -f ovsdb/.deps/ovsdb_libovsdb_la-log.Tpo ovsdb/.deps/ovsdb_libovsdb_la-log.Plo
mv -f ovsdb/.deps/ovsdb_libovsdb_la-mutation.Tpo ovsdb/.deps/ovsdb_libovsdb_la-mutation.Plo
/bin/bash ./libtool  --tag=CC   --mode=compile gcc -DHAVE_CONFIG_H -I.    -I ./include -I ./include -I ./lib -I ./lib    -Wstrict-prototypes -Wall -Wextra -Wno-sign-compare -Wpointer-arith -Wformat -Wformat-security -Wswitch-enum -Wunused-parameter -Wbad-function-cast -Wcast-align -Wstrict-prototypes -Wold-style-definition -Wmissing-prototypes -Wmissing-field-initializers -fno-strict-aliasing -Wswitch-bool -Wlogical-not-parentheses -Wsizeof-array-argument -Wbool-compare -Wshift-negative-value -Wduplicated-cond -Wshadow -Wmultistatement-macros -Wcast-align=strict    -g -O2 -MT ovsdb/ovsdb_libovsdb_la-monitor.lo -MD -MP -MF ovsdb/.deps/ovsdb_libovsdb_la-monitor.Tpo -c -o ovsdb/ovsdb_libovsdb_la-monitor.lo `test -f 'ovsdb/monitor.c' || echo './'`ovsdb/monitor.c
/bin/bash ./libtool  --tag=CC   --mode=compile gcc -DHAVE_CONFIG_H -I.    -I ./include -I ./include -I ./lib -I ./lib    -Wstrict-prototypes -Wall -Wextra -Wno-sign-compare -Wpointer-arith -Wformat -Wformat-security -Wswitch-enum -Wunused-parameter -Wbad-function-cast -Wcast-align -Wstrict-prototypes -Wold-style-definition -Wmissing-prototypes -Wmissing-field-initializers -fno-strict-aliasing -Wswitch-bool -Wlogical-not-parentheses -Wsizeof-array-argument -Wbool-compare -Wshift-negative-value -Wduplicated-cond -Wshadow -Wmultistatement-macros -Wcast-align=strict    -g -O2 -MT ovsdb/ovsdb_libovsdb_la-query.lo -MD -MP -MF ovsdb/.deps/ovsdb_libovsdb_la-query.Tpo -c -o ovsdb/ovsdb_libovsdb_la-query.lo `test -f 'ovsdb/query.c' || echo './'`ovsdb/query.c
libtool: compile:  gcc -DHAVE_CONFIG_H -I. -I ./include -I ./include -I ./lib -I ./lib -Wstrict-prototypes -Wall -Wextra -Wno-sign-compare -Wpointer-arith -Wformat -Wformat-security -Wswitch-enum -Wunused-parameter -Wbad-function-cast -Wcast-align -Wstrict-prototypes -Wold-style-definition -Wmissing-prototypes -Wmissing-field-initializers -fno-strict-aliasing -Wswitch-bool -Wlogical-not-parentheses -Wsizeof-array-argument -Wbool-compare -Wshift-negative-value -Wduplicated-cond -Wshadow -Wmultistatement-macros -Wcast-align=strict -g -O2 -MT ovsdb/ovsdb_libovsdb_la-monitor.lo -MD -MP -MF ovsdb/.deps/ovsdb_libovsdb_la-monitor.Tpo -c ovsdb/monitor.c -o ovsdb/ovsdb_libovsdb_la-monitor.o
libtool: compile:  gcc -DHAVE_CONFIG_H -I. -I ./include -I ./include -I ./lib -I ./lib -Wstrict-prototypes -Wall -Wextra -Wno-sign-compare -Wpointer-arith -Wformat -Wformat-security -Wswitch-enum -Wunused-parameter -Wbad-function-cast -Wcast-align -Wstrict-prototypes -Wold-style-definition -Wmissing-prototypes -Wmissing-field-initializers -fno-strict-aliasing -Wswitch-bool -Wlogical-not-parentheses -Wsizeof-array-argument -Wbool-compare -Wshift-negative-value -Wduplicated-cond -Wshadow -Wmultistatement-macros -Wcast-align=strict -g -O2 -MT ovsdb/ovsdb_libovsdb_la-query.lo -MD -MP -MF ovsdb/.deps/ovsdb_libovsdb_la-query.Tpo -c ovsdb/query.c -o ovsdb/ovsdb_libovsdb_la-query.o
mv -f ovsdb/.deps/ovsdb_libovsdb_la-jsonrpc-server.Tpo ovsdb/.deps/ovsdb_libovsdb_la-jsonrpc-server.Plo
/bin/bash ./libtool  --tag=CC   --mode=compile gcc -DHAVE_CONFIG_H -I.    -I ./include -I ./include -I ./lib -I ./lib    -Wstrict-prototypes -Wall -Wextra -Wno-sign-compare -Wpointer-arith -Wformat -Wformat-security -Wswitch-enum -Wunused-parameter -Wbad-function-cast -Wcast-align -Wstrict-prototypes -Wold-style-definition -Wmissing-prototypes -Wmissing-field-initializers -fno-strict-aliasing -Wswitch-bool -Wlogical-not-parentheses -Wsizeof-array-argument -Wbool-compare -Wshift-negative-value -Wduplicated-cond -Wshadow -Wmultistatement-macros -Wcast-align=strict    -g -O2 -MT ovsdb/ovsdb_libovsdb_la-raft.lo -MD -MP -MF ovsdb/.deps/ovsdb_libovsdb_la-raft.Tpo -c -o ovsdb/ovsdb_libovsdb_la-raft.lo `test -f 'ovsdb/raft.c' || echo './'`ovsdb/raft.c
libtool: compile:  gcc -DHAVE_CONFIG_H -I. -I ./include -I ./include -I ./lib -I ./lib -Wstrict-prototypes -Wall -Wextra -Wno-sign-compare -Wpointer-arith -Wformat -Wformat-security -Wswitch-enum -Wunused-parameter -Wbad-function-cast -Wcast-align -Wstrict-prototypes -Wold-style-definition -Wmissing-prototypes -Wmissing-field-initializers -fno-strict-aliasing -Wswitch-bool -Wlogical-not-parentheses -Wsizeof-array-argument -Wbool-compare -Wshift-negative-value -Wduplicated-cond -Wshadow -Wmultistatement-macros -Wcast-align=strict -g -O2 -MT ovsdb/ovsdb_libovsdb_la-raft.lo -MD -MP -MF ovsdb/.deps/ovsdb_libovsdb_la-raft.Tpo -c ovsdb/raft.c -o ovsdb/ovsdb_libovsdb_la-raft.o
mv -f ovsdb/.deps/ovsdb_libovsdb_la-ovsdb.Tpo ovsdb/.deps/ovsdb_libovsdb_la-ovsdb.Plo
/bin/bash ./libtool  --tag=CC   --mode=compile gcc -DHAVE_CONFIG_H -I.    -I ./include -I ./include -I ./lib -I ./lib    -Wstrict-prototypes -Wall -Wextra -Wno-sign-compare -Wpointer-arith -Wformat -Wformat-security -Wswitch-enum -Wunused-parameter -Wbad-function-cast -Wcast-align -Wstrict-prototypes -Wold-style-definition -Wmissing-prototypes -Wmissing-field-initializers -fno-strict-aliasing -Wswitch-bool -Wlogical-not-parentheses -Wsizeof-array-argument -Wbool-compare -Wshift-negative-value -Wduplicated-cond -Wshadow -Wmultistatement-macros -Wcast-align=strict    -g -O2 -MT ovsdb/ovsdb_libovsdb_la-raft-private.lo -MD -MP -MF ovsdb/.deps/ovsdb_libovsdb_la-raft-private.Tpo -c -o ovsdb/ovsdb_libovsdb_la-raft-private.lo `test -f 'ovsdb/raft-private.c' || echo './'`ovsdb/raft-private.c
libtool: compile:  gcc -DHAVE_CONFIG_H -I. -I ./include -I ./include -I ./lib -I ./lib -Wstrict-prototypes -Wall -Wextra -Wno-sign-compare -Wpointer-arith -Wformat -Wformat-security -Wswitch-enum -Wunused-parameter -Wbad-function-cast -Wcast-align -Wstrict-prototypes -Wold-style-definition -Wmissing-prototypes -Wmissing-field-initializers -fno-strict-aliasing -Wswitch-bool -Wlogical-not-parentheses -Wsizeof-array-argument -Wbool-compare -Wshift-negative-value -Wduplicated-cond -Wshadow -Wmultistatement-macros -Wcast-align=strict -g -O2 -MT ovsdb/ovsdb_libovsdb_la-raft-private.lo -MD -MP -MF ovsdb/.deps/ovsdb_libovsdb_la-raft-private.Tpo -c ovsdb/raft-private.c -o ovsdb/ovsdb_libovsdb_la-raft-private.o
mv -f ovsdb/.deps/ovsdb_libovsdb_la-query.Tpo ovsdb/.deps/ovsdb_libovsdb_la-query.Plo
/bin/bash ./libtool  --tag=CC   --mode=compile gcc -DHAVE_CONFIG_H -I.    -I ./include -I ./include -I ./lib -I ./lib    -Wstrict-prototypes -Wall -Wextra -Wno-sign-compare -Wpointer-arith -Wformat -Wformat-security -Wswitch-enum -Wunused-parameter -Wbad-function-cast -Wcast-align -Wstrict-prototypes -Wold-style-definition -Wmissing-prototypes -Wmissing-field-initializers -fno-strict-aliasing -Wswitch-bool -Wlogical-not-parentheses -Wsizeof-array-argument -Wbool-compare -Wshift-negative-value -Wduplicated-cond -Wshadow -Wmultistatement-macros -Wcast-align=strict    -g -O2 -MT ovsdb/ovsdb_libovsdb_la-raft-rpc.lo -MD -MP -MF ovsdb/.deps/ovsdb_libovsdb_la-raft-rpc.Tpo -c -o ovsdb/ovsdb_libovsdb_la-raft-rpc.lo `test -f 'ovsdb/raft-rpc.c' || echo './'`ovsdb/raft-rpc.c
libtool: compile:  gcc -DHAVE_CONFIG_H -I. -I ./include -I ./include -I ./lib -I ./lib -Wstrict-prototypes -Wall -Wextra -Wno-sign-compare -Wpointer-arith -Wformat -Wformat-security -Wswitch-enum -Wunused-parameter -Wbad-function-cast -Wcast-align -Wstrict-prototypes -Wold-style-definition -Wmissing-prototypes -Wmissing-field-initializers -fno-strict-aliasing -Wswitch-bool -Wlogical-not-parentheses -Wsizeof-array-argument -Wbool-compare -Wshift-negative-value -Wduplicated-cond -Wshadow -Wmultistatement-macros -Wcast-align=strict -g -O2 -MT ovsdb/ovsdb_libovsdb_la-raft-rpc.lo -MD -MP -MF ovsdb/.deps/ovsdb_libovsdb_la-raft-rpc.Tpo -c ovsdb/raft-rpc.c -o ovsdb/ovsdb_libovsdb_la-raft-rpc.o
mv -f ovsdb/.deps/ovsdb_libovsdb_la-raft-private.Tpo ovsdb/.deps/ovsdb_libovsdb_la-raft-private.Plo
/bin/bash ./libtool  --tag=CC   --mode=compile gcc -DHAVE_CONFIG_H -I.    -I ./include -I ./include -I ./lib -I ./lib    -Wstrict-prototypes -Wall -Wextra -Wno-sign-compare -Wpointer-arith -Wformat -Wformat-security -Wswitch-enum -Wunused-parameter -Wbad-function-cast -Wcast-align -Wstrict-prototypes -Wold-style-definition -Wmissing-prototypes -Wmissing-field-initializers -fno-strict-aliasing -Wswitch-bool -Wlogical-not-parentheses -Wsizeof-array-argument -Wbool-compare -Wshift-negative-value -Wduplicated-cond -Wshadow -Wmultistatement-macros -Wcast-align=strict    -g -O2 -MT ovsdb/ovsdb_libovsdb_la-rbac.lo -MD -MP -MF ovsdb/.deps/ovsdb_libovsdb_la-rbac.Tpo -c -o ovsdb/ovsdb_libovsdb_la-rbac.lo `test -f 'ovsdb/rbac.c' || echo './'`ovsdb/rbac.c
mv -f ovsdb/.deps/ovsdb_libovsdb_la-monitor.Tpo ovsdb/.deps/ovsdb_libovsdb_la-monitor.Plo
/bin/bash ./libtool  --tag=CC   --mode=compile gcc -DHAVE_CONFIG_H -I.    -I ./include -I ./include -I ./lib -I ./lib    -Wstrict-prototypes -Wall -Wextra -Wno-sign-compare -Wpointer-arith -Wformat -Wformat-security -Wswitch-enum -Wunused-parameter -Wbad-function-cast -Wcast-align -Wstrict-prototypes -Wold-style-definition -Wmissing-prototypes -Wmissing-field-initializers -fno-strict-aliasing -Wswitch-bool -Wlogical-not-parentheses -Wsizeof-array-argument -Wbool-compare -Wshift-negative-value -Wduplicated-cond -Wshadow -Wmultistatement-macros -Wcast-align=strict    -g -O2 -MT ovsdb/ovsdb_libovsdb_la-replication.lo -MD -MP -MF ovsdb/.deps/ovsdb_libovsdb_la-replication.Tpo -c -o ovsdb/ovsdb_libovsdb_la-replication.lo `test -f 'ovsdb/replication.c' || echo './'`ovsdb/replication.c
libtool: compile:  gcc -DHAVE_CONFIG_H -I. -I ./include -I ./include -I ./lib -I ./lib -Wstrict-prototypes -Wall -Wextra -Wno-sign-compare -Wpointer-arith -Wformat -Wformat-security -Wswitch-enum -Wunused-parameter -Wbad-function-cast -Wcast-align -Wstrict-prototypes -Wold-style-definition -Wmissing-prototypes -Wmissing-field-initializers -fno-strict-aliasing -Wswitch-bool -Wlogical-not-parentheses -Wsizeof-array-argument -Wbool-compare -Wshift-negative-value -Wduplicated-cond -Wshadow -Wmultistatement-macros -Wcast-align=strict -g -O2 -MT ovsdb/ovsdb_libovsdb_la-rbac.lo -MD -MP -MF ovsdb/.deps/ovsdb_libovsdb_la-rbac.Tpo -c ovsdb/rbac.c -o ovsdb/ovsdb_libovsdb_la-rbac.o
libtool: compile:  gcc -DHAVE_CONFIG_H -I. -I ./include -I ./include -I ./lib -I ./lib -Wstrict-prototypes -Wall -Wextra -Wno-sign-compare -Wpointer-arith -Wformat -Wformat-security -Wswitch-enum -Wunused-parameter -Wbad-function-cast -Wcast-align -Wstrict-prototypes -Wold-style-definition -Wmissing-prototypes -Wmissing-field-initializers -fno-strict-aliasing -Wswitch-bool -Wlogical-not-parentheses -Wsizeof-array-argument -Wbool-compare -Wshift-negative-value -Wduplicated-cond -Wshadow -Wmultistatement-macros -Wcast-align=strict -g -O2 -MT ovsdb/ovsdb_libovsdb_la-replication.lo -MD -MP -MF ovsdb/.deps/ovsdb_libovsdb_la-replication.Tpo -c ovsdb/replication.c -o ovsdb/ovsdb_libovsdb_la-replication.o
mv -f ovsdb/.deps/ovsdb_libovsdb_la-raft-rpc.Tpo ovsdb/.deps/ovsdb_libovsdb_la-raft-rpc.Plo
/bin/bash ./libtool  --tag=CC   --mode=compile gcc -DHAVE_CONFIG_H -I.    -I ./include -I ./include -I ./lib -I ./lib    -Wstrict-prototypes -Wall -Wextra -Wno-sign-compare -Wpointer-arith -Wformat -Wformat-security -Wswitch-enum -Wunused-parameter -Wbad-function-cast -Wcast-align -Wstrict-prototypes -Wold-style-definition -Wmissing-prototypes -Wmissing-field-initializers -fno-strict-aliasing -Wswitch-bool -Wlogical-not-parentheses -Wsizeof-array-argument -Wbool-compare -Wshift-negative-value -Wduplicated-cond -Wshadow -Wmultistatement-macros -Wcast-align=strict    -g -O2 -MT ovsdb/ovsdb_libovsdb_la-relay.lo -MD -MP -MF ovsdb/.deps/ovsdb_libovsdb_la-relay.Tpo -c -o ovsdb/ovsdb_libovsdb_la-relay.lo `test -f 'ovsdb/relay.c' || echo './'`ovsdb/relay.c
libtool: compile:  gcc -DHAVE_CONFIG_H -I. -I ./include -I ./include -I ./lib -I ./lib -Wstrict-prototypes -Wall -Wextra -Wno-sign-compare -Wpointer-arith -Wformat -Wformat-security -Wswitch-enum -Wunused-parameter -Wbad-function-cast -Wcast-align -Wstrict-prototypes -Wold-style-definition -Wmissing-prototypes -Wmissing-field-initializers -fno-strict-aliasing -Wswitch-bool -Wlogical-not-parentheses -Wsizeof-array-argument -Wbool-compare -Wshift-negative-value -Wduplicated-cond -Wshadow -Wmultistatement-macros -Wcast-align=strict -g -O2 -MT ovsdb/ovsdb_libovsdb_la-relay.lo -MD -MP -MF ovsdb/.deps/ovsdb_libovsdb_la-relay.Tpo -c ovsdb/relay.c -o ovsdb/ovsdb_libovsdb_la-relay.o
mv -f ovsdb/.deps/ovsdb_libovsdb_la-rbac.Tpo ovsdb/.deps/ovsdb_libovsdb_la-rbac.Plo
/bin/bash ./libtool  --tag=CC   --mode=compile gcc -DHAVE_CONFIG_H -I.    -I ./include -I ./include -I ./lib -I ./lib    -Wstrict-prototypes -Wall -Wextra -Wno-sign-compare -Wpointer-arith -Wformat -Wformat-security -Wswitch-enum -Wunused-parameter -Wbad-function-cast -Wcast-align -Wstrict-prototypes -Wold-style-definition -Wmissing-prototypes -Wmissing-field-initializers -fno-strict-aliasing -Wswitch-bool -Wlogical-not-parentheses -Wsizeof-array-argument -Wbool-compare -Wshift-negative-value -Wduplicated-cond -Wshadow -Wmultistatement-macros -Wcast-align=strict    -g -O2 -MT ovsdb/ovsdb_libovsdb_la-row.lo -MD -MP -MF ovsdb/.deps/ovsdb_libovsdb_la-row.Tpo -c -o ovsdb/ovsdb_libovsdb_la-row.lo `test -f 'ovsdb/row.c' || echo './'`ovsdb/row.c
libtool: compile:  gcc -DHAVE_CONFIG_H -I. -I ./include -I ./include -I ./lib -I ./lib -Wstrict-prototypes -Wall -Wextra -Wno-sign-compare -Wpointer-arith -Wformat -Wformat-security -Wswitch-enum -Wunused-parameter -Wbad-function-cast -Wcast-align -Wstrict-prototypes -Wold-style-definition -Wmissing-prototypes -Wmissing-field-initializers -fno-strict-aliasing -Wswitch-bool -Wlogical-not-parentheses -Wsizeof-array-argument -Wbool-compare -Wshift-negative-value -Wduplicated-cond -Wshadow -Wmultistatement-macros -Wcast-align=strict -g -O2 -MT ovsdb/ovsdb_libovsdb_la-row.lo -MD -MP -MF ovsdb/.deps/ovsdb_libovsdb_la-row.Tpo -c ovsdb/row.c -o ovsdb/ovsdb_libovsdb_la-row.o
mv -f ovsdb/.deps/ovsdb_libovsdb_la-replication.Tpo ovsdb/.deps/ovsdb_libovsdb_la-replication.Plo
/bin/bash ./libtool  --tag=CC   --mode=compile gcc -DHAVE_CONFIG_H -I.    -I ./include -I ./include -I ./lib -I ./lib    -Wstrict-prototypes -Wall -Wextra -Wno-sign-compare -Wpointer-arith -Wformat -Wformat-security -Wswitch-enum -Wunused-parameter -Wbad-function-cast -Wcast-align -Wstrict-prototypes -Wold-style-definition -Wmissing-prototypes -Wmissing-field-initializers -fno-strict-aliasing -Wswitch-bool -Wlogical-not-parentheses -Wsizeof-array-argument -Wbool-compare -Wshift-negative-value -Wduplicated-cond -Wshadow -Wmultistatement-macros -Wcast-align=strict    -g -O2 -MT ovsdb/ovsdb_libovsdb_la-server.lo -MD -MP -MF ovsdb/.deps/ovsdb_libovsdb_la-server.Tpo -c -o ovsdb/ovsdb_libovsdb_la-server.lo `test -f 'ovsdb/server.c' || echo './'`ovsdb/server.c
libtool: compile:  gcc -DHAVE_CONFIG_H -I. -I ./include -I ./include -I ./lib -I ./lib -Wstrict-prototypes -Wall -Wextra -Wno-sign-compare -Wpointer-arith -Wformat -Wformat-security -Wswitch-enum -Wunused-parameter -Wbad-function-cast -Wcast-align -Wstrict-prototypes -Wold-style-definition -Wmissing-prototypes -Wmissing-field-initializers -fno-strict-aliasing -Wswitch-bool -Wlogical-not-parentheses -Wsizeof-array-argument -Wbool-compare -Wshift-negative-value -Wduplicated-cond -Wshadow -Wmultistatement-macros -Wcast-align=strict -g -O2 -MT ovsdb/ovsdb_libovsdb_la-server.lo -MD -MP -MF ovsdb/.deps/ovsdb_libovsdb_la-server.Tpo -c ovsdb/server.c -o ovsdb/ovsdb_libovsdb_la-server.o
mv -f ovsdb/.deps/ovsdb_libovsdb_la-relay.Tpo ovsdb/.deps/ovsdb_libovsdb_la-relay.Plo
/bin/bash ./libtool  --tag=CC   --mode=compile gcc -DHAVE_CONFIG_H -I.    -I ./include -I ./include -I ./lib -I ./lib    -Wstrict-prototypes -Wall -Wextra -Wno-sign-compare -Wpointer-arith -Wformat -Wformat-security -Wswitch-enum -Wunused-parameter -Wbad-function-cast -Wcast-align -Wstrict-prototypes -Wold-style-definition -Wmissing-prototypes -Wmissing-field-initializers -fno-strict-aliasing -Wswitch-bool -Wlogical-not-parentheses -Wsizeof-array-argument -Wbool-compare -Wshift-negative-value -Wduplicated-cond -Wshadow -Wmultistatement-macros -Wcast-align=strict    -g -O2 -MT ovsdb/ovsdb_libovsdb_la-storage.lo -MD -MP -MF ovsdb/.deps/ovsdb_libovsdb_la-storage.Tpo -c -o ovsdb/ovsdb_libovsdb_la-storage.lo `test -f 'ovsdb/storage.c' || echo './'`ovsdb/storage.c
libtool: compile:  gcc -DHAVE_CONFIG_H -I. -I ./include -I ./include -I ./lib -I ./lib -Wstrict-prototypes -Wall -Wextra -Wno-sign-compare -Wpointer-arith -Wformat -Wformat-security -Wswitch-enum -Wunused-parameter -Wbad-function-cast -Wcast-align -Wstrict-prototypes -Wold-style-definition -Wmissing-prototypes -Wmissing-field-initializers -fno-strict-aliasing -Wswitch-bool -Wlogical-not-parentheses -Wsizeof-array-argument -Wbool-compare -Wshift-negative-value -Wduplicated-cond -Wshadow -Wmultistatement-macros -Wcast-align=strict -g -O2 -MT ovsdb/ovsdb_libovsdb_la-storage.lo -MD -MP -MF ovsdb/.deps/ovsdb_libovsdb_la-storage.Tpo -c ovsdb/storage.c -o ovsdb/ovsdb_libovsdb_la-storage.o
mv -f ovsdb/.deps/ovsdb_libovsdb_la-row.Tpo ovsdb/.deps/ovsdb_libovsdb_la-row.Plo
/bin/bash ./libtool  --tag=CC   --mode=compile gcc -DHAVE_CONFIG_H -I.    -I ./include -I ./include -I ./lib -I ./lib    -Wstrict-prototypes -Wall -Wextra -Wno-sign-compare -Wpointer-arith -Wformat -Wformat-security -Wswitch-enum -Wunused-parameter -Wbad-function-cast -Wcast-align -Wstrict-prototypes -Wold-style-definition -Wmissing-prototypes -Wmissing-field-initializers -fno-strict-aliasing -Wswitch-bool -Wlogical-not-parentheses -Wsizeof-array-argument -Wbool-compare -Wshift-negative-value -Wduplicated-cond -Wshadow -Wmultistatement-macros -Wcast-align=strict    -g -O2 -MT ovsdb/ovsdb_libovsdb_la-table.lo -MD -MP -MF ovsdb/.deps/ovsdb_libovsdb_la-table.Tpo -c -o ovsdb/ovsdb_libovsdb_la-table.lo `test -f 'ovsdb/table.c' || echo './'`ovsdb/table.c
mv -f ovsdb/.deps/ovsdb_libovsdb_la-raft.Tpo ovsdb/.deps/ovsdb_libovsdb_la-raft.Plo
/bin/bash ./libtool  --tag=CC   --mode=compile gcc -DHAVE_CONFIG_H -I.    -I ./include -I ./include -I ./lib -I ./lib    -Wstrict-prototypes -Wall -Wextra -Wno-sign-compare -Wpointer-arith -Wformat -Wformat-security -Wswitch-enum -Wunused-parameter -Wbad-function-cast -Wcast-align -Wstrict-prototypes -Wold-style-definition -Wmissing-prototypes -Wmissing-field-initializers -fno-strict-aliasing -Wswitch-bool -Wlogical-not-parentheses -Wsizeof-array-argument -Wbool-compare -Wshift-negative-value -Wduplicated-cond -Wshadow -Wmultistatement-macros -Wcast-align=strict    -g -O2 -MT ovsdb/ovsdb_libovsdb_la-trigger.lo -MD -MP -MF ovsdb/.deps/ovsdb_libovsdb_la-trigger.Tpo -c -o ovsdb/ovsdb_libovsdb_la-trigger.lo `test -f 'ovsdb/trigger.c' || echo './'`ovsdb/trigger.c
libtool: compile:  gcc -DHAVE_CONFIG_H -I. -I ./include -I ./include -I ./lib -I ./lib -Wstrict-prototypes -Wall -Wextra -Wno-sign-compare -Wpointer-arith -Wformat -Wformat-security -Wswitch-enum -Wunused-parameter -Wbad-function-cast -Wcast-align -Wstrict-prototypes -Wold-style-definition -Wmissing-prototypes -Wmissing-field-initializers -fno-strict-aliasing -Wswitch-bool -Wlogical-not-parentheses -Wsizeof-array-argument -Wbool-compare -Wshift-negative-value -Wduplicated-cond -Wshadow -Wmultistatement-macros -Wcast-align=strict -g -O2 -MT ovsdb/ovsdb_libovsdb_la-table.lo -MD -MP -MF ovsdb/.deps/ovsdb_libovsdb_la-table.Tpo -c ovsdb/table.c -o ovsdb/ovsdb_libovsdb_la-table.o
libtool: compile:  gcc -DHAVE_CONFIG_H -I. -I ./include -I ./include -I ./lib -I ./lib -Wstrict-prototypes -Wall -Wextra -Wno-sign-compare -Wpointer-arith -Wformat -Wformat-security -Wswitch-enum -Wunused-parameter -Wbad-function-cast -Wcast-align -Wstrict-prototypes -Wold-style-definition -Wmissing-prototypes -Wmissing-field-initializers -fno-strict-aliasing -Wswitch-bool -Wlogical-not-parentheses -Wsizeof-array-argument -Wbool-compare -Wshift-negative-value -Wduplicated-cond -Wshadow -Wmultistatement-macros -Wcast-align=strict -g -O2 -MT ovsdb/ovsdb_libovsdb_la-trigger.lo -MD -MP -MF ovsdb/.deps/ovsdb_libovsdb_la-trigger.Tpo -c ovsdb/trigger.c -o ovsdb/ovsdb_libovsdb_la-trigger.o
mv -f ovsdb/.deps/ovsdb_libovsdb_la-server.Tpo ovsdb/.deps/ovsdb_libovsdb_la-server.Plo
/bin/bash ./libtool  --tag=CC   --mode=compile gcc -DHAVE_CONFIG_H -I.    -I ./include -I ./include -I ./lib -I ./lib    -Wstrict-prototypes -Wall -Wextra -Wno-sign-compare -Wpointer-arith -Wformat -Wformat-security -Wswitch-enum -Wunused-parameter -Wbad-function-cast -Wcast-align -Wstrict-prototypes -Wold-style-definition -Wmissing-prototypes -Wmissing-field-initializers -fno-strict-aliasing -Wswitch-bool -Wlogical-not-parentheses -Wsizeof-array-argument -Wbool-compare -Wshift-negative-value -Wduplicated-cond -Wshadow -Wmultistatement-macros -Wcast-align=strict    -g -O2 -MT ovsdb/ovsdb_libovsdb_la-transaction.lo -MD -MP -MF ovsdb/.deps/ovsdb_libovsdb_la-transaction.Tpo -c -o ovsdb/ovsdb_libovsdb_la-transaction.lo `test -f 'ovsdb/transaction.c' || echo './'`ovsdb/transaction.c
libtool: compile:  gcc -DHAVE_CONFIG_H -I. -I ./include -I ./include -I ./lib -I ./lib -Wstrict-prototypes -Wall -Wextra -Wno-sign-compare -Wpointer-arith -Wformat -Wformat-security -Wswitch-enum -Wunused-parameter -Wbad-function-cast -Wcast-align -Wstrict-prototypes -Wold-style-definition -Wmissing-prototypes -Wmissing-field-initializers -fno-strict-aliasing -Wswitch-bool -Wlogical-not-parentheses -Wsizeof-array-argument -Wbool-compare -Wshift-negative-value -Wduplicated-cond -Wshadow -Wmultistatement-macros -Wcast-align=strict -g -O2 -MT ovsdb/ovsdb_libovsdb_la-transaction.lo -MD -MP -MF ovsdb/.deps/ovsdb_libovsdb_la-transaction.Tpo -c ovsdb/transaction.c -o ovsdb/ovsdb_libovsdb_la-transaction.o
mv -f ovsdb/.deps/ovsdb_libovsdb_la-storage.Tpo ovsdb/.deps/ovsdb_libovsdb_la-storage.Plo
/bin/bash ./libtool  --tag=CC   --mode=compile gcc -DHAVE_CONFIG_H -I.    -I ./include -I ./include -I ./lib -I ./lib    -Wstrict-prototypes -Wall -Wextra -Wno-sign-compare -Wpointer-arith -Wformat -Wformat-security -Wswitch-enum -Wunused-parameter -Wbad-function-cast -Wcast-align -Wstrict-prototypes -Wold-style-definition -Wmissing-prototypes -Wmissing-field-initializers -fno-strict-aliasing -Wswitch-bool -Wlogical-not-parentheses -Wsizeof-array-argument -Wbool-compare -Wshift-negative-value -Wduplicated-cond -Wshadow -Wmultistatement-macros -Wcast-align=strict    -g -O2 -MT ovsdb/ovsdb_libovsdb_la-transaction-forward.lo -MD -MP -MF ovsdb/.deps/ovsdb_libovsdb_la-transaction-forward.Tpo -c -o ovsdb/ovsdb_libovsdb_la-transaction-forward.lo `test -f 'ovsdb/transaction-forward.c' || echo './'`ovsdb/transaction-forward.c
mv -f ovsdb/.deps/ovsdb_libovsdb_la-table.Tpo ovsdb/.deps/ovsdb_libovsdb_la-table.Plo
/bin/bash ./libtool  --tag=CC   --mode=compile gcc -DHAVE_CONFIG_H -I.    -I ./include -I ./include -I ./lib -I ./lib    -Wstrict-prototypes -Wall -Wextra -Wno-sign-compare -Wpointer-arith -Wformat -Wformat-security -Wswitch-enum -Wunused-parameter -Wbad-function-cast -Wcast-align -Wstrict-prototypes -Wold-style-definition -Wmissing-prototypes -Wmissing-field-initializers -fno-strict-aliasing -Wswitch-bool -Wlogical-not-parentheses -Wsizeof-array-argument -Wbool-compare -Wshift-negative-value -Wduplicated-cond -Wshadow -Wmultistatement-macros -Wcast-align=strict    -g -O2 -MT ovsdb/ovsdb_libovsdb_la-ovsdb-util.lo -MD -MP -MF ovsdb/.deps/ovsdb_libovsdb_la-ovsdb-util.Tpo -c -o ovsdb/ovsdb_libovsdb_la-ovsdb-util.lo `test -f 'ovsdb/ovsdb-util.c' || echo './'`ovsdb/ovsdb-util.c
libtool: compile:  gcc -DHAVE_CONFIG_H -I. -I ./include -I ./include -I ./lib -I ./lib -Wstrict-prototypes -Wall -Wextra -Wno-sign-compare -Wpointer-arith -Wformat -Wformat-security -Wswitch-enum -Wunused-parameter -Wbad-function-cast -Wcast-align -Wstrict-prototypes -Wold-style-definition -Wmissing-prototypes -Wmissing-field-initializers -fno-strict-aliasing -Wswitch-bool -Wlogical-not-parentheses -Wsizeof-array-argument -Wbool-compare -Wshift-negative-value -Wduplicated-cond -Wshadow -Wmultistatement-macros -Wcast-align=strict -g -O2 -MT ovsdb/ovsdb_libovsdb_la-transaction-forward.lo -MD -MP -MF ovsdb/.deps/ovsdb_libovsdb_la-transaction-forward.Tpo -c ovsdb/transaction-forward.c -o ovsdb/ovsdb_libovsdb_la-transaction-forward.o
libtool: compile:  gcc -DHAVE_CONFIG_H -I. -I ./include -I ./include -I ./lib -I ./lib -Wstrict-prototypes -Wall -Wextra -Wno-sign-compare -Wpointer-arith -Wformat -Wformat-security -Wswitch-enum -Wunused-parameter -Wbad-function-cast -Wcast-align -Wstrict-prototypes -Wold-style-definition -Wmissing-prototypes -Wmissing-field-initializers -fno-strict-aliasing -Wswitch-bool -Wlogical-not-parentheses -Wsizeof-array-argument -Wbool-compare -Wshift-negative-value -Wduplicated-cond -Wshadow -Wmultistatement-macros -Wcast-align=strict -g -O2 -MT ovsdb/ovsdb_libovsdb_la-ovsdb-util.lo -MD -MP -MF ovsdb/.deps/ovsdb_libovsdb_la-ovsdb-util.Tpo -c ovsdb/ovsdb-util.c -o ovsdb/ovsdb_libovsdb_la-ovsdb-util.o
mv -f ovsdb/.deps/ovsdb_libovsdb_la-trigger.Tpo ovsdb/.deps/ovsdb_libovsdb_la-trigger.Plo
depbase=`echo vtep/vtep-idl.lo | sed 's|[^/]*$|.deps/&|;s|\.lo$||'`;\
/bin/bash ./libtool  --tag=CC   --mode=compile gcc -DHAVE_CONFIG_H -I.    -I ./include -I ./include -I ./lib -I ./lib    -Wstrict-prototypes -Wall -Wextra -Wno-sign-compare -Wpointer-arith -Wformat -Wformat-security -Wswitch-enum -Wunused-parameter -Wbad-function-cast -Wcast-align -Wstrict-prototypes -Wold-style-definition -Wmissing-prototypes -Wmissing-field-initializers -fno-strict-aliasing -Wswitch-bool -Wlogical-not-parentheses -Wsizeof-array-argument -Wbool-compare -Wshift-negative-value -Wduplicated-cond -Wshadow -Wmultistatement-macros -Wcast-align=strict    -g -O2 -MT vtep/vtep-idl.lo -MD -MP -MF $depbase.Tpo -c -o vtep/vtep-idl.lo vtep/vtep-idl.c &&\
mv -f $depbase.Tpo $depbase.Plo
libtool: compile:  gcc -DHAVE_CONFIG_H -I. -I ./include -I ./include -I ./lib -I ./lib -Wstrict-prototypes -Wall -Wextra -Wno-sign-compare -Wpointer-arith -Wformat -Wformat-security -Wswitch-enum -Wunused-parameter -Wbad-function-cast -Wcast-align -Wstrict-prototypes -Wold-style-definition -Wmissing-prototypes -Wmissing-field-initializers -fno-strict-aliasing -Wswitch-bool -Wlogical-not-parentheses -Wsizeof-array-argument -Wbool-compare -Wshift-negative-value -Wduplicated-cond -Wshadow -Wmultistatement-macros -Wcast-align=strict -g -O2 -MT vtep/vtep-idl.lo -MD -MP -MF vtep/.deps/vtep-idl.Tpo -c vtep/vtep-idl.c -o vtep/vtep-idl.o
mv -f ovsdb/.deps/ovsdb_libovsdb_la-transaction-forward.Tpo ovsdb/.deps/ovsdb_libovsdb_la-transaction-forward.Plo
depbase=`echo utilities/ovs-appctl.o | sed 's|[^/]*$|.deps/&|;s|\.o$||'`;\
gcc -DHAVE_CONFIG_H -I.    -I ./include -I ./include -I ./lib -I ./lib    -Wstrict-prototypes -Wall -Wextra -Wno-sign-compare -Wpointer-arith -Wformat -Wformat-security -Wswitch-enum -Wunused-parameter -Wbad-function-cast -Wcast-align -Wstrict-prototypes -Wold-style-definition -Wmissing-prototypes -Wmissing-field-initializers -fno-strict-aliasing -Wswitch-bool -Wlogical-not-parentheses -Wsizeof-array-argument -Wbool-compare -Wshift-negative-value -Wduplicated-cond -Wshadow -Wmultistatement-macros -Wcast-align=strict    -g -O2 -MT utilities/ovs-appctl.o -MD -MP -MF $depbase.Tpo -c -o utilities/ovs-appctl.o utilities/ovs-appctl.c &&\
mv -f $depbase.Tpo $depbase.Po
mv -f ovsdb/.deps/ovsdb_libovsdb_la-ovsdb-util.Tpo ovsdb/.deps/ovsdb_libovsdb_la-ovsdb-util.Plo
depbase=`echo utilities/ovs-testcontroller.o | sed 's|[^/]*$|.deps/&|;s|\.o$||'`;\
gcc -DHAVE_CONFIG_H -I.    -I ./include -I ./include -I ./lib -I ./lib    -Wstrict-prototypes -Wall -Wextra -Wno-sign-compare -Wpointer-arith -Wformat -Wformat-security -Wswitch-enum -Wunused-parameter -Wbad-function-cast -Wcast-align -Wstrict-prototypes -Wold-style-definition -Wmissing-prototypes -Wmissing-field-initializers -fno-strict-aliasing -Wswitch-bool -Wlogical-not-parentheses -Wsizeof-array-argument -Wbool-compare -Wshift-negative-value -Wduplicated-cond -Wshadow -Wmultistatement-macros -Wcast-align=strict    -g -O2 -MT utilities/ovs-testcontroller.o -MD -MP -MF $depbase.Tpo -c -o utilities/ovs-testcontroller.o utilities/ovs-testcontroller.c &&\
mv -f $depbase.Tpo $depbase.Po
mv -f ovsdb/.deps/ovsdb_libovsdb_la-transaction.Tpo ovsdb/.deps/ovsdb_libovsdb_la-transaction.Plo
depbase=`echo utilities/ovs-dpctl.o | sed 's|[^/]*$|.deps/&|;s|\.o$||'`;\
gcc -DHAVE_CONFIG_H -I.    -I ./include -I ./include -I ./lib -I ./lib    -Wstrict-prototypes -Wall -Wextra -Wno-sign-compare -Wpointer-arith -Wformat -Wformat-security -Wswitch-enum -Wunused-parameter -Wbad-function-cast -Wcast-align -Wstrict-prototypes -Wold-style-definition -Wmissing-prototypes -Wmissing-field-initializers -fno-strict-aliasing -Wswitch-bool -Wlogical-not-parentheses -Wsizeof-array-argument -Wbool-compare -Wshift-negative-value -Wduplicated-cond -Wshadow -Wmultistatement-macros -Wcast-align=strict    -g -O2 -MT utilities/ovs-dpctl.o -MD -MP -MF $depbase.Tpo -c -o utilities/ovs-dpctl.o utilities/ovs-dpctl.c &&\
mv -f $depbase.Tpo $depbase.Po
depbase=`echo utilities/ovs-ofctl.o | sed 's|[^/]*$|.deps/&|;s|\.o$||'`;\
gcc -DHAVE_CONFIG_H -I.    -I ./include -I ./include -I ./lib -I ./lib    -Wstrict-prototypes -Wall -Wextra -Wno-sign-compare -Wpointer-arith -Wformat -Wformat-security -Wswitch-enum -Wunused-parameter -Wbad-function-cast -Wcast-align -Wstrict-prototypes -Wold-style-definition -Wmissing-prototypes -Wmissing-field-initializers -fno-strict-aliasing -Wswitch-bool -Wlogical-not-parentheses -Wsizeof-array-argument -Wbool-compare -Wshift-negative-value -Wduplicated-cond -Wshadow -Wmultistatement-macros -Wcast-align=strict    -g -O2 -MT utilities/ovs-ofctl.o -MD -MP -MF $depbase.Tpo -c -o utilities/ovs-ofctl.o utilities/ovs-ofctl.c &&\
mv -f $depbase.Tpo $depbase.Po
depbase=`echo utilities/ovs-vsctl.o | sed 's|[^/]*$|.deps/&|;s|\.o$||'`;\
gcc -DHAVE_CONFIG_H -I.    -I ./include -I ./include -I ./lib -I ./lib    -Wstrict-prototypes -Wall -Wextra -Wno-sign-compare -Wpointer-arith -Wformat -Wformat-security -Wswitch-enum -Wunused-parameter -Wbad-function-cast -Wcast-align -Wstrict-prototypes -Wold-style-definition -Wmissing-prototypes -Wmissing-field-initializers -fno-strict-aliasing -Wswitch-bool -Wlogical-not-parentheses -Wsizeof-array-argument -Wbool-compare -Wshift-negative-value -Wduplicated-cond -Wshadow -Wmultistatement-macros -Wcast-align=strict    -g -O2 -MT utilities/ovs-vsctl.o -MD -MP -MF $depbase.Tpo -c -o utilities/ovs-vsctl.o utilities/ovs-vsctl.c &&\
mv -f $depbase.Tpo $depbase.Po
depbase=`echo ovsdb/ovsdb-tool.o | sed 's|[^/]*$|.deps/&|;s|\.o$||'`;\
gcc -DHAVE_CONFIG_H -I.    -I ./include -I ./include -I ./lib -I ./lib    -Wstrict-prototypes -Wall -Wextra -Wno-sign-compare -Wpointer-arith -Wformat -Wformat-security -Wswitch-enum -Wunused-parameter -Wbad-function-cast -Wcast-align -Wstrict-prototypes -Wold-style-definition -Wmissing-prototypes -Wmissing-field-initializers -fno-strict-aliasing -Wswitch-bool -Wlogical-not-parentheses -Wsizeof-array-argument -Wbool-compare -Wshift-negative-value -Wduplicated-cond -Wshadow -Wmultistatement-macros -Wcast-align=strict    -g -O2 -MT ovsdb/ovsdb-tool.o -MD -MP -MF $depbase.Tpo -c -o ovsdb/ovsdb-tool.o ovsdb/ovsdb-tool.c &&\
mv -f $depbase.Tpo $depbase.Po
depbase=`echo ovsdb/ovsdb-client.o | sed 's|[^/]*$|.deps/&|;s|\.o$||'`;\
gcc -DHAVE_CONFIG_H -I.    -I ./include -I ./include -I ./lib -I ./lib    -Wstrict-prototypes -Wall -Wextra -Wno-sign-compare -Wpointer-arith -Wformat -Wformat-security -Wswitch-enum -Wunused-parameter -Wbad-function-cast -Wcast-align -Wstrict-prototypes -Wold-style-definition -Wmissing-prototypes -Wmissing-field-initializers -fno-strict-aliasing -Wswitch-bool -Wlogical-not-parentheses -Wsizeof-array-argument -Wbool-compare -Wshift-negative-value -Wduplicated-cond -Wshadow -Wmultistatement-macros -Wcast-align=strict    -g -O2 -MT ovsdb/ovsdb-client.o -MD -MP -MF $depbase.Tpo -c -o ovsdb/ovsdb-client.o ovsdb/ovsdb-client.c &&\
mv -f $depbase.Tpo $depbase.Po
depbase=`echo vtep/vtep-ctl.o | sed 's|[^/]*$|.deps/&|;s|\.o$||'`;\
gcc -DHAVE_CONFIG_H -I.    -I ./include -I ./include -I ./lib -I ./lib    -Wstrict-prototypes -Wall -Wextra -Wno-sign-compare -Wpointer-arith -Wformat -Wformat-security -Wswitch-enum -Wunused-parameter -Wbad-function-cast -Wcast-align -Wstrict-prototypes -Wold-style-definition -Wmissing-prototypes -Wmissing-field-initializers -fno-strict-aliasing -Wswitch-bool -Wlogical-not-parentheses -Wsizeof-array-argument -Wbool-compare -Wshift-negative-value -Wduplicated-cond -Wshadow -Wmultistatement-macros -Wcast-align=strict    -g -O2 -MT vtep/vtep-ctl.o -MD -MP -MF $depbase.Tpo -c -o vtep/vtep-ctl.o vtep/vtep-ctl.c &&\
mv -f $depbase.Tpo $depbase.Po
depbase=`echo utilities/nlmon.o | sed 's|[^/]*$|.deps/&|;s|\.o$||'`;\
gcc -DHAVE_CONFIG_H -I.    -I ./include -I ./include -I ./lib -I ./lib    -Wstrict-prototypes -Wall -Wextra -Wno-sign-compare -Wpointer-arith -Wformat -Wformat-security -Wswitch-enum -Wunused-parameter -Wbad-function-cast -Wcast-align -Wstrict-prototypes -Wold-style-definition -Wmissing-prototypes -Wmissing-field-initializers -fno-strict-aliasing -Wswitch-bool -Wlogical-not-parentheses -Wsizeof-array-argument -Wbool-compare -Wshift-negative-value -Wduplicated-cond -Wshadow -Wmultistatement-macros -Wcast-align=strict    -g -O2 -MT utilities/nlmon.o -MD -MP -MF $depbase.Tpo -c -o utilities/nlmon.o utilities/nlmon.c &&\
mv -f $depbase.Tpo $depbase.Po
depbase=`echo tests/test-ovsdb.o | sed 's|[^/]*$|.deps/&|;s|\.o$||'`;\
gcc -DHAVE_CONFIG_H -I.    -I ./include -I ./include -I ./lib -I ./lib    -Wstrict-prototypes -Wall -Wextra -Wno-sign-compare -Wpointer-arith -Wformat -Wformat-security -Wswitch-enum -Wunused-parameter -Wbad-function-cast -Wcast-align -Wstrict-prototypes -Wold-style-definition -Wmissing-prototypes -Wmissing-field-initializers -fno-strict-aliasing -Wswitch-bool -Wlogical-not-parentheses -Wsizeof-array-argument -Wbool-compare -Wshift-negative-value -Wduplicated-cond -Wshadow -Wmultistatement-macros -Wcast-align=strict    -g -O2 -MT tests/test-ovsdb.o -MD -MP -MF $depbase.Tpo -c -o tests/test-ovsdb.o tests/test-ovsdb.c &&\
mv -f $depbase.Tpo $depbase.Po
depbase=`echo tests/idltest.o | sed 's|[^/]*$|.deps/&|;s|\.o$||'`;\
gcc -DHAVE_CONFIG_H -I.    -I ./include -I ./include -I ./lib -I ./lib    -Wstrict-prototypes -Wall -Wextra -Wno-sign-compare -Wpointer-arith -Wformat -Wformat-security -Wswitch-enum -Wunused-parameter -Wbad-function-cast -Wcast-align -Wstrict-prototypes -Wold-style-definition -Wmissing-prototypes -Wmissing-field-initializers -fno-strict-aliasing -Wswitch-bool -Wlogical-not-parentheses -Wsizeof-array-argument -Wbool-compare -Wshift-negative-value -Wduplicated-cond -Wshadow -Wmultistatement-macros -Wcast-align=strict    -g -O2 -MT tests/idltest.o -MD -MP -MF $depbase.Tpo -c -o tests/idltest.o tests/idltest.c &&\
mv -f $depbase.Tpo $depbase.Po
depbase=`echo tests/test-lib.o | sed 's|[^/]*$|.deps/&|;s|\.o$||'`;\
gcc -DHAVE_CONFIG_H -I.    -I ./include -I ./include -I ./lib -I ./lib    -Wstrict-prototypes -Wall -Wextra -Wno-sign-compare -Wpointer-arith -Wformat -Wformat-security -Wswitch-enum -Wunused-parameter -Wbad-function-cast -Wcast-align -Wstrict-prototypes -Wold-style-definition -Wmissing-prototypes -Wmissing-field-initializers -fno-strict-aliasing -Wswitch-bool -Wlogical-not-parentheses -Wsizeof-array-argument -Wbool-compare -Wshift-negative-value -Wduplicated-cond -Wshadow -Wmultistatement-macros -Wcast-align=strict    -g -O2 -MT tests/test-lib.o -MD -MP -MF $depbase.Tpo -c -o tests/test-lib.o tests/test-lib.c &&\
mv -f $depbase.Tpo $depbase.Po
depbase=`echo tests/ovstest.o | sed 's|[^/]*$|.deps/&|;s|\.o$||'`;\
gcc -DHAVE_CONFIG_H -I.    -I ./include -I ./include -I ./lib -I ./lib    -Wstrict-prototypes -Wall -Wextra -Wno-sign-compare -Wpointer-arith -Wformat -Wformat-security -Wswitch-enum -Wunused-parameter -Wbad-function-cast -Wcast-align -Wstrict-prototypes -Wold-style-definition -Wmissing-prototypes -Wmissing-field-initializers -fno-strict-aliasing -Wswitch-bool -Wlogical-not-parentheses -Wsizeof-array-argument -Wbool-compare -Wshift-negative-value -Wduplicated-cond -Wshadow -Wmultistatement-macros -Wcast-align=strict    -g -O2 -MT tests/ovstest.o -MD -MP -MF $depbase.Tpo -c -o tests/ovstest.o tests/ovstest.c &&\
mv -f $depbase.Tpo $depbase.Po
depbase=`echo tests/test-aes128.o | sed 's|[^/]*$|.deps/&|;s|\.o$||'`;\
gcc -DHAVE_CONFIG_H -I.    -I ./include -I ./include -I ./lib -I ./lib    -Wstrict-prototypes -Wall -Wextra -Wno-sign-compare -Wpointer-arith -Wformat -Wformat-security -Wswitch-enum -Wunused-parameter -Wbad-function-cast -Wcast-align -Wstrict-prototypes -Wold-style-definition -Wmissing-prototypes -Wmissing-field-initializers -fno-strict-aliasing -Wswitch-bool -Wlogical-not-parentheses -Wsizeof-array-argument -Wbool-compare -Wshift-negative-value -Wduplicated-cond -Wshadow -Wmultistatement-macros -Wcast-align=strict    -g -O2 -MT tests/test-aes128.o -MD -MP -MF $depbase.Tpo -c -o tests/test-aes128.o tests/test-aes128.c &&\
mv -f $depbase.Tpo $depbase.Po
depbase=`echo tests/test-atomic.o | sed 's|[^/]*$|.deps/&|;s|\.o$||'`;\
gcc -DHAVE_CONFIG_H -I.    -I ./include -I ./include -I ./lib -I ./lib    -Wstrict-prototypes -Wall -Wextra -Wno-sign-compare -Wpointer-arith -Wformat -Wformat-security -Wswitch-enum -Wunused-parameter -Wbad-function-cast -Wcast-align -Wstrict-prototypes -Wold-style-definition -Wmissing-prototypes -Wmissing-field-initializers -fno-strict-aliasing -Wswitch-bool -Wlogical-not-parentheses -Wsizeof-array-argument -Wbool-compare -Wshift-negative-value -Wduplicated-cond -Wshadow -Wmultistatement-macros -Wcast-align=strict    -g -O2 -MT tests/test-atomic.o -MD -MP -MF $depbase.Tpo -c -o tests/test-atomic.o tests/test-atomic.c &&\
mv -f $depbase.Tpo $depbase.Po
depbase=`echo tests/test-barrier.o | sed 's|[^/]*$|.deps/&|;s|\.o$||'`;\
gcc -DHAVE_CONFIG_H -I.    -I ./include -I ./include -I ./lib -I ./lib    -Wstrict-prototypes -Wall -Wextra -Wno-sign-compare -Wpointer-arith -Wformat -Wformat-security -Wswitch-enum -Wunused-parameter -Wbad-function-cast -Wcast-align -Wstrict-prototypes -Wold-style-definition -Wmissing-prototypes -Wmissing-field-initializers -fno-strict-aliasing -Wswitch-bool -Wlogical-not-parentheses -Wsizeof-array-argument -Wbool-compare -Wshift-negative-value -Wduplicated-cond -Wshadow -Wmultistatement-macros -Wcast-align=strict    -g -O2 -MT tests/test-barrier.o -MD -MP -MF $depbase.Tpo -c -o tests/test-barrier.o tests/test-barrier.c &&\
mv -f $depbase.Tpo $depbase.Po
depbase=`echo tests/test-bundle.o | sed 's|[^/]*$|.deps/&|;s|\.o$||'`;\
gcc -DHAVE_CONFIG_H -I.    -I ./include -I ./include -I ./lib -I ./lib    -Wstrict-prototypes -Wall -Wextra -Wno-sign-compare -Wpointer-arith -Wformat -Wformat-security -Wswitch-enum -Wunused-parameter -Wbad-function-cast -Wcast-align -Wstrict-prototypes -Wold-style-definition -Wmissing-prototypes -Wmissing-field-initializers -fno-strict-aliasing -Wswitch-bool -Wlogical-not-parentheses -Wsizeof-array-argument -Wbool-compare -Wshift-negative-value -Wduplicated-cond -Wshadow -Wmultistatement-macros -Wcast-align=strict    -g -O2 -MT tests/test-bundle.o -MD -MP -MF $depbase.Tpo -c -o tests/test-bundle.o tests/test-bundle.c &&\
mv -f $depbase.Tpo $depbase.Po
depbase=`echo tests/test-byte-order.o | sed 's|[^/]*$|.deps/&|;s|\.o$||'`;\
gcc -DHAVE_CONFIG_H -I.    -I ./include -I ./include -I ./lib -I ./lib    -Wstrict-prototypes -Wall -Wextra -Wno-sign-compare -Wpointer-arith -Wformat -Wformat-security -Wswitch-enum -Wunused-parameter -Wbad-function-cast -Wcast-align -Wstrict-prototypes -Wold-style-definition -Wmissing-prototypes -Wmissing-field-initializers -fno-strict-aliasing -Wswitch-bool -Wlogical-not-parentheses -Wsizeof-array-argument -Wbool-compare -Wshift-negative-value -Wduplicated-cond -Wshadow -Wmultistatement-macros -Wcast-align=strict    -g -O2 -MT tests/test-byte-order.o -MD -MP -MF $depbase.Tpo -c -o tests/test-byte-order.o tests/test-byte-order.c &&\
mv -f $depbase.Tpo $depbase.Po
depbase=`echo tests/test-byteq.o | sed 's|[^/]*$|.deps/&|;s|\.o$||'`;\
gcc -DHAVE_CONFIG_H -I.    -I ./include -I ./include -I ./lib -I ./lib    -Wstrict-prototypes -Wall -Wextra -Wno-sign-compare -Wpointer-arith -Wformat -Wformat-security -Wswitch-enum -Wunused-parameter -Wbad-function-cast -Wcast-align -Wstrict-prototypes -Wold-style-definition -Wmissing-prototypes -Wmissing-field-initializers -fno-strict-aliasing -Wswitch-bool -Wlogical-not-parentheses -Wsizeof-array-argument -Wbool-compare -Wshift-negative-value -Wduplicated-cond -Wshadow -Wmultistatement-macros -Wcast-align=strict    -g -O2 -MT tests/test-byteq.o -MD -MP -MF $depbase.Tpo -c -o tests/test-byteq.o tests/test-byteq.c &&\
mv -f $depbase.Tpo $depbase.Po
depbase=`echo tests/test-classifier.o | sed 's|[^/]*$|.deps/&|;s|\.o$||'`;\
gcc -DHAVE_CONFIG_H -I.    -I ./include -I ./include -I ./lib -I ./lib    -Wstrict-prototypes -Wall -Wextra -Wno-sign-compare -Wpointer-arith -Wformat -Wformat-security -Wswitch-enum -Wunused-parameter -Wbad-function-cast -Wcast-align -Wstrict-prototypes -Wold-style-definition -Wmissing-prototypes -Wmissing-field-initializers -fno-strict-aliasing -Wswitch-bool -Wlogical-not-parentheses -Wsizeof-array-argument -Wbool-compare -Wshift-negative-value -Wduplicated-cond -Wshadow -Wmultistatement-macros -Wcast-align=strict    -g -O2 -MT tests/test-classifier.o -MD -MP -MF $depbase.Tpo -c -o tests/test-classifier.o tests/test-classifier.c &&\
mv -f $depbase.Tpo $depbase.Po
depbase=`echo tests/test-ccmap.o | sed 's|[^/]*$|.deps/&|;s|\.o$||'`;\
gcc -DHAVE_CONFIG_H -I.    -I ./include -I ./include -I ./lib -I ./lib    -Wstrict-prototypes -Wall -Wextra -Wno-sign-compare -Wpointer-arith -Wformat -Wformat-security -Wswitch-enum -Wunused-parameter -Wbad-function-cast -Wcast-align -Wstrict-prototypes -Wold-style-definition -Wmissing-prototypes -Wmissing-field-initializers -fno-strict-aliasing -Wswitch-bool -Wlogical-not-parentheses -Wsizeof-array-argument -Wbool-compare -Wshift-negative-value -Wduplicated-cond -Wshadow -Wmultistatement-macros -Wcast-align=strict    -g -O2 -MT tests/test-ccmap.o -MD -MP -MF $depbase.Tpo -c -o tests/test-ccmap.o tests/test-ccmap.c &&\
mv -f $depbase.Tpo $depbase.Po
depbase=`echo tests/test-cmap.o | sed 's|[^/]*$|.deps/&|;s|\.o$||'`;\
gcc -DHAVE_CONFIG_H -I.    -I ./include -I ./include -I ./lib -I ./lib    -Wstrict-prototypes -Wall -Wextra -Wno-sign-compare -Wpointer-arith -Wformat -Wformat-security -Wswitch-enum -Wunused-parameter -Wbad-function-cast -Wcast-align -Wstrict-prototypes -Wold-style-definition -Wmissing-prototypes -Wmissing-field-initializers -fno-strict-aliasing -Wswitch-bool -Wlogical-not-parentheses -Wsizeof-array-argument -Wbool-compare -Wshift-negative-value -Wduplicated-cond -Wshadow -Wmultistatement-macros -Wcast-align=strict    -g -O2 -MT tests/test-cmap.o -MD -MP -MF $depbase.Tpo -c -o tests/test-cmap.o tests/test-cmap.c &&\
mv -f $depbase.Tpo $depbase.Po
depbase=`echo tests/test-conntrack.o | sed 's|[^/]*$|.deps/&|;s|\.o$||'`;\
gcc -DHAVE_CONFIG_H -I.    -I ./include -I ./include -I ./lib -I ./lib    -Wstrict-prototypes -Wall -Wextra -Wno-sign-compare -Wpointer-arith -Wformat -Wformat-security -Wswitch-enum -Wunused-parameter -Wbad-function-cast -Wcast-align -Wstrict-prototypes -Wold-style-definition -Wmissing-prototypes -Wmissing-field-initializers -fno-strict-aliasing -Wswitch-bool -Wlogical-not-parentheses -Wsizeof-array-argument -Wbool-compare -Wshift-negative-value -Wduplicated-cond -Wshadow -Wmultistatement-macros -Wcast-align=strict    -g -O2 -MT tests/test-conntrack.o -MD -MP -MF $depbase.Tpo -c -o tests/test-conntrack.o tests/test-conntrack.c &&\
mv -f $depbase.Tpo $depbase.Po
depbase=`echo tests/test-cooperative-multitasking.o | sed 's|[^/]*$|.deps/&|;s|\.o$||'`;\
gcc -DHAVE_CONFIG_H -I.    -I ./include -I ./include -I ./lib -I ./lib    -Wstrict-prototypes -Wall -Wextra -Wno-sign-compare -Wpointer-arith -Wformat -Wformat-security -Wswitch-enum -Wunused-parameter -Wbad-function-cast -Wcast-align -Wstrict-prototypes -Wold-style-definition -Wmissing-prototypes -Wmissing-field-initializers -fno-strict-aliasing -Wswitch-bool -Wlogical-not-parentheses -Wsizeof-array-argument -Wbool-compare -Wshift-negative-value -Wduplicated-cond -Wshadow -Wmultistatement-macros -Wcast-align=strict    -g -O2 -MT tests/test-cooperative-multitasking.o -MD -MP -MF $depbase.Tpo -c -o tests/test-cooperative-multitasking.o tests/test-cooperative-multitasking.c &&\
mv -f $depbase.Tpo $depbase.Po
depbase=`echo tests/test-csum.o | sed 's|[^/]*$|.deps/&|;s|\.o$||'`;\
gcc -DHAVE_CONFIG_H -I.    -I ./include -I ./include -I ./lib -I ./lib    -Wstrict-prototypes -Wall -Wextra -Wno-sign-compare -Wpointer-arith -Wformat -Wformat-security -Wswitch-enum -Wunused-parameter -Wbad-function-cast -Wcast-align -Wstrict-prototypes -Wold-style-definition -Wmissing-prototypes -Wmissing-field-initializers -fno-strict-aliasing -Wswitch-bool -Wlogical-not-parentheses -Wsizeof-array-argument -Wbool-compare -Wshift-negative-value -Wduplicated-cond -Wshadow -Wmultistatement-macros -Wcast-align=strict    -g -O2 -MT tests/test-csum.o -MD -MP -MF $depbase.Tpo -c -o tests/test-csum.o tests/test-csum.c &&\
mv -f $depbase.Tpo $depbase.Po
depbase=`echo tests/test-dt-bulk.o | sed 's|[^/]*$|.deps/&|;s|\.o$||'`;\
gcc -DHAVE_CONFIG_H -I.    -I ./include -I ./include -I ./lib -I ./lib    -Wstrict-prototypes -Wall -Wextra -Wno-sign-compare -Wpointer-arith -Wformat -Wformat-security -Wswitch-enum -Wunused-parameter -Wbad-function-cast -Wcast-align -Wstrict-prototypes -Wold-style-definition -Wmissing-prototypes -Wmissing-field-initializers -fno-strict-aliasing -Wswitch-bool -Wlogical-not-parentheses -Wsizeof-array-argument -Wbool-compare -Wshift-negative-value -Wduplicated-cond -Wshadow -Wmultistatement-macros -Wcast-align=strict    -g -O2 -MT tests/test-dt-bulk.o -MD -MP -MF $depbase.Tpo -c -o tests/test-dt-bulk.o tests/test-dt-bulk.c &&\
mv -f $depbase.Tpo $depbase.Po
depbase=`echo tests/test-dt-lazy.o | sed 's|[^/]*$|.deps/&|;s|\.o$||'`;\
gcc -DHAVE_CONFIG_H -I.    -I ./include -I ./include -I ./lib -I ./lib    -Wstrict-prototypes -Wall -Wextra -Wno-sign-compare -Wpointer-arith -Wformat -Wformat-security -Wswitch-enum -Wunused-parameter -Wbad-function-cast -Wcast-align -Wstrict-prototypes -Wold-style-definition -Wmissing-prototypes -Wmissing-field-initializers -fno-strict-aliasing -Wswitch-bool -Wlogical-not-parentheses -Wsizeof-array-argument -Wbool-compare -Wshift-negative-value -Wduplicated-cond -Wshadow -Wmultistatement-macros -Wcast-align=strict    -g -O2 -MT tests/test-dt-lazy.o -MD -MP -MF $depbase.Tpo -c -o tests/test-dt-lazy.o tests/test-dt-lazy.c &&\
mv -f $depbase.Tpo $depbase.Po
depbase=`echo tests/test-dt-lazy-realistic.o | sed 's|[^/]*$|.deps/&|;s|\.o$||'`;\
gcc -DHAVE_CONFIG_H -I.    -I ./include -I ./include -I ./lib -I ./lib    -Wstrict-prototypes -Wall -Wextra -Wno-sign-compare -Wpointer-arith -Wformat -Wformat-security -Wswitch-enum -Wunused-parameter -Wbad-function-cast -Wcast-align -Wstrict-prototypes -Wold-style-definition -Wmissing-prototypes -Wmissing-field-initializers -fno-strict-aliasing -Wswitch-bool -Wlogical-not-parentheses -Wsizeof-array-argument -Wbool-compare -Wshift-negative-value -Wduplicated-cond -Wshadow -Wmultistatement-macros -Wcast-align=strict    -g -O2 -MT tests/test-dt-lazy-realistic.o -MD -MP -MF $depbase.Tpo -c -o tests/test-dt-lazy-realistic.o tests/test-dt-lazy-realistic.c &&\
mv -f $depbase.Tpo $depbase.Po
depbase=`echo tests/test-flows.o | sed 's|[^/]*$|.deps/&|;s|\.o$||'`;\
gcc -DHAVE_CONFIG_H -I.    -I ./include -I ./include -I ./lib -I ./lib    -Wstrict-prototypes -Wall -Wextra -Wno-sign-compare -Wpointer-arith -Wformat -Wformat-security -Wswitch-enum -Wunused-parameter -Wbad-function-cast -Wcast-align -Wstrict-prototypes -Wold-style-definition -Wmissing-prototypes -Wmissing-field-initializers -fno-strict-aliasing -Wswitch-bool -Wlogical-not-parentheses -Wsizeof-array-argument -Wbool-compare -Wshift-negative-value -Wduplicated-cond -Wshadow -Wmultistatement-macros -Wcast-align=strict    -g -O2 -MT tests/test-flows.o -MD -MP -MF $depbase.Tpo -c -o tests/test-flows.o tests/test-flows.c &&\
mv -f $depbase.Tpo $depbase.Po
tests/test-dt-lazy.c: In function ‘test_lazy_loading_performance’:
tests/test-dt-lazy.c:134:28: warning: variable ‘result’ set but not used [-Wunused-but-set-variable]
  134 |     const struct cls_rule *result = dt_lookup_simple(&dt, &flow);
      |                            ^~~~~~
depbase=`echo tests/test-hash.o | sed 's|[^/]*$|.deps/&|;s|\.o$||'`;\
gcc -DHAVE_CONFIG_H -I.    -I ./include -I ./include -I ./lib -I ./lib    -Wstrict-prototypes -Wall -Wextra -Wno-sign-compare -Wpointer-arith -Wformat -Wformat-security -Wswitch-enum -Wunused-parameter -Wbad-function-cast -Wcast-align -Wstrict-prototypes -Wold-style-definition -Wmissing-prototypes -Wmissing-field-initializers -fno-strict-aliasing -Wswitch-bool -Wlogical-not-parentheses -Wsizeof-array-argument -Wbool-compare -Wshift-negative-value -Wduplicated-cond -Wshadow -Wmultistatement-macros -Wcast-align=strict    -g -O2 -MT tests/test-hash.o -MD -MP -MF $depbase.Tpo -c -o tests/test-hash.o tests/test-hash.c &&\
mv -f $depbase.Tpo $depbase.Po
depbase=`echo tests/test-heap.o | sed 's|[^/]*$|.deps/&|;s|\.o$||'`;\
gcc -DHAVE_CONFIG_H -I.    -I ./include -I ./include -I ./lib -I ./lib    -Wstrict-prototypes -Wall -Wextra -Wno-sign-compare -Wpointer-arith -Wformat -Wformat-security -Wswitch-enum -Wunused-parameter -Wbad-function-cast -Wcast-align -Wstrict-prototypes -Wold-style-definition -Wmissing-prototypes -Wmissing-field-initializers -fno-strict-aliasing -Wswitch-bool -Wlogical-not-parentheses -Wsizeof-array-argument -Wbool-compare -Wshift-negative-value -Wduplicated-cond -Wshadow -Wmultistatement-macros -Wcast-align=strict    -g -O2 -MT tests/test-heap.o -MD -MP -MF $depbase.Tpo -c -o tests/test-heap.o tests/test-heap.c &&\
mv -f $depbase.Tpo $depbase.Po
depbase=`echo tests/test-hindex.o | sed 's|[^/]*$|.deps/&|;s|\.o$||'`;\
gcc -DHAVE_CONFIG_H -I.    -I ./include -I ./include -I ./lib -I ./lib    -Wstrict-prototypes -Wall -Wextra -Wno-sign-compare -Wpointer-arith -Wformat -Wformat-security -Wswitch-enum -Wunused-parameter -Wbad-function-cast -Wcast-align -Wstrict-prototypes -Wold-style-definition -Wmissing-prototypes -Wmissing-field-initializers -fno-strict-aliasing -Wswitch-bool -Wlogical-not-parentheses -Wsizeof-array-argument -Wbool-compare -Wshift-negative-value -Wduplicated-cond -Wshadow -Wmultistatement-macros -Wcast-align=strict    -g -O2 -MT tests/test-hindex.o -MD -MP -MF $depbase.Tpo -c -o tests/test-hindex.o tests/test-hindex.c &&\
mv -f $depbase.Tpo $depbase.Po
depbase=`echo tests/test-hmap.o | sed 's|[^/]*$|.deps/&|;s|\.o$||'`;\
gcc -DHAVE_CONFIG_H -I.    -I ./include -I ./include -I ./lib -I ./lib    -Wstrict-prototypes -Wall -Wextra -Wno-sign-compare -Wpointer-arith -Wformat -Wformat-security -Wswitch-enum -Wunused-parameter -Wbad-function-cast -Wcast-align -Wstrict-prototypes -Wold-style-definition -Wmissing-prototypes -Wmissing-field-initializers -fno-strict-aliasing -Wswitch-bool -Wlogical-not-parentheses -Wsizeof-array-argument -Wbool-compare -Wshift-negative-value -Wduplicated-cond -Wshadow -Wmultistatement-macros -Wcast-align=strict    -g -O2 -MT tests/test-hmap.o -MD -MP -MF $depbase.Tpo -c -o tests/test-hmap.o tests/test-hmap.c &&\
mv -f $depbase.Tpo $depbase.Po
depbase=`echo tests/test-id-fpool.o | sed 's|[^/]*$|.deps/&|;s|\.o$||'`;\
gcc -DHAVE_CONFIG_H -I.    -I ./include -I ./include -I ./lib -I ./lib    -Wstrict-prototypes -Wall -Wextra -Wno-sign-compare -Wpointer-arith -Wformat -Wformat-security -Wswitch-enum -Wunused-parameter -Wbad-function-cast -Wcast-align -Wstrict-prototypes -Wold-style-definition -Wmissing-prototypes -Wmissing-field-initializers -fno-strict-aliasing -Wswitch-bool -Wlogical-not-parentheses -Wsizeof-array-argument -Wbool-compare -Wshift-negative-value -Wduplicated-cond -Wshadow -Wmultistatement-macros -Wcast-align=strict    -g -O2 -MT tests/test-id-fpool.o -MD -MP -MF $depbase.Tpo -c -o tests/test-id-fpool.o tests/test-id-fpool.c &&\
mv -f $depbase.Tpo $depbase.Po
depbase=`echo tests/test-json.o | sed 's|[^/]*$|.deps/&|;s|\.o$||'`;\
gcc -DHAVE_CONFIG_H -I.    -I ./include -I ./include -I ./lib -I ./lib    -Wstrict-prototypes -Wall -Wextra -Wno-sign-compare -Wpointer-arith -Wformat -Wformat-security -Wswitch-enum -Wunused-parameter -Wbad-function-cast -Wcast-align -Wstrict-prototypes -Wold-style-definition -Wmissing-prototypes -Wmissing-field-initializers -fno-strict-aliasing -Wswitch-bool -Wlogical-not-parentheses -Wsizeof-array-argument -Wbool-compare -Wshift-negative-value -Wduplicated-cond -Wshadow -Wmultistatement-macros -Wcast-align=strict    -g -O2 -MT tests/test-json.o -MD -MP -MF $depbase.Tpo -c -o tests/test-json.o tests/test-json.c &&\
mv -f $depbase.Tpo $depbase.Po
depbase=`echo tests/test-jsonrpc.o | sed 's|[^/]*$|.deps/&|;s|\.o$||'`;\
gcc -DHAVE_CONFIG_H -I.    -I ./include -I ./include -I ./lib -I ./lib    -Wstrict-prototypes -Wall -Wextra -Wno-sign-compare -Wpointer-arith -Wformat -Wformat-security -Wswitch-enum -Wunused-parameter -Wbad-function-cast -Wcast-align -Wstrict-prototypes -Wold-style-definition -Wmissing-prototypes -Wmissing-field-initializers -fno-strict-aliasing -Wswitch-bool -Wlogical-not-parentheses -Wsizeof-array-argument -Wbool-compare -Wshift-negative-value -Wduplicated-cond -Wshadow -Wmultistatement-macros -Wcast-align=strict    -g -O2 -MT tests/test-jsonrpc.o -MD -MP -MF $depbase.Tpo -c -o tests/test-jsonrpc.o tests/test-jsonrpc.c &&\
mv -f $depbase.Tpo $depbase.Po
depbase=`echo tests/test-list.o | sed 's|[^/]*$|.deps/&|;s|\.o$||'`;\
gcc -DHAVE_CONFIG_H -I.    -I ./include -I ./include -I ./lib -I ./lib    -Wstrict-prototypes -Wall -Wextra -Wno-sign-compare -Wpointer-arith -Wformat -Wformat-security -Wswitch-enum -Wunused-parameter -Wbad-function-cast -Wcast-align -Wstrict-prototypes -Wold-style-definition -Wmissing-prototypes -Wmissing-field-initializers -fno-strict-aliasing -Wswitch-bool -Wlogical-not-parentheses -Wsizeof-array-argument -Wbool-compare -Wshift-negative-value -Wduplicated-cond -Wshadow -Wmultistatement-macros -Wcast-align=strict    -g -O2 -MT tests/test-list.o -MD -MP -MF $depbase.Tpo -c -o tests/test-list.o tests/test-list.c &&\
mv -f $depbase.Tpo $depbase.Po
depbase=`echo tests/test-lockfile.o | sed 's|[^/]*$|.deps/&|;s|\.o$||'`;\
gcc -DHAVE_CONFIG_H -I.    -I ./include -I ./include -I ./lib -I ./lib    -Wstrict-prototypes -Wall -Wextra -Wno-sign-compare -Wpointer-arith -Wformat -Wformat-security -Wswitch-enum -Wunused-parameter -Wbad-function-cast -Wcast-align -Wstrict-prototypes -Wold-style-definition -Wmissing-prototypes -Wmissing-field-initializers -fno-strict-aliasing -Wswitch-bool -Wlogical-not-parentheses -Wsizeof-array-argument -Wbool-compare -Wshift-negative-value -Wduplicated-cond -Wshadow -Wmultistatement-macros -Wcast-align=strict    -g -O2 -MT tests/test-lockfile.o -MD -MP -MF $depbase.Tpo -c -o tests/test-lockfile.o tests/test-lockfile.c &&\
mv -f $depbase.Tpo $depbase.Po
depbase=`echo tests/test-multipath.o | sed 's|[^/]*$|.deps/&|;s|\.o$||'`;\
gcc -DHAVE_CONFIG_H -I.    -I ./include -I ./include -I ./lib -I ./lib    -Wstrict-prototypes -Wall -Wextra -Wno-sign-compare -Wpointer-arith -Wformat -Wformat-security -Wswitch-enum -Wunused-parameter -Wbad-function-cast -Wcast-align -Wstrict-prototypes -Wold-style-definition -Wmissing-prototypes -Wmissing-field-initializers -fno-strict-aliasing -Wswitch-bool -Wlogical-not-parentheses -Wsizeof-array-argument -Wbool-compare -Wshift-negative-value -Wduplicated-cond -Wshadow -Wmultistatement-macros -Wcast-align=strict    -g -O2 -MT tests/test-multipath.o -MD -MP -MF $depbase.Tpo -c -o tests/test-multipath.o tests/test-multipath.c &&\
mv -f $depbase.Tpo $depbase.Po
depbase=`echo tests/test-mpsc-queue.o | sed 's|[^/]*$|.deps/&|;s|\.o$||'`;\
gcc -DHAVE_CONFIG_H -I.    -I ./include -I ./include -I ./lib -I ./lib    -Wstrict-prototypes -Wall -Wextra -Wno-sign-compare -Wpointer-arith -Wformat -Wformat-security -Wswitch-enum -Wunused-parameter -Wbad-function-cast -Wcast-align -Wstrict-prototypes -Wold-style-definition -Wmissing-prototypes -Wmissing-field-initializers -fno-strict-aliasing -Wswitch-bool -Wlogical-not-parentheses -Wsizeof-array-argument -Wbool-compare -Wshift-negative-value -Wduplicated-cond -Wshadow -Wmultistatement-macros -Wcast-align=strict    -g -O2 -MT tests/test-mpsc-queue.o -MD -MP -MF $depbase.Tpo -c -o tests/test-mpsc-queue.o tests/test-mpsc-queue.c &&\
mv -f $depbase.Tpo $depbase.Po
depbase=`echo tests/test-netflow.o | sed 's|[^/]*$|.deps/&|;s|\.o$||'`;\
gcc -DHAVE_CONFIG_H -I.    -I ./include -I ./include -I ./lib -I ./lib    -Wstrict-prototypes -Wall -Wextra -Wno-sign-compare -Wpointer-arith -Wformat -Wformat-security -Wswitch-enum -Wunused-parameter -Wbad-function-cast -Wcast-align -Wstrict-prototypes -Wold-style-definition -Wmissing-prototypes -Wmissing-field-initializers -fno-strict-aliasing -Wswitch-bool -Wlogical-not-parentheses -Wsizeof-array-argument -Wbool-compare -Wshift-negative-value -Wduplicated-cond -Wshadow -Wmultistatement-macros -Wcast-align=strict    -g -O2 -MT tests/test-netflow.o -MD -MP -MF $depbase.Tpo -c -o tests/test-netflow.o tests/test-netflow.c &&\
mv -f $depbase.Tpo $depbase.Po
depbase=`echo tests/test-odp.o | sed 's|[^/]*$|.deps/&|;s|\.o$||'`;\
gcc -DHAVE_CONFIG_H -I.    -I ./include -I ./include -I ./lib -I ./lib    -Wstrict-prototypes -Wall -Wextra -Wno-sign-compare -Wpointer-arith -Wformat -Wformat-security -Wswitch-enum -Wunused-parameter -Wbad-function-cast -Wcast-align -Wstrict-prototypes -Wold-style-definition -Wmissing-prototypes -Wmissing-field-initializers -fno-strict-aliasing -Wswitch-bool -Wlogical-not-parentheses -Wsizeof-array-argument -Wbool-compare -Wshift-negative-value -Wduplicated-cond -Wshadow -Wmultistatement-macros -Wcast-align=strict    -g -O2 -MT tests/test-odp.o -MD -MP -MF $depbase.Tpo -c -o tests/test-odp.o tests/test-odp.c &&\
mv -f $depbase.Tpo $depbase.Po
depbase=`echo tests/test-ofpbuf.o | sed 's|[^/]*$|.deps/&|;s|\.o$||'`;\
gcc -DHAVE_CONFIG_H -I.    -I ./include -I ./include -I ./lib -I ./lib    -Wstrict-prototypes -Wall -Wextra -Wno-sign-compare -Wpointer-arith -Wformat -Wformat-security -Wswitch-enum -Wunused-parameter -Wbad-function-cast -Wcast-align -Wstrict-prototypes -Wold-style-definition -Wmissing-prototypes -Wmissing-field-initializers -fno-strict-aliasing -Wswitch-bool -Wlogical-not-parentheses -Wsizeof-array-argument -Wbool-compare -Wshift-negative-value -Wduplicated-cond -Wshadow -Wmultistatement-macros -Wcast-align=strict    -g -O2 -MT tests/test-ofpbuf.o -MD -MP -MF $depbase.Tpo -c -o tests/test-ofpbuf.o tests/test-ofpbuf.c &&\
mv -f $depbase.Tpo $depbase.Po
depbase=`echo tests/test-packets.o | sed 's|[^/]*$|.deps/&|;s|\.o$||'`;\
gcc -DHAVE_CONFIG_H -I.    -I ./include -I ./include -I ./lib -I ./lib    -Wstrict-prototypes -Wall -Wextra -Wno-sign-compare -Wpointer-arith -Wformat -Wformat-security -Wswitch-enum -Wunused-parameter -Wbad-function-cast -Wcast-align -Wstrict-prototypes -Wold-style-definition -Wmissing-prototypes -Wmissing-field-initializers -fno-strict-aliasing -Wswitch-bool -Wlogical-not-parentheses -Wsizeof-array-argument -Wbool-compare -Wshift-negative-value -Wduplicated-cond -Wshadow -Wmultistatement-macros -Wcast-align=strict    -g -O2 -MT tests/test-packets.o -MD -MP -MF $depbase.Tpo -c -o tests/test-packets.o tests/test-packets.c &&\
mv -f $depbase.Tpo $depbase.Po
depbase=`echo tests/test-random.o | sed 's|[^/]*$|.deps/&|;s|\.o$||'`;\
gcc -DHAVE_CONFIG_H -I.    -I ./include -I ./include -I ./lib -I ./lib    -Wstrict-prototypes -Wall -Wextra -Wno-sign-compare -Wpointer-arith -Wformat -Wformat-security -Wswitch-enum -Wunused-parameter -Wbad-function-cast -Wcast-align -Wstrict-prototypes -Wold-style-definition -Wmissing-prototypes -Wmissing-field-initializers -fno-strict-aliasing -Wswitch-bool -Wlogical-not-parentheses -Wsizeof-array-argument -Wbool-compare -Wshift-negative-value -Wduplicated-cond -Wshadow -Wmultistatement-macros -Wcast-align=strict    -g -O2 -MT tests/test-random.o -MD -MP -MF $depbase.Tpo -c -o tests/test-random.o tests/test-random.c &&\
mv -f $depbase.Tpo $depbase.Po
depbase=`echo tests/test-rcu.o | sed 's|[^/]*$|.deps/&|;s|\.o$||'`;\
gcc -DHAVE_CONFIG_H -I.    -I ./include -I ./include -I ./lib -I ./lib    -Wstrict-prototypes -Wall -Wextra -Wno-sign-compare -Wpointer-arith -Wformat -Wformat-security -Wswitch-enum -Wunused-parameter -Wbad-function-cast -Wcast-align -Wstrict-prototypes -Wold-style-definition -Wmissing-prototypes -Wmissing-field-initializers -fno-strict-aliasing -Wswitch-bool -Wlogical-not-parentheses -Wsizeof-array-argument -Wbool-compare -Wshift-negative-value -Wduplicated-cond -Wshadow -Wmultistatement-macros -Wcast-align=strict    -g -O2 -MT tests/test-rcu.o -MD -MP -MF $depbase.Tpo -c -o tests/test-rcu.o tests/test-rcu.c &&\
mv -f $depbase.Tpo $depbase.Po
depbase=`echo tests/test-rculist.o | sed 's|[^/]*$|.deps/&|;s|\.o$||'`;\
gcc -DHAVE_CONFIG_H -I.    -I ./include -I ./include -I ./lib -I ./lib    -Wstrict-prototypes -Wall -Wextra -Wno-sign-compare -Wpointer-arith -Wformat -Wformat-security -Wswitch-enum -Wunused-parameter -Wbad-function-cast -Wcast-align -Wstrict-prototypes -Wold-style-definition -Wmissing-prototypes -Wmissing-field-initializers -fno-strict-aliasing -Wswitch-bool -Wlogical-not-parentheses -Wsizeof-array-argument -Wbool-compare -Wshift-negative-value -Wduplicated-cond -Wshadow -Wmultistatement-macros -Wcast-align=strict    -g -O2 -MT tests/test-rculist.o -MD -MP -MF $depbase.Tpo -c -o tests/test-rculist.o tests/test-rculist.c &&\
mv -f $depbase.Tpo $depbase.Po
depbase=`echo tests/test-reconnect.o | sed 's|[^/]*$|.deps/&|;s|\.o$||'`;\
gcc -DHAVE_CONFIG_H -I.    -I ./include -I ./include -I ./lib -I ./lib    -Wstrict-prototypes -Wall -Wextra -Wno-sign-compare -Wpointer-arith -Wformat -Wformat-security -Wswitch-enum -Wunused-parameter -Wbad-function-cast -Wcast-align -Wstrict-prototypes -Wold-style-definition -Wmissing-prototypes -Wmissing-field-initializers -fno-strict-aliasing -Wswitch-bool -Wlogical-not-parentheses -Wsizeof-array-argument -Wbool-compare -Wshift-negative-value -Wduplicated-cond -Wshadow -Wmultistatement-macros -Wcast-align=strict    -g -O2 -MT tests/test-reconnect.o -MD -MP -MF $depbase.Tpo -c -o tests/test-reconnect.o tests/test-reconnect.c &&\
mv -f $depbase.Tpo $depbase.Po
depbase=`echo tests/test-rstp.o | sed 's|[^/]*$|.deps/&|;s|\.o$||'`;\
gcc -DHAVE_CONFIG_H -I.    -I ./include -I ./include -I ./lib -I ./lib    -Wstrict-prototypes -Wall -Wextra -Wno-sign-compare -Wpointer-arith -Wformat -Wformat-security -Wswitch-enum -Wunused-parameter -Wbad-function-cast -Wcast-align -Wstrict-prototypes -Wold-style-definition -Wmissing-prototypes -Wmissing-field-initializers -fno-strict-aliasing -Wswitch-bool -Wlogical-not-parentheses -Wsizeof-array-argument -Wbool-compare -Wshift-negative-value -Wduplicated-cond -Wshadow -Wmultistatement-macros -Wcast-align=strict    -g -O2 -MT tests/test-rstp.o -MD -MP -MF $depbase.Tpo -c -o tests/test-rstp.o tests/test-rstp.c &&\
mv -f $depbase.Tpo $depbase.Po
depbase=`echo tests/test-sflow.o | sed 's|[^/]*$|.deps/&|;s|\.o$||'`;\
gcc -DHAVE_CONFIG_H -I.    -I ./include -I ./include -I ./lib -I ./lib    -Wstrict-prototypes -Wall -Wextra -Wno-sign-compare -Wpointer-arith -Wformat -Wformat-security -Wswitch-enum -Wunused-parameter -Wbad-function-cast -Wcast-align -Wstrict-prototypes -Wold-style-definition -Wmissing-prototypes -Wmissing-field-initializers -fno-strict-aliasing -Wswitch-bool -Wlogical-not-parentheses -Wsizeof-array-argument -Wbool-compare -Wshift-negative-value -Wduplicated-cond -Wshadow -Wmultistatement-macros -Wcast-align=strict    -g -O2 -MT tests/test-sflow.o -MD -MP -MF $depbase.Tpo -c -o tests/test-sflow.o tests/test-sflow.c &&\
mv -f $depbase.Tpo $depbase.Po
depbase=`echo tests/test-sha1.o | sed 's|[^/]*$|.deps/&|;s|\.o$||'`;\
gcc -DHAVE_CONFIG_H -I.    -I ./include -I ./include -I ./lib -I ./lib    -Wstrict-prototypes -Wall -Wextra -Wno-sign-compare -Wpointer-arith -Wformat -Wformat-security -Wswitch-enum -Wunused-parameter -Wbad-function-cast -Wcast-align -Wstrict-prototypes -Wold-style-definition -Wmissing-prototypes -Wmissing-field-initializers -fno-strict-aliasing -Wswitch-bool -Wlogical-not-parentheses -Wsizeof-array-argument -Wbool-compare -Wshift-negative-value -Wduplicated-cond -Wshadow -Wmultistatement-macros -Wcast-align=strict    -g -O2 -MT tests/test-sha1.o -MD -MP -MF $depbase.Tpo -c -o tests/test-sha1.o tests/test-sha1.c &&\
mv -f $depbase.Tpo $depbase.Po
depbase=`echo tests/test-skiplist.o | sed 's|[^/]*$|.deps/&|;s|\.o$||'`;\
gcc -DHAVE_CONFIG_H -I.    -I ./include -I ./include -I ./lib -I ./lib    -Wstrict-prototypes -Wall -Wextra -Wno-sign-compare -Wpointer-arith -Wformat -Wformat-security -Wswitch-enum -Wunused-parameter -Wbad-function-cast -Wcast-align -Wstrict-prototypes -Wold-style-definition -Wmissing-prototypes -Wmissing-field-initializers -fno-strict-aliasing -Wswitch-bool -Wlogical-not-parentheses -Wsizeof-array-argument -Wbool-compare -Wshift-negative-value -Wduplicated-cond -Wshadow -Wmultistatement-macros -Wcast-align=strict    -g -O2 -MT tests/test-skiplist.o -MD -MP -MF $depbase.Tpo -c -o tests/test-skiplist.o tests/test-skiplist.c &&\
mv -f $depbase.Tpo $depbase.Po
depbase=`echo tests/test-stp.o | sed 's|[^/]*$|.deps/&|;s|\.o$||'`;\
gcc -DHAVE_CONFIG_H -I.    -I ./include -I ./include -I ./lib -I ./lib    -Wstrict-prototypes -Wall -Wextra -Wno-sign-compare -Wpointer-arith -Wformat -Wformat-security -Wswitch-enum -Wunused-parameter -Wbad-function-cast -Wcast-align -Wstrict-prototypes -Wold-style-definition -Wmissing-prototypes -Wmissing-field-initializers -fno-strict-aliasing -Wswitch-bool -Wlogical-not-parentheses -Wsizeof-array-argument -Wbool-compare -Wshift-negative-value -Wduplicated-cond -Wshadow -Wmultistatement-macros -Wcast-align=strict    -g -O2 -MT tests/test-stp.o -MD -MP -MF $depbase.Tpo -c -o tests/test-stp.o tests/test-stp.c &&\
mv -f $depbase.Tpo $depbase.Po
depbase=`echo tests/test-unixctl.o | sed 's|[^/]*$|.deps/&|;s|\.o$||'`;\
gcc -DHAVE_CONFIG_H -I.    -I ./include -I ./include -I ./lib -I ./lib    -Wstrict-prototypes -Wall -Wextra -Wno-sign-compare -Wpointer-arith -Wformat -Wformat-security -Wswitch-enum -Wunused-parameter -Wbad-function-cast -Wcast-align -Wstrict-prototypes -Wold-style-definition -Wmissing-prototypes -Wmissing-field-initializers -fno-strict-aliasing -Wswitch-bool -Wlogical-not-parentheses -Wsizeof-array-argument -Wbool-compare -Wshift-negative-value -Wduplicated-cond -Wshadow -Wmultistatement-macros -Wcast-align=strict    -g -O2 -MT tests/test-unixctl.o -MD -MP -MF $depbase.Tpo -c -o tests/test-unixctl.o tests/test-unixctl.c &&\
mv -f $depbase.Tpo $depbase.Po
depbase=`echo tests/test-util.o | sed 's|[^/]*$|.deps/&|;s|\.o$||'`;\
gcc -DHAVE_CONFIG_H -I.    -I ./include -I ./include -I ./lib -I ./lib    -Wstrict-prototypes -Wall -Wextra -Wno-sign-compare -Wpointer-arith -Wformat -Wformat-security -Wswitch-enum -Wunused-parameter -Wbad-function-cast -Wcast-align -Wstrict-prototypes -Wold-style-definition -Wmissing-prototypes -Wmissing-field-initializers -fno-strict-aliasing -Wswitch-bool -Wlogical-not-parentheses -Wsizeof-array-argument -Wbool-compare -Wshift-negative-value -Wduplicated-cond -Wshadow -Wmultistatement-macros -Wcast-align=strict    -g -O2 -MT tests/test-util.o -MD -MP -MF $depbase.Tpo -c -o tests/test-util.o tests/test-util.c &&\
mv -f $depbase.Tpo $depbase.Po
depbase=`echo tests/test-uuid.o | sed 's|[^/]*$|.deps/&|;s|\.o$||'`;\
gcc -DHAVE_CONFIG_H -I.    -I ./include -I ./include -I ./lib -I ./lib    -Wstrict-prototypes -Wall -Wextra -Wno-sign-compare -Wpointer-arith -Wformat -Wformat-security -Wswitch-enum -Wunused-parameter -Wbad-function-cast -Wcast-align -Wstrict-prototypes -Wold-style-definition -Wmissing-prototypes -Wmissing-field-initializers -fno-strict-aliasing -Wswitch-bool -Wlogical-not-parentheses -Wsizeof-array-argument -Wbool-compare -Wshift-negative-value -Wduplicated-cond -Wshadow -Wmultistatement-macros -Wcast-align=strict    -g -O2 -MT tests/test-uuid.o -MD -MP -MF $depbase.Tpo -c -o tests/test-uuid.o tests/test-uuid.c &&\
mv -f $depbase.Tpo $depbase.Po
depbase=`echo tests/test-uuidset.o | sed 's|[^/]*$|.deps/&|;s|\.o$||'`;\
gcc -DHAVE_CONFIG_H -I.    -I ./include -I ./include -I ./lib -I ./lib    -Wstrict-prototypes -Wall -Wextra -Wno-sign-compare -Wpointer-arith -Wformat -Wformat-security -Wswitch-enum -Wunused-parameter -Wbad-function-cast -Wcast-align -Wstrict-prototypes -Wold-style-definition -Wmissing-prototypes -Wmissing-field-initializers -fno-strict-aliasing -Wswitch-bool -Wlogical-not-parentheses -Wsizeof-array-argument -Wbool-compare -Wshift-negative-value -Wduplicated-cond -Wshadow -Wmultistatement-macros -Wcast-align=strict    -g -O2 -MT tests/test-uuidset.o -MD -MP -MF $depbase.Tpo -c -o tests/test-uuidset.o tests/test-uuidset.c &&\
mv -f $depbase.Tpo $depbase.Po
depbase=`echo tests/test-bitmap.o | sed 's|[^/]*$|.deps/&|;s|\.o$||'`;\
gcc -DHAVE_CONFIG_H -I.    -I ./include -I ./include -I ./lib -I ./lib    -Wstrict-prototypes -Wall -Wextra -Wno-sign-compare -Wpointer-arith -Wformat -Wformat-security -Wswitch-enum -Wunused-parameter -Wbad-function-cast -Wcast-align -Wstrict-prototypes -Wold-style-definition -Wmissing-prototypes -Wmissing-field-initializers -fno-strict-aliasing -Wswitch-bool -Wlogical-not-parentheses -Wsizeof-array-argument -Wbool-compare -Wshift-negative-value -Wduplicated-cond -Wshadow -Wmultistatement-macros -Wcast-align=strict    -g -O2 -MT tests/test-bitmap.o -MD -MP -MF $depbase.Tpo -c -o tests/test-bitmap.o tests/test-bitmap.c &&\
mv -f $depbase.Tpo $depbase.Po
depbase=`echo tests/test-vconn.o | sed 's|[^/]*$|.deps/&|;s|\.o$||'`;\
gcc -DHAVE_CONFIG_H -I.    -I ./include -I ./include -I ./lib -I ./lib    -Wstrict-prototypes -Wall -Wextra -Wno-sign-compare -Wpointer-arith -Wformat -Wformat-security -Wswitch-enum -Wunused-parameter -Wbad-function-cast -Wcast-align -Wstrict-prototypes -Wold-style-definition -Wmissing-prototypes -Wmissing-field-initializers -fno-strict-aliasing -Wswitch-bool -Wlogical-not-parentheses -Wsizeof-array-argument -Wbool-compare -Wshift-negative-value -Wduplicated-cond -Wshadow -Wmultistatement-macros -Wcast-align=strict    -g -O2 -MT tests/test-vconn.o -MD -MP -MF $depbase.Tpo -c -o tests/test-vconn.o tests/test-vconn.c &&\
mv -f $depbase.Tpo $depbase.Po
depbase=`echo tests/test-aa.o | sed 's|[^/]*$|.deps/&|;s|\.o$||'`;\
gcc -DHAVE_CONFIG_H -I.    -I ./include -I ./include -I ./lib -I ./lib    -Wstrict-prototypes -Wall -Wextra -Wno-sign-compare -Wpointer-arith -Wformat -Wformat-security -Wswitch-enum -Wunused-parameter -Wbad-function-cast -Wcast-align -Wstrict-prototypes -Wold-style-definition -Wmissing-prototypes -Wmissing-field-initializers -fno-strict-aliasing -Wswitch-bool -Wlogical-not-parentheses -Wsizeof-array-argument -Wbool-compare -Wshift-negative-value -Wduplicated-cond -Wshadow -Wmultistatement-macros -Wcast-align=strict    -g -O2 -MT tests/test-aa.o -MD -MP -MF $depbase.Tpo -c -o tests/test-aa.o tests/test-aa.c &&\
mv -f $depbase.Tpo $depbase.Po
depbase=`echo tests/test-stopwatch.o | sed 's|[^/]*$|.deps/&|;s|\.o$||'`;\
gcc -DHAVE_CONFIG_H -I.    -I ./include -I ./include -I ./lib -I ./lib    -Wstrict-prototypes -Wall -Wextra -Wno-sign-compare -Wpointer-arith -Wformat -Wformat-security -Wswitch-enum -Wunused-parameter -Wbad-function-cast -Wcast-align -Wstrict-prototypes -Wold-style-definition -Wmissing-prototypes -Wmissing-field-initializers -fno-strict-aliasing -Wswitch-bool -Wlogical-not-parentheses -Wsizeof-array-argument -Wbool-compare -Wshift-negative-value -Wduplicated-cond -Wshadow -Wmultistatement-macros -Wcast-align=strict    -g -O2 -MT tests/test-stopwatch.o -MD -MP -MF $depbase.Tpo -c -o tests/test-stopwatch.o tests/test-stopwatch.c &&\
mv -f $depbase.Tpo $depbase.Po
depbase=`echo tests/test-unix-socket.o | sed 's|[^/]*$|.deps/&|;s|\.o$||'`;\
gcc -DHAVE_CONFIG_H -I.    -I ./include -I ./include -I ./lib -I ./lib    -Wstrict-prototypes -Wall -Wextra -Wno-sign-compare -Wpointer-arith -Wformat -Wformat-security -Wswitch-enum -Wunused-parameter -Wbad-function-cast -Wcast-align -Wstrict-prototypes -Wold-style-definition -Wmissing-prototypes -Wmissing-field-initializers -fno-strict-aliasing -Wswitch-bool -Wlogical-not-parentheses -Wsizeof-array-argument -Wbool-compare -Wshift-negative-value -Wduplicated-cond -Wshadow -Wmultistatement-macros -Wcast-align=strict    -g -O2 -MT tests/test-unix-socket.o -MD -MP -MF $depbase.Tpo -c -o tests/test-unix-socket.o tests/test-unix-socket.c &&\
mv -f $depbase.Tpo $depbase.Po
depbase=`echo tests/test-lib-route-table.o | sed 's|[^/]*$|.deps/&|;s|\.o$||'`;\
gcc -DHAVE_CONFIG_H -I.    -I ./include -I ./include -I ./lib -I ./lib    -Wstrict-prototypes -Wall -Wextra -Wno-sign-compare -Wpointer-arith -Wformat -Wformat-security -Wswitch-enum -Wunused-parameter -Wbad-function-cast -Wcast-align -Wstrict-prototypes -Wold-style-definition -Wmissing-prototypes -Wmissing-field-initializers -fno-strict-aliasing -Wswitch-bool -Wlogical-not-parentheses -Wsizeof-array-argument -Wbool-compare -Wshift-negative-value -Wduplicated-cond -Wshadow -Wmultistatement-macros -Wcast-align=strict    -g -O2 -MT tests/test-lib-route-table.o -MD -MP -MF $depbase.Tpo -c -o tests/test-lib-route-table.o tests/test-lib-route-table.c &&\
mv -f $depbase.Tpo $depbase.Po
depbase=`echo tests/test-netlink-conntrack.o | sed 's|[^/]*$|.deps/&|;s|\.o$||'`;\
gcc -DHAVE_CONFIG_H -I.    -I ./include -I ./include -I ./lib -I ./lib    -Wstrict-prototypes -Wall -Wextra -Wno-sign-compare -Wpointer-arith -Wformat -Wformat-security -Wswitch-enum -Wunused-parameter -Wbad-function-cast -Wcast-align -Wstrict-prototypes -Wold-style-definition -Wmissing-prototypes -Wmissing-field-initializers -fno-strict-aliasing -Wswitch-bool -Wlogical-not-parentheses -Wsizeof-array-argument -Wbool-compare -Wshift-negative-value -Wduplicated-cond -Wshadow -Wmultistatement-macros -Wcast-align=strict    -g -O2 -MT tests/test-netlink-conntrack.o -MD -MP -MF $depbase.Tpo -c -o tests/test-netlink-conntrack.o tests/test-netlink-conntrack.c &&\
mv -f $depbase.Tpo $depbase.Po
depbase=`echo tests/test-netlink-policy.o | sed 's|[^/]*$|.deps/&|;s|\.o$||'`;\
gcc -DHAVE_CONFIG_H -I.    -I ./include -I ./include -I ./lib -I ./lib    -Wstrict-prototypes -Wall -Wextra -Wno-sign-compare -Wpointer-arith -Wformat -Wformat-security -Wswitch-enum -Wunused-parameter -Wbad-function-cast -Wcast-align -Wstrict-prototypes -Wold-style-definition -Wmissing-prototypes -Wmissing-field-initializers -fno-strict-aliasing -Wswitch-bool -Wlogical-not-parentheses -Wsizeof-array-argument -Wbool-compare -Wshift-negative-value -Wduplicated-cond -Wshadow -Wmultistatement-macros -Wcast-align=strict    -g -O2 -MT tests/test-netlink-policy.o -MD -MP -MF $depbase.Tpo -c -o tests/test-netlink-policy.o tests/test-netlink-policy.c &&\
mv -f $depbase.Tpo $depbase.Po
depbase=`echo tests/test-psample.o | sed 's|[^/]*$|.deps/&|;s|\.o$||'`;\
gcc -DHAVE_CONFIG_H -I.    -I ./include -I ./include -I ./lib -I ./lib    -Wstrict-prototypes -Wall -Wextra -Wno-sign-compare -Wpointer-arith -Wformat -Wformat-security -Wswitch-enum -Wunused-parameter -Wbad-function-cast -Wcast-align -Wstrict-prototypes -Wold-style-definition -Wmissing-prototypes -Wmissing-field-initializers -fno-strict-aliasing -Wswitch-bool -Wlogical-not-parentheses -Wsizeof-array-argument -Wbool-compare -Wshift-negative-value -Wduplicated-cond -Wshadow -Wmultistatement-macros -Wcast-align=strict    -g -O2 -MT tests/test-psample.o -MD -MP -MF $depbase.Tpo -c -o tests/test-psample.o tests/test-psample.c &&\
mv -f $depbase.Tpo $depbase.Po
depbase=`echo tests/test-stream.o | sed 's|[^/]*$|.deps/&|;s|\.o$||'`;\
gcc -DHAVE_CONFIG_H -I.    -I ./include -I ./include -I ./lib -I ./lib    -Wstrict-prototypes -Wall -Wextra -Wno-sign-compare -Wpointer-arith -Wformat -Wformat-security -Wswitch-enum -Wunused-parameter -Wbad-function-cast -Wcast-align -Wstrict-prototypes -Wold-style-definition -Wmissing-prototypes -Wmissing-field-initializers -fno-strict-aliasing -Wswitch-bool -Wlogical-not-parentheses -Wsizeof-array-argument -Wbool-compare -Wshift-negative-value -Wduplicated-cond -Wshadow -Wmultistatement-macros -Wcast-align=strict    -g -O2 -MT tests/test-stream.o -MD -MP -MF $depbase.Tpo -c -o tests/test-stream.o tests/test-stream.c &&\
mv -f $depbase.Tpo $depbase.Po
depbase=`echo tests/test-strtok_r.o | sed 's|[^/]*$|.deps/&|;s|\.o$||'`;\
gcc -DHAVE_CONFIG_H -I.    -I ./include -I ./include -I ./lib -I ./lib    -Wstrict-prototypes -Wall -Wextra -Wno-sign-compare -Wpointer-arith -Wformat -Wformat-security -Wswitch-enum -Wunused-parameter -Wbad-function-cast -Wcast-align -Wstrict-prototypes -Wold-style-definition -Wmissing-prototypes -Wmissing-field-initializers -fno-strict-aliasing -Wswitch-bool -Wlogical-not-parentheses -Wsizeof-array-argument -Wbool-compare -Wshift-negative-value -Wduplicated-cond -Wshadow -Wmultistatement-macros -Wcast-align=strict    -g -O2 -MT tests/test-strtok_r.o -MD -MP -MF $depbase.Tpo -c -o tests/test-strtok_r.o tests/test-strtok_r.c &&\
mv -f $depbase.Tpo $depbase.Po
depbase=`echo tests/test-type-props.o | sed 's|[^/]*$|.deps/&|;s|\.o$||'`;\
gcc -DHAVE_CONFIG_H -I.    -I ./include -I ./include -I ./lib -I ./lib    -Wstrict-prototypes -Wall -Wextra -Wno-sign-compare -Wpointer-arith -Wformat -Wformat-security -Wswitch-enum -Wunused-parameter -Wbad-function-cast -Wcast-align -Wstrict-prototypes -Wold-style-definition -Wmissing-prototypes -Wmissing-field-initializers -fno-strict-aliasing -Wswitch-bool -Wlogical-not-parentheses -Wsizeof-array-argument -Wbool-compare -Wshift-negative-value -Wduplicated-cond -Wshadow -Wmultistatement-macros -Wcast-align=strict    -g -O2 -MT tests/test-type-props.o -MD -MP -MF $depbase.Tpo -c -o tests/test-type-props.o tests/test-type-props.c &&\
mv -f $depbase.Tpo $depbase.Po
depbase=`echo vswitchd/bridge.o | sed 's|[^/]*$|.deps/&|;s|\.o$||'`;\
gcc -DHAVE_CONFIG_H -I.    -I ./include -I ./include -I ./lib -I ./lib    -Wstrict-prototypes -Wall -Wextra -Wno-sign-compare -Wpointer-arith -Wformat -Wformat-security -Wswitch-enum -Wunused-parameter -Wbad-function-cast -Wcast-align -Wstrict-prototypes -Wold-style-definition -Wmissing-prototypes -Wmissing-field-initializers -fno-strict-aliasing -Wswitch-bool -Wlogical-not-parentheses -Wsizeof-array-argument -Wbool-compare -Wshift-negative-value -Wduplicated-cond -Wshadow -Wmultistatement-macros -Wcast-align=strict    -g -O2 -MT vswitchd/bridge.o -MD -MP -MF $depbase.Tpo -c -o vswitchd/bridge.o vswitchd/bridge.c &&\
mv -f $depbase.Tpo $depbase.Po
depbase=`echo vswitchd/ovs-vswitchd.o | sed 's|[^/]*$|.deps/&|;s|\.o$||'`;\
gcc -DHAVE_CONFIG_H -I.    -I ./include -I ./include -I ./lib -I ./lib    -Wstrict-prototypes -Wall -Wextra -Wno-sign-compare -Wpointer-arith -Wformat -Wformat-security -Wswitch-enum -Wunused-parameter -Wbad-function-cast -Wcast-align -Wstrict-prototypes -Wold-style-definition -Wmissing-prototypes -Wmissing-field-initializers -fno-strict-aliasing -Wswitch-bool -Wlogical-not-parentheses -Wsizeof-array-argument -Wbool-compare -Wshift-negative-value -Wduplicated-cond -Wshadow -Wmultistatement-macros -Wcast-align=strict    -g -O2 -MT vswitchd/ovs-vswitchd.o -MD -MP -MF $depbase.Tpo -c -o vswitchd/ovs-vswitchd.o vswitchd/ovs-vswitchd.c &&\
mv -f $depbase.Tpo $depbase.Po
depbase=`echo vswitchd/system-stats.o | sed 's|[^/]*$|.deps/&|;s|\.o$||'`;\
gcc -DHAVE_CONFIG_H -I.    -I ./include -I ./include -I ./lib -I ./lib    -Wstrict-prototypes -Wall -Wextra -Wno-sign-compare -Wpointer-arith -Wformat -Wformat-security -Wswitch-enum -Wunused-parameter -Wbad-function-cast -Wcast-align -Wstrict-prototypes -Wold-style-definition -Wmissing-prototypes -Wmissing-field-initializers -fno-strict-aliasing -Wswitch-bool -Wlogical-not-parentheses -Wsizeof-array-argument -Wbool-compare -Wshift-negative-value -Wduplicated-cond -Wshadow -Wmultistatement-macros -Wcast-align=strict    -g -O2 -MT vswitchd/system-stats.o -MD -MP -MF $depbase.Tpo -c -o vswitchd/system-stats.o vswitchd/system-stats.c &&\
mv -f $depbase.Tpo $depbase.Po
PYTHONPATH=./python":"$PYTHONPATH PYTHONDONTWRITEBYTECODE=yes /usr/bin/python3 ./build-aux/text2c < ovsdb/_server.ovsschema > ovsdb/_server.ovsschema.inc.tmp
mv ovsdb/_server.ovsschema.inc.tmp ovsdb/_server.ovsschema.inc
PYTHONPATH=$PYTHONPATH":"./python /usr/bin/python3 ./build-aux/soexpand.py -I. < utilities/ovs-pki.in | \
  /usr/bin/python3 ./build-aux/dpdkstrip.py --nodpdk | \
  sed \
    -e 's,[@]PKIDIR[@],/usr/local/var/lib/openvswitch/pki,g' \
    -e 's,[@]LOGDIR[@],/usr/local/var/log/openvswitch,g' \
    -e 's,[@]DBDIR[@],/usr/local/etc/openvswitch,g' \
    -e 's,[@]PYTHON3[@],/usr/bin/python3,g' \
    -e 's,[@]RUNDIR[@],/usr/local/var/run/openvswitch,g' \
    -e 's,[@]VERSION[@],3.6.90,g' \
    -e 's,[@]VERSION_SUFFIX[@],,g' \
    -e 's,[@]localstatedir[@],/usr/local/var,g' \
    -e 's,[@]pkgdatadir[@],/usr/local/share/openvswitch,g' \
    -e 's,[@]sysconfdir[@],/usr/local/etc,g' \
    -e 's,[@]bindir[@],/usr/local/bin,g' \
    -e 's,[@]sbindir[@],/usr/local/sbin,g' \
    -e 's,[@]abs_builddir[@],/mnt/d/ovs_DS,g' \
    -e 's,[@]abs_top_srcdir[@],/mnt/d/ovs_DS,g' \
  > utilities/ovs-pki.tmp
mv -f utilities/ovs-pki.tmp utilities/ovs-pki
PYTHONPATH=$PYTHONPATH":"./python /usr/bin/python3 ./build-aux/soexpand.py -I. < utilities/ovs-pcap.in | \
  /usr/bin/python3 ./build-aux/dpdkstrip.py --nodpdk | \
  sed \
    -e 's,[@]PKIDIR[@],/usr/local/var/lib/openvswitch/pki,g' \
    -e 's,[@]LOGDIR[@],/usr/local/var/log/openvswitch,g' \
    -e 's,[@]DBDIR[@],/usr/local/etc/openvswitch,g' \
    -e 's,[@]PYTHON3[@],/usr/bin/python3,g' \
    -e 's,[@]RUNDIR[@],/usr/local/var/run/openvswitch,g' \
    -e 's,[@]VERSION[@],3.6.90,g' \
    -e 's,[@]VERSION_SUFFIX[@],,g' \
    -e 's,[@]localstatedir[@],/usr/local/var,g' \
    -e 's,[@]pkgdatadir[@],/usr/local/share/openvswitch,g' \
    -e 's,[@]sysconfdir[@],/usr/local/etc,g' \
    -e 's,[@]bindir[@],/usr/local/bin,g' \
    -e 's,[@]sbindir[@],/usr/local/sbin,g' \
    -e 's,[@]abs_builddir[@],/mnt/d/ovs_DS,g' \
    -e 's,[@]abs_top_srcdir[@],/mnt/d/ovs_DS,g' \
  > utilities/ovs-pcap.tmp
mv -f utilities/ovs-pcap.tmp utilities/ovs-pcap
PYTHONPATH=$PYTHONPATH":"./python /usr/bin/python3 ./build-aux/soexpand.py -I. < utilities/ovs-tcpdump.in | \
  /usr/bin/python3 ./build-aux/dpdkstrip.py --nodpdk | \
  sed \
    -e 's,[@]PKIDIR[@],/usr/local/var/lib/openvswitch/pki,g' \
    -e 's,[@]LOGDIR[@],/usr/local/var/log/openvswitch,g' \
    -e 's,[@]DBDIR[@],/usr/local/etc/openvswitch,g' \
    -e 's,[@]PYTHON3[@],/usr/bin/python3,g' \
    -e 's,[@]RUNDIR[@],/usr/local/var/run/openvswitch,g' \
    -e 's,[@]VERSION[@],3.6.90,g' \
    -e 's,[@]VERSION_SUFFIX[@],,g' \
    -e 's,[@]localstatedir[@],/usr/local/var,g' \
    -e 's,[@]pkgdatadir[@],/usr/local/share/openvswitch,g' \
    -e 's,[@]sysconfdir[@],/usr/local/etc,g' \
    -e 's,[@]bindir[@],/usr/local/bin,g' \
    -e 's,[@]sbindir[@],/usr/local/sbin,g' \
    -e 's,[@]abs_builddir[@],/mnt/d/ovs_DS,g' \
    -e 's,[@]abs_top_srcdir[@],/mnt/d/ovs_DS,g' \
  > utilities/ovs-tcpdump.tmp
PYTHONPATH=$PYTHONPATH":"./python /usr/bin/python3 ./build-aux/soexpand.py -I. < utilities/ovs-tcpundump.in | \
  /usr/bin/python3 ./build-aux/dpdkstrip.py --nodpdk | \
  sed \
    -e 's,[@]PKIDIR[@],/usr/local/var/lib/openvswitch/pki,g' \
    -e 's,[@]LOGDIR[@],/usr/local/var/log/openvswitch,g' \
    -e 's,[@]DBDIR[@],/usr/local/etc/openvswitch,g' \
    -e 's,[@]PYTHON3[@],/usr/bin/python3,g' \
    -e 's,[@]RUNDIR[@],/usr/local/var/run/openvswitch,g' \
    -e 's,[@]VERSION[@],3.6.90,g' \
    -e 's,[@]VERSION_SUFFIX[@],,g' \
    -e 's,[@]localstatedir[@],/usr/local/var,g' \
    -e 's,[@]pkgdatadir[@],/usr/local/share/openvswitch,g' \
    -e 's,[@]sysconfdir[@],/usr/local/etc,g' \
    -e 's,[@]bindir[@],/usr/local/bin,g' \
    -e 's,[@]sbindir[@],/usr/local/sbin,g' \
    -e 's,[@]abs_builddir[@],/mnt/d/ovs_DS,g' \
    -e 's,[@]abs_top_srcdir[@],/mnt/d/ovs_DS,g' \
  > utilities/ovs-tcpundump.tmp
mv -f utilities/ovs-tcpdump.tmp utilities/ovs-tcpdump
PYTHONPATH=$PYTHONPATH":"./python /usr/bin/python3 ./build-aux/soexpand.py -I. < utilities/ovs-dpctl-top.in | \
  /usr/bin/python3 ./build-aux/dpdkstrip.py --nodpdk | \
  sed \
    -e 's,[@]PKIDIR[@],/usr/local/var/lib/openvswitch/pki,g' \
    -e 's,[@]LOGDIR[@],/usr/local/var/log/openvswitch,g' \
    -e 's,[@]DBDIR[@],/usr/local/etc/openvswitch,g' \
    -e 's,[@]PYTHON3[@],/usr/bin/python3,g' \
    -e 's,[@]RUNDIR[@],/usr/local/var/run/openvswitch,g' \
    -e 's,[@]VERSION[@],3.6.90,g' \
    -e 's,[@]VERSION_SUFFIX[@],,g' \
    -e 's,[@]localstatedir[@],/usr/local/var,g' \
    -e 's,[@]pkgdatadir[@],/usr/local/share/openvswitch,g' \
    -e 's,[@]sysconfdir[@],/usr/local/etc,g' \
    -e 's,[@]bindir[@],/usr/local/bin,g' \
    -e 's,[@]sbindir[@],/usr/local/sbin,g' \
    -e 's,[@]abs_builddir[@],/mnt/d/ovs_DS,g' \
    -e 's,[@]abs_top_srcdir[@],/mnt/d/ovs_DS,g' \
  > utilities/ovs-dpctl-top.tmp
mv -f utilities/ovs-tcpundump.tmp utilities/ovs-tcpundump
PYTHONPATH=$PYTHONPATH":"./python /usr/bin/python3 ./build-aux/soexpand.py -I. < utilities/ovs-l3ping.in | \
  /usr/bin/python3 ./build-aux/dpdkstrip.py --nodpdk | \
  sed \
    -e 's,[@]PKIDIR[@],/usr/local/var/lib/openvswitch/pki,g' \
    -e 's,[@]LOGDIR[@],/usr/local/var/log/openvswitch,g' \
    -e 's,[@]DBDIR[@],/usr/local/etc/openvswitch,g' \
    -e 's,[@]PYTHON3[@],/usr/bin/python3,g' \
    -e 's,[@]RUNDIR[@],/usr/local/var/run/openvswitch,g' \
    -e 's,[@]VERSION[@],3.6.90,g' \
    -e 's,[@]VERSION_SUFFIX[@],,g' \
    -e 's,[@]localstatedir[@],/usr/local/var,g' \
    -e 's,[@]pkgdatadir[@],/usr/local/share/openvswitch,g' \
    -e 's,[@]sysconfdir[@],/usr/local/etc,g' \
    -e 's,[@]bindir[@],/usr/local/bin,g' \
    -e 's,[@]sbindir[@],/usr/local/sbin,g' \
    -e 's,[@]abs_builddir[@],/mnt/d/ovs_DS,g' \
    -e 's,[@]abs_top_srcdir[@],/mnt/d/ovs_DS,g' \
  > utilities/ovs-l3ping.tmp
mv -f utilities/ovs-dpctl-top.tmp utilities/ovs-dpctl-top
PYTHONPATH=$PYTHONPATH":"./python /usr/bin/python3 ./build-aux/soexpand.py -I. < utilities/ovs-parse-backtrace.in | \
  /usr/bin/python3 ./build-aux/dpdkstrip.py --nodpdk | \
  sed \
    -e 's,[@]PKIDIR[@],/usr/local/var/lib/openvswitch/pki,g' \
    -e 's,[@]LOGDIR[@],/usr/local/var/log/openvswitch,g' \
    -e 's,[@]DBDIR[@],/usr/local/etc/openvswitch,g' \
    -e 's,[@]PYTHON3[@],/usr/bin/python3,g' \
    -e 's,[@]RUNDIR[@],/usr/local/var/run/openvswitch,g' \
    -e 's,[@]VERSION[@],3.6.90,g' \
    -e 's,[@]VERSION_SUFFIX[@],,g' \
    -e 's,[@]localstatedir[@],/usr/local/var,g' \
    -e 's,[@]pkgdatadir[@],/usr/local/share/openvswitch,g' \
    -e 's,[@]sysconfdir[@],/usr/local/etc,g' \
    -e 's,[@]bindir[@],/usr/local/bin,g' \
    -e 's,[@]sbindir[@],/usr/local/sbin,g' \
    -e 's,[@]abs_builddir[@],/mnt/d/ovs_DS,g' \
    -e 's,[@]abs_top_srcdir[@],/mnt/d/ovs_DS,g' \
  > utilities/ovs-parse-backtrace.tmp
mv -f utilities/ovs-l3ping.tmp utilities/ovs-l3ping
PYTHONPATH=$PYTHONPATH":"./python /usr/bin/python3 ./build-aux/soexpand.py -I. < utilities/ovs-test.in | \
  /usr/bin/python3 ./build-aux/dpdkstrip.py --nodpdk | \
  sed \
    -e 's,[@]PKIDIR[@],/usr/local/var/lib/openvswitch/pki,g' \
    -e 's,[@]LOGDIR[@],/usr/local/var/log/openvswitch,g' \
    -e 's,[@]DBDIR[@],/usr/local/etc/openvswitch,g' \
    -e 's,[@]PYTHON3[@],/usr/bin/python3,g' \
    -e 's,[@]RUNDIR[@],/usr/local/var/run/openvswitch,g' \
    -e 's,[@]VERSION[@],3.6.90,g' \
    -e 's,[@]VERSION_SUFFIX[@],,g' \
    -e 's,[@]localstatedir[@],/usr/local/var,g' \
    -e 's,[@]pkgdatadir[@],/usr/local/share/openvswitch,g' \
    -e 's,[@]sysconfdir[@],/usr/local/etc,g' \
    -e 's,[@]bindir[@],/usr/local/bin,g' \
    -e 's,[@]sbindir[@],/usr/local/sbin,g' \
    -e 's,[@]abs_builddir[@],/mnt/d/ovs_DS,g' \
    -e 's,[@]abs_top_srcdir[@],/mnt/d/ovs_DS,g' \
  > utilities/ovs-test.tmp
PYTHONPATH=$PYTHONPATH":"./python /usr/bin/python3 ./build-aux/soexpand.py -I. < utilities/ovs-vlan-test.in | \
  /usr/bin/python3 ./build-aux/dpdkstrip.py --nodpdk | \
  sed \
    -e 's,[@]PKIDIR[@],/usr/local/var/lib/openvswitch/pki,g' \
    -e 's,[@]LOGDIR[@],/usr/local/var/log/openvswitch,g' \
    -e 's,[@]DBDIR[@],/usr/local/etc/openvswitch,g' \
    -e 's,[@]PYTHON3[@],/usr/bin/python3,g' \
    -e 's,[@]RUNDIR[@],/usr/local/var/run/openvswitch,g' \
    -e 's,[@]VERSION[@],3.6.90,g' \
    -e 's,[@]VERSION_SUFFIX[@],,g' \
    -e 's,[@]localstatedir[@],/usr/local/var,g' \
    -e 's,[@]pkgdatadir[@],/usr/local/share/openvswitch,g' \
    -e 's,[@]sysconfdir[@],/usr/local/etc,g' \
    -e 's,[@]bindir[@],/usr/local/bin,g' \
    -e 's,[@]sbindir[@],/usr/local/sbin,g' \
    -e 's,[@]abs_builddir[@],/mnt/d/ovs_DS,g' \
    -e 's,[@]abs_top_srcdir[@],/mnt/d/ovs_DS,g' \
  > utilities/ovs-vlan-test.tmp
mv -f utilities/ovs-parse-backtrace.tmp utilities/ovs-parse-backtrace
PYTHONPATH=$PYTHONPATH":"./python /usr/bin/python3 ./build-aux/soexpand.py -I. < utilities/ovs-sim.in | \
  /usr/bin/python3 ./build-aux/dpdkstrip.py --nodpdk | \
  sed \
    -e 's,[@]PKIDIR[@],/usr/local/var/lib/openvswitch/pki,g' \
    -e 's,[@]LOGDIR[@],/usr/local/var/log/openvswitch,g' \
    -e 's,[@]DBDIR[@],/usr/local/etc/openvswitch,g' \
    -e 's,[@]PYTHON3[@],/usr/bin/python3,g' \
    -e 's,[@]RUNDIR[@],/usr/local/var/run/openvswitch,g' \
    -e 's,[@]VERSION[@],3.6.90,g' \
    -e 's,[@]VERSION_SUFFIX[@],,g' \
    -e 's,[@]localstatedir[@],/usr/local/var,g' \
    -e 's,[@]pkgdatadir[@],/usr/local/share/openvswitch,g' \
    -e 's,[@]sysconfdir[@],/usr/local/etc,g' \
    -e 's,[@]bindir[@],/usr/local/bin,g' \
    -e 's,[@]sbindir[@],/usr/local/sbin,g' \
    -e 's,[@]abs_builddir[@],/mnt/d/ovs_DS,g' \
    -e 's,[@]abs_top_srcdir[@],/mnt/d/ovs_DS,g' \
  > utilities/ovs-sim.tmp
mv -f utilities/ovs-vlan-test.tmp utilities/ovs-vlan-test
PYTHONPATH=$PYTHONPATH":"./python /usr/bin/python3 ./build-aux/soexpand.py -I. < ovsdb/ovsdb-idlc.in | \
  /usr/bin/python3 ./build-aux/dpdkstrip.py --nodpdk | \
  sed \
    -e 's,[@]PKIDIR[@],/usr/local/var/lib/openvswitch/pki,g' \
    -e 's,[@]LOGDIR[@],/usr/local/var/log/openvswitch,g' \
    -e 's,[@]DBDIR[@],/usr/local/etc/openvswitch,g' \
    -e 's,[@]PYTHON3[@],/usr/bin/python3,g' \
    -e 's,[@]RUNDIR[@],/usr/local/var/run/openvswitch,g' \
    -e 's,[@]VERSION[@],3.6.90,g' \
    -e 's,[@]VERSION_SUFFIX[@],,g' \
    -e 's,[@]localstatedir[@],/usr/local/var,g' \
    -e 's,[@]pkgdatadir[@],/usr/local/share/openvswitch,g' \
    -e 's,[@]sysconfdir[@],/usr/local/etc,g' \
    -e 's,[@]bindir[@],/usr/local/bin,g' \
    -e 's,[@]sbindir[@],/usr/local/sbin,g' \
    -e 's,[@]abs_builddir[@],/mnt/d/ovs_DS,g' \
    -e 's,[@]abs_top_srcdir[@],/mnt/d/ovs_DS,g' \
  > ovsdb/ovsdb-idlc.tmp
mv -f utilities/ovs-test.tmp utilities/ovs-test
PYTHONPATH=$PYTHONPATH":"./python /usr/bin/python3 ./build-aux/soexpand.py -I. < ovsdb/ovsdb-dot.in | \
  /usr/bin/python3 ./build-aux/dpdkstrip.py --nodpdk | \
  sed \
    -e 's,[@]PKIDIR[@],/usr/local/var/lib/openvswitch/pki,g' \
    -e 's,[@]LOGDIR[@],/usr/local/var/log/openvswitch,g' \
    -e 's,[@]DBDIR[@],/usr/local/etc/openvswitch,g' \
    -e 's,[@]PYTHON3[@],/usr/bin/python3,g' \
    -e 's,[@]RUNDIR[@],/usr/local/var/run/openvswitch,g' \
    -e 's,[@]VERSION[@],3.6.90,g' \
    -e 's,[@]VERSION_SUFFIX[@],,g' \
    -e 's,[@]localstatedir[@],/usr/local/var,g' \
    -e 's,[@]pkgdatadir[@],/usr/local/share/openvswitch,g' \
    -e 's,[@]sysconfdir[@],/usr/local/etc,g' \
    -e 's,[@]bindir[@],/usr/local/bin,g' \
    -e 's,[@]sbindir[@],/usr/local/sbin,g' \
    -e 's,[@]abs_builddir[@],/mnt/d/ovs_DS,g' \
    -e 's,[@]abs_top_srcdir[@],/mnt/d/ovs_DS,g' \
  > ovsdb/ovsdb-dot.tmp
mv -f utilities/ovs-sim.tmp utilities/ovs-sim
PYTHONPATH=$PYTHONPATH":"./python /usr/bin/python3 ./build-aux/soexpand.py -I. < utilities/bugtool/ovs-bugtool.in | \
  /usr/bin/python3 ./build-aux/dpdkstrip.py --nodpdk | \
  sed \
    -e 's,[@]PKIDIR[@],/usr/local/var/lib/openvswitch/pki,g' \
    -e 's,[@]LOGDIR[@],/usr/local/var/log/openvswitch,g' \
    -e 's,[@]DBDIR[@],/usr/local/etc/openvswitch,g' \
    -e 's,[@]PYTHON3[@],/usr/bin/python3,g' \
    -e 's,[@]RUNDIR[@],/usr/local/var/run/openvswitch,g' \
    -e 's,[@]VERSION[@],3.6.90,g' \
    -e 's,[@]VERSION_SUFFIX[@],,g' \
    -e 's,[@]localstatedir[@],/usr/local/var,g' \
    -e 's,[@]pkgdatadir[@],/usr/local/share/openvswitch,g' \
    -e 's,[@]sysconfdir[@],/usr/local/etc,g' \
    -e 's,[@]bindir[@],/usr/local/bin,g' \
    -e 's,[@]sbindir[@],/usr/local/sbin,g' \
    -e 's,[@]abs_builddir[@],/mnt/d/ovs_DS,g' \
    -e 's,[@]abs_top_srcdir[@],/mnt/d/ovs_DS,g' \
  > utilities/bugtool/ovs-bugtool.tmp
mv -f ovsdb/ovsdb-idlc.tmp ovsdb/ovsdb-idlc
PYTHONPATH=$PYTHONPATH":"./python /usr/bin/python3 ./build-aux/soexpand.py -I. < utilities/ovs-check-dead-ifs.in | \
  /usr/bin/python3 ./build-aux/dpdkstrip.py --nodpdk | \
  sed \
    -e 's,[@]PKIDIR[@],/usr/local/var/lib/openvswitch/pki,g' \
    -e 's,[@]LOGDIR[@],/usr/local/var/log/openvswitch,g' \
    -e 's,[@]DBDIR[@],/usr/local/etc/openvswitch,g' \
    -e 's,[@]PYTHON3[@],/usr/bin/python3,g' \
    -e 's,[@]RUNDIR[@],/usr/local/var/run/openvswitch,g' \
    -e 's,[@]VERSION[@],3.6.90,g' \
    -e 's,[@]VERSION_SUFFIX[@],,g' \
    -e 's,[@]localstatedir[@],/usr/local/var,g' \
    -e 's,[@]pkgdatadir[@],/usr/local/share/openvswitch,g' \
    -e 's,[@]sysconfdir[@],/usr/local/etc,g' \
    -e 's,[@]bindir[@],/usr/local/bin,g' \
    -e 's,[@]sbindir[@],/usr/local/sbin,g' \
    -e 's,[@]abs_builddir[@],/mnt/d/ovs_DS,g' \
    -e 's,[@]abs_top_srcdir[@],/mnt/d/ovs_DS,g' \
  > utilities/ovs-check-dead-ifs.tmp
mv -f ovsdb/ovsdb-dot.tmp ovsdb/ovsdb-dot
PYTHONPATH=$PYTHONPATH":"./python /usr/bin/python3 ./build-aux/soexpand.py -I. < utilities/ovs-ctl.in | \
  /usr/bin/python3 ./build-aux/dpdkstrip.py --nodpdk | \
  sed \
    -e 's,[@]PKIDIR[@],/usr/local/var/lib/openvswitch/pki,g' \
    -e 's,[@]LOGDIR[@],/usr/local/var/log/openvswitch,g' \
    -e 's,[@]DBDIR[@],/usr/local/etc/openvswitch,g' \
    -e 's,[@]PYTHON3[@],/usr/bin/python3,g' \
    -e 's,[@]RUNDIR[@],/usr/local/var/run/openvswitch,g' \
    -e 's,[@]VERSION[@],3.6.90,g' \
    -e 's,[@]VERSION_SUFFIX[@],,g' \
    -e 's,[@]localstatedir[@],/usr/local/var,g' \
    -e 's,[@]pkgdatadir[@],/usr/local/share/openvswitch,g' \
    -e 's,[@]sysconfdir[@],/usr/local/etc,g' \
    -e 's,[@]bindir[@],/usr/local/bin,g' \
    -e 's,[@]sbindir[@],/usr/local/sbin,g' \
    -e 's,[@]abs_builddir[@],/mnt/d/ovs_DS,g' \
    -e 's,[@]abs_top_srcdir[@],/mnt/d/ovs_DS,g' \
  > utilities/ovs-ctl.tmp
mv -f utilities/bugtool/ovs-bugtool.tmp utilities/bugtool/ovs-bugtool
PYTHONPATH=$PYTHONPATH":"./python /usr/bin/python3 ./build-aux/soexpand.py -I. < utilities/ovs-kmod-ctl.in | \
  /usr/bin/python3 ./build-aux/dpdkstrip.py --nodpdk | \
  sed \
    -e 's,[@]PKIDIR[@],/usr/local/var/lib/openvswitch/pki,g' \
    -e 's,[@]LOGDIR[@],/usr/local/var/log/openvswitch,g' \
    -e 's,[@]DBDIR[@],/usr/local/etc/openvswitch,g' \
    -e 's,[@]PYTHON3[@],/usr/bin/python3,g' \
    -e 's,[@]RUNDIR[@],/usr/local/var/run/openvswitch,g' \
    -e 's,[@]VERSION[@],3.6.90,g' \
    -e 's,[@]VERSION_SUFFIX[@],,g' \
    -e 's,[@]localstatedir[@],/usr/local/var,g' \
    -e 's,[@]pkgdatadir[@],/usr/local/share/openvswitch,g' \
    -e 's,[@]sysconfdir[@],/usr/local/etc,g' \
    -e 's,[@]bindir[@],/usr/local/bin,g' \
    -e 's,[@]sbindir[@],/usr/local/sbin,g' \
    -e 's,[@]abs_builddir[@],/mnt/d/ovs_DS,g' \
    -e 's,[@]abs_top_srcdir[@],/mnt/d/ovs_DS,g' \
  > utilities/ovs-kmod-ctl.tmp
mv -f utilities/ovs-ctl.tmp utilities/ovs-ctl
mv -f utilities/ovs-check-dead-ifs.tmp utilities/ovs-check-dead-ifs
PYTHONPATH=$PYTHONPATH":"./python /usr/bin/python3 ./build-aux/soexpand.py -I. < ipsec/ovs-monitor-ipsec.in | \
  /usr/bin/python3 ./build-aux/dpdkstrip.py --nodpdk | \
  sed \
    -e 's,[@]PKIDIR[@],/usr/local/var/lib/openvswitch/pki,g' \
    -e 's,[@]LOGDIR[@],/usr/local/var/log/openvswitch,g' \
    -e 's,[@]DBDIR[@],/usr/local/etc/openvswitch,g' \
    -e 's,[@]PYTHON3[@],/usr/bin/python3,g' \
    -e 's,[@]RUNDIR[@],/usr/local/var/run/openvswitch,g' \
    -e 's,[@]VERSION[@],3.6.90,g' \
    -e 's,[@]VERSION_SUFFIX[@],,g' \
    -e 's,[@]localstatedir[@],/usr/local/var,g' \
    -e 's,[@]pkgdatadir[@],/usr/local/share/openvswitch,g' \
    -e 's,[@]sysconfdir[@],/usr/local/etc,g' \
    -e 's,[@]bindir[@],/usr/local/bin,g' \
    -e 's,[@]sbindir[@],/usr/local/sbin,g' \
    -e 's,[@]abs_builddir[@],/mnt/d/ovs_DS,g' \
    -e 's,[@]abs_top_srcdir[@],/mnt/d/ovs_DS,g' \
  > ipsec/ovs-monitor-ipsec.tmp
PYTHONPATH=$PYTHONPATH":"./python /usr/bin/python3 ./build-aux/soexpand.py -I. < vtep/ovs-vtep.in | \
  /usr/bin/python3 ./build-aux/dpdkstrip.py --nodpdk | \
  sed \
    -e 's,[@]PKIDIR[@],/usr/local/var/lib/openvswitch/pki,g' \
    -e 's,[@]LOGDIR[@],/usr/local/var/log/openvswitch,g' \
    -e 's,[@]DBDIR[@],/usr/local/etc/openvswitch,g' \
    -e 's,[@]PYTHON3[@],/usr/bin/python3,g' \
    -e 's,[@]RUNDIR[@],/usr/local/var/run/openvswitch,g' \
    -e 's,[@]VERSION[@],3.6.90,g' \
    -e 's,[@]VERSION_SUFFIX[@],,g' \
    -e 's,[@]localstatedir[@],/usr/local/var,g' \
    -e 's,[@]pkgdatadir[@],/usr/local/share/openvswitch,g' \
    -e 's,[@]sysconfdir[@],/usr/local/etc,g' \
    -e 's,[@]bindir[@],/usr/local/bin,g' \
    -e 's,[@]sbindir[@],/usr/local/sbin,g' \
    -e 's,[@]abs_builddir[@],/mnt/d/ovs_DS,g' \
    -e 's,[@]abs_top_srcdir[@],/mnt/d/ovs_DS,g' \
  > vtep/ovs-vtep.tmp
mv -f utilities/ovs-kmod-ctl.tmp utilities/ovs-kmod-ctl
PYTHONIOENCODING=utf8 PYTHONPATH=./python":"$PYTHONPATH PYTHONDONTWRITEBYTECODE=yes /usr/bin/python3 build-aux/extract-ofp-fields \
            --ovs-version=3.6.90 ovs-fields \
    ./include/openvswitch/meta-flow.h \
            ./lib/meta-flow.xml > lib/ovs-fields.7.tmp
mv -f vtep/ovs-vtep.tmp vtep/ovs-vtep
mv -f ipsec/ovs-monitor-ipsec.tmp ipsec/ovs-monitor-ipsec
PYTHONPATH=$PYTHONPATH":"./python /usr/bin/python3 ./build-aux/soexpand.py -I. < utilities/ovs-testcontroller.8.in | \
  /usr/bin/python3 ./build-aux/dpdkstrip.py --nodpdk | \
  sed \
    -e 's,[@]PKIDIR[@],/usr/local/var/lib/openvswitch/pki,g' \
    -e 's,[@]LOGDIR[@],/usr/local/var/log/openvswitch,g' \
    -e 's,[@]DBDIR[@],/usr/local/etc/openvswitch,g' \
    -e 's,[@]PYTHON3[@],/usr/bin/python3,g' \
    -e 's,[@]RUNDIR[@],/usr/local/var/run/openvswitch,g' \
    -e 's,[@]VERSION[@],3.6.90,g' \
    -e 's,[@]VERSION_SUFFIX[@],,g' \
    -e 's,[@]localstatedir[@],/usr/local/var,g' \
    -e 's,[@]pkgdatadir[@],/usr/local/share/openvswitch,g' \
    -e 's,[@]sysconfdir[@],/usr/local/etc,g' \
    -e 's,[@]bindir[@],/usr/local/bin,g' \
    -e 's,[@]sbindir[@],/usr/local/sbin,g' \
    -e 's,[@]abs_builddir[@],/mnt/d/ovs_DS,g' \
    -e 's,[@]abs_top_srcdir[@],/mnt/d/ovs_DS,g' \
  > utilities/ovs-testcontroller.8.tmp
PYTHONPATH=$PYTHONPATH":"./python /usr/bin/python3 ./build-aux/soexpand.py -I. < utilities/ovs-dpctl.8.in | \
  /usr/bin/python3 ./build-aux/dpdkstrip.py --nodpdk | \
  sed \
    -e 's,[@]PKIDIR[@],/usr/local/var/lib/openvswitch/pki,g' \
    -e 's,[@]LOGDIR[@],/usr/local/var/log/openvswitch,g' \
    -e 's,[@]DBDIR[@],/usr/local/etc/openvswitch,g' \
    -e 's,[@]PYTHON3[@],/usr/bin/python3,g' \
    -e 's,[@]RUNDIR[@],/usr/local/var/run/openvswitch,g' \
    -e 's,[@]VERSION[@],3.6.90,g' \
    -e 's,[@]VERSION_SUFFIX[@],,g' \
    -e 's,[@]localstatedir[@],/usr/local/var,g' \
    -e 's,[@]pkgdatadir[@],/usr/local/share/openvswitch,g' \
    -e 's,[@]sysconfdir[@],/usr/local/etc,g' \
    -e 's,[@]bindir[@],/usr/local/bin,g' \
    -e 's,[@]sbindir[@],/usr/local/sbin,g' \
    -e 's,[@]abs_builddir[@],/mnt/d/ovs_DS,g' \
    -e 's,[@]abs_top_srcdir[@],/mnt/d/ovs_DS,g' \
  > utilities/ovs-dpctl.8.tmp
mv -f utilities/ovs-testcontroller.8.tmp utilities/ovs-testcontroller.8
PYTHONPATH=$PYTHONPATH":"./python /usr/bin/python3 ./build-aux/soexpand.py -I. < utilities/ovs-dpctl-top.8.in | \
  /usr/bin/python3 ./build-aux/dpdkstrip.py --nodpdk | \
  sed \
    -e 's,[@]PKIDIR[@],/usr/local/var/lib/openvswitch/pki,g' \
    -e 's,[@]LOGDIR[@],/usr/local/var/log/openvswitch,g' \
    -e 's,[@]DBDIR[@],/usr/local/etc/openvswitch,g' \
    -e 's,[@]PYTHON3[@],/usr/bin/python3,g' \
    -e 's,[@]RUNDIR[@],/usr/local/var/run/openvswitch,g' \
    -e 's,[@]VERSION[@],3.6.90,g' \
    -e 's,[@]VERSION_SUFFIX[@],,g' \
    -e 's,[@]localstatedir[@],/usr/local/var,g' \
    -e 's,[@]pkgdatadir[@],/usr/local/share/openvswitch,g' \
    -e 's,[@]sysconfdir[@],/usr/local/etc,g' \
    -e 's,[@]bindir[@],/usr/local/bin,g' \
    -e 's,[@]sbindir[@],/usr/local/sbin,g' \
    -e 's,[@]abs_builddir[@],/mnt/d/ovs_DS,g' \
    -e 's,[@]abs_top_srcdir[@],/mnt/d/ovs_DS,g' \
  > utilities/ovs-dpctl-top.8.tmp
mv -f utilities/ovs-dpctl.8.tmp utilities/ovs-dpctl.8
PYTHONPATH=$PYTHONPATH":"./python /usr/bin/python3 ./build-aux/soexpand.py -I. < utilities/ovs-ofctl.8.in | \
  /usr/bin/python3 ./build-aux/dpdkstrip.py --nodpdk | \
  sed \
    -e 's,[@]PKIDIR[@],/usr/local/var/lib/openvswitch/pki,g' \
    -e 's,[@]LOGDIR[@],/usr/local/var/log/openvswitch,g' \
    -e 's,[@]DBDIR[@],/usr/local/etc/openvswitch,g' \
    -e 's,[@]PYTHON3[@],/usr/bin/python3,g' \
    -e 's,[@]RUNDIR[@],/usr/local/var/run/openvswitch,g' \
    -e 's,[@]VERSION[@],3.6.90,g' \
    -e 's,[@]VERSION_SUFFIX[@],,g' \
    -e 's,[@]localstatedir[@],/usr/local/var,g' \
    -e 's,[@]pkgdatadir[@],/usr/local/share/openvswitch,g' \
    -e 's,[@]sysconfdir[@],/usr/local/etc,g' \
    -e 's,[@]bindir[@],/usr/local/bin,g' \
    -e 's,[@]sbindir[@],/usr/local/sbin,g' \
    -e 's,[@]abs_builddir[@],/mnt/d/ovs_DS,g' \
    -e 's,[@]abs_top_srcdir[@],/mnt/d/ovs_DS,g' \
  > utilities/ovs-ofctl.8.tmp
mv -f utilities/ovs-dpctl-top.8.tmp utilities/ovs-dpctl-top.8
mv -f utilities/ovs-ofctl.8.tmp utilities/ovs-ofctl.8
PYTHONPATH=$PYTHONPATH":"./python /usr/bin/python3 ./build-aux/soexpand.py -I. < utilities/ovs-pcap.1.in | \
  /usr/bin/python3 ./build-aux/dpdkstrip.py --nodpdk | \
  sed \
    -e 's,[@]PKIDIR[@],/usr/local/var/lib/openvswitch/pki,g' \
    -e 's,[@]LOGDIR[@],/usr/local/var/log/openvswitch,g' \
    -e 's,[@]DBDIR[@],/usr/local/etc/openvswitch,g' \
    -e 's,[@]PYTHON3[@],/usr/bin/python3,g' \
    -e 's,[@]RUNDIR[@],/usr/local/var/run/openvswitch,g' \
    -e 's,[@]VERSION[@],3.6.90,g' \
    -e 's,[@]VERSION_SUFFIX[@],,g' \
    -e 's,[@]localstatedir[@],/usr/local/var,g' \
    -e 's,[@]pkgdatadir[@],/usr/local/share/openvswitch,g' \
    -e 's,[@]sysconfdir[@],/usr/local/etc,g' \
    -e 's,[@]bindir[@],/usr/local/bin,g' \
    -e 's,[@]sbindir[@],/usr/local/sbin,g' \
    -e 's,[@]abs_builddir[@],/mnt/d/ovs_DS,g' \
    -e 's,[@]abs_top_srcdir[@],/mnt/d/ovs_DS,g' \
  > utilities/ovs-pcap.1.tmp
PYTHONPATH=$PYTHONPATH":"./python /usr/bin/python3 ./build-aux/soexpand.py -I. < utilities/ovs-vsctl.8.in | \
  /usr/bin/python3 ./build-aux/dpdkstrip.py --nodpdk | \
  sed \
    -e 's,[@]PKIDIR[@],/usr/local/var/lib/openvswitch/pki,g' \
    -e 's,[@]LOGDIR[@],/usr/local/var/log/openvswitch,g' \
    -e 's,[@]DBDIR[@],/usr/local/etc/openvswitch,g' \
    -e 's,[@]PYTHON3[@],/usr/bin/python3,g' \
    -e 's,[@]RUNDIR[@],/usr/local/var/run/openvswitch,g' \
    -e 's,[@]VERSION[@],3.6.90,g' \
    -e 's,[@]VERSION_SUFFIX[@],,g' \
    -e 's,[@]localstatedir[@],/usr/local/var,g' \
    -e 's,[@]pkgdatadir[@],/usr/local/share/openvswitch,g' \
    -e 's,[@]sysconfdir[@],/usr/local/etc,g' \
    -e 's,[@]bindir[@],/usr/local/bin,g' \
    -e 's,[@]sbindir[@],/usr/local/sbin,g' \
    -e 's,[@]abs_builddir[@],/mnt/d/ovs_DS,g' \
    -e 's,[@]abs_top_srcdir[@],/mnt/d/ovs_DS,g' \
  > utilities/ovs-vsctl.8.tmp
mv lib/ovs-fields.7.tmp lib/ovs-fields.7
PYTHONPATH=$PYTHONPATH":"./python /usr/bin/python3 ./build-aux/soexpand.py -I. < utilities/bugtool/ovs-bugtool.8.in | \
  /usr/bin/python3 ./build-aux/dpdkstrip.py --nodpdk | \
  sed \
    -e 's,[@]PKIDIR[@],/usr/local/var/lib/openvswitch/pki,g' \
    -e 's,[@]LOGDIR[@],/usr/local/var/log/openvswitch,g' \
    -e 's,[@]DBDIR[@],/usr/local/etc/openvswitch,g' \
    -e 's,[@]PYTHON3[@],/usr/bin/python3,g' \
    -e 's,[@]RUNDIR[@],/usr/local/var/run/openvswitch,g' \
    -e 's,[@]VERSION[@],3.6.90,g' \
    -e 's,[@]VERSION_SUFFIX[@],,g' \
    -e 's,[@]localstatedir[@],/usr/local/var,g' \
    -e 's,[@]pkgdatadir[@],/usr/local/share/openvswitch,g' \
    -e 's,[@]sysconfdir[@],/usr/local/etc,g' \
    -e 's,[@]bindir[@],/usr/local/bin,g' \
    -e 's,[@]sbindir[@],/usr/local/sbin,g' \
    -e 's,[@]abs_builddir[@],/mnt/d/ovs_DS,g' \
    -e 's,[@]abs_top_srcdir[@],/mnt/d/ovs_DS,g' \
  > utilities/bugtool/ovs-bugtool.8.tmp
mv -f utilities/ovs-pcap.1.tmp utilities/ovs-pcap.1
PYTHONPATH=$PYTHONPATH":"./python /usr/bin/python3 ./build-aux/soexpand.py -I. < vswitchd/ovs-vswitchd.8.in | \
  /usr/bin/python3 ./build-aux/dpdkstrip.py --nodpdk | \
  sed \
    -e 's,[@]PKIDIR[@],/usr/local/var/lib/openvswitch/pki,g' \
    -e 's,[@]LOGDIR[@],/usr/local/var/log/openvswitch,g' \
    -e 's,[@]DBDIR[@],/usr/local/etc/openvswitch,g' \
    -e 's,[@]PYTHON3[@],/usr/bin/python3,g' \
    -e 's,[@]RUNDIR[@],/usr/local/var/run/openvswitch,g' \
    -e 's,[@]VERSION[@],3.6.90,g' \
    -e 's,[@]VERSION_SUFFIX[@],,g' \
    -e 's,[@]localstatedir[@],/usr/local/var,g' \
    -e 's,[@]pkgdatadir[@],/usr/local/share/openvswitch,g' \
    -e 's,[@]sysconfdir[@],/usr/local/etc,g' \
    -e 's,[@]bindir[@],/usr/local/bin,g' \
    -e 's,[@]sbindir[@],/usr/local/sbin,g' \
    -e 's,[@]abs_builddir[@],/mnt/d/ovs_DS,g' \
    -e 's,[@]abs_top_srcdir[@],/mnt/d/ovs_DS,g' \
  > vswitchd/ovs-vswitchd.8.tmp
mv -f utilities/ovs-vsctl.8.tmp utilities/ovs-vsctl.8
mv -f utilities/bugtool/ovs-bugtool.8.tmp utilities/bugtool/ovs-bugtool.8
PYTHONPATH=./python":"$PYTHONPATH PYTHONDONTWRITEBYTECODE=yes /usr/bin/python3 ./ovsdb/ovsdb-doc \
	 \
	--version=3.6.90 \
	./vswitchd/vswitch.ovsschema \
	./vswitchd/vswitch.xml > vswitchd/ovs-vswitchd.conf.db.5.tmp && \
mv vswitchd/ovs-vswitchd.conf.db.5.tmp vswitchd/ovs-vswitchd.conf.db.5
PYTHONPATH=$PYTHONPATH":"./python /usr/bin/python3 ./build-aux/soexpand.py -I. < ovsdb/ovsdb-tool.1.in | \
  /usr/bin/python3 ./build-aux/dpdkstrip.py --nodpdk | \
  sed \
    -e 's,[@]PKIDIR[@],/usr/local/var/lib/openvswitch/pki,g' \
    -e 's,[@]LOGDIR[@],/usr/local/var/log/openvswitch,g' \
    -e 's,[@]DBDIR[@],/usr/local/etc/openvswitch,g' \
    -e 's,[@]PYTHON3[@],/usr/bin/python3,g' \
    -e 's,[@]RUNDIR[@],/usr/local/var/run/openvswitch,g' \
    -e 's,[@]VERSION[@],3.6.90,g' \
    -e 's,[@]VERSION_SUFFIX[@],,g' \
    -e 's,[@]localstatedir[@],/usr/local/var,g' \
    -e 's,[@]pkgdatadir[@],/usr/local/share/openvswitch,g' \
    -e 's,[@]sysconfdir[@],/usr/local/etc,g' \
    -e 's,[@]bindir[@],/usr/local/bin,g' \
    -e 's,[@]sbindir[@],/usr/local/sbin,g' \
    -e 's,[@]abs_builddir[@],/mnt/d/ovs_DS,g' \
    -e 's,[@]abs_top_srcdir[@],/mnt/d/ovs_DS,g' \
  > ovsdb/ovsdb-tool.1.tmp
mv -f vswitchd/ovs-vswitchd.8.tmp vswitchd/ovs-vswitchd.8
PYTHONPATH=$PYTHONPATH":"./python /usr/bin/python3 ./build-aux/soexpand.py -I. < ovsdb/ovsdb-client.1.in | \
  /usr/bin/python3 ./build-aux/dpdkstrip.py --nodpdk | \
  sed \
    -e 's,[@]PKIDIR[@],/usr/local/var/lib/openvswitch/pki,g' \
    -e 's,[@]LOGDIR[@],/usr/local/var/log/openvswitch,g' \
    -e 's,[@]DBDIR[@],/usr/local/etc/openvswitch,g' \
    -e 's,[@]PYTHON3[@],/usr/bin/python3,g' \
    -e 's,[@]RUNDIR[@],/usr/local/var/run/openvswitch,g' \
    -e 's,[@]VERSION[@],3.6.90,g' \
    -e 's,[@]VERSION_SUFFIX[@],,g' \
    -e 's,[@]localstatedir[@],/usr/local/var,g' \
    -e 's,[@]pkgdatadir[@],/usr/local/share/openvswitch,g' \
    -e 's,[@]sysconfdir[@],/usr/local/etc,g' \
    -e 's,[@]bindir[@],/usr/local/bin,g' \
    -e 's,[@]sbindir[@],/usr/local/sbin,g' \
    -e 's,[@]abs_builddir[@],/mnt/d/ovs_DS,g' \
    -e 's,[@]abs_top_srcdir[@],/mnt/d/ovs_DS,g' \
  > ovsdb/ovsdb-client.1.tmp
mv -f ovsdb/ovsdb-tool.1.tmp ovsdb/ovsdb-tool.1
PYTHONPATH=$PYTHONPATH":"./python /usr/bin/python3 ./build-aux/soexpand.py -I. < ovsdb/ovsdb-server.1.in | \
  /usr/bin/python3 ./build-aux/dpdkstrip.py --nodpdk | \
  sed \
    -e 's,[@]PKIDIR[@],/usr/local/var/lib/openvswitch/pki,g' \
    -e 's,[@]LOGDIR[@],/usr/local/var/log/openvswitch,g' \
    -e 's,[@]DBDIR[@],/usr/local/etc/openvswitch,g' \
    -e 's,[@]PYTHON3[@],/usr/bin/python3,g' \
    -e 's,[@]RUNDIR[@],/usr/local/var/run/openvswitch,g' \
    -e 's,[@]VERSION[@],3.6.90,g' \
    -e 's,[@]VERSION_SUFFIX[@],,g' \
    -e 's,[@]localstatedir[@],/usr/local/var,g' \
    -e 's,[@]pkgdatadir[@],/usr/local/share/openvswitch,g' \
    -e 's,[@]sysconfdir[@],/usr/local/etc,g' \
    -e 's,[@]bindir[@],/usr/local/bin,g' \
    -e 's,[@]sbindir[@],/usr/local/sbin,g' \
    -e 's,[@]abs_builddir[@],/mnt/d/ovs_DS,g' \
    -e 's,[@]abs_top_srcdir[@],/mnt/d/ovs_DS,g' \
  > ovsdb/ovsdb-server.1.tmp
mv -f ovsdb/ovsdb-client.1.tmp ovsdb/ovsdb-client.1
PYTHONPATH=./python":"$PYTHONPATH PYTHONDONTWRITEBYTECODE=yes /usr/bin/python3 ./ovsdb/ovsdb-doc \
	--version=3.6.90 \
	./ovsdb/_server.ovsschema \
	./ovsdb/_server.xml > ovsdb/ovsdb-server.5.tmp && \
mv ovsdb/ovsdb-server.5.tmp ovsdb/ovsdb-server.5
mv -f ovsdb/ovsdb-server.1.tmp ovsdb/ovsdb-server.1
PYTHONPATH=./python":"$PYTHONPATH PYTHONDONTWRITEBYTECODE=yes /usr/bin/python3 ./ovsdb/ovsdb-doc \
	--version=3.6.90 \
	./ovsdb/local-config.ovsschema \
	./ovsdb/local-config.xml > ovsdb/ovsdb.local-config.5.tmp && \
mv ovsdb/ovsdb.local-config.5.tmp ovsdb/ovsdb.local-config.5
PYTHONPATH=$PYTHONPATH":"./python /usr/bin/python3 ./build-aux/soexpand.py -I. < vtep/vtep-ctl.8.in | \
  /usr/bin/python3 ./build-aux/dpdkstrip.py --nodpdk | \
  sed \
    -e 's,[@]PKIDIR[@],/usr/local/var/lib/openvswitch/pki,g' \
    -e 's,[@]LOGDIR[@],/usr/local/var/log/openvswitch,g' \
    -e 's,[@]DBDIR[@],/usr/local/etc/openvswitch,g' \
    -e 's,[@]PYTHON3[@],/usr/bin/python3,g' \
    -e 's,[@]RUNDIR[@],/usr/local/var/run/openvswitch,g' \
    -e 's,[@]VERSION[@],3.6.90,g' \
    -e 's,[@]VERSION_SUFFIX[@],,g' \
    -e 's,[@]localstatedir[@],/usr/local/var,g' \
    -e 's,[@]pkgdatadir[@],/usr/local/share/openvswitch,g' \
    -e 's,[@]sysconfdir[@],/usr/local/etc,g' \
    -e 's,[@]bindir[@],/usr/local/bin,g' \
    -e 's,[@]sbindir[@],/usr/local/sbin,g' \
    -e 's,[@]abs_builddir[@],/mnt/d/ovs_DS,g' \
    -e 's,[@]abs_top_srcdir[@],/mnt/d/ovs_DS,g' \
  > vtep/vtep-ctl.8.tmp
PYTHONPATH=./python":"$PYTHONPATH PYTHONDONTWRITEBYTECODE=yes /usr/bin/python3 ./ovsdb/ovsdb-doc \
	 \
	--version=3.6.90 \
	./vtep/vtep.ovsschema \
	./vtep/vtep.xml > vtep/vtep.5.tmp && \
mv vtep/vtep.5.tmp vtep/vtep.5
PYTHONPATH=./python":"$PYTHONPATH PYTHONDONTWRITEBYTECODE=yes /usr/bin/python3 build-aux/gen_ofp_field_decoders ./include/openvswitch/meta-flow.h > python/ovs/flow/ofp_fields.py.tmp
mv -f vtep/vtep-ctl.8.tmp vtep/vtep-ctl.8
mv python/ovs/flow/ofp_fields.py.tmp python/ovs/flow/ofp_fields.py
PYTHONPATH=$PYTHONPATH":"./python /usr/bin/python3 ./build-aux/soexpand.py -I. < utilities/ovs-lib.in | \
  /usr/bin/python3 ./build-aux/dpdkstrip.py --nodpdk | \
  sed \
    -e 's,[@]PKIDIR[@],/usr/local/var/lib/openvswitch/pki,g' \
    -e 's,[@]LOGDIR[@],/usr/local/var/log/openvswitch,g' \
    -e 's,[@]DBDIR[@],/usr/local/etc/openvswitch,g' \
    -e 's,[@]PYTHON3[@],/usr/bin/python3,g' \
    -e 's,[@]RUNDIR[@],/usr/local/var/run/openvswitch,g' \
    -e 's,[@]VERSION[@],3.6.90,g' \
    -e 's,[@]VERSION_SUFFIX[@],,g' \
    -e 's,[@]localstatedir[@],/usr/local/var,g' \
    -e 's,[@]pkgdatadir[@],/usr/local/share/openvswitch,g' \
    -e 's,[@]sysconfdir[@],/usr/local/etc,g' \
    -e 's,[@]bindir[@],/usr/local/bin,g' \
    -e 's,[@]sbindir[@],/usr/local/sbin,g' \
    -e 's,[@]abs_builddir[@],/mnt/d/ovs_DS,g' \
    -e 's,[@]abs_top_srcdir[@],/mnt/d/ovs_DS,g' \
  > utilities/ovs-lib.tmp
/bin/bash /mnt/d/ovs_DS/build-aux/missing autom4te --language=autotest -I '.' -o tests/testsuite.tmp tests/testsuite.at
/bin/bash /mnt/d/ovs_DS/build-aux/missing autom4te --language=autotest -I '.' -o tests/system-kmod-testsuite.tmp tests/system-kmod-testsuite.at
/bin/bash /mnt/d/ovs_DS/build-aux/missing autom4te --language=autotest -I '.' -o tests/system-userspace-testsuite.tmp tests/system-userspace-testsuite.at
mv -f utilities/ovs-lib.tmp utilities/ovs-lib
/bin/bash /mnt/d/ovs_DS/build-aux/missing autom4te --language=autotest -I '.' -o tests/system-tso-testsuite.tmp tests/system-tso-testsuite.at
mv tests/system-tso-testsuite.tmp tests/system-tso-testsuite
/bin/bash /mnt/d/ovs_DS/build-aux/missing autom4te --language=autotest -I '.' -o tests/system-afxdp-testsuite.tmp tests/system-afxdp-testsuite.at
mv tests/system-userspace-testsuite.tmp tests/system-userspace-testsuite
/bin/bash /mnt/d/ovs_DS/build-aux/missing autom4te --language=autotest -I '.' -o tests/system-offloads-testsuite.tmp tests/system-offloads-testsuite.at
mv tests/system-kmod-testsuite.tmp tests/system-kmod-testsuite
/bin/bash /mnt/d/ovs_DS/build-aux/missing autom4te --language=autotest -I '.' -o tests/system-dpdk-testsuite.tmp tests/system-dpdk-testsuite.at
mv tests/system-afxdp-testsuite.tmp tests/system-afxdp-testsuite
/bin/bash /mnt/d/ovs_DS/build-aux/missing autom4te --language=autotest -I '.' -o tests/ovsdb-cluster-testsuite.tmp tests/ovsdb-cluster-testsuite.at
mv tests/ovsdb-cluster-testsuite.tmp tests/ovsdb-cluster-testsuite
sed \
	-e 's,[@]VERSION[@],3.6.90,g' \
	< ./python/setup.py.template > setup.py.tmp && \
if cmp -s setup.py.tmp python/setup.py; then touch python/setup.py; else cp setup.py.tmp python/setup.py; fi; rm setup.py.tmp
mv tests/system-offloads-testsuite.tmp tests/system-offloads-testsuite
mv tests/system-dpdk-testsuite.tmp tests/system-dpdk-testsuite
mv tests/testsuite.tmp tests/testsuite
troff:lib/ovs.tmac:1: warning: invalid input character code 13
troff:lib/ovs.tmac:2: warning: invalid input character code 13
troff:lib/ovs.tmac:3: warning: invalid input character code 13
troff:lib/ovs.tmac:4: warning: invalid input character code 13
troff:lib/ovs.tmac:5: warning: invalid input character code 13
troff:lib/ovs.tmac:6: warning: invalid input character code 13
troff:lib/ovs.tmac:7: warning: invalid input character code 13
troff:lib/ovs.tmac:8: warning: invalid input character code 13
troff:lib/ovs.tmac:9: warning: invalid input character code 13
troff:lib/ovs.tmac:10: warning: invalid input character code 13
troff:lib/ovs.tmac:11: warning: invalid input character code 13
troff:lib/ovs.tmac:12: warning: invalid input character code 13
troff:lib/ovs.tmac:13: warning: invalid input character code 13
troff:lib/ovs.tmac:14: warning: invalid input character code 13
troff:lib/ovs.tmac:15: warning: invalid input character code 13
troff:lib/ovs.tmac:16: warning: invalid input character code 13
troff:lib/ovs.tmac:17: warning: invalid input character code 13
troff:lib/ovs.tmac:18: warning: invalid input character code 13
troff:lib/ovs.tmac:19: warning: invalid input character code 13
troff:lib/ovs.tmac:20: warning: invalid input character code 13
troff:lib/ovs.tmac:21: warning: invalid input character code 13
troff:lib/ovs.tmac:22: warning: invalid input character code 13
troff:lib/ovs.tmac:23: warning: invalid input character code 13
troff:lib/ovs.tmac:24: warning: invalid input character code 13
troff:lib/ovs.tmac:25: warning: invalid input character code 13
troff:lib/ovs.tmac:26: warning: invalid input character code 13
troff:lib/ovs.tmac:27: warning: invalid input character code 13
troff:lib/ovs.tmac:28: warning: invalid input character code 13
troff:lib/ovs.tmac:29: warning: invalid input character code 13
troff:lib/ovs.tmac:30: warning: invalid input character code 13
troff:lib/ovs.tmac:31: warning: invalid input character code 13
troff:lib/ovs.tmac:32: warning: invalid input character code 13
troff:lib/ovs.tmac:33: warning: invalid input character code 13
troff:lib/ovs.tmac:34: warning: invalid input character code 13
troff:lib/ovs.tmac:35: warning: invalid input character code 13
troff:lib/ovs.tmac:36: warning: invalid input character code 13
troff:lib/ovs.tmac:37: warning: invalid input character code 13
troff:lib/ovs.tmac:38: warning: invalid input character code 13
troff:lib/ovs.tmac:39: warning: invalid input character code 13
troff:lib/ovs.tmac:40: warning: invalid input character code 13
troff:lib/ovs.tmac:41: warning: invalid input character code 13
troff:lib/ovs.tmac:42: warning: invalid input character code 13
troff:lib/ovs.tmac:43: warning: invalid input character code 13
troff:lib/ovs.tmac:44: warning: invalid input character code 13
troff:lib/ovs.tmac:45: warning: invalid input character code 13
troff:lib/ovs.tmac:46: warning: invalid input character code 13
troff:lib/ovs.tmac:47: warning: invalid input character code 13
troff:lib/ovs.tmac:48: warning: invalid input character code 13
troff:lib/ovs.tmac:49: warning: invalid input character code 13
troff:lib/ovs.tmac:50: warning: invalid input character code 13
troff:lib/ovs.tmac:51: warning: invalid input character code 13
troff:lib/ovs.tmac:52: warning: invalid input character code 13
troff:lib/ovs.tmac:53: warning: invalid input character code 13
troff:lib/ovs.tmac:54: warning: invalid input character code 13
troff:lib/ovs.tmac:55: warning: invalid input character code 13
troff:lib/ovs.tmac:56: warning: invalid input character code 13
troff:lib/ovs.tmac:57: warning: invalid input character code 13
troff:lib/ovs.tmac:58: warning: invalid input character code 13
troff:lib/ovs.tmac:59: warning: invalid input character code 13
troff:lib/ovs.tmac:60: warning: invalid input character code 13
troff:lib/ovs.tmac:61: warning: invalid input character code 13
troff:lib/ovs.tmac:62: warning: invalid input character code 13
troff:lib/ovs.tmac:63: warning: invalid input character code 13
troff:lib/ovs.tmac:64: warning: invalid input character code 13
troff:lib/ovs.tmac:65: warning: invalid input character code 13
troff:lib/ovs.tmac:66: warning: invalid input character code 13
troff:lib/ovs.tmac:67: warning: invalid input character code 13
troff:lib/ovs.tmac:68: warning: invalid input character code 13
troff:lib/ovs.tmac:69: warning: invalid input character code 13
troff:lib/ovs.tmac:70: warning: invalid input character code 13
troff:lib/ovs.tmac:71: warning: invalid input character code 13
troff:lib/ovs.tmac:72: warning: invalid input character code 13
troff:lib/ovs.tmac:73: warning: invalid input character code 13
troff:lib/ovs.tmac:74: warning: invalid input character code 13
troff:lib/ovs.tmac:75: warning: invalid input character code 13
troff:lib/ovs.tmac:76: warning: invalid input character code 13
troff:lib/ovs.tmac:77: warning: invalid input character code 13
troff:lib/ovs.tmac:78: warning: invalid input character code 13
troff:lib/ovs.tmac:79: warning: invalid input character code 13
troff:lib/ovs.tmac:80: warning: invalid input character code 13
troff:lib/ovs.tmac:81: warning: invalid input character code 13
troff:lib/ovs.tmac:82: warning: invalid input character code 13
troff:lib/ovs.tmac:83: warning: invalid input character code 13
troff:lib/ovs.tmac:84: warning: invalid input character code 13
troff:lib/ovs.tmac:85: warning: invalid input character code 13
troff:lib/ovs.tmac:86: warning: invalid input character code 13
troff:lib/ovs.tmac:87: warning: invalid input character code 13
troff:lib/ovs.tmac:88: warning: invalid input character code 13
troff:lib/ovs.tmac:89: warning: invalid input character code 13
troff:lib/ovs.tmac:90: warning: invalid input character code 13
troff:lib/ovs.tmac:91: warning: invalid input character code 13
troff:lib/ovs.tmac:92: warning: invalid input character code 13
troff:lib/ovs.tmac:93: warning: invalid input character code 13
troff:lib/ovs.tmac:94: warning: invalid input character code 13
troff:lib/ovs.tmac:95: warning: invalid input character code 13
troff:lib/ovs.tmac:96: warning: invalid input character code 13
troff:lib/ovs.tmac:97: warning: invalid input character code 13
troff:lib/ovs.tmac:98: warning: invalid input character code 13
troff:lib/ovs.tmac:99: warning: invalid input character code 13
troff:lib/ovs.tmac:100: warning: invalid input character code 13
troff:lib/ovs.tmac:101: warning: invalid input character code 13
troff:lib/ovs.tmac:102: warning: invalid input character code 13
troff:lib/ovs.tmac:103: warning: invalid input character code 13
troff:lib/ovs.tmac:104: warning: invalid input character code 13
troff:lib/ovs.tmac:105: warning: invalid input character code 13
troff:lib/ovs.tmac:106: warning: invalid input character code 13
troff:lib/ovs.tmac:107: warning: invalid input character code 13
troff:lib/ovs.tmac:108: warning: invalid input character code 13
troff:lib/ovs.tmac:109: warning: invalid input character code 13
troff:lib/ovs.tmac:110: warning: invalid input character code 13
troff:lib/ovs.tmac:111: warning: invalid input character code 13
troff:lib/ovs.tmac:112: warning: invalid input character code 13
troff:lib/ovs.tmac:113: warning: invalid input character code 13
troff:lib/ovs.tmac:114: warning: invalid input character code 13
troff:lib/ovs.tmac:115: warning: invalid input character code 13
troff:lib/ovs.tmac:116: warning: invalid input character code 13
troff:lib/ovs.tmac:117: warning: invalid input character code 13
troff:lib/ovs.tmac:118: warning: invalid input character code 13
troff:lib/ovs.tmac:119: warning: invalid input character code 13
troff:lib/ovs.tmac:120: warning: invalid input character code 13
troff:lib/ovs.tmac:121: warning: invalid input character code 13
troff:lib/ovs.tmac:122: warning: invalid input character code 13
troff:lib/ovs.tmac:123: warning: invalid input character code 13
troff:lib/ovs.tmac:124: warning: invalid input character code 13
troff:lib/ovs.tmac:125: warning: invalid input character code 13
troff:lib/ovs.tmac:126: warning: invalid input character code 13
troff:lib/ovs.tmac:127: warning: invalid input character code 13
troff:lib/ovs.tmac:128: warning: invalid input character code 13
troff:lib/ovs.tmac:129: warning: invalid input character code 13
troff:lib/ovs.tmac:130: warning: invalid input character code 13
troff:lib/ovs.tmac:131: warning: invalid input character code 13
troff:lib/ovs.tmac:132: warning: invalid input character code 13
troff:lib/ovs.tmac:133: warning: invalid input character code 13
troff:lib/ovs.tmac:134: warning: invalid input character code 13
troff:lib/ovs.tmac:135: warning: invalid input character code 13
troff:lib/ovs.tmac:136: warning: invalid input character code 13
troff:lib/ovs.tmac:137: warning: invalid input character code 13
troff:lib/ovs.tmac:138: warning: invalid input character code 13
troff:lib/ovs.tmac:139: warning: invalid input character code 13
troff:lib/ovs.tmac:140: warning: invalid input character code 13
troff:lib/ovs.tmac:141: warning: invalid input character code 13
troff:lib/ovs.tmac:142: warning: invalid input character code 13
troff:lib/ovs.tmac:143: warning: invalid input character code 13
troff:lib/ovs.tmac:144: warning: invalid input character code 13
troff:lib/ovs.tmac:145: warning: invalid input character code 13
troff:lib/ovs.tmac:146: warning: invalid input character code 13
troff:lib/ovs.tmac:147: warning: invalid input character code 13
troff:lib/ovs.tmac:148: warning: invalid input character code 13
troff:lib/ovs.tmac:149: warning: invalid input character code 13
troff:lib/ovs.tmac:150: warning: invalid input character code 13
troff:lib/ovs.tmac:151: warning: invalid input character code 13
troff:lib/ovs.tmac:152: warning: invalid input character code 13
troff:lib/ovs.tmac:153: warning: invalid input character code 13
troff:lib/ovs.tmac:154: warning: invalid input character code 13
troff:lib/ovs.tmac:155: warning: invalid input character code 13
troff:lib/ovs.tmac:156: warning: invalid input character code 13
troff:lib/ovs.tmac:157: warning: invalid input character code 13
troff:lib/ovs.tmac:158: warning: invalid input character code 13
troff:lib/ovs.tmac:159: warning: invalid input character code 13
troff:lib/ovs.tmac:160: warning: invalid input character code 13
troff:lib/ovs.tmac:161: warning: invalid input character code 13
troff:lib/ovs.tmac:162: warning: invalid input character code 13
troff:lib/ovs.tmac:163: warning: invalid input character code 13
troff:lib/ovs.tmac:164: warning: invalid input character code 13
troff:lib/ovs.tmac:165: warning: invalid input character code 13
troff:lib/ovs.tmac:166: warning: invalid input character code 13
troff:lib/ovs.tmac:167: warning: invalid input character code 13
troff:lib/ovs.tmac:168: warning: invalid input character code 13
troff:lib/ovs.tmac:169: warning: invalid input character code 13
troff:lib/ovs.tmac:170: warning: invalid input character code 13
troff:lib/ovs.tmac:171: warning: invalid input character code 13
troff:lib/ovs.tmac:172: warning: invalid input character code 13
troff:lib/ovs.tmac:173: warning: invalid input character code 13
troff:lib/ovs.tmac:174: warning: invalid input character code 13
troff:lib/ovs.tmac:175: warning: invalid input character code 13
troff:lib/ovs.tmac:176: warning: invalid input character code 13
troff:lib/ovs.tmac:177: warning: invalid input character code 13
troff:lib/ovs.tmac:178: warning: invalid input character code 13
troff:lib/ovs.tmac:179: warning: invalid input character code 13
troff:lib/ovs.tmac:180: warning: invalid input character code 13
troff:lib/ovs.tmac:181: warning: invalid input character code 13
troff:lib/ovs.tmac:182: warning: invalid input character code 13
troff:lib/ovs.tmac:183: warning: invalid input character code 13
troff:lib/ovs.tmac:184: warning: invalid input character code 13
troff:lib/ovs.tmac:185: warning: invalid input character code 13
troff:lib/ovs.tmac:186: warning: invalid input character code 13
troff:lib/ovs.tmac:187: warning: invalid input character code 13
troff:lib/ovs.tmac:188: warning: invalid input character code 13
troff:lib/ovs.tmac:189: warning: invalid input character code 13
troff:lib/ovs.tmac:190: warning: invalid input character code 13
troff:lib/vconn-passive.man:1: warning: invalid input character code 13
troff:lib/vconn-passive.man:2: warning: invalid input character code 13
troff:lib/vconn-passive.man:3: warning: invalid input character code 13
troff:lib/vconn-passive.man:4: warning: invalid input character code 13
troff:lib/vconn-passive.man:5: warning: invalid input character code 13
troff:lib/vconn-passive.man:6: warning: invalid input character code 13
troff:lib/vconn-passive.man:7: warning: invalid input character code 13
troff:lib/vconn-passive.man:8: warning: invalid input character code 13
troff:lib/vconn-passive.man:9: warning: invalid input character code 13
troff:lib/vconn-passive.man:10: warning: invalid input character code 13
troff:lib/vconn-passive.man:11: warning: invalid input character code 13
troff:lib/vconn-passive.man:12: warning: invalid input character code 13
troff:lib/vconn-passive.man:13: warning: invalid input character code 13
troff:lib/vconn-passive.man:14: warning: invalid input character code 13
troff:lib/vconn-passive.man:15: warning: invalid input character code 13
troff:lib/vconn-passive.man:16: warning: invalid input character code 13
troff:lib/vconn-active.man:1: warning: invalid input character code 13
troff:lib/vconn-active.man:2: warning: invalid input character code 13
troff:lib/vconn-active.man:3: warning: invalid input character code 13
troff:lib/vconn-active.man:4: warning: invalid input character code 13
troff:lib/vconn-active.man:5: warning: invalid input character code 13
troff:lib/vconn-active.man:6: warning: invalid input character code 13
troff:lib/vconn-active.man:7: warning: invalid input character code 13
troff:lib/vconn-active.man:8: warning: invalid input character code 13
troff:lib/vconn-active.man:9: warning: invalid input character code 13
troff:lib/vconn-active.man:10: warning: invalid input character code 13
troff:lib/vconn-active.man:11: warning: invalid input character code 13
troff:lib/vconn-active.man:12: warning: invalid input character code 13
troff:lib/vconn-active.man:13: warning: invalid input character code 13
troff:lib/vconn-active.man:14: warning: invalid input character code 13
troff:lib/vconn-active.man:15: warning: invalid input character code 13
troff:lib/vconn-active.man:16: warning: invalid input character code 13
troff:lib/vconn-active.man:17: warning: invalid input character code 13
troff:lib/vconn-active.man:18: warning: invalid input character code 13
troff:lib/vconn-active.man:19: warning: invalid input character code 13
troff:lib/ssl.man:1: warning: invalid input character code 13
troff:lib/ssl.man:2: warning: invalid input character code 13
troff:lib/ssl.man:3: warning: invalid input character code 13
troff:lib/ssl.man:4: warning: invalid input character code 13
troff:lib/ssl.man:5: warning: invalid input character code 13
troff:lib/ssl.man:6: warning: invalid input character code 13
troff:lib/ssl.man:7: warning: invalid input character code 13
troff:lib/ssl.man:8: warning: invalid input character code 13
troff:lib/ssl.man:9: warning: invalid input character code 13
troff:lib/ssl.man:10: warning: invalid input character code 13
troff:lib/ssl.man:11: warning: invalid input character code 13
troff:lib/ssl.man:12: warning: invalid input character code 13
troff:lib/ssl.man:13: warning: invalid input character code 13
troff:lib/ssl.man:14: warning: invalid input character code 13
troff:lib/ssl.man:15: warning: invalid input character code 13
troff:lib/ssl.man:16: warning: invalid input character code 13
troff:lib/ssl.man:17: warning: invalid input character code 13
troff:lib/ssl.man:18: warning: invalid input character code 13
troff:lib/ssl.man:19: warning: invalid input character code 13
troff:lib/ssl.man:20: warning: invalid input character code 13
troff:lib/ssl.man:21: warning: invalid input character code 13
troff:lib/ssl.man:22: warning: invalid input character code 13
troff:lib/ssl.man:23: warning: invalid input character code 13
troff:lib/ssl.man:24: warning: invalid input character code 13
troff:lib/ssl.man:25: warning: invalid input character code 13
troff:lib/ssl.man:26: warning: invalid input character code 13
troff:lib/ssl-peer-ca-cert.man:1: warning: invalid input character code 13
troff:lib/ssl-peer-ca-cert.man:2: warning: invalid input character code 13
troff:lib/ssl-peer-ca-cert.man:3: warning: invalid input character code 13
troff:lib/ssl-peer-ca-cert.man:4: warning: invalid input character code 13
troff:lib/ssl-peer-ca-cert.man:5: warning: invalid input character code 13
troff:lib/ssl-peer-ca-cert.man:6: warning: invalid input character code 13
troff:lib/ssl-peer-ca-cert.man:7: warning: invalid input character code 13
troff:lib/ssl-peer-ca-cert.man:8: warning: invalid input character code 13
troff:lib/ssl-peer-ca-cert.man:9: warning: invalid input character code 13
troff:lib/ssl-peer-ca-cert.man:10: warning: invalid input character code 13
troff:lib/ssl-peer-ca-cert.man:11: warning: invalid input character code 13
troff:lib/ssl-peer-ca-cert.man:12: warning: invalid input character code 13
troff:lib/ssl-peer-ca-cert.man:13: warning: invalid input character code 13
troff:lib/daemon.man:1: warning: invalid input character code 13
troff:lib/daemon.man:2: warning: invalid input character code 13
troff:lib/daemon.man:3: warning: invalid input character code 13
troff:lib/daemon.man:4: warning: invalid input character code 13
troff:lib/daemon.man:5: warning: invalid input character code 13
troff:lib/daemon.man:6: warning: invalid input character code 13
troff:lib/daemon.man:7: warning: invalid input character code 13
troff:lib/daemon.man:8: warning: invalid input character code 13
troff:lib/daemon.man:9: warning: invalid input character code 13
troff:lib/daemon.man:10: warning: invalid input character code 13
troff:lib/daemon.man:11: warning: invalid input character code 13
troff:lib/daemon.man:12: warning: invalid input character code 13
troff:lib/daemon.man:13: warning: invalid input character code 13
troff:lib/daemon.man:14: warning: invalid input character code 13
troff:lib/daemon.man:15: warning: invalid input character code 13
troff:lib/daemon.man:16: warning: invalid input character code 13
troff:lib/daemon.man:17: warning: invalid input character code 13
troff:lib/daemon.man:18: warning: invalid input character code 13
troff:lib/daemon.man:19: warning: invalid input character code 13
troff:lib/daemon.man:20: warning: invalid input character code 13
troff:lib/daemon.man:21: warning: invalid input character code 13
troff:lib/daemon.man:22: warning: invalid input character code 13
troff:lib/daemon.man:23: warning: invalid input character code 13
troff:lib/daemon.man:24: warning: invalid input character code 13
troff:lib/daemon.man:25: warning: invalid input character code 13
troff:lib/daemon.man:26: warning: invalid input character code 13
troff:lib/daemon.man:27: warning: invalid input character code 13
troff:lib/daemon.man:28: warning: invalid input character code 13
troff:lib/daemon.man:29: warning: invalid input character code 13
troff:lib/daemon.man:30: warning: invalid input character code 13
troff:lib/daemon.man:31: warning: invalid input character code 13
troff:lib/daemon.man:32: warning: invalid input character code 13
troff:lib/daemon.man:33: warning: invalid input character code 13
troff:lib/daemon.man:34: warning: invalid input character code 13
troff:lib/daemon.man:35: warning: invalid input character code 13
troff:lib/daemon.man:36: warning: invalid input character code 13
troff:lib/daemon.man:37: warning: invalid input character code 13
troff:lib/daemon.man:38: warning: invalid input character code 13
troff:lib/daemon.man:39: warning: invalid input character code 13
troff:lib/daemon.man:40: warning: invalid input character code 13
troff:lib/daemon.man:41: warning: invalid input character code 13
troff:lib/daemon.man:42: warning: invalid input character code 13
troff:lib/daemon.man:43: warning: invalid input character code 13
troff:lib/daemon.man:44: warning: invalid input character code 13
troff:lib/daemon.man:45: warning: invalid input character code 13
troff:lib/daemon.man:46: warning: invalid input character code 13
troff:lib/daemon.man:47: warning: invalid input character code 13
troff:lib/daemon.man:48: warning: invalid input character code 13
troff:lib/daemon.man:49: warning: invalid input character code 13
troff:lib/daemon.man:50: warning: invalid input character code 13
troff:lib/daemon.man:51: warning: invalid input character code 13
troff:lib/daemon.man:52: warning: invalid input character code 13
troff:lib/daemon.man:53: warning: invalid input character code 13
troff:lib/daemon.man:54: warning: invalid input character code 13
troff:lib/daemon.man:55: warning: invalid input character code 13
troff:lib/daemon.man:56: warning: invalid input character code 13
troff:lib/daemon.man:57: warning: invalid input character code 13
troff:lib/daemon.man:58: warning: invalid input character code 13
troff:lib/daemon.man:59: warning: invalid input character code 13
troff:lib/daemon.man:60: warning: invalid input character code 13
troff:lib/daemon.man:61: warning: invalid input character code 13
troff:lib/daemon.man:62: warning: invalid input character code 13
troff:lib/daemon.man:63: warning: invalid input character code 13
troff:lib/daemon.man:64: warning: invalid input character code 13
troff:lib/daemon.man:65: warning: invalid input character code 13
troff:lib/daemon.man:66: warning: invalid input character code 13
troff:lib/daemon.man:67: warning: invalid input character code 13
troff:lib/daemon.man:68: warning: invalid input character code 13
troff:lib/daemon.man:69: warning: invalid input character code 13
troff:lib/daemon.man:70: warning: invalid input character code 13
troff:lib/daemon.man:71: warning: invalid input character code 13
troff:lib/daemon.man:72: warning: invalid input character code 13
troff:lib/daemon.man:73: warning: invalid input character code 13
troff:lib/daemon.man:74: warning: invalid input character code 13
troff:lib/daemon.man:75: warning: invalid input character code 13
troff:lib/daemon.man:76: warning: invalid input character code 13
troff:lib/daemon.man:77: warning: invalid input character code 13
troff:lib/daemon.man:78: warning: invalid input character code 13
troff:lib/daemon.man:79: warning: invalid input character code 13
troff:lib/daemon.man:80: warning: invalid input character code 13
troff:lib/daemon.man:81: warning: invalid input character code 13
troff:lib/daemon.man:82: warning: invalid input character code 13
troff:lib/daemon.man:83: warning: invalid input character code 13
troff:lib/daemon.man:84: warning: invalid input character code 13
troff:lib/vlog.man:1: warning: invalid input character code 13
troff:lib/vlog.man:2: warning: invalid input character code 13
troff:lib/vlog.man:3: warning: invalid input character code 13
troff:lib/vlog.man:4: warning: invalid input character code 13
troff:lib/vlog.man:5: warning: invalid input character code 13
troff:lib/vlog.man:6: warning: invalid input character code 13
troff:lib/vlog.man:7: warning: invalid input character code 13
troff:lib/vlog.man:8: warning: invalid input character code 13
troff:lib/vlog.man:9: warning: invalid input character code 13
troff:lib/vlog.man:10: warning: invalid input character code 13
troff:lib/vlog.man:11: warning: invalid input character code 13
troff:lib/vlog.man:12: warning: invalid input character code 13
troff:lib/vlog.man:13: warning: invalid input character code 13
troff:lib/vlog.man:14: warning: invalid input character code 13
troff:lib/vlog.man:15: warning: invalid input character code 13
troff:lib/vlog.man:16: warning: invalid input character code 13
troff:lib/vlog.man:17: warning: invalid input character code 13
troff:lib/vlog.man:18: warning: invalid input character code 13
troff:lib/vlog.man:19: warning: invalid input character code 13
troff:lib/vlog.man:20: warning: invalid input character code 13
troff:lib/vlog.man:21: warning: invalid input character code 13
troff:lib/vlog.man:22: warning: invalid input character code 13
troff:lib/vlog.man:23: warning: invalid input character code 13
troff:lib/vlog.man:24: warning: invalid input character code 13
troff:lib/vlog.man:25: warning: invalid input character code 13
troff:lib/vlog.man:26: warning: invalid input character code 13
troff:lib/vlog.man:27: warning: invalid input character code 13
troff:lib/vlog.man:28: warning: invalid input character code 13
troff:lib/vlog.man:29: warning: invalid input character code 13
troff:lib/vlog.man:30: warning: invalid input character code 13
troff:lib/vlog.man:31: warning: invalid input character code 13
troff:lib/vlog.man:32: warning: invalid input character code 13
troff:lib/vlog.man:33: warning: invalid input character code 13
troff:lib/vlog.man:34: warning: invalid input character code 13
troff:lib/vlog.man:35: warning: invalid input character code 13
troff:lib/vlog.man:36: warning: invalid input character code 13
troff:lib/vlog.man:37: warning: invalid input character code 13
troff:lib/vlog.man:38: warning: invalid input character code 13
troff:lib/vlog.man:39: warning: invalid input character code 13
troff:lib/vlog.man:40: warning: invalid input character code 13
troff:lib/vlog.man:41: warning: invalid input character code 13
troff:lib/vlog.man:42: warning: invalid input character code 13
troff:lib/vlog.man:43: warning: invalid input character code 13
troff:lib/vlog.man:44: warning: invalid input character code 13
troff:lib/vlog.man:45: warning: invalid input character code 13
troff:lib/vlog.man:46: warning: invalid input character code 13
troff:lib/vlog.man:47: warning: invalid input character code 13
troff:lib/vlog.man:48: warning: invalid input character code 13
troff:lib/vlog.man:49: warning: invalid input character code 13
troff:lib/vlog.man:50: warning: invalid input character code 13
troff:lib/vlog.man:51: warning: invalid input character code 13
troff:lib/vlog.man:52: warning: invalid input character code 13
troff:lib/vlog.man:53: warning: invalid input character code 13
troff:lib/vlog.man:54: warning: invalid input character code 13
troff:lib/vlog.man:55: warning: invalid input character code 13
troff:lib/vlog.man:56: warning: invalid input character code 13
troff:lib/vlog.man:57: warning: invalid input character code 13
troff:lib/vlog.man:58: warning: invalid input character code 13
troff:lib/vlog.man:59: warning: invalid input character code 13
troff:lib/vlog.man:60: warning: invalid input character code 13
troff:lib/vlog.man:61: warning: invalid input character code 13
troff:lib/vlog.man:62: warning: invalid input character code 13
troff:lib/vlog.man:63: warning: invalid input character code 13
troff:lib/vlog.man:64: warning: invalid input character code 13
troff:lib/vlog.man:65: warning: invalid input character code 13
troff:lib/vlog.man:66: warning: invalid input character code 13
troff:lib/vlog.man:67: warning: invalid input character code 13
troff:lib/vlog.man:68: warning: invalid input character code 13
troff:lib/vlog.man:69: warning: invalid input character code 13
troff:lib/vlog.man:70: warning: invalid input character code 13
troff:lib/vlog.man:71: warning: invalid input character code 13
troff:lib/vlog.man:72: warning: invalid input character code 13
troff:lib/vlog.man:73: warning: invalid input character code 13
troff:lib/vlog.man:74: warning: invalid input character code 13
troff:lib/vlog.man:75: warning: invalid input character code 13
troff:lib/vlog.man:76: warning: invalid input character code 13
troff:lib/vlog.man:77: warning: invalid input character code 13
troff:lib/vlog.man:78: warning: invalid input character code 13
troff:lib/vlog.man:79: warning: invalid input character code 13
troff:lib/vlog.man:80: warning: invalid input character code 13
troff:lib/vlog.man:81: warning: invalid input character code 13
troff:lib/vlog.man:82: warning: invalid input character code 13
troff:lib/vlog.man:83: warning: invalid input character code 13
troff:lib/vlog.man:84: warning: invalid input character code 13
troff:lib/vlog.man:85: warning: invalid input character code 13
troff:lib/vlog.man:86: warning: invalid input character code 13
troff:lib/vlog.man:87: warning: invalid input character code 13
troff:lib/vlog.man:88: warning: invalid input character code 13
troff:lib/vlog.man:89: warning: invalid input character code 13
troff:lib/vlog.man:90: warning: invalid input character code 13
troff:lib/vlog.man:91: warning: invalid input character code 13
troff:lib/vlog.man:92: warning: invalid input character code 13
troff:lib/vlog.man:93: warning: invalid input character code 13
troff:lib/vlog.man:94: warning: invalid input character code 13
troff:lib/vlog.man:95: warning: invalid input character code 13
troff:lib/vlog.man:96: warning: invalid input character code 13
troff:lib/vlog.man:97: warning: invalid input character code 13
troff:lib/vlog.man:98: warning: invalid input character code 13
troff:lib/vlog.man:99: warning: invalid input character code 13
troff:lib/vlog.man:100: warning: invalid input character code 13
troff:lib/vlog.man:101: warning: invalid input character code 13
troff:lib/vlog.man:102: warning: invalid input character code 13
troff:lib/vlog.man:103: warning: invalid input character code 13
troff:lib/vlog.man:104: warning: invalid input character code 13
troff:lib/vlog.man:105: warning: invalid input character code 13
troff:lib/vlog.man:106: warning: invalid input character code 13
troff:lib/unixctl.man:1: warning: invalid input character code 13
troff:lib/unixctl.man:2: warning: invalid input character code 13
troff:lib/unixctl.man:3: warning: invalid input character code 13
troff:lib/unixctl.man:4: warning: invalid input character code 13
troff:lib/unixctl.man:5: warning: invalid input character code 13
troff:lib/unixctl.man:6: warning: invalid input character code 13
troff:lib/unixctl.man:7: warning: invalid input character code 13
troff:lib/unixctl.man:8: warning: invalid input character code 13
troff:lib/unixctl.man:9: warning: invalid input character code 13
troff:lib/unixctl.man:10: warning: invalid input character code 13
troff:lib/unixctl.man:11: warning: invalid input character code 13
troff:lib/unixctl.man:12: warning: invalid input character code 13
troff:lib/unixctl.man:13: warning: invalid input character code 13
troff:lib/unixctl.man:14: warning: invalid input character code 13
troff:lib/unixctl.man:15: warning: invalid input character code 13
troff:lib/unixctl.man:16: warning: invalid input character code 13
troff:lib/unixctl.man:17: warning: invalid input character code 13
troff:lib/common.man:1: warning: invalid input character code 13
troff:lib/common.man:2: warning: invalid input character code 13
troff:lib/common.man:3: warning: invalid input character code 13
troff:lib/common.man:4: warning: invalid input character code 13
troff:lib/common.man:5: warning: invalid input character code 13
troff:lib/common.man:6: warning: invalid input character code 13
troff:lib/common.man:7: warning: invalid input character code 13
troff:lib/ofp-version.man:1: warning: invalid input character code 13
troff:lib/ofp-version.man:2: warning: invalid input character code 13
troff:lib/ofp-version.man:3: warning: invalid input character code 13
troff:lib/ofp-version.man:4: warning: invalid input character code 13
troff:lib/ofp-version.man:5: warning: invalid input character code 13
troff:lib/ofp-version.man:6: warning: invalid input character code 13
troff:lib/ofp-version.man:7: warning: invalid input character code 13
troff:lib/ofp-version.man:8: warning: invalid input character code 13
troff:lib/ofp-version.man:9: warning: invalid input character code 13
troff:lib/ofp-version.man:10: warning: invalid input character code 13
troff:lib/ofp-version.man:11: warning: invalid input character code 13
troff:lib/ofp-version.man:12: warning: invalid input character code 13
troff:lib/ofp-version.man:13: warning: invalid input character code 13
troff:lib/ofp-version.man:14: warning: invalid input character code 13
troff:lib/ofp-version.man:15: warning: invalid input character code 13
troff:lib/ofp-version.man:16: warning: invalid input character code 13
troff:lib/ofp-version.man:17: warning: invalid input character code 13
troff:lib/ofp-version.man:18: warning: invalid input character code 13
troff:lib/ofp-version.man:19: warning: invalid input character code 13
troff:lib/ofp-version.man:20: warning: invalid input character code 13
troff:lib/ofp-version.man:21: warning: invalid input character code 13
troff:lib/ofp-version.man:22: warning: invalid input character code 13
troff:lib/ofp-version.man:23: warning: invalid input character code 13
troff:lib/ofp-version.man:24: warning: invalid input character code 13
troff:lib/ofp-version.man:25: warning: invalid input character code 13
troff:lib/ofp-version.man:26: warning: invalid input character code 13
troff:lib/ofp-version.man:27: warning: invalid input character code 13
troff:lib/ofp-version.man:28: warning: invalid input character code 13
troff:lib/ofp-version.man:29: warning: invalid input character code 13
troff:lib/ofp-version.man:30: warning: invalid input character code 13
troff:lib/ofp-version.man:31: warning: invalid input character code 13
troff:lib/ofp-version.man:32: warning: invalid input character code 13
troff:lib/ofp-version.man:33: warning: invalid input character code 13
troff:lib/ovs.tmac:1: warning: invalid input character code 13
troff:lib/ovs.tmac:2: warning: invalid input character code 13
troff:lib/ovs.tmac:3: warning: invalid input character code 13
troff:lib/ovs.tmac:4: warning: invalid input character code 13
troff:lib/ovs.tmac:5: warning: invalid input character code 13
troff:lib/ovs.tmac:6: warning: invalid input character code 13
troff:lib/ovs.tmac:7: warning: invalid input character code 13
troff:lib/ovs.tmac:8: warning: invalid input character code 13
troff:lib/ovs.tmac:9: warning: invalid input character code 13
troff:lib/ovs.tmac:10: warning: invalid input character code 13
troff:lib/ovs.tmac:11: warning: invalid input character code 13
troff:lib/ovs.tmac:12: warning: invalid input character code 13
troff:lib/ovs.tmac:13: warning: invalid input character code 13
troff:lib/ovs.tmac:14: warning: invalid input character code 13
troff:lib/ovs.tmac:15: warning: invalid input character code 13
troff:lib/ovs.tmac:16: warning: invalid input character code 13
troff:lib/ovs.tmac:17: warning: invalid input character code 13
troff:lib/ovs.tmac:18: warning: invalid input character code 13
troff:lib/ovs.tmac:19: warning: invalid input character code 13
troff:lib/ovs.tmac:20: warning: invalid input character code 13
troff:lib/ovs.tmac:21: warning: invalid input character code 13
troff:lib/ovs.tmac:22: warning: invalid input character code 13
troff:lib/ovs.tmac:23: warning: invalid input character code 13
troff:lib/ovs.tmac:24: warning: invalid input character code 13
troff:lib/ovs.tmac:25: warning: invalid input character code 13
troff:lib/ovs.tmac:26: warning: invalid input character code 13
troff:lib/ovs.tmac:27: warning: invalid input character code 13
troff:lib/ovs.tmac:28: warning: invalid input character code 13
troff:lib/ovs.tmac:29: warning: invalid input character code 13
troff:lib/ovs.tmac:30: warning: invalid input character code 13
troff:lib/ovs.tmac:31: warning: invalid input character code 13
troff:lib/ovs.tmac:32: warning: invalid input character code 13
troff:lib/ovs.tmac:33: warning: invalid input character code 13
troff:lib/ovs.tmac:34: warning: invalid input character code 13
troff:lib/ovs.tmac:35: warning: invalid input character code 13
troff:lib/ovs.tmac:36: warning: invalid input character code 13
troff:lib/ovs.tmac:37: warning: invalid input character code 13
troff:lib/ovs.tmac:38: warning: invalid input character code 13
troff:lib/ovs.tmac:39: warning: invalid input character code 13
troff:lib/ovs.tmac:40: warning: invalid input character code 13
troff:lib/ovs.tmac:41: warning: invalid input character code 13
troff:lib/ovs.tmac:42: warning: invalid input character code 13
troff:lib/ovs.tmac:43: warning: invalid input character code 13
troff:lib/ovs.tmac:44: warning: invalid input character code 13
troff:lib/ovs.tmac:45: warning: invalid input character code 13
troff:lib/ovs.tmac:46: warning: invalid input character code 13
troff:lib/ovs.tmac:47: warning: invalid input character code 13
troff:lib/ovs.tmac:48: warning: invalid input character code 13
troff:lib/ovs.tmac:49: warning: invalid input character code 13
troff:lib/ovs.tmac:50: warning: invalid input character code 13
troff:lib/ovs.tmac:51: warning: invalid input character code 13
troff:lib/ovs.tmac:52: warning: invalid input character code 13
troff:lib/ovs.tmac:53: warning: invalid input character code 13
troff:lib/ovs.tmac:54: warning: invalid input character code 13
troff:lib/ovs.tmac:55: warning: invalid input character code 13
troff:lib/ovs.tmac:56: warning: invalid input character code 13
troff:lib/ovs.tmac:57: warning: invalid input character code 13
troff:lib/ovs.tmac:58: warning: invalid input character code 13
troff:lib/ovs.tmac:59: warning: invalid input character code 13
troff:lib/ovs.tmac:60: warning: invalid input character code 13
troff:lib/ovs.tmac:61: warning: invalid input character code 13
troff:lib/ovs.tmac:62: warning: invalid input character code 13
troff:lib/ovs.tmac:63: warning: invalid input character code 13
troff:lib/ovs.tmac:64: warning: invalid input character code 13
troff:lib/ovs.tmac:65: warning: invalid input character code 13
troff:lib/ovs.tmac:66: warning: invalid input character code 13
troff:lib/ovs.tmac:67: warning: invalid input character code 13
troff:lib/ovs.tmac:68: warning: invalid input character code 13
troff:lib/ovs.tmac:69: warning: invalid input character code 13
troff:lib/ovs.tmac:70: warning: invalid input character code 13
troff:lib/ovs.tmac:71: warning: invalid input character code 13
troff:lib/ovs.tmac:72: warning: invalid input character code 13
troff:lib/ovs.tmac:73: warning: invalid input character code 13
troff:lib/ovs.tmac:74: warning: invalid input character code 13
troff:lib/ovs.tmac:75: warning: invalid input character code 13
troff:lib/ovs.tmac:76: warning: invalid input character code 13
troff:lib/ovs.tmac:77: warning: invalid input character code 13
troff:lib/ovs.tmac:78: warning: invalid input character code 13
troff:lib/ovs.tmac:79: warning: invalid input character code 13
troff:lib/ovs.tmac:80: warning: invalid input character code 13
troff:lib/ovs.tmac:81: warning: invalid input character code 13
troff:lib/ovs.tmac:82: warning: invalid input character code 13
troff:lib/ovs.tmac:83: warning: invalid input character code 13
troff:lib/ovs.tmac:84: warning: invalid input character code 13
troff:lib/ovs.tmac:85: warning: invalid input character code 13
troff:lib/ovs.tmac:86: warning: invalid input character code 13
troff:lib/ovs.tmac:87: warning: invalid input character code 13
troff:lib/ovs.tmac:88: warning: invalid input character code 13
troff:lib/ovs.tmac:89: warning: invalid input character code 13
troff:lib/ovs.tmac:90: warning: invalid input character code 13
troff:lib/ovs.tmac:91: warning: invalid input character code 13
troff:lib/ovs.tmac:92: warning: invalid input character code 13
troff:lib/ovs.tmac:93: warning: invalid input character code 13
troff:lib/ovs.tmac:94: warning: invalid input character code 13
troff:lib/ovs.tmac:95: warning: invalid input character code 13
troff:lib/ovs.tmac:96: warning: invalid input character code 13
troff:lib/ovs.tmac:97: warning: invalid input character code 13
troff:lib/ovs.tmac:98: warning: invalid input character code 13
troff:lib/ovs.tmac:99: warning: invalid input character code 13
troff:lib/ovs.tmac:100: warning: invalid input character code 13
troff:lib/ovs.tmac:101: warning: invalid input character code 13
troff:lib/ovs.tmac:102: warning: invalid input character code 13
troff:lib/ovs.tmac:103: warning: invalid input character code 13
troff:lib/ovs.tmac:104: warning: invalid input character code 13
troff:lib/ovs.tmac:105: warning: invalid input character code 13
troff:lib/ovs.tmac:106: warning: invalid input character code 13
troff:lib/ovs.tmac:107: warning: invalid input character code 13
troff:lib/ovs.tmac:108: warning: invalid input character code 13
troff:lib/ovs.tmac:109: warning: invalid input character code 13
troff:lib/ovs.tmac:110: warning: invalid input character code 13
troff:lib/ovs.tmac:111: warning: invalid input character code 13
troff:lib/ovs.tmac:112: warning: invalid input character code 13
troff:lib/ovs.tmac:113: warning: invalid input character code 13
troff:lib/ovs.tmac:114: warning: invalid input character code 13
troff:lib/ovs.tmac:115: warning: invalid input character code 13
troff:lib/ovs.tmac:116: warning: invalid input character code 13
troff:lib/ovs.tmac:117: warning: invalid input character code 13
troff:lib/ovs.tmac:118: warning: invalid input character code 13
troff:lib/ovs.tmac:119: warning: invalid input character code 13
troff:lib/ovs.tmac:120: warning: invalid input character code 13
troff:lib/ovs.tmac:121: warning: invalid input character code 13
troff:lib/ovs.tmac:122: warning: invalid input character code 13
troff:lib/ovs.tmac:123: warning: invalid input character code 13
troff:lib/ovs.tmac:124: warning: invalid input character code 13
troff:lib/ovs.tmac:125: warning: invalid input character code 13
troff:lib/ovs.tmac:126: warning: invalid input character code 13
troff:lib/ovs.tmac:127: warning: invalid input character code 13
troff:lib/ovs.tmac:128: warning: invalid input character code 13
troff:lib/ovs.tmac:129: warning: invalid input character code 13
troff:lib/ovs.tmac:130: warning: invalid input character code 13
troff:lib/ovs.tmac:131: warning: invalid input character code 13
troff:lib/ovs.tmac:132: warning: invalid input character code 13
troff:lib/ovs.tmac:133: warning: invalid input character code 13
troff:lib/ovs.tmac:134: warning: invalid input character code 13
troff:lib/ovs.tmac:135: warning: invalid input character code 13
troff:lib/ovs.tmac:136: warning: invalid input character code 13
troff:lib/ovs.tmac:137: warning: invalid input character code 13
troff:lib/ovs.tmac:138: warning: invalid input character code 13
troff:lib/ovs.tmac:139: warning: invalid input character code 13
troff:lib/ovs.tmac:140: warning: invalid input character code 13
troff:lib/ovs.tmac:141: warning: invalid input character code 13
troff:lib/ovs.tmac:142: warning: invalid input character code 13
troff:lib/ovs.tmac:143: warning: invalid input character code 13
troff:lib/ovs.tmac:144: warning: invalid input character code 13
troff:lib/ovs.tmac:145: warning: invalid input character code 13
troff:lib/ovs.tmac:146: warning: invalid input character code 13
troff:lib/ovs.tmac:147: warning: invalid input character code 13
troff:lib/ovs.tmac:148: warning: invalid input character code 13
troff:lib/ovs.tmac:149: warning: invalid input character code 13
troff:lib/ovs.tmac:150: warning: invalid input character code 13
troff:lib/ovs.tmac:151: warning: invalid input character code 13
troff:lib/ovs.tmac:152: warning: invalid input character code 13
troff:lib/ovs.tmac:153: warning: invalid input character code 13
troff:lib/ovs.tmac:154: warning: invalid input character code 13
troff:lib/ovs.tmac:155: warning: invalid input character code 13
troff:lib/ovs.tmac:156: warning: invalid input character code 13
troff:lib/ovs.tmac:157: warning: invalid input character code 13
troff:lib/ovs.tmac:158: warning: invalid input character code 13
troff:lib/ovs.tmac:159: warning: invalid input character code 13
troff:lib/ovs.tmac:160: warning: invalid input character code 13
troff:lib/ovs.tmac:161: warning: invalid input character code 13
troff:lib/ovs.tmac:162: warning: invalid input character code 13
troff:lib/ovs.tmac:163: warning: invalid input character code 13
troff:lib/ovs.tmac:164: warning: invalid input character code 13
troff:lib/ovs.tmac:165: warning: invalid input character code 13
troff:lib/ovs.tmac:166: warning: invalid input character code 13
troff:lib/ovs.tmac:167: warning: invalid input character code 13
troff:lib/ovs.tmac:168: warning: invalid input character code 13
troff:lib/ovs.tmac:169: warning: invalid input character code 13
troff:lib/ovs.tmac:170: warning: invalid input character code 13
troff:lib/ovs.tmac:171: warning: invalid input character code 13
troff:lib/ovs.tmac:172: warning: invalid input character code 13
troff:lib/ovs.tmac:173: warning: invalid input character code 13
troff:lib/ovs.tmac:174: warning: invalid input character code 13
troff:lib/ovs.tmac:175: warning: invalid input character code 13
troff:lib/ovs.tmac:176: warning: invalid input character code 13
troff:lib/ovs.tmac:177: warning: invalid input character code 13
troff:lib/ovs.tmac:178: warning: invalid input character code 13
troff:lib/ovs.tmac:179: warning: invalid input character code 13
troff:lib/ovs.tmac:180: warning: invalid input character code 13
troff:lib/ovs.tmac:181: warning: invalid input character code 13
troff:lib/ovs.tmac:182: warning: invalid input character code 13
troff:lib/ovs.tmac:183: warning: invalid input character code 13
troff:lib/ovs.tmac:184: warning: invalid input character code 13
troff:lib/ovs.tmac:185: warning: invalid input character code 13
troff:lib/ovs.tmac:186: warning: invalid input character code 13
troff:lib/ovs.tmac:187: warning: invalid input character code 13
troff:lib/ovs.tmac:188: warning: invalid input character code 13
troff:lib/ovs.tmac:189: warning: invalid input character code 13
troff:lib/ovs.tmac:190: warning: invalid input character code 13
troff:lib/dpctl.man:1: warning: invalid input character code 13
troff:lib/dpctl.man:2: warning: invalid input character code 13
troff:lib/dpctl.man:3: warning: invalid input character code 13
troff:lib/dpctl.man:4: warning: invalid input character code 13
troff:lib/dpctl.man:5: warning: invalid input character code 13
troff:lib/dpctl.man:6: warning: invalid input character code 13
troff:lib/dpctl.man:7: warning: invalid input character code 13
troff:lib/dpctl.man:8: warning: invalid input character code 13
troff:lib/dpctl.man:9: warning: invalid input character code 13
troff:lib/dpctl.man:10: warning: invalid input character code 13
troff:lib/dpctl.man:11: warning: invalid input character code 13
troff:lib/dpctl.man:12: warning: invalid input character code 13
troff:lib/dpctl.man:13: warning: invalid input character code 13
troff:lib/dpctl.man:14: warning: invalid input character code 13
troff:lib/dpctl.man:15: warning: invalid input character code 13
troff:lib/dpctl.man:16: warning: invalid input character code 13
troff:lib/dpctl.man:17: warning: invalid input character code 13
troff:lib/dpctl.man:18: warning: invalid input character code 13
troff:lib/dpctl.man:19: warning: invalid input character code 13
troff:lib/dpctl.man:20: warning: invalid input character code 13
troff:lib/dpctl.man:21: warning: invalid input character code 13
troff:lib/dpctl.man:22: warning: invalid input character code 13
troff:lib/dpctl.man:23: warning: invalid input character code 13
troff:lib/dpctl.man:24: warning: invalid input character code 13
troff:lib/dpctl.man:25: warning: invalid input character code 13
troff:lib/dpctl.man:26: warning: invalid input character code 13
troff:lib/dpctl.man:27: warning: invalid input character code 13
troff:lib/dpctl.man:28: warning: invalid input character code 13
troff:lib/dpctl.man:29: warning: invalid input character code 13
troff:lib/dpctl.man:30: warning: invalid input character code 13
troff:lib/dpctl.man:31: warning: invalid input character code 13
troff:lib/dpctl.man:32: warning: invalid input character code 13
troff:lib/dpctl.man:33: warning: invalid input character code 13
troff:lib/dpctl.man:34: warning: invalid input character code 13
troff:lib/dpctl.man:35: warning: invalid input character code 13
troff:lib/dpctl.man:36: warning: invalid input character code 13
troff:lib/dpctl.man:37: warning: invalid input character code 13
troff:lib/dpctl.man:38: warning: invalid input character code 13
troff:lib/dpctl.man:39: warning: invalid input character code 13
troff:lib/dpctl.man:40: warning: invalid input character code 13
troff:lib/dpctl.man:41: warning: invalid input character code 13
troff:lib/dpctl.man:42: warning: invalid input character code 13
troff:lib/dpctl.man:43: warning: invalid input character code 13
troff:lib/dpctl.man:44: warning: invalid input character code 13
troff:lib/dpctl.man:45: warning: invalid input character code 13
troff:lib/dpctl.man:46: warning: invalid input character code 13
troff:lib/dpctl.man:47: warning: invalid input character code 13
troff:lib/dpctl.man:48: warning: invalid input character code 13
troff:lib/dpctl.man:49: warning: invalid input character code 13
troff:lib/dpctl.man:50: warning: invalid input character code 13
troff:lib/dpctl.man:51: warning: invalid input character code 13
troff:lib/dpctl.man:52: warning: invalid input character code 13
troff:lib/dpctl.man:53: warning: invalid input character code 13
troff:lib/dpctl.man:54: warning: invalid input character code 13
troff:lib/dpctl.man:55: warning: invalid input character code 13
troff:lib/dpctl.man:56: warning: invalid input character code 13
troff:lib/dpctl.man:57: warning: invalid input character code 13
troff:lib/dpctl.man:58: warning: invalid input character code 13
troff:lib/dpctl.man:59: warning: invalid input character code 13
troff:lib/dpctl.man:60: warning: invalid input character code 13
troff:lib/dpctl.man:61: warning: invalid input character code 13
troff:lib/dpctl.man:62: warning: invalid input character code 13
troff:lib/dpctl.man:63: warning: invalid input character code 13
troff:lib/dpctl.man:64: warning: invalid input character code 13
troff:lib/dpctl.man:65: warning: invalid input character code 13
troff:lib/dpctl.man:66: warning: invalid input character code 13
troff:lib/dpctl.man:67: warning: invalid input character code 13
troff:lib/dpctl.man:68: warning: invalid input character code 13
troff:lib/dpctl.man:69: warning: invalid input character code 13
troff:lib/dpctl.man:70: warning: invalid input character code 13
troff:lib/dpctl.man:71: warning: invalid input character code 13
troff:lib/dpctl.man:72: warning: invalid input character code 13
troff:lib/dpctl.man:73: warning: invalid input character code 13
troff:lib/dpctl.man:74: warning: invalid input character code 13
troff:lib/dpctl.man:75: warning: invalid input character code 13
troff:lib/dpctl.man:76: warning: invalid input character code 13
troff:lib/dpctl.man:77: warning: invalid input character code 13
troff:lib/dpctl.man:78: warning: invalid input character code 13
troff:lib/dpctl.man:79: warning: invalid input character code 13
troff:lib/dpctl.man:80: warning: invalid input character code 13
troff:lib/dpctl.man:81: warning: invalid input character code 13
troff:lib/dpctl.man:82: warning: invalid input character code 13
troff:lib/dpctl.man:83: warning: invalid input character code 13
troff:lib/dpctl.man:84: warning: invalid input character code 13
troff:lib/dpctl.man:85: warning: invalid input character code 13
troff:lib/dpctl.man:86: warning: invalid input character code 13
troff:lib/dpctl.man:87: warning: invalid input character code 13
troff:lib/dpctl.man:88: warning: invalid input character code 13
troff:lib/dpctl.man:89: warning: invalid input character code 13
troff:lib/dpctl.man:90: warning: invalid input character code 13
troff:lib/dpctl.man:91: warning: invalid input character code 13
troff:lib/dpctl.man:92: warning: invalid input character code 13
troff:lib/dpctl.man:93: warning: invalid input character code 13
troff:lib/dpctl.man:94: warning: invalid input character code 13
troff:lib/dpctl.man:95: warning: invalid input character code 13
troff:lib/dpctl.man:96: warning: invalid input character code 13
troff:lib/dpctl.man:97: warning: invalid input character code 13
troff:lib/dpctl.man:98: warning: invalid input character code 13
troff:lib/dpctl.man:99: warning: invalid input character code 13
troff:lib/dpctl.man:100: warning: invalid input character code 13
troff:lib/dpctl.man:101: warning: invalid input character code 13
troff:lib/dpctl.man:102: warning: invalid input character code 13
troff:lib/dpctl.man:103: warning: invalid input character code 13
troff:lib/dpctl.man:104: warning: invalid input character code 13
troff:lib/dpctl.man:105: warning: invalid input character code 13
troff:lib/dpctl.man:106: warning: invalid input character code 13
troff:lib/dpctl.man:107: warning: invalid input character code 13
troff:lib/dpctl.man:108: warning: invalid input character code 13
troff:lib/dpctl.man:109: warning: invalid input character code 13
troff:lib/dpctl.man:110: warning: invalid input character code 13
troff:lib/dpctl.man:111: warning: invalid input character code 13
troff:lib/dpctl.man:112: warning: invalid input character code 13
troff:lib/dpctl.man:113: warning: invalid input character code 13
troff:lib/dpctl.man:114: warning: invalid input character code 13
troff:lib/dpctl.man:115: warning: invalid input character code 13
troff:lib/dpctl.man:116: warning: invalid input character code 13
troff:lib/dpctl.man:117: warning: invalid input character code 13
troff:lib/dpctl.man:118: warning: invalid input character code 13
troff:lib/dpctl.man:119: warning: invalid input character code 13
troff:lib/dpctl.man:120: warning: invalid input character code 13
troff:lib/dpctl.man:121: warning: invalid input character code 13
troff:lib/dpctl.man:122: warning: invalid input character code 13
troff:lib/dpctl.man:123: warning: invalid input character code 13
troff:lib/dpctl.man:124: warning: invalid input character code 13
troff:lib/dpctl.man:125: warning: invalid input character code 13
troff:lib/dpctl.man:126: warning: invalid input character code 13
troff:lib/dpctl.man:127: warning: invalid input character code 13
troff:lib/dpctl.man:128: warning: invalid input character code 13
troff:lib/dpctl.man:129: warning: invalid input character code 13
troff:lib/dpctl.man:130: warning: invalid input character code 13
troff:lib/dpctl.man:131: warning: invalid input character code 13
troff:lib/dpctl.man:132: warning: invalid input character code 13
troff:lib/dpctl.man:133: warning: invalid input character code 13
troff:lib/dpctl.man:134: warning: invalid input character code 13
troff:lib/dpctl.man:135: warning: invalid input character code 13
troff:lib/dpctl.man:136: warning: invalid input character code 13
troff:lib/dpctl.man:137: warning: invalid input character code 13
troff:lib/dpctl.man:138: warning: invalid input character code 13
troff:lib/dpctl.man:139: warning: invalid input character code 13
troff:lib/dpctl.man:140: warning: invalid input character code 13
troff:lib/dpctl.man:141: warning: invalid input character code 13
troff:lib/dpctl.man:142: warning: invalid input character code 13
troff:lib/dpctl.man:143: warning: invalid input character code 13
troff:lib/dpctl.man:144: warning: invalid input character code 13
troff:lib/dpctl.man:145: warning: invalid input character code 13
troff:lib/dpctl.man:146: warning: invalid input character code 13
troff:lib/dpctl.man:147: warning: invalid input character code 13
troff:lib/dpctl.man:148: warning: invalid input character code 13
troff:lib/dpctl.man:149: warning: invalid input character code 13
troff:lib/dpctl.man:150: warning: invalid input character code 13
troff:lib/dpctl.man:151: warning: invalid input character code 13
troff:lib/dpctl.man:152: warning: invalid input character code 13
troff:lib/dpctl.man:153: warning: invalid input character code 13
troff:lib/dpctl.man:154: warning: invalid input character code 13
troff:lib/dpctl.man:155: warning: invalid input character code 13
troff:lib/dpctl.man:156: warning: invalid input character code 13
troff:lib/dpctl.man:157: warning: invalid input character code 13
troff:lib/dpctl.man:158: warning: invalid input character code 13
troff:lib/dpctl.man:159: warning: invalid input character code 13
troff:lib/dpctl.man:160: warning: invalid input character code 13
troff:lib/dpctl.man:161: warning: invalid input character code 13
troff:lib/dpctl.man:162: warning: invalid input character code 13
troff:lib/dpctl.man:163: warning: invalid input character code 13
troff:lib/dpctl.man:164: warning: invalid input character code 13
troff:lib/dpctl.man:165: warning: invalid input character code 13
troff:lib/dpctl.man:166: warning: invalid input character code 13
troff:lib/dpctl.man:167: warning: invalid input character code 13
troff:lib/dpctl.man:168: warning: invalid input character code 13
troff:lib/dpctl.man:169: warning: invalid input character code 13
troff:lib/dpctl.man:170: warning: invalid input character code 13
troff:lib/dpctl.man:171: warning: invalid input character code 13
troff:lib/dpctl.man:172: warning: invalid input character code 13
troff:lib/dpctl.man:173: warning: invalid input character code 13
troff:lib/dpctl.man:174: warning: invalid input character code 13
troff:lib/dpctl.man:175: warning: invalid input character code 13
troff:lib/dpctl.man:176: warning: invalid input character code 13
troff:lib/dpctl.man:177: warning: invalid input character code 13
troff:lib/dpctl.man:178: warning: invalid input character code 13
troff:lib/dpctl.man:179: warning: invalid input character code 13
troff:lib/dpctl.man:180: warning: invalid input character code 13
troff:lib/dpctl.man:181: warning: invalid input character code 13
troff:lib/dpctl.man:182: warning: invalid input character code 13
troff:lib/dpctl.man:183: warning: invalid input character code 13
troff:lib/dpctl.man:184: warning: invalid input character code 13
troff:lib/dpctl.man:185: warning: invalid input character code 13
troff:lib/dpctl.man:186: warning: invalid input character code 13
troff:lib/dpctl.man:187: warning: invalid input character code 13
troff:lib/dpctl.man:188: warning: invalid input character code 13
troff:lib/dpctl.man:189: warning: invalid input character code 13
troff:lib/dpctl.man:190: warning: invalid input character code 13
troff:lib/dpctl.man:191: warning: invalid input character code 13
troff:lib/dpctl.man:192: warning: invalid input character code 13
troff:lib/dpctl.man:193: warning: invalid input character code 13
troff:lib/dpctl.man:194: warning: invalid input character code 13
troff:lib/dpctl.man:195: warning: invalid input character code 13
troff:lib/dpctl.man:196: warning: invalid input character code 13
troff:lib/dpctl.man:197: warning: invalid input character code 13
troff:lib/dpctl.man:198: warning: invalid input character code 13
troff:lib/dpctl.man:199: warning: invalid input character code 13
troff:lib/dpctl.man:200: warning: invalid input character code 13
troff:lib/dpctl.man:201: warning: invalid input character code 13
troff:lib/dpctl.man:202: warning: invalid input character code 13
troff:lib/dpctl.man:203: warning: invalid input character code 13
troff:lib/dpctl.man:204: warning: invalid input character code 13
troff:lib/dpctl.man:205: warning: invalid input character code 13
troff:lib/dpctl.man:206: warning: invalid input character code 13
troff:lib/dpctl.man:207: warning: invalid input character code 13
troff:lib/dpctl.man:208: warning: invalid input character code 13
troff:lib/dpctl.man:209: warning: invalid input character code 13
troff:lib/dpctl.man:210: warning: invalid input character code 13
troff:lib/dpctl.man:211: warning: invalid input character code 13
troff:lib/dpctl.man:212: warning: invalid input character code 13
troff:lib/dpctl.man:213: warning: invalid input character code 13
troff:lib/dpctl.man:214: warning: invalid input character code 13
troff:lib/dpctl.man:215: warning: invalid input character code 13
troff:lib/dpctl.man:216: warning: invalid input character code 13
troff:lib/dpctl.man:217: warning: invalid input character code 13
troff:lib/dpctl.man:218: warning: invalid input character code 13
troff:lib/dpctl.man:219: warning: invalid input character code 13
troff:lib/dpctl.man:220: warning: invalid input character code 13
troff:lib/dpctl.man:221: warning: invalid input character code 13
troff:lib/dpctl.man:222: warning: invalid input character code 13
troff:lib/dpctl.man:223: warning: invalid input character code 13
troff:lib/dpctl.man:224: warning: invalid input character code 13
troff:lib/dpctl.man:225: warning: invalid input character code 13
troff:lib/dpctl.man:226: warning: invalid input character code 13
troff:lib/dpctl.man:227: warning: invalid input character code 13
troff:lib/dpctl.man:228: warning: invalid input character code 13
troff:lib/dpctl.man:229: warning: invalid input character code 13
troff:lib/dpctl.man:230: warning: invalid input character code 13
troff:lib/dpctl.man:231: warning: invalid input character code 13
troff:lib/dpctl.man:232: warning: invalid input character code 13
troff:lib/dpctl.man:233: warning: invalid input character code 13
troff:lib/dpctl.man:234: warning: invalid input character code 13
troff:lib/dpctl.man:235: warning: invalid input character code 13
troff:lib/dpctl.man:236: warning: invalid input character code 13
troff:lib/dpctl.man:237: warning: invalid input character code 13
troff:lib/dpctl.man:238: warning: invalid input character code 13
troff:lib/dpctl.man:239: warning: invalid input character code 13
troff:lib/dpctl.man:240: warning: invalid input character code 13
troff:lib/dpctl.man:241: warning: invalid input character code 13
troff:lib/dpctl.man:242: warning: invalid input character code 13
troff:lib/dpctl.man:243: warning: invalid input character code 13
troff:lib/dpctl.man:244: warning: invalid input character code 13
troff:lib/dpctl.man:245: warning: invalid input character code 13
troff:lib/dpctl.man:246: warning: invalid input character code 13
troff:lib/dpctl.man:247: warning: invalid input character code 13
troff:lib/dpctl.man:248: warning: invalid input character code 13
troff:lib/dpctl.man:249: warning: invalid input character code 13
troff:lib/dpctl.man:250: warning: invalid input character code 13
troff:lib/dpctl.man:251: warning: invalid input character code 13
troff:lib/dpctl.man:252: warning: invalid input character code 13
troff:lib/dpctl.man:253: warning: invalid input character code 13
troff:lib/dpctl.man:254: warning: invalid input character code 13
troff:lib/dpctl.man:255: warning: invalid input character code 13
troff:lib/dpctl.man:256: warning: invalid input character code 13
troff:lib/dpctl.man:257: warning: invalid input character code 13
troff:lib/dpctl.man:258: warning: invalid input character code 13
troff:lib/dpctl.man:259: warning: invalid input character code 13
troff:lib/dpctl.man:260: warning: invalid input character code 13
troff:lib/dpctl.man:261: warning: invalid input character code 13
troff:lib/dpctl.man:262: warning: invalid input character code 13
troff:lib/dpctl.man:263: warning: invalid input character code 13
troff:lib/dpctl.man:264: warning: invalid input character code 13
troff:lib/dpctl.man:265: warning: invalid input character code 13
troff:lib/dpctl.man:266: warning: invalid input character code 13
troff:lib/dpctl.man:267: warning: invalid input character code 13
troff:lib/dpctl.man:268: warning: invalid input character code 13
troff:lib/dpctl.man:269: warning: invalid input character code 13
troff:lib/dpctl.man:270: warning: invalid input character code 13
troff:lib/dpctl.man:271: warning: invalid input character code 13
troff:lib/dpctl.man:272: warning: invalid input character code 13
troff:lib/dpctl.man:273: warning: invalid input character code 13
troff:lib/dpctl.man:274: warning: invalid input character code 13
troff:lib/dpctl.man:275: warning: invalid input character code 13
troff:lib/dpctl.man:276: warning: invalid input character code 13
troff:lib/dpctl.man:277: warning: invalid input character code 13
troff:lib/dpctl.man:278: warning: invalid input character code 13
troff:lib/dpctl.man:279: warning: invalid input character code 13
troff:lib/dpctl.man:280: warning: invalid input character code 13
troff:lib/dpctl.man:281: warning: invalid input character code 13
troff:lib/dpctl.man:282: warning: invalid input character code 13
troff:lib/dpctl.man:283: warning: invalid input character code 13
troff:lib/dpctl.man:284: warning: invalid input character code 13
troff:lib/dpctl.man:285: warning: invalid input character code 13
troff:lib/dpctl.man:286: warning: invalid input character code 13
troff:lib/dpctl.man:287: warning: invalid input character code 13
troff:lib/dpctl.man:288: warning: invalid input character code 13
troff:lib/dpctl.man:289: warning: invalid input character code 13
troff:lib/dpctl.man:290: warning: invalid input character code 13
troff:lib/dpctl.man:291: warning: invalid input character code 13
troff:lib/dpctl.man:292: warning: invalid input character code 13
troff:lib/dpctl.man:293: warning: invalid input character code 13
troff:lib/dpctl.man:294: warning: invalid input character code 13
troff:lib/dpctl.man:295: warning: invalid input character code 13
troff:lib/dpctl.man:296: warning: invalid input character code 13
troff:lib/dpctl.man:297: warning: invalid input character code 13
troff:lib/dpctl.man:298: warning: invalid input character code 13
troff:lib/dpctl.man:299: warning: invalid input character code 13
troff:lib/dpctl.man:300: warning: invalid input character code 13
troff:lib/dpctl.man:301: warning: invalid input character code 13
troff:lib/dpctl.man:302: warning: invalid input character code 13
troff:lib/dpctl.man:303: warning: invalid input character code 13
troff:lib/dpctl.man:304: warning: invalid input character code 13
troff:lib/dpctl.man:305: warning: invalid input character code 13
troff:lib/dpctl.man:306: warning: invalid input character code 13
troff:lib/dpctl.man:307: warning: invalid input character code 13
troff:lib/dpctl.man:308: warning: invalid input character code 13
troff:lib/dpctl.man:309: warning: invalid input character code 13
troff:lib/dpctl.man:310: warning: invalid input character code 13
troff:lib/dpctl.man:311: warning: invalid input character code 13
troff:lib/dpctl.man:312: warning: invalid input character code 13
troff:lib/dpctl.man:313: warning: invalid input character code 13
troff:lib/dpctl.man:314: warning: invalid input character code 13
troff:lib/dpctl.man:315: warning: invalid input character code 13
troff:lib/dpctl.man:316: warning: invalid input character code 13
troff:lib/dpctl.man:317: warning: invalid input character code 13
troff:lib/dpctl.man:318: warning: invalid input character code 13
troff:lib/dpctl.man:319: warning: invalid input character code 13
troff:lib/dpctl.man:320: warning: invalid input character code 13
troff:lib/dpctl.man:321: warning: invalid input character code 13
troff:lib/dpctl.man:322: warning: invalid input character code 13
troff:lib/dpctl.man:323: warning: invalid input character code 13
troff:lib/dpctl.man:324: warning: invalid input character code 13
troff:lib/dpctl.man:325: warning: invalid input character code 13
troff:lib/dpctl.man:326: warning: invalid input character code 13
troff:lib/dpctl.man:327: warning: invalid input character code 13
troff:lib/dpctl.man:328: warning: invalid input character code 13
troff:lib/dpctl.man:329: warning: invalid input character code 13
troff:lib/dpctl.man:330: warning: invalid input character code 13
troff:lib/dpctl.man:331: warning: invalid input character code 13
troff:lib/dpctl.man:332: warning: invalid input character code 13
troff:lib/dpctl.man:333: warning: invalid input character code 13
troff:lib/dpctl.man:334: warning: invalid input character code 13
troff:lib/dpctl.man:335: warning: invalid input character code 13
troff:lib/dpctl.man:336: warning: invalid input character code 13
troff:lib/dpctl.man:337: warning: invalid input character code 13
troff:lib/dpctl.man:338: warning: invalid input character code 13
troff:lib/dpctl.man:339: warning: invalid input character code 13
troff:lib/dpctl.man:340: warning: invalid input character code 13
troff:lib/dpctl.man:341: warning: invalid input character code 13
troff:lib/dpctl.man:342: warning: invalid input character code 13
troff:lib/dpctl.man:343: warning: invalid input character code 13
troff:lib/dpctl.man:344: warning: invalid input character code 13
troff:lib/dpctl.man:345: warning: invalid input character code 13
troff:lib/dpctl.man:346: warning: invalid input character code 13
troff:lib/dpctl.man:347: warning: invalid input character code 13
troff:lib/dpctl.man:348: warning: invalid input character code 13
troff:lib/dpctl.man:349: warning: invalid input character code 13
troff:lib/dpctl.man:350: warning: invalid input character code 13
troff:lib/dpctl.man:351: warning: invalid input character code 13
troff:lib/dpctl.man:352: warning: invalid input character code 13
troff:lib/dpctl.man:353: warning: invalid input character code 13
troff:lib/dpctl.man:354: warning: invalid input character code 13
troff:lib/dpctl.man:355: warning: invalid input character code 13
troff:lib/dpctl.man:356: warning: invalid input character code 13
troff:lib/dpctl.man:357: warning: invalid input character code 13
troff:lib/dpctl.man:358: warning: invalid input character code 13
troff:lib/dpctl.man:359: warning: invalid input character code 13
troff:lib/dpctl.man:360: warning: invalid input character code 13
troff:lib/dpctl.man:361: warning: invalid input character code 13
troff:lib/dpctl.man:362: warning: invalid input character code 13
troff:lib/dpctl.man:363: warning: invalid input character code 13
troff:lib/dpctl.man:364: warning: invalid input character code 13
troff:lib/dpctl.man:365: warning: invalid input character code 13
troff:lib/dpctl.man:366: warning: invalid input character code 13
troff:lib/dpctl.man:367: warning: invalid input character code 13
troff:lib/dpctl.man:368: warning: invalid input character code 13
troff:lib/dpctl.man:369: warning: invalid input character code 13
troff:lib/dpctl.man:370: warning: invalid input character code 13
troff:lib/dpctl.man:371: warning: invalid input character code 13
troff:lib/dpctl.man:372: warning: invalid input character code 13
troff:lib/dpctl.man:373: warning: invalid input character code 13
troff:lib/dpctl.man:374: warning: invalid input character code 13
troff:lib/dpctl.man:375: warning: invalid input character code 13
troff:lib/dpctl.man:376: warning: invalid input character code 13
troff:lib/dpctl.man:377: warning: invalid input character code 13
troff:lib/dpctl.man:378: warning: invalid input character code 13
troff:lib/dpctl.man:379: warning: invalid input character code 13
troff:lib/dpctl.man:380: warning: invalid input character code 13
troff:lib/dpctl.man:381: warning: invalid input character code 13
troff:lib/dpctl.man:382: warning: invalid input character code 13
troff:lib/dpctl.man:383: warning: invalid input character code 13
troff:lib/dpctl.man:384: warning: invalid input character code 13
troff:lib/dpctl.man:385: warning: invalid input character code 13
troff:lib/dpctl.man:386: warning: invalid input character code 13
troff:lib/dpctl.man:387: warning: invalid input character code 13
troff:lib/dpctl.man:388: warning: invalid input character code 13
troff:lib/dpctl.man:389: warning: invalid input character code 13
troff:lib/dpctl.man:390: warning: invalid input character code 13
troff:lib/dpctl.man:391: warning: invalid input character code 13
troff:lib/dpctl.man:392: warning: invalid input character code 13
troff:lib/dpctl.man:393: warning: invalid input character code 13
troff:lib/dpctl.man:394: warning: invalid input character code 13
troff:lib/dpctl.man:395: warning: invalid input character code 13
troff:lib/dpctl.man:396: warning: invalid input character code 13
troff:lib/dpctl.man:397: warning: invalid input character code 13
troff:lib/dpctl.man:398: warning: invalid input character code 13
troff:lib/dpctl.man:399: warning: invalid input character code 13
troff:lib/dpctl.man:400: warning: invalid input character code 13
troff:lib/dpctl.man:401: warning: invalid input character code 13
troff:lib/dpctl.man:402: warning: invalid input character code 13
troff:lib/dpctl.man:403: warning: invalid input character code 13
troff:lib/dpctl.man:404: warning: invalid input character code 13
troff:lib/dpctl.man:405: warning: invalid input character code 13
troff:lib/dpctl.man:406: warning: invalid input character code 13
troff:lib/dpctl.man:407: warning: invalid input character code 13
troff:lib/dpctl.man:408: warning: invalid input character code 13
troff:lib/dpctl.man:409: warning: invalid input character code 13
troff:lib/dpctl.man:410: warning: invalid input character code 13
troff:lib/dpctl.man:411: warning: invalid input character code 13
troff:lib/dpctl.man:412: warning: invalid input character code 13
troff:lib/dpctl.man:413: warning: invalid input character code 13
troff:lib/dpctl.man:414: warning: invalid input character code 13
troff:lib/dpctl.man:415: warning: invalid input character code 13
troff:lib/dpctl.man:416: warning: invalid input character code 13
troff:lib/dpctl.man:417: warning: invalid input character code 13
troff:lib/dpctl.man:418: warning: invalid input character code 13
troff:lib/dpctl.man:419: warning: invalid input character code 13
troff:lib/dpctl.man:420: warning: invalid input character code 13
troff:lib/vlog.man:1: warning: invalid input character code 13
troff:lib/vlog.man:2: warning: invalid input character code 13
troff:lib/vlog.man:3: warning: invalid input character code 13
troff:lib/vlog.man:4: warning: invalid input character code 13
troff:lib/vlog.man:5: warning: invalid input character code 13
troff:lib/vlog.man:6: warning: invalid input character code 13
troff:lib/vlog.man:7: warning: invalid input character code 13
troff:lib/vlog.man:8: warning: invalid input character code 13
troff:lib/vlog.man:9: warning: invalid input character code 13
troff:lib/vlog.man:10: warning: invalid input character code 13
troff:lib/vlog.man:11: warning: invalid input character code 13
troff:lib/vlog.man:12: warning: invalid input character code 13
troff:lib/vlog.man:13: warning: invalid input character code 13
troff:lib/vlog.man:14: warning: invalid input character code 13
troff:lib/vlog.man:15: warning: invalid input character code 13
troff:lib/vlog.man:16: warning: invalid input character code 13
troff:lib/vlog.man:17: warning: invalid input character code 13
troff:lib/vlog.man:18: warning: invalid input character code 13
troff:lib/vlog.man:19: warning: invalid input character code 13
troff:lib/vlog.man:20: warning: invalid input character code 13
troff:lib/vlog.man:21: warning: invalid input character code 13
troff:lib/vlog.man:22: warning: invalid input character code 13
troff:lib/vlog.man:23: warning: invalid input character code 13
troff:lib/vlog.man:24: warning: invalid input character code 13
troff:lib/vlog.man:25: warning: invalid input character code 13
troff:lib/vlog.man:26: warning: invalid input character code 13
troff:lib/vlog.man:27: warning: invalid input character code 13
troff:lib/vlog.man:28: warning: invalid input character code 13
troff:lib/vlog.man:29: warning: invalid input character code 13
troff:lib/vlog.man:30: warning: invalid input character code 13
troff:lib/vlog.man:31: warning: invalid input character code 13
troff:lib/vlog.man:32: warning: invalid input character code 13
troff:lib/vlog.man:33: warning: invalid input character code 13
troff:lib/vlog.man:34: warning: invalid input character code 13
troff:lib/vlog.man:35: warning: invalid input character code 13
troff:lib/vlog.man:36: warning: invalid input character code 13
troff:lib/vlog.man:37: warning: invalid input character code 13
troff:lib/vlog.man:38: warning: invalid input character code 13
troff:lib/vlog.man:39: warning: invalid input character code 13
troff:lib/vlog.man:40: warning: invalid input character code 13
troff:lib/vlog.man:41: warning: invalid input character code 13
troff:lib/vlog.man:42: warning: invalid input character code 13
troff:lib/vlog.man:43: warning: invalid input character code 13
troff:lib/vlog.man:44: warning: invalid input character code 13
troff:lib/vlog.man:45: warning: invalid input character code 13
troff:lib/vlog.man:46: warning: invalid input character code 13
troff:lib/vlog.man:47: warning: invalid input character code 13
troff:lib/vlog.man:48: warning: invalid input character code 13
troff:lib/vlog.man:49: warning: invalid input character code 13
troff:lib/vlog.man:50: warning: invalid input character code 13
troff:lib/vlog.man:51: warning: invalid input character code 13
troff:lib/vlog.man:52: warning: invalid input character code 13
troff:lib/vlog.man:53: warning: invalid input character code 13
troff:lib/vlog.man:54: warning: invalid input character code 13
troff:lib/vlog.man:55: warning: invalid input character code 13
troff:lib/vlog.man:56: warning: invalid input character code 13
troff:lib/vlog.man:57: warning: invalid input character code 13
troff:lib/vlog.man:58: warning: invalid input character code 13
troff:lib/vlog.man:59: warning: invalid input character code 13
troff:lib/vlog.man:60: warning: invalid input character code 13
troff:lib/vlog.man:61: warning: invalid input character code 13
troff:lib/vlog.man:62: warning: invalid input character code 13
troff:lib/vlog.man:63: warning: invalid input character code 13
troff:lib/vlog.man:64: warning: invalid input character code 13
troff:lib/vlog.man:65: warning: invalid input character code 13
troff:lib/vlog.man:66: warning: invalid input character code 13
troff:lib/vlog.man:67: warning: invalid input character code 13
troff:lib/vlog.man:68: warning: invalid input character code 13
troff:lib/vlog.man:69: warning: invalid input character code 13
troff:lib/vlog.man:70: warning: invalid input character code 13
troff:lib/vlog.man:71: warning: invalid input character code 13
troff:lib/vlog.man:72: warning: invalid input character code 13
troff:lib/vlog.man:73: warning: invalid input character code 13
troff:lib/vlog.man:74: warning: invalid input character code 13
troff:lib/vlog.man:75: warning: invalid input character code 13
troff:lib/vlog.man:76: warning: invalid input character code 13
troff:lib/vlog.man:77: warning: invalid input character code 13
troff:lib/vlog.man:78: warning: invalid input character code 13
troff:lib/vlog.man:79: warning: invalid input character code 13
troff:lib/vlog.man:80: warning: invalid input character code 13
troff:lib/vlog.man:81: warning: invalid input character code 13
troff:lib/vlog.man:82: warning: invalid input character code 13
troff:lib/vlog.man:83: warning: invalid input character code 13
troff:lib/vlog.man:84: warning: invalid input character code 13
troff:lib/vlog.man:85: warning: invalid input character code 13
troff:lib/vlog.man:86: warning: invalid input character code 13
troff:lib/vlog.man:87: warning: invalid input character code 13
troff:lib/vlog.man:88: warning: invalid input character code 13
troff:lib/vlog.man:89: warning: invalid input character code 13
troff:lib/vlog.man:90: warning: invalid input character code 13
troff:lib/vlog.man:91: warning: invalid input character code 13
troff:lib/vlog.man:92: warning: invalid input character code 13
troff:lib/vlog.man:93: warning: invalid input character code 13
troff:lib/vlog.man:94: warning: invalid input character code 13
troff:lib/vlog.man:95: warning: invalid input character code 13
troff:lib/vlog.man:96: warning: invalid input character code 13
troff:lib/vlog.man:97: warning: invalid input character code 13
troff:lib/vlog.man:98: warning: invalid input character code 13
troff:lib/vlog.man:99: warning: invalid input character code 13
troff:lib/vlog.man:100: warning: invalid input character code 13
troff:lib/vlog.man:101: warning: invalid input character code 13
troff:lib/vlog.man:102: warning: invalid input character code 13
troff:lib/vlog.man:103: warning: invalid input character code 13
troff:lib/vlog.man:104: warning: invalid input character code 13
troff:lib/vlog.man:105: warning: invalid input character code 13
troff:lib/vlog.man:106: warning: invalid input character code 13
troff:lib/common.man:1: warning: invalid input character code 13
troff:lib/common.man:2: warning: invalid input character code 13
troff:lib/common.man:3: warning: invalid input character code 13
troff:lib/common.man:4: warning: invalid input character code 13
troff:lib/common.man:5: warning: invalid input character code 13
troff:lib/common.man:6: warning: invalid input character code 13
troff:lib/common.man:7: warning: invalid input character code 13
troff:lib/ovs.tmac:1: warning: invalid input character code 13
troff:lib/ovs.tmac:2: warning: invalid input character code 13
troff:lib/ovs.tmac:3: warning: invalid input character code 13
troff:lib/ovs.tmac:4: warning: invalid input character code 13
troff:lib/ovs.tmac:5: warning: invalid input character code 13
troff:lib/ovs.tmac:6: warning: invalid input character code 13
troff:lib/ovs.tmac:7: warning: invalid input character code 13
troff:lib/ovs.tmac:8: warning: invalid input character code 13
troff:lib/ovs.tmac:9: warning: invalid input character code 13
troff:lib/ovs.tmac:10: warning: invalid input character code 13
troff:lib/ovs.tmac:11: warning: invalid input character code 13
troff:lib/ovs.tmac:12: warning: invalid input character code 13
troff:lib/ovs.tmac:13: warning: invalid input character code 13
troff:lib/ovs.tmac:14: warning: invalid input character code 13
troff:lib/ovs.tmac:15: warning: invalid input character code 13
troff:lib/ovs.tmac:16: warning: invalid input character code 13
troff:lib/ovs.tmac:17: warning: invalid input character code 13
troff:lib/ovs.tmac:18: warning: invalid input character code 13
troff:lib/ovs.tmac:19: warning: invalid input character code 13
troff:lib/ovs.tmac:20: warning: invalid input character code 13
troff:lib/ovs.tmac:21: warning: invalid input character code 13
troff:lib/ovs.tmac:22: warning: invalid input character code 13
troff:lib/ovs.tmac:23: warning: invalid input character code 13
troff:lib/ovs.tmac:24: warning: invalid input character code 13
troff:lib/ovs.tmac:25: warning: invalid input character code 13
troff:lib/ovs.tmac:26: warning: invalid input character code 13
troff:lib/ovs.tmac:27: warning: invalid input character code 13
troff:lib/ovs.tmac:28: warning: invalid input character code 13
troff:lib/ovs.tmac:29: warning: invalid input character code 13
troff:lib/ovs.tmac:30: warning: invalid input character code 13
troff:lib/ovs.tmac:31: warning: invalid input character code 13
troff:lib/ovs.tmac:32: warning: invalid input character code 13
troff:lib/ovs.tmac:33: warning: invalid input character code 13
troff:lib/ovs.tmac:34: warning: invalid input character code 13
troff:lib/ovs.tmac:35: warning: invalid input character code 13
troff:lib/ovs.tmac:36: warning: invalid input character code 13
troff:lib/ovs.tmac:37: warning: invalid input character code 13
troff:lib/ovs.tmac:38: warning: invalid input character code 13
troff:lib/ovs.tmac:39: warning: invalid input character code 13
troff:lib/ovs.tmac:40: warning: invalid input character code 13
troff:lib/ovs.tmac:41: warning: invalid input character code 13
troff:lib/ovs.tmac:42: warning: invalid input character code 13
troff:lib/ovs.tmac:43: warning: invalid input character code 13
troff:lib/ovs.tmac:44: warning: invalid input character code 13
troff:lib/ovs.tmac:45: warning: invalid input character code 13
troff:lib/ovs.tmac:46: warning: invalid input character code 13
troff:lib/ovs.tmac:47: warning: invalid input character code 13
troff:lib/ovs.tmac:48: warning: invalid input character code 13
troff:lib/ovs.tmac:49: warning: invalid input character code 13
troff:lib/ovs.tmac:50: warning: invalid input character code 13
troff:lib/ovs.tmac:51: warning: invalid input character code 13
troff:lib/ovs.tmac:52: warning: invalid input character code 13
troff:lib/ovs.tmac:53: warning: invalid input character code 13
troff:lib/ovs.tmac:54: warning: invalid input character code 13
troff:lib/ovs.tmac:55: warning: invalid input character code 13
troff:lib/ovs.tmac:56: warning: invalid input character code 13
troff:lib/ovs.tmac:57: warning: invalid input character code 13
troff:lib/ovs.tmac:58: warning: invalid input character code 13
troff:lib/ovs.tmac:59: warning: invalid input character code 13
troff:lib/ovs.tmac:60: warning: invalid input character code 13
troff:lib/ovs.tmac:61: warning: invalid input character code 13
troff:lib/ovs.tmac:62: warning: invalid input character code 13
troff:lib/ovs.tmac:63: warning: invalid input character code 13
troff:lib/ovs.tmac:64: warning: invalid input character code 13
troff:lib/ovs.tmac:65: warning: invalid input character code 13
troff:lib/ovs.tmac:66: warning: invalid input character code 13
troff:lib/ovs.tmac:67: warning: invalid input character code 13
troff:lib/ovs.tmac:68: warning: invalid input character code 13
troff:lib/ovs.tmac:69: warning: invalid input character code 13
troff:lib/ovs.tmac:70: warning: invalid input character code 13
troff:lib/ovs.tmac:71: warning: invalid input character code 13
troff:lib/ovs.tmac:72: warning: invalid input character code 13
troff:lib/ovs.tmac:73: warning: invalid input character code 13
troff:lib/ovs.tmac:74: warning: invalid input character code 13
troff:lib/ovs.tmac:75: warning: invalid input character code 13
troff:lib/ovs.tmac:76: warning: invalid input character code 13
troff:lib/ovs.tmac:77: warning: invalid input character code 13
troff:lib/ovs.tmac:78: warning: invalid input character code 13
troff:lib/ovs.tmac:79: warning: invalid input character code 13
troff:lib/ovs.tmac:80: warning: invalid input character code 13
troff:lib/ovs.tmac:81: warning: invalid input character code 13
troff:lib/ovs.tmac:82: warning: invalid input character code 13
troff:lib/ovs.tmac:83: warning: invalid input character code 13
troff:lib/ovs.tmac:84: warning: invalid input character code 13
troff:lib/ovs.tmac:85: warning: invalid input character code 13
troff:lib/ovs.tmac:86: warning: invalid input character code 13
troff:lib/ovs.tmac:87: warning: invalid input character code 13
troff:lib/ovs.tmac:88: warning: invalid input character code 13
troff:lib/ovs.tmac:89: warning: invalid input character code 13
troff:lib/ovs.tmac:90: warning: invalid input character code 13
troff:lib/ovs.tmac:91: warning: invalid input character code 13
troff:lib/ovs.tmac:92: warning: invalid input character code 13
troff:lib/ovs.tmac:93: warning: invalid input character code 13
troff:lib/ovs.tmac:94: warning: invalid input character code 13
troff:lib/ovs.tmac:95: warning: invalid input character code 13
troff:lib/ovs.tmac:96: warning: invalid input character code 13
troff:lib/ovs.tmac:97: warning: invalid input character code 13
troff:lib/ovs.tmac:98: warning: invalid input character code 13
troff:lib/ovs.tmac:99: warning: invalid input character code 13
troff:lib/ovs.tmac:100: warning: invalid input character code 13
troff:lib/ovs.tmac:101: warning: invalid input character code 13
troff:lib/ovs.tmac:102: warning: invalid input character code 13
troff:lib/ovs.tmac:103: warning: invalid input character code 13
troff:lib/ovs.tmac:104: warning: invalid input character code 13
troff:lib/ovs.tmac:105: warning: invalid input character code 13
troff:lib/ovs.tmac:106: warning: invalid input character code 13
troff:lib/ovs.tmac:107: warning: invalid input character code 13
troff:lib/ovs.tmac:108: warning: invalid input character code 13
troff:lib/ovs.tmac:109: warning: invalid input character code 13
troff:lib/ovs.tmac:110: warning: invalid input character code 13
troff:lib/ovs.tmac:111: warning: invalid input character code 13
troff:lib/ovs.tmac:112: warning: invalid input character code 13
troff:lib/ovs.tmac:113: warning: invalid input character code 13
troff:lib/ovs.tmac:114: warning: invalid input character code 13
troff:lib/ovs.tmac:115: warning: invalid input character code 13
troff:lib/ovs.tmac:116: warning: invalid input character code 13
troff:lib/ovs.tmac:117: warning: invalid input character code 13
troff:lib/ovs.tmac:118: warning: invalid input character code 13
troff:lib/ovs.tmac:119: warning: invalid input character code 13
troff:lib/ovs.tmac:120: warning: invalid input character code 13
troff:lib/ovs.tmac:121: warning: invalid input character code 13
troff:lib/ovs.tmac:122: warning: invalid input character code 13
troff:lib/ovs.tmac:123: warning: invalid input character code 13
troff:lib/ovs.tmac:124: warning: invalid input character code 13
troff:lib/ovs.tmac:125: warning: invalid input character code 13
troff:lib/ovs.tmac:126: warning: invalid input character code 13
troff:lib/ovs.tmac:127: warning: invalid input character code 13
troff:lib/ovs.tmac:128: warning: invalid input character code 13
troff:lib/ovs.tmac:129: warning: invalid input character code 13
troff:lib/ovs.tmac:130: warning: invalid input character code 13
troff:lib/ovs.tmac:131: warning: invalid input character code 13
troff:lib/ovs.tmac:132: warning: invalid input character code 13
troff:lib/ovs.tmac:133: warning: invalid input character code 13
troff:lib/ovs.tmac:134: warning: invalid input character code 13
troff:lib/ovs.tmac:135: warning: invalid input character code 13
troff:lib/ovs.tmac:136: warning: invalid input character code 13
troff:lib/ovs.tmac:137: warning: invalid input character code 13
troff:lib/ovs.tmac:138: warning: invalid input character code 13
troff:lib/ovs.tmac:139: warning: invalid input character code 13
troff:lib/ovs.tmac:140: warning: invalid input character code 13
troff:lib/ovs.tmac:141: warning: invalid input character code 13
troff:lib/ovs.tmac:142: warning: invalid input character code 13
troff:lib/ovs.tmac:143: warning: invalid input character code 13
troff:lib/ovs.tmac:144: warning: invalid input character code 13
troff:lib/ovs.tmac:145: warning: invalid input character code 13
troff:lib/ovs.tmac:146: warning: invalid input character code 13
troff:lib/ovs.tmac:147: warning: invalid input character code 13
troff:lib/ovs.tmac:148: warning: invalid input character code 13
troff:lib/ovs.tmac:149: warning: invalid input character code 13
troff:lib/ovs.tmac:150: warning: invalid input character code 13
troff:lib/ovs.tmac:151: warning: invalid input character code 13
troff:lib/ovs.tmac:152: warning: invalid input character code 13
troff:lib/ovs.tmac:153: warning: invalid input character code 13
troff:lib/ovs.tmac:154: warning: invalid input character code 13
troff:lib/ovs.tmac:155: warning: invalid input character code 13
troff:lib/ovs.tmac:156: warning: invalid input character code 13
troff:lib/ovs.tmac:157: warning: invalid input character code 13
troff:lib/ovs.tmac:158: warning: invalid input character code 13
troff:lib/ovs.tmac:159: warning: invalid input character code 13
troff:lib/ovs.tmac:160: warning: invalid input character code 13
troff:lib/ovs.tmac:161: warning: invalid input character code 13
troff:lib/ovs.tmac:162: warning: invalid input character code 13
troff:lib/ovs.tmac:163: warning: invalid input character code 13
troff:lib/ovs.tmac:164: warning: invalid input character code 13
troff:lib/ovs.tmac:165: warning: invalid input character code 13
troff:lib/ovs.tmac:166: warning: invalid input character code 13
troff:lib/ovs.tmac:167: warning: invalid input character code 13
troff:lib/ovs.tmac:168: warning: invalid input character code 13
troff:lib/ovs.tmac:169: warning: invalid input character code 13
troff:lib/ovs.tmac:170: warning: invalid input character code 13
troff:lib/ovs.tmac:171: warning: invalid input character code 13
troff:lib/ovs.tmac:172: warning: invalid input character code 13
troff:lib/ovs.tmac:173: warning: invalid input character code 13
troff:lib/ovs.tmac:174: warning: invalid input character code 13
troff:lib/ovs.tmac:175: warning: invalid input character code 13
troff:lib/ovs.tmac:176: warning: invalid input character code 13
troff:lib/ovs.tmac:177: warning: invalid input character code 13
troff:lib/ovs.tmac:178: warning: invalid input character code 13
troff:lib/ovs.tmac:179: warning: invalid input character code 13
troff:lib/ovs.tmac:180: warning: invalid input character code 13
troff:lib/ovs.tmac:181: warning: invalid input character code 13
troff:lib/ovs.tmac:182: warning: invalid input character code 13
troff:lib/ovs.tmac:183: warning: invalid input character code 13
troff:lib/ovs.tmac:184: warning: invalid input character code 13
troff:lib/ovs.tmac:185: warning: invalid input character code 13
troff:lib/ovs.tmac:186: warning: invalid input character code 13
troff:lib/ovs.tmac:187: warning: invalid input character code 13
troff:lib/ovs.tmac:188: warning: invalid input character code 13
troff:lib/ovs.tmac:189: warning: invalid input character code 13
troff:lib/ovs.tmac:190: warning: invalid input character code 13
PYTHONPATH=./python":"$PYTHONPATH PYTHONDONTWRITEBYTECODE=yes /usr/bin/python3 ./build-aux/check-structs -I./include include/openflow/intel-ext.h && \
touch include/openflow/intel-ext.hstamp
PYTHONPATH=./python":"$PYTHONPATH PYTHONDONTWRITEBYTECODE=yes /usr/bin/python3 ./build-aux/check-structs -I./include include/openflow/netronome-ext.h && \
touch include/openflow/netronome-ext.hstamp
PYTHONPATH=./python":"$PYTHONPATH PYTHONDONTWRITEBYTECODE=yes /usr/bin/python3 ./build-aux/check-structs -I./include include/openflow/nicira-ext.h && \
touch include/openflow/nicira-ext.hstamp
troff:lib/ovs.tmac:1: warning: invalid input character code 13
troff:lib/ovs.tmac:2: warning: invalid input character code 13
troff:lib/ovs.tmac:3: warning: invalid input character code 13
troff:lib/ovs.tmac:4: warning: invalid input character code 13
troff:lib/ovs.tmac:5: warning: invalid input character code 13
troff:lib/ovs.tmac:6: warning: invalid input character code 13
troff:lib/ovs.tmac:7: warning: invalid input character code 13
troff:lib/ovs.tmac:8: warning: invalid input character code 13
troff:lib/ovs.tmac:9: warning: invalid input character code 13
troff:lib/ovs.tmac:10: warning: invalid input character code 13
troff:lib/ovs.tmac:11: warning: invalid input character code 13
troff:lib/ovs.tmac:12: warning: invalid input character code 13
troff:lib/ovs.tmac:13: warning: invalid input character code 13
troff:lib/ovs.tmac:14: warning: invalid input character code 13
troff:lib/ovs.tmac:15: warning: invalid input character code 13
troff:lib/ovs.tmac:16: warning: invalid input character code 13
troff:lib/ovs.tmac:17: warning: invalid input character code 13
troff:lib/ovs.tmac:18: warning: invalid input character code 13
troff:lib/ovs.tmac:19: warning: invalid input character code 13
troff:lib/ovs.tmac:20: warning: invalid input character code 13
troff:lib/ovs.tmac:21: warning: invalid input character code 13
troff:lib/ovs.tmac:22: warning: invalid input character code 13
troff:lib/ovs.tmac:23: warning: invalid input character code 13
troff:lib/ovs.tmac:24: warning: invalid input character code 13
troff:lib/ovs.tmac:25: warning: invalid input character code 13
troff:lib/ovs.tmac:26: warning: invalid input character code 13
troff:lib/ovs.tmac:27: warning: invalid input character code 13
troff:lib/ovs.tmac:28: warning: invalid input character code 13
troff:lib/ovs.tmac:29: warning: invalid input character code 13
troff:lib/ovs.tmac:30: warning: invalid input character code 13
troff:lib/ovs.tmac:31: warning: invalid input character code 13
troff:lib/ovs.tmac:32: warning: invalid input character code 13
troff:lib/ovs.tmac:33: warning: invalid input character code 13
troff:lib/ovs.tmac:34: warning: invalid input character code 13
troff:lib/ovs.tmac:35: warning: invalid input character code 13
troff:lib/ovs.tmac:36: warning: invalid input character code 13
troff:lib/ovs.tmac:37: warning: invalid input character code 13
troff:lib/ovs.tmac:38: warning: invalid input character code 13
troff:lib/ovs.tmac:39: warning: invalid input character code 13
troff:lib/ovs.tmac:40: warning: invalid input character code 13
troff:lib/ovs.tmac:41: warning: invalid input character code 13
troff:lib/ovs.tmac:42: warning: invalid input character code 13
troff:lib/ovs.tmac:43: warning: invalid input character code 13
troff:lib/ovs.tmac:44: warning: invalid input character code 13
troff:lib/ovs.tmac:45: warning: invalid input character code 13
troff:lib/ovs.tmac:46: warning: invalid input character code 13
troff:lib/ovs.tmac:47: warning: invalid input character code 13
troff:lib/ovs.tmac:48: warning: invalid input character code 13
troff:lib/ovs.tmac:49: warning: invalid input character code 13
troff:lib/ovs.tmac:50: warning: invalid input character code 13
troff:lib/ovs.tmac:51: warning: invalid input character code 13
troff:lib/ovs.tmac:52: warning: invalid input character code 13
troff:lib/ovs.tmac:53: warning: invalid input character code 13
troff:lib/ovs.tmac:54: warning: invalid input character code 13
troff:lib/ovs.tmac:55: warning: invalid input character code 13
troff:lib/ovs.tmac:56: warning: invalid input character code 13
troff:lib/ovs.tmac:57: warning: invalid input character code 13
troff:lib/ovs.tmac:58: warning: invalid input character code 13
troff:lib/ovs.tmac:59: warning: invalid input character code 13
troff:lib/ovs.tmac:60: warning: invalid input character code 13
troff:lib/ovs.tmac:61: warning: invalid input character code 13
troff:lib/ovs.tmac:62: warning: invalid input character code 13
troff:lib/ovs.tmac:63: warning: invalid input character code 13
troff:lib/ovs.tmac:64: warning: invalid input character code 13
troff:lib/ovs.tmac:65: warning: invalid input character code 13
troff:lib/ovs.tmac:66: warning: invalid input character code 13
troff:lib/ovs.tmac:67: warning: invalid input character code 13
troff:lib/ovs.tmac:68: warning: invalid input character code 13
troff:lib/ovs.tmac:69: warning: invalid input character code 13
troff:lib/ovs.tmac:70: warning: invalid input character code 13
troff:lib/ovs.tmac:71: warning: invalid input character code 13
troff:lib/ovs.tmac:72: warning: invalid input character code 13
troff:lib/ovs.tmac:73: warning: invalid input character code 13
troff:lib/ovs.tmac:74: warning: invalid input character code 13
troff:lib/ovs.tmac:75: warning: invalid input character code 13
troff:lib/ovs.tmac:76: warning: invalid input character code 13
troff:lib/ovs.tmac:77: warning: invalid input character code 13
troff:lib/ovs.tmac:78: warning: invalid input character code 13
troff:lib/ovs.tmac:79: warning: invalid input character code 13
troff:lib/ovs.tmac:80: warning: invalid input character code 13
troff:lib/ovs.tmac:81: warning: invalid input character code 13
troff:lib/ovs.tmac:82: warning: invalid input character code 13
troff:lib/ovs.tmac:83: warning: invalid input character code 13
troff:lib/ovs.tmac:84: warning: invalid input character code 13
troff:lib/ovs.tmac:85: warning: invalid input character code 13
troff:lib/ovs.tmac:86: warning: invalid input character code 13
troff:lib/ovs.tmac:87: warning: invalid input character code 13
troff:lib/ovs.tmac:88: warning: invalid input character code 13
troff:lib/ovs.tmac:89: warning: invalid input character code 13
troff:lib/ovs.tmac:90: warning: invalid input character code 13
troff:lib/ovs.tmac:91: warning: invalid input character code 13
troff:lib/ovs.tmac:92: warning: invalid input character code 13
troff:lib/ovs.tmac:93: warning: invalid input character code 13
troff:lib/ovs.tmac:94: warning: invalid input character code 13
troff:lib/ovs.tmac:95: warning: invalid input character code 13
troff:lib/ovs.tmac:96: warning: invalid input character code 13
troff:lib/ovs.tmac:97: warning: invalid input character code 13
troff:lib/ovs.tmac:98: warning: invalid input character code 13
troff:lib/ovs.tmac:99: warning: invalid input character code 13
troff:lib/ovs.tmac:100: warning: invalid input character code 13
troff:lib/ovs.tmac:101: warning: invalid input character code 13
troff:lib/ovs.tmac:102: warning: invalid input character code 13
troff:lib/ovs.tmac:103: warning: invalid input character code 13
troff:lib/ovs.tmac:104: warning: invalid input character code 13
troff:lib/ovs.tmac:105: warning: invalid input character code 13
troff:lib/ovs.tmac:106: warning: invalid input character code 13
troff:lib/ovs.tmac:107: warning: invalid input character code 13
troff:lib/ovs.tmac:108: warning: invalid input character code 13
troff:lib/ovs.tmac:109: warning: invalid input character code 13
troff:lib/ovs.tmac:110: warning: invalid input character code 13
troff:lib/ovs.tmac:111: warning: invalid input character code 13
troff:lib/ovs.tmac:112: warning: invalid input character code 13
troff:lib/ovs.tmac:113: warning: invalid input character code 13
troff:lib/ovs.tmac:114: warning: invalid input character code 13
troff:lib/ovs.tmac:115: warning: invalid input character code 13
troff:lib/ovs.tmac:116: warning: invalid input character code 13
troff:lib/ovs.tmac:117: warning: invalid input character code 13
troff:lib/ovs.tmac:118: warning: invalid input character code 13
troff:lib/ovs.tmac:119: warning: invalid input character code 13
troff:lib/ovs.tmac:120: warning: invalid input character code 13
troff:lib/ovs.tmac:121: warning: invalid input character code 13
troff:lib/ovs.tmac:122: warning: invalid input character code 13
troff:lib/ovs.tmac:123: warning: invalid input character code 13
troff:lib/ovs.tmac:124: warning: invalid input character code 13
troff:lib/ovs.tmac:125: warning: invalid input character code 13
troff:lib/ovs.tmac:126: warning: invalid input character code 13
troff:lib/ovs.tmac:127: warning: invalid input character code 13
troff:lib/ovs.tmac:128: warning: invalid input character code 13
troff:lib/ovs.tmac:129: warning: invalid input character code 13
troff:lib/ovs.tmac:130: warning: invalid input character code 13
troff:lib/ovs.tmac:131: warning: invalid input character code 13
troff:lib/ovs.tmac:132: warning: invalid input character code 13
troff:lib/ovs.tmac:133: warning: invalid input character code 13
troff:lib/ovs.tmac:134: warning: invalid input character code 13
troff:lib/ovs.tmac:135: warning: invalid input character code 13
troff:lib/ovs.tmac:136: warning: invalid input character code 13
troff:lib/ovs.tmac:137: warning: invalid input character code 13
troff:lib/ovs.tmac:138: warning: invalid input character code 13
troff:lib/ovs.tmac:139: warning: invalid input character code 13
troff:lib/ovs.tmac:140: warning: invalid input character code 13
troff:lib/ovs.tmac:141: warning: invalid input character code 13
troff:lib/ovs.tmac:142: warning: invalid input character code 13
troff:lib/ovs.tmac:143: warning: invalid input character code 13
troff:lib/ovs.tmac:144: warning: invalid input character code 13
troff:lib/ovs.tmac:145: warning: invalid input character code 13
troff:lib/ovs.tmac:146: warning: invalid input character code 13
troff:lib/ovs.tmac:147: warning: invalid input character code 13
troff:lib/ovs.tmac:148: warning: invalid input character code 13
troff:lib/ovs.tmac:149: warning: invalid input character code 13
troff:lib/ovs.tmac:150: warning: invalid input character code 13
troff:lib/ovs.tmac:151: warning: invalid input character code 13
troff:lib/ovs.tmac:152: warning: invalid input character code 13
troff:lib/ovs.tmac:153: warning: invalid input character code 13
troff:lib/ovs.tmac:154: warning: invalid input character code 13
troff:lib/ovs.tmac:155: warning: invalid input character code 13
troff:lib/ovs.tmac:156: warning: invalid input character code 13
troff:lib/ovs.tmac:157: warning: invalid input character code 13
troff:lib/ovs.tmac:158: warning: invalid input character code 13
troff:lib/ovs.tmac:159: warning: invalid input character code 13
troff:lib/ovs.tmac:160: warning: invalid input character code 13
troff:lib/ovs.tmac:161: warning: invalid input character code 13
troff:lib/ovs.tmac:162: warning: invalid input character code 13
troff:lib/ovs.tmac:163: warning: invalid input character code 13
troff:lib/ovs.tmac:164: warning: invalid input character code 13
troff:lib/ovs.tmac:165: warning: invalid input character code 13
troff:lib/ovs.tmac:166: warning: invalid input character code 13
troff:lib/ovs.tmac:167: warning: invalid input character code 13
troff:lib/ovs.tmac:168: warning: invalid input character code 13
troff:lib/ovs.tmac:169: warning: invalid input character code 13
troff:lib/ovs.tmac:170: warning: invalid input character code 13
troff:lib/ovs.tmac:171: warning: invalid input character code 13
troff:lib/ovs.tmac:172: warning: invalid input character code 13
troff:lib/ovs.tmac:173: warning: invalid input character code 13
troff:lib/ovs.tmac:174: warning: invalid input character code 13
troff:lib/ovs.tmac:175: warning: invalid input character code 13
troff:lib/ovs.tmac:176: warning: invalid input character code 13
troff:lib/ovs.tmac:177: warning: invalid input character code 13
troff:lib/ovs.tmac:178: warning: invalid input character code 13
troff:lib/ovs.tmac:179: warning: invalid input character code 13
troff:lib/ovs.tmac:180: warning: invalid input character code 13
troff:lib/ovs.tmac:181: warning: invalid input character code 13
troff:lib/ovs.tmac:182: warning: invalid input character code 13
troff:lib/ovs.tmac:183: warning: invalid input character code 13
troff:lib/ovs.tmac:184: warning: invalid input character code 13
troff:lib/ovs.tmac:185: warning: invalid input character code 13
troff:lib/ovs.tmac:186: warning: invalid input character code 13
troff:lib/ovs.tmac:187: warning: invalid input character code 13
troff:lib/ovs.tmac:188: warning: invalid input character code 13
troff:lib/ovs.tmac:189: warning: invalid input character code 13
troff:lib/ovs.tmac:190: warning: invalid input character code 13
troff:lib/vconn-active.man:1: warning: invalid input character code 13
troff:lib/vconn-active.man:2: warning: invalid input character code 13
troff:lib/vconn-active.man:3: warning: invalid input character code 13
troff:lib/vconn-active.man:4: warning: invalid input character code 13
troff:lib/vconn-active.man:5: warning: invalid input character code 13
troff:lib/vconn-active.man:6: warning: invalid input character code 13
troff:lib/vconn-active.man:7: warning: invalid input character code 13
troff:lib/vconn-active.man:8: warning: invalid input character code 13
troff:lib/vconn-active.man:9: warning: invalid input character code 13
troff:lib/vconn-active.man:10: warning: invalid input character code 13
troff:lib/vconn-active.man:11: warning: invalid input character code 13
troff:lib/vconn-active.man:12: warning: invalid input character code 13
troff:lib/vconn-active.man:13: warning: invalid input character code 13
troff:lib/vconn-active.man:14: warning: invalid input character code 13
troff:lib/vconn-active.man:15: warning: invalid input character code 13
troff:lib/vconn-active.man:16: warning: invalid input character code 13
troff:lib/vconn-active.man:17: warning: invalid input character code 13
troff:lib/vconn-active.man:18: warning: invalid input character code 13
troff:lib/vconn-active.man:19: warning: invalid input character code 13
troff:lib/ofp-version.man:1: warning: invalid input character code 13
troff:lib/ofp-version.man:2: warning: invalid input character code 13
troff:lib/ofp-version.man:3: warning: invalid input character code 13
troff:lib/ofp-version.man:4: warning: invalid input character code 13
troff:lib/ofp-version.man:5: warning: invalid input character code 13
troff:lib/ofp-version.man:6: warning: invalid input character code 13
troff:lib/ofp-version.man:7: warning: invalid input character code 13
troff:lib/ofp-version.man:8: warning: invalid input character code 13
troff:lib/ofp-version.man:9: warning: invalid input character code 13
troff:lib/ofp-version.man:10: warning: invalid input character code 13
troff:lib/ofp-version.man:11: warning: invalid input character code 13
troff:lib/ofp-version.man:12: warning: invalid input character code 13
troff:lib/ofp-version.man:13: warning: invalid input character code 13
troff:lib/ofp-version.man:14: warning: invalid input character code 13
troff:lib/ofp-version.man:15: warning: invalid input character code 13
troff:lib/ofp-version.man:16: warning: invalid input character code 13
troff:lib/ofp-version.man:17: warning: invalid input character code 13
troff:lib/ofp-version.man:18: warning: invalid input character code 13
troff:lib/ofp-version.man:19: warning: invalid input character code 13
troff:lib/ofp-version.man:20: warning: invalid input character code 13
troff:lib/ofp-version.man:21: warning: invalid input character code 13
troff:lib/ofp-version.man:22: warning: invalid input character code 13
troff:lib/ofp-version.man:23: warning: invalid input character code 13
troff:lib/ofp-version.man:24: warning: invalid input character code 13
troff:lib/ofp-version.man:25: warning: invalid input character code 13
troff:lib/ofp-version.man:26: warning: invalid input character code 13
troff:lib/ofp-version.man:27: warning: invalid input character code 13
troff:lib/ofp-version.man:28: warning: invalid input character code 13
troff:lib/ofp-version.man:29: warning: invalid input character code 13
troff:lib/ofp-version.man:30: warning: invalid input character code 13
troff:lib/ofp-version.man:31: warning: invalid input character code 13
troff:lib/ofp-version.man:32: warning: invalid input character code 13
troff:lib/ofp-version.man:33: warning: invalid input character code 13
troff:lib/daemon.man:1: warning: invalid input character code 13
troff:lib/daemon.man:2: warning: invalid input character code 13
troff:lib/daemon.man:3: warning: invalid input character code 13
troff:lib/daemon.man:4: warning: invalid input character code 13
troff:lib/daemon.man:5: warning: invalid input character code 13
troff:lib/daemon.man:6: warning: invalid input character code 13
troff:lib/daemon.man:7: warning: invalid input character code 13
troff:lib/daemon.man:8: warning: invalid input character code 13
troff:lib/daemon.man:9: warning: invalid input character code 13
troff:lib/daemon.man:10: warning: invalid input character code 13
troff:lib/daemon.man:11: warning: invalid input character code 13
troff:lib/daemon.man:12: warning: invalid input character code 13
troff:lib/daemon.man:13: warning: invalid input character code 13
troff:lib/daemon.man:14: warning: invalid input character code 13
troff:lib/daemon.man:15: warning: invalid input character code 13
troff:lib/daemon.man:16: warning: invalid input character code 13
troff:lib/daemon.man:17: warning: invalid input character code 13
troff:lib/daemon.man:18: warning: invalid input character code 13
troff:lib/daemon.man:19: warning: invalid input character code 13
troff:lib/daemon.man:20: warning: invalid input character code 13
troff:lib/daemon.man:21: warning: invalid input character code 13
troff:lib/daemon.man:22: warning: invalid input character code 13
troff:lib/daemon.man:23: warning: invalid input character code 13
troff:lib/daemon.man:24: warning: invalid input character code 13
troff:lib/daemon.man:25: warning: invalid input character code 13
troff:lib/daemon.man:26: warning: invalid input character code 13
troff:lib/daemon.man:27: warning: invalid input character code 13
troff:lib/daemon.man:28: warning: invalid input character code 13
troff:lib/daemon.man:29: warning: invalid input character code 13
troff:lib/daemon.man:30: warning: invalid input character code 13
troff:lib/daemon.man:31: warning: invalid input character code 13
troff:lib/daemon.man:32: warning: invalid input character code 13
troff:lib/daemon.man:33: warning: invalid input character code 13
troff:lib/daemon.man:34: warning: invalid input character code 13
troff:lib/daemon.man:35: warning: invalid input character code 13
troff:lib/daemon.man:36: warning: invalid input character code 13
troff:lib/daemon.man:37: warning: invalid input character code 13
troff:lib/daemon.man:38: warning: invalid input character code 13
troff:lib/daemon.man:39: warning: invalid input character code 13
troff:lib/daemon.man:40: warning: invalid input character code 13
troff:lib/daemon.man:41: warning: invalid input character code 13
troff:lib/daemon.man:42: warning: invalid input character code 13
troff:lib/daemon.man:43: warning: invalid input character code 13
troff:lib/daemon.man:44: warning: invalid input character code 13
troff:lib/daemon.man:45: warning: invalid input character code 13
troff:lib/daemon.man:46: warning: invalid input character code 13
troff:lib/daemon.man:47: warning: invalid input character code 13
troff:lib/daemon.man:48: warning: invalid input character code 13
troff:lib/daemon.man:49: warning: invalid input character code 13
troff:lib/daemon.man:50: warning: invalid input character code 13
troff:lib/daemon.man:51: warning: invalid input character code 13
troff:lib/daemon.man:52: warning: invalid input character code 13
troff:lib/daemon.man:53: warning: invalid input character code 13
troff:lib/daemon.man:54: warning: invalid input character code 13
troff:lib/daemon.man:55: warning: invalid input character code 13
troff:lib/daemon.man:56: warning: invalid input character code 13
troff:lib/daemon.man:57: warning: invalid input character code 13
troff:lib/daemon.man:58: warning: invalid input character code 13
troff:lib/daemon.man:59: warning: invalid input character code 13
troff:lib/daemon.man:60: warning: invalid input character code 13
troff:lib/daemon.man:61: warning: invalid input character code 13
troff:lib/daemon.man:62: warning: invalid input character code 13
troff:lib/daemon.man:63: warning: invalid input character code 13
troff:lib/daemon.man:64: warning: invalid input character code 13
troff:lib/daemon.man:65: warning: invalid input character code 13
troff:lib/daemon.man:66: warning: invalid input character code 13
troff:lib/daemon.man:67: warning: invalid input character code 13
troff:lib/daemon.man:68: warning: invalid input character code 13
troff:lib/daemon.man:69: warning: invalid input character code 13
troff:lib/daemon.man:70: warning: invalid input character code 13
troff:lib/daemon.man:71: warning: invalid input character code 13
troff:lib/daemon.man:72: warning: invalid input character code 13
troff:lib/daemon.man:73: warning: invalid input character code 13
troff:lib/daemon.man:74: warning: invalid input character code 13
troff:lib/daemon.man:75: warning: invalid input character code 13
troff:lib/daemon.man:76: warning: invalid input character code 13
troff:lib/daemon.man:77: warning: invalid input character code 13
troff:lib/daemon.man:78: warning: invalid input character code 13
troff:lib/daemon.man:79: warning: invalid input character code 13
troff:lib/daemon.man:80: warning: invalid input character code 13
troff:lib/daemon.man:81: warning: invalid input character code 13
troff:lib/daemon.man:82: warning: invalid input character code 13
troff:lib/daemon.man:83: warning: invalid input character code 13
troff:lib/daemon.man:84: warning: invalid input character code 13
troff:lib/unixctl.man:1: warning: invalid input character code 13
troff:lib/unixctl.man:2: warning: invalid input character code 13
troff:lib/unixctl.man:3: warning: invalid input character code 13
troff:lib/unixctl.man:4: warning: invalid input character code 13
troff:lib/unixctl.man:5: warning: invalid input character code 13
troff:lib/unixctl.man:6: warning: invalid input character code 13
troff:lib/unixctl.man:7: warning: invalid input character code 13
troff:lib/unixctl.man:8: warning: invalid input character code 13
troff:lib/unixctl.man:9: warning: invalid input character code 13
troff:lib/unixctl.man:10: warning: invalid input character code 13
troff:lib/unixctl.man:11: warning: invalid input character code 13
troff:lib/unixctl.man:12: warning: invalid input character code 13
troff:lib/unixctl.man:13: warning: invalid input character code 13
troff:lib/unixctl.man:14: warning: invalid input character code 13
troff:lib/unixctl.man:15: warning: invalid input character code 13
troff:lib/unixctl.man:16: warning: invalid input character code 13
troff:lib/unixctl.man:17: warning: invalid input character code 13
troff:lib/ssl.man:1: warning: invalid input character code 13
troff:lib/ssl.man:2: warning: invalid input character code 13
troff:lib/ssl.man:3: warning: invalid input character code 13
troff:lib/ssl.man:4: warning: invalid input character code 13
troff:lib/ssl.man:5: warning: invalid input character code 13
troff:lib/ssl.man:6: warning: invalid input character code 13
troff:lib/ssl.man:7: warning: invalid input character code 13
troff:lib/ssl.man:8: warning: invalid input character code 13
troff:lib/ssl.man:9: warning: invalid input character code 13
troff:lib/ssl.man:10: warning: invalid input character code 13
troff:lib/ssl.man:11: warning: invalid input character code 13
troff:lib/ssl.man:12: warning: invalid input character code 13
troff:lib/ssl.man:13: warning: invalid input character code 13
troff:lib/ssl.man:14: warning: invalid input character code 13
troff:lib/ssl.man:15: warning: invalid input character code 13
troff:lib/ssl.man:16: warning: invalid input character code 13
troff:lib/ssl.man:17: warning: invalid input character code 13
troff:lib/ssl.man:18: warning: invalid input character code 13
troff:lib/ssl.man:19: warning: invalid input character code 13
troff:lib/ssl.man:20: warning: invalid input character code 13
troff:lib/ssl.man:21: warning: invalid input character code 13
troff:lib/ssl.man:22: warning: invalid input character code 13
troff:lib/ssl.man:23: warning: invalid input character code 13
troff:lib/ssl.man:24: warning: invalid input character code 13
troff:lib/ssl.man:25: warning: invalid input character code 13
troff:lib/ssl.man:26: warning: invalid input character code 13
troff:lib/vlog.man:1: warning: invalid input character code 13
troff:lib/vlog.man:2: warning: invalid input character code 13
troff:lib/vlog.man:3: warning: invalid input character code 13
troff:lib/vlog.man:4: warning: invalid input character code 13
troff:lib/vlog.man:5: warning: invalid input character code 13
troff:lib/vlog.man:6: warning: invalid input character code 13
troff:lib/vlog.man:7: warning: invalid input character code 13
troff:lib/vlog.man:8: warning: invalid input character code 13
troff:lib/vlog.man:9: warning: invalid input character code 13
troff:lib/vlog.man:10: warning: invalid input character code 13
troff:lib/vlog.man:11: warning: invalid input character code 13
troff:lib/vlog.man:12: warning: invalid input character code 13
troff:lib/vlog.man:13: warning: invalid input character code 13
troff:lib/vlog.man:14: warning: invalid input character code 13
troff:lib/vlog.man:15: warning: invalid input character code 13
troff:lib/vlog.man:16: warning: invalid input character code 13
troff:lib/vlog.man:17: warning: invalid input character code 13
troff:lib/vlog.man:18: warning: invalid input character code 13
troff:lib/vlog.man:19: warning: invalid input character code 13
troff:lib/vlog.man:20: warning: invalid input character code 13
troff:lib/vlog.man:21: warning: invalid input character code 13
troff:lib/vlog.man:22: warning: invalid input character code 13
troff:lib/vlog.man:23: warning: invalid input character code 13
troff:lib/vlog.man:24: warning: invalid input character code 13
troff:lib/vlog.man:25: warning: invalid input character code 13
troff:lib/vlog.man:26: warning: invalid input character code 13
troff:lib/vlog.man:27: warning: invalid input character code 13
troff:lib/vlog.man:28: warning: invalid input character code 13
troff:lib/vlog.man:29: warning: invalid input character code 13
troff:lib/vlog.man:30: warning: invalid input character code 13
troff:lib/vlog.man:31: warning: invalid input character code 13
troff:lib/vlog.man:32: warning: invalid input character code 13
troff:lib/vlog.man:33: warning: invalid input character code 13
troff:lib/vlog.man:34: warning: invalid input character code 13
troff:lib/vlog.man:35: warning: invalid input character code 13
troff:lib/vlog.man:36: warning: invalid input character code 13
troff:lib/vlog.man:37: warning: invalid input character code 13
troff:lib/vlog.man:38: warning: invalid input character code 13
troff:lib/vlog.man:39: warning: invalid input character code 13
troff:lib/vlog.man:40: warning: invalid input character code 13
troff:lib/vlog.man:41: warning: invalid input character code 13
troff:lib/vlog.man:42: warning: invalid input character code 13
troff:lib/vlog.man:43: warning: invalid input character code 13
troff:lib/vlog.man:44: warning: invalid input character code 13
troff:lib/vlog.man:45: warning: invalid input character code 13
troff:lib/vlog.man:46: warning: invalid input character code 13
troff:lib/vlog.man:47: warning: invalid input character code 13
troff:lib/vlog.man:48: warning: invalid input character code 13
troff:lib/vlog.man:49: warning: invalid input character code 13
troff:lib/vlog.man:50: warning: invalid input character code 13
troff:lib/vlog.man:51: warning: invalid input character code 13
troff:lib/vlog.man:52: warning: invalid input character code 13
troff:lib/vlog.man:53: warning: invalid input character code 13
troff:lib/vlog.man:54: warning: invalid input character code 13
troff:lib/vlog.man:55: warning: invalid input character code 13
troff:lib/vlog.man:56: warning: invalid input character code 13
troff:lib/vlog.man:57: warning: invalid input character code 13
troff:lib/vlog.man:58: warning: invalid input character code 13
troff:lib/vlog.man:59: warning: invalid input character code 13
troff:lib/vlog.man:60: warning: invalid input character code 13
troff:lib/vlog.man:61: warning: invalid input character code 13
troff:lib/vlog.man:62: warning: invalid input character code 13
troff:lib/vlog.man:63: warning: invalid input character code 13
troff:lib/vlog.man:64: warning: invalid input character code 13
troff:lib/vlog.man:65: warning: invalid input character code 13
troff:lib/vlog.man:66: warning: invalid input character code 13
troff:lib/vlog.man:67: warning: invalid input character code 13
troff:lib/vlog.man:68: warning: invalid input character code 13
troff:lib/vlog.man:69: warning: invalid input character code 13
troff:lib/vlog.man:70: warning: invalid input character code 13
troff:lib/vlog.man:71: warning: invalid input character code 13
troff:lib/vlog.man:72: warning: invalid input character code 13
troff:lib/vlog.man:73: warning: invalid input character code 13
troff:lib/vlog.man:74: warning: invalid input character code 13
troff:lib/vlog.man:75: warning: invalid input character code 13
troff:lib/vlog.man:76: warning: invalid input character code 13
troff:lib/vlog.man:77: warning: invalid input character code 13
troff:lib/vlog.man:78: warning: invalid input character code 13
troff:lib/vlog.man:79: warning: invalid input character code 13
troff:lib/vlog.man:80: warning: invalid input character code 13
troff:lib/vlog.man:81: warning: invalid input character code 13
troff:lib/vlog.man:82: warning: invalid input character code 13
troff:lib/vlog.man:83: warning: invalid input character code 13
troff:lib/vlog.man:84: warning: invalid input character code 13
troff:lib/vlog.man:85: warning: invalid input character code 13
troff:lib/vlog.man:86: warning: invalid input character code 13
troff:lib/vlog.man:87: warning: invalid input character code 13
troff:lib/vlog.man:88: warning: invalid input character code 13
troff:lib/vlog.man:89: warning: invalid input character code 13
troff:lib/vlog.man:90: warning: invalid input character code 13
troff:lib/vlog.man:91: warning: invalid input character code 13
troff:lib/vlog.man:92: warning: invalid input character code 13
troff:lib/vlog.man:93: warning: invalid input character code 13
troff:lib/vlog.man:94: warning: invalid input character code 13
troff:lib/vlog.man:95: warning: invalid input character code 13
troff:lib/vlog.man:96: warning: invalid input character code 13
troff:lib/vlog.man:97: warning: invalid input character code 13
troff:lib/vlog.man:98: warning: invalid input character code 13
troff:lib/vlog.man:99: warning: invalid input character code 13
troff:lib/vlog.man:100: warning: invalid input character code 13
troff:lib/vlog.man:101: warning: invalid input character code 13
troff:lib/vlog.man:102: warning: invalid input character code 13
troff:lib/vlog.man:103: warning: invalid input character code 13
troff:lib/vlog.man:104: warning: invalid input character code 13
troff:lib/vlog.man:105: warning: invalid input character code 13
troff:lib/vlog.man:106: warning: invalid input character code 13
troff:lib/colors.man:1: warning: invalid input character code 13
troff:lib/colors.man:2: warning: invalid input character code 13
troff:lib/colors.man:3: warning: invalid input character code 13
troff:lib/colors.man:4: warning: invalid input character code 13
troff:lib/colors.man:5: warning: invalid input character code 13
troff:lib/colors.man:6: warning: invalid input character code 13
troff:lib/colors.man:7: warning: invalid input character code 13
troff:lib/colors.man:8: warning: invalid input character code 13
troff:lib/colors.man:9: warning: invalid input character code 13
troff:lib/colors.man:10: warning: invalid input character code 13
troff:lib/colors.man:11: warning: invalid input character code 13
troff:lib/colors.man:12: warning: invalid input character code 13
troff:lib/colors.man:13: warning: invalid input character code 13
troff:lib/colors.man:14: warning: invalid input character code 13
troff:lib/colors.man:15: warning: invalid input character code 13
troff:lib/colors.man:16: warning: invalid input character code 13
troff:lib/colors.man:17: warning: invalid input character code 13
troff:lib/colors.man:18: warning: invalid input character code 13
troff:lib/colors.man:19: warning: invalid input character code 13
troff:lib/colors.man:20: warning: invalid input character code 13
troff:lib/colors.man:21: warning: invalid input character code 13
troff:lib/colors.man:22: warning: invalid input character code 13
troff:lib/colors.man:23: warning: invalid input character code 13
troff:lib/colors.man:24: warning: invalid input character code 13
troff:lib/colors.man:25: warning: invalid input character code 13
troff:lib/colors.man:26: warning: invalid input character code 13
troff:lib/colors.man:27: warning: invalid input character code 13
troff:lib/colors.man:28: warning: invalid input character code 13
troff:lib/colors.man:29: warning: invalid input character code 13
troff:lib/colors.man:30: warning: invalid input character code 13
troff:lib/colors.man:31: warning: invalid input character code 13
troff:lib/colors.man:32: warning: invalid input character code 13
troff:lib/colors.man:33: warning: invalid input character code 13
troff:lib/colors.man:34: warning: invalid input character code 13
troff:lib/colors.man:35: warning: invalid input character code 13
troff:lib/colors.man:36: warning: invalid input character code 13
troff:lib/colors.man:37: warning: invalid input character code 13
troff:lib/colors.man:38: warning: invalid input character code 13
troff:lib/colors.man:39: warning: invalid input character code 13
troff:lib/colors.man:40: warning: invalid input character code 13
troff:lib/colors.man:41: warning: invalid input character code 13
troff:lib/colors.man:42: warning: invalid input character code 13
troff:lib/colors.man:43: warning: invalid input character code 13
troff:lib/colors.man:44: warning: invalid input character code 13
troff:lib/colors.man:45: warning: invalid input character code 13
troff:lib/colors.man:46: warning: invalid input character code 13
troff:lib/colors.man:47: warning: invalid input character code 13
troff:lib/colors.man:48: warning: invalid input character code 13
troff:lib/colors.man:49: warning: invalid input character code 13
troff:lib/colors.man:50: warning: invalid input character code 13
troff:lib/colors.man:51: warning: invalid input character code 13
troff:lib/colors.man:52: warning: invalid input character code 13
troff:lib/colors.man:53: warning: invalid input character code 13
troff:lib/colors.man:54: warning: invalid input character code 13
troff:lib/common.man:1: warning: invalid input character code 13
troff:lib/common.man:2: warning: invalid input character code 13
troff:lib/common.man:3: warning: invalid input character code 13
troff:lib/common.man:4: warning: invalid input character code 13
troff:lib/common.man:5: warning: invalid input character code 13
troff:lib/common.man:6: warning: invalid input character code 13
troff:lib/common.man:7: warning: invalid input character code 13
PYTHONPATH=./python":"$PYTHONPATH PYTHONDONTWRITEBYTECODE=yes /usr/bin/python3 ./build-aux/check-structs -I./include include/openflow/openflow-1.0.h && \
touch include/openflow/openflow-1.0.hstamp
troff:lib/ovs.tmac:1: warning: invalid input character code 13
troff:lib/ovs.tmac:2: warning: invalid input character code 13
troff:lib/ovs.tmac:3: warning: invalid input character code 13
troff:lib/ovs.tmac:4: warning: invalid input character code 13
troff:lib/ovs.tmac:5: warning: invalid input character code 13
troff:lib/ovs.tmac:6: warning: invalid input character code 13
troff:lib/ovs.tmac:7: warning: invalid input character code 13
troff:lib/ovs.tmac:8: warning: invalid input character code 13
troff:lib/ovs.tmac:9: warning: invalid input character code 13
troff:lib/ovs.tmac:10: warning: invalid input character code 13
troff:lib/ovs.tmac:11: warning: invalid input character code 13
troff:lib/ovs.tmac:12: warning: invalid input character code 13
troff:lib/ovs.tmac:13: warning: invalid input character code 13
troff:lib/ovs.tmac:14: warning: invalid input character code 13
troff:lib/ovs.tmac:15: warning: invalid input character code 13
troff:lib/ovs.tmac:16: warning: invalid input character code 13
troff:lib/ovs.tmac:17: warning: invalid input character code 13
troff:lib/ovs.tmac:18: warning: invalid input character code 13
troff:lib/ovs.tmac:19: warning: invalid input character code 13
troff:lib/ovs.tmac:20: warning: invalid input character code 13
troff:lib/ovs.tmac:21: warning: invalid input character code 13
troff:lib/ovs.tmac:22: warning: invalid input character code 13
troff:lib/ovs.tmac:23: warning: invalid input character code 13
troff:lib/ovs.tmac:24: warning: invalid input character code 13
troff:lib/ovs.tmac:25: warning: invalid input character code 13
troff:lib/ovs.tmac:26: warning: invalid input character code 13
troff:lib/ovs.tmac:27: warning: invalid input character code 13
troff:lib/ovs.tmac:28: warning: invalid input character code 13
troff:lib/ovs.tmac:29: warning: invalid input character code 13
troff:lib/ovs.tmac:30: warning: invalid input character code 13
troff:lib/ovs.tmac:31: warning: invalid input character code 13
troff:lib/ovs.tmac:32: warning: invalid input character code 13
troff:lib/ovs.tmac:33: warning: invalid input character code 13
troff:lib/ovs.tmac:34: warning: invalid input character code 13
troff:lib/ovs.tmac:35: warning: invalid input character code 13
troff:lib/ovs.tmac:36: warning: invalid input character code 13
troff:lib/ovs.tmac:37: warning: invalid input character code 13
troff:lib/ovs.tmac:38: warning: invalid input character code 13
troff:lib/ovs.tmac:39: warning: invalid input character code 13
troff:lib/ovs.tmac:40: warning: invalid input character code 13
troff:lib/ovs.tmac:41: warning: invalid input character code 13
troff:lib/ovs.tmac:42: warning: invalid input character code 13
troff:lib/ovs.tmac:43: warning: invalid input character code 13
troff:lib/ovs.tmac:44: warning: invalid input character code 13
troff:lib/ovs.tmac:45: warning: invalid input character code 13
troff:lib/ovs.tmac:46: warning: invalid input character code 13
troff:lib/ovs.tmac:47: warning: invalid input character code 13
troff:lib/ovs.tmac:48: warning: invalid input character code 13
troff:lib/ovs.tmac:49: warning: invalid input character code 13
troff:lib/ovs.tmac:50: warning: invalid input character code 13
troff:lib/ovs.tmac:51: warning: invalid input character code 13
troff:lib/ovs.tmac:52: warning: invalid input character code 13
troff:lib/ovs.tmac:53: warning: invalid input character code 13
troff:lib/ovs.tmac:54: warning: invalid input character code 13
troff:lib/ovs.tmac:55: warning: invalid input character code 13
troff:lib/ovs.tmac:56: warning: invalid input character code 13
troff:lib/ovs.tmac:57: warning: invalid input character code 13
troff:lib/ovs.tmac:58: warning: invalid input character code 13
troff:lib/ovs.tmac:59: warning: invalid input character code 13
troff:lib/ovs.tmac:60: warning: invalid input character code 13
troff:lib/ovs.tmac:61: warning: invalid input character code 13
troff:lib/ovs.tmac:62: warning: invalid input character code 13
troff:lib/ovs.tmac:63: warning: invalid input character code 13
troff:lib/ovs.tmac:64: warning: invalid input character code 13
troff:lib/ovs.tmac:65: warning: invalid input character code 13
troff:lib/ovs.tmac:66: warning: invalid input character code 13
troff:lib/ovs.tmac:67: warning: invalid input character code 13
troff:lib/ovs.tmac:68: warning: invalid input character code 13
troff:lib/ovs.tmac:69: warning: invalid input character code 13
troff:lib/ovs.tmac:70: warning: invalid input character code 13
troff:lib/ovs.tmac:71: warning: invalid input character code 13
troff:lib/ovs.tmac:72: warning: invalid input character code 13
troff:lib/ovs.tmac:73: warning: invalid input character code 13
troff:lib/ovs.tmac:74: warning: invalid input character code 13
troff:lib/ovs.tmac:75: warning: invalid input character code 13
troff:lib/ovs.tmac:76: warning: invalid input character code 13
troff:lib/ovs.tmac:77: warning: invalid input character code 13
troff:lib/ovs.tmac:78: warning: invalid input character code 13
troff:lib/ovs.tmac:79: warning: invalid input character code 13
troff:lib/ovs.tmac:80: warning: invalid input character code 13
troff:lib/ovs.tmac:81: warning: invalid input character code 13
troff:lib/ovs.tmac:82: warning: invalid input character code 13
troff:lib/ovs.tmac:83: warning: invalid input character code 13
troff:lib/ovs.tmac:84: warning: invalid input character code 13
troff:lib/ovs.tmac:85: warning: invalid input character code 13
troff:lib/ovs.tmac:86: warning: invalid input character code 13
troff:lib/ovs.tmac:87: warning: invalid input character code 13
troff:lib/ovs.tmac:88: warning: invalid input character code 13
troff:lib/ovs.tmac:89: warning: invalid input character code 13
troff:lib/ovs.tmac:90: warning: invalid input character code 13
troff:lib/ovs.tmac:91: warning: invalid input character code 13
troff:lib/ovs.tmac:92: warning: invalid input character code 13
troff:lib/ovs.tmac:93: warning: invalid input character code 13
troff:lib/ovs.tmac:94: warning: invalid input character code 13
troff:lib/ovs.tmac:95: warning: invalid input character code 13
troff:lib/ovs.tmac:96: warning: invalid input character code 13
troff:lib/ovs.tmac:97: warning: invalid input character code 13
troff:lib/ovs.tmac:98: warning: invalid input character code 13
troff:lib/ovs.tmac:99: warning: invalid input character code 13
troff:lib/ovs.tmac:100: warning: invalid input character code 13
troff:lib/ovs.tmac:101: warning: invalid input character code 13
troff:lib/ovs.tmac:102: warning: invalid input character code 13
troff:lib/ovs.tmac:103: warning: invalid input character code 13
troff:lib/ovs.tmac:104: warning: invalid input character code 13
troff:lib/ovs.tmac:105: warning: invalid input character code 13
troff:lib/ovs.tmac:106: warning: invalid input character code 13
troff:lib/ovs.tmac:107: warning: invalid input character code 13
troff:lib/ovs.tmac:108: warning: invalid input character code 13
troff:lib/ovs.tmac:109: warning: invalid input character code 13
troff:lib/ovs.tmac:110: warning: invalid input character code 13
troff:lib/ovs.tmac:111: warning: invalid input character code 13
troff:lib/ovs.tmac:112: warning: invalid input character code 13
troff:lib/ovs.tmac:113: warning: invalid input character code 13
troff:lib/ovs.tmac:114: warning: invalid input character code 13
troff:lib/ovs.tmac:115: warning: invalid input character code 13
troff:lib/ovs.tmac:116: warning: invalid input character code 13
troff:lib/ovs.tmac:117: warning: invalid input character code 13
troff:lib/ovs.tmac:118: warning: invalid input character code 13
troff:lib/ovs.tmac:119: warning: invalid input character code 13
troff:lib/ovs.tmac:120: warning: invalid input character code 13
troff:lib/ovs.tmac:121: warning: invalid input character code 13
troff:lib/ovs.tmac:122: warning: invalid input character code 13
troff:lib/ovs.tmac:123: warning: invalid input character code 13
troff:lib/ovs.tmac:124: warning: invalid input character code 13
troff:lib/ovs.tmac:125: warning: invalid input character code 13
troff:lib/ovs.tmac:126: warning: invalid input character code 13
troff:lib/ovs.tmac:127: warning: invalid input character code 13
troff:lib/ovs.tmac:128: warning: invalid input character code 13
troff:lib/ovs.tmac:129: warning: invalid input character code 13
troff:lib/ovs.tmac:130: warning: invalid input character code 13
troff:lib/ovs.tmac:131: warning: invalid input character code 13
troff:lib/ovs.tmac:132: warning: invalid input character code 13
troff:lib/ovs.tmac:133: warning: invalid input character code 13
troff:lib/ovs.tmac:134: warning: invalid input character code 13
troff:lib/ovs.tmac:135: warning: invalid input character code 13
troff:lib/ovs.tmac:136: warning: invalid input character code 13
troff:lib/ovs.tmac:137: warning: invalid input character code 13
troff:lib/ovs.tmac:138: warning: invalid input character code 13
troff:lib/ovs.tmac:139: warning: invalid input character code 13
troff:lib/ovs.tmac:140: warning: invalid input character code 13
troff:lib/ovs.tmac:141: warning: invalid input character code 13
troff:lib/ovs.tmac:142: warning: invalid input character code 13
troff:lib/ovs.tmac:143: warning: invalid input character code 13
troff:lib/ovs.tmac:144: warning: invalid input character code 13
troff:lib/ovs.tmac:145: warning: invalid input character code 13
troff:lib/ovs.tmac:146: warning: invalid input character code 13
troff:lib/ovs.tmac:147: warning: invalid input character code 13
troff:lib/ovs.tmac:148: warning: invalid input character code 13
troff:lib/ovs.tmac:149: warning: invalid input character code 13
troff:lib/ovs.tmac:150: warning: invalid input character code 13
troff:lib/ovs.tmac:151: warning: invalid input character code 13
troff:lib/ovs.tmac:152: warning: invalid input character code 13
troff:lib/ovs.tmac:153: warning: invalid input character code 13
troff:lib/ovs.tmac:154: warning: invalid input character code 13
troff:lib/ovs.tmac:155: warning: invalid input character code 13
troff:lib/ovs.tmac:156: warning: invalid input character code 13
troff:lib/ovs.tmac:157: warning: invalid input character code 13
troff:lib/ovs.tmac:158: warning: invalid input character code 13
troff:lib/ovs.tmac:159: warning: invalid input character code 13
troff:lib/ovs.tmac:160: warning: invalid input character code 13
troff:lib/ovs.tmac:161: warning: invalid input character code 13
troff:lib/ovs.tmac:162: warning: invalid input character code 13
troff:lib/ovs.tmac:163: warning: invalid input character code 13
troff:lib/ovs.tmac:164: warning: invalid input character code 13
troff:lib/ovs.tmac:165: warning: invalid input character code 13
troff:lib/ovs.tmac:166: warning: invalid input character code 13
troff:lib/ovs.tmac:167: warning: invalid input character code 13
troff:lib/ovs.tmac:168: warning: invalid input character code 13
troff:lib/ovs.tmac:169: warning: invalid input character code 13
troff:lib/ovs.tmac:170: warning: invalid input character code 13
troff:lib/ovs.tmac:171: warning: invalid input character code 13
troff:lib/ovs.tmac:172: warning: invalid input character code 13
troff:lib/ovs.tmac:173: warning: invalid input character code 13
troff:lib/ovs.tmac:174: warning: invalid input character code 13
troff:lib/ovs.tmac:175: warning: invalid input character code 13
troff:lib/ovs.tmac:176: warning: invalid input character code 13
troff:lib/ovs.tmac:177: warning: invalid input character code 13
troff:lib/ovs.tmac:178: warning: invalid input character code 13
troff:lib/ovs.tmac:179: warning: invalid input character code 13
troff:lib/ovs.tmac:180: warning: invalid input character code 13
troff:lib/ovs.tmac:181: warning: invalid input character code 13
troff:lib/ovs.tmac:182: warning: invalid input character code 13
troff:lib/ovs.tmac:183: warning: invalid input character code 13
troff:lib/ovs.tmac:184: warning: invalid input character code 13
troff:lib/ovs.tmac:185: warning: invalid input character code 13
troff:lib/ovs.tmac:186: warning: invalid input character code 13
troff:lib/ovs.tmac:187: warning: invalid input character code 13
troff:lib/ovs.tmac:188: warning: invalid input character code 13
troff:lib/ovs.tmac:189: warning: invalid input character code 13
troff:lib/ovs.tmac:190: warning: invalid input character code 13
troff:lib/common-syn.man:1: warning: invalid input character code 13
troff:lib/common-syn.man:2: warning: invalid input character code 13
troff:lib/common-syn.man:3: warning: invalid input character code 13
troff:lib/common-syn.man:4: warning: invalid input character code 13
troff:lib/common.man:1: warning: invalid input character code 13
troff:lib/common.man:2: warning: invalid input character code 13
troff:lib/common.man:3: warning: invalid input character code 13
troff:lib/common.man:4: warning: invalid input character code 13
troff:lib/common.man:5: warning: invalid input character code 13
troff:lib/common.man:6: warning: invalid input character code 13
troff:lib/common.man:7: warning: invalid input character code 13
PYTHONPATH=./python":"$PYTHONPATH PYTHONDONTWRITEBYTECODE=yes /usr/bin/python3 ./build-aux/check-structs -I./include include/openflow/openflow-1.1.h && \
touch include/openflow/openflow-1.1.hstamp
PYTHONPATH=./python":"$PYTHONPATH PYTHONDONTWRITEBYTECODE=yes /usr/bin/python3 ./build-aux/check-structs -I./include include/openflow/openflow-1.2.h && \
touch include/openflow/openflow-1.2.hstamp
PYTHONPATH=./python":"$PYTHONPATH PYTHONDONTWRITEBYTECODE=yes /usr/bin/python3 ./build-aux/check-structs -I./include include/openflow/openflow-1.3.h && \
touch include/openflow/openflow-1.3.hstamp
PYTHONPATH=./python":"$PYTHONPATH PYTHONDONTWRITEBYTECODE=yes /usr/bin/python3 ./build-aux/check-structs -I./include include/openflow/openflow-1.4.h && \
touch include/openflow/openflow-1.4.hstamp
PYTHONPATH=./python":"$PYTHONPATH PYTHONDONTWRITEBYTECODE=yes /usr/bin/python3 ./build-aux/check-structs -I./include include/openflow/openflow-1.5.h && \
touch include/openflow/openflow-1.5.hstamp
PYTHONPATH=./python":"$PYTHONPATH PYTHONDONTWRITEBYTECODE=yes /usr/bin/python3 ./build-aux/check-structs -I./include include/openflow/openflow-common.h && \
touch include/openflow/openflow-common.hstamp
troff:lib/ovs.tmac:1: warning: invalid input character code 13
troff:lib/ovs.tmac:2: warning: invalid input character code 13
troff:lib/ovs.tmac:3: warning: invalid input character code 13
troff:lib/ovs.tmac:4: warning: invalid input character code 13
troff:lib/ovs.tmac:5: warning: invalid input character code 13
troff:lib/ovs.tmac:6: warning: invalid input character code 13
troff:lib/ovs.tmac:7: warning: invalid input character code 13
troff:lib/ovs.tmac:8: warning: invalid input character code 13
troff:lib/ovs.tmac:9: warning: invalid input character code 13
troff:lib/ovs.tmac:10: warning: invalid input character code 13
troff:lib/ovs.tmac:11: warning: invalid input character code 13
troff:lib/ovs.tmac:12: warning: invalid input character code 13
troff:lib/ovs.tmac:13: warning: invalid input character code 13
troff:lib/ovs.tmac:14: warning: invalid input character code 13
troff:lib/ovs.tmac:15: warning: invalid input character code 13
troff:lib/ovs.tmac:16: warning: invalid input character code 13
troff:lib/ovs.tmac:17: warning: invalid input character code 13
troff:lib/ovs.tmac:18: warning: invalid input character code 13
troff:lib/ovs.tmac:19: warning: invalid input character code 13
troff:lib/ovs.tmac:20: warning: invalid input character code 13
troff:lib/ovs.tmac:21: warning: invalid input character code 13
troff:lib/ovs.tmac:22: warning: invalid input character code 13
troff:lib/ovs.tmac:23: warning: invalid input character code 13
troff:lib/ovs.tmac:24: warning: invalid input character code 13
troff:lib/ovs.tmac:25: warning: invalid input character code 13
troff:lib/ovs.tmac:26: warning: invalid input character code 13
troff:lib/ovs.tmac:27: warning: invalid input character code 13
troff:lib/ovs.tmac:28: warning: invalid input character code 13
troff:lib/ovs.tmac:29: warning: invalid input character code 13
troff:lib/ovs.tmac:30: warning: invalid input character code 13
troff:lib/ovs.tmac:31: warning: invalid input character code 13
troff:lib/ovs.tmac:32: warning: invalid input character code 13
troff:lib/ovs.tmac:33: warning: invalid input character code 13
troff:lib/ovs.tmac:34: warning: invalid input character code 13
troff:lib/ovs.tmac:35: warning: invalid input character code 13
troff:lib/ovs.tmac:36: warning: invalid input character code 13
troff:lib/ovs.tmac:37: warning: invalid input character code 13
troff:lib/ovs.tmac:38: warning: invalid input character code 13
troff:lib/ovs.tmac:39: warning: invalid input character code 13
troff:lib/ovs.tmac:40: warning: invalid input character code 13
troff:lib/ovs.tmac:41: warning: invalid input character code 13
troff:lib/ovs.tmac:42: warning: invalid input character code 13
troff:lib/ovs.tmac:43: warning: invalid input character code 13
troff:lib/ovs.tmac:44: warning: invalid input character code 13
troff:lib/ovs.tmac:45: warning: invalid input character code 13
troff:lib/ovs.tmac:46: warning: invalid input character code 13
troff:lib/ovs.tmac:47: warning: invalid input character code 13
troff:lib/ovs.tmac:48: warning: invalid input character code 13
troff:lib/ovs.tmac:49: warning: invalid input character code 13
troff:lib/ovs.tmac:50: warning: invalid input character code 13
troff:lib/ovs.tmac:51: warning: invalid input character code 13
troff:lib/ovs.tmac:52: warning: invalid input character code 13
troff:lib/ovs.tmac:53: warning: invalid input character code 13
troff:lib/ovs.tmac:54: warning: invalid input character code 13
troff:lib/ovs.tmac:55: warning: invalid input character code 13
troff:lib/ovs.tmac:56: warning: invalid input character code 13
troff:lib/ovs.tmac:57: warning: invalid input character code 13
troff:lib/ovs.tmac:58: warning: invalid input character code 13
troff:lib/ovs.tmac:59: warning: invalid input character code 13
troff:lib/ovs.tmac:60: warning: invalid input character code 13
troff:lib/ovs.tmac:61: warning: invalid input character code 13
troff:lib/ovs.tmac:62: warning: invalid input character code 13
troff:lib/ovs.tmac:63: warning: invalid input character code 13
troff:lib/ovs.tmac:64: warning: invalid input character code 13
troff:lib/ovs.tmac:65: warning: invalid input character code 13
troff:lib/ovs.tmac:66: warning: invalid input character code 13
troff:lib/ovs.tmac:67: warning: invalid input character code 13
troff:lib/ovs.tmac:68: warning: invalid input character code 13
troff:lib/ovs.tmac:69: warning: invalid input character code 13
troff:lib/ovs.tmac:70: warning: invalid input character code 13
troff:lib/ovs.tmac:71: warning: invalid input character code 13
troff:lib/ovs.tmac:72: warning: invalid input character code 13
troff:lib/ovs.tmac:73: warning: invalid input character code 13
troff:lib/ovs.tmac:74: warning: invalid input character code 13
troff:lib/ovs.tmac:75: warning: invalid input character code 13
troff:lib/ovs.tmac:76: warning: invalid input character code 13
troff:lib/ovs.tmac:77: warning: invalid input character code 13
troff:lib/ovs.tmac:78: warning: invalid input character code 13
troff:lib/ovs.tmac:79: warning: invalid input character code 13
troff:lib/ovs.tmac:80: warning: invalid input character code 13
troff:lib/ovs.tmac:81: warning: invalid input character code 13
troff:lib/ovs.tmac:82: warning: invalid input character code 13
troff:lib/ovs.tmac:83: warning: invalid input character code 13
troff:lib/ovs.tmac:84: warning: invalid input character code 13
troff:lib/ovs.tmac:85: warning: invalid input character code 13
troff:lib/ovs.tmac:86: warning: invalid input character code 13
troff:lib/ovs.tmac:87: warning: invalid input character code 13
troff:lib/ovs.tmac:88: warning: invalid input character code 13
troff:lib/ovs.tmac:89: warning: invalid input character code 13
troff:lib/ovs.tmac:90: warning: invalid input character code 13
troff:lib/ovs.tmac:91: warning: invalid input character code 13
troff:lib/ovs.tmac:92: warning: invalid input character code 13
troff:lib/ovs.tmac:93: warning: invalid input character code 13
troff:lib/ovs.tmac:94: warning: invalid input character code 13
troff:lib/ovs.tmac:95: warning: invalid input character code 13
troff:lib/ovs.tmac:96: warning: invalid input character code 13
troff:lib/ovs.tmac:97: warning: invalid input character code 13
troff:lib/ovs.tmac:98: warning: invalid input character code 13
troff:lib/ovs.tmac:99: warning: invalid input character code 13
troff:lib/ovs.tmac:100: warning: invalid input character code 13
troff:lib/ovs.tmac:101: warning: invalid input character code 13
troff:lib/ovs.tmac:102: warning: invalid input character code 13
troff:lib/ovs.tmac:103: warning: invalid input character code 13
troff:lib/ovs.tmac:104: warning: invalid input character code 13
troff:lib/ovs.tmac:105: warning: invalid input character code 13
troff:lib/ovs.tmac:106: warning: invalid input character code 13
troff:lib/ovs.tmac:107: warning: invalid input character code 13
troff:lib/ovs.tmac:108: warning: invalid input character code 13
troff:lib/ovs.tmac:109: warning: invalid input character code 13
troff:lib/ovs.tmac:110: warning: invalid input character code 13
troff:lib/ovs.tmac:111: warning: invalid input character code 13
troff:lib/ovs.tmac:112: warning: invalid input character code 13
troff:lib/ovs.tmac:113: warning: invalid input character code 13
troff:lib/ovs.tmac:114: warning: invalid input character code 13
troff:lib/ovs.tmac:115: warning: invalid input character code 13
troff:lib/ovs.tmac:116: warning: invalid input character code 13
troff:lib/ovs.tmac:117: warning: invalid input character code 13
troff:lib/ovs.tmac:118: warning: invalid input character code 13
troff:lib/ovs.tmac:119: warning: invalid input character code 13
troff:lib/ovs.tmac:120: warning: invalid input character code 13
troff:lib/ovs.tmac:121: warning: invalid input character code 13
troff:lib/ovs.tmac:122: warning: invalid input character code 13
troff:lib/ovs.tmac:123: warning: invalid input character code 13
troff:lib/ovs.tmac:124: warning: invalid input character code 13
troff:lib/ovs.tmac:125: warning: invalid input character code 13
troff:lib/ovs.tmac:126: warning: invalid input character code 13
troff:lib/ovs.tmac:127: warning: invalid input character code 13
troff:lib/ovs.tmac:128: warning: invalid input character code 13
troff:lib/ovs.tmac:129: warning: invalid input character code 13
troff:lib/ovs.tmac:130: warning: invalid input character code 13
troff:lib/ovs.tmac:131: warning: invalid input character code 13
troff:lib/ovs.tmac:132: warning: invalid input character code 13
troff:lib/ovs.tmac:133: warning: invalid input character code 13
troff:lib/ovs.tmac:134: warning: invalid input character code 13
troff:lib/ovs.tmac:135: warning: invalid input character code 13
troff:lib/ovs.tmac:136: warning: invalid input character code 13
troff:lib/ovs.tmac:137: warning: invalid input character code 13
troff:lib/ovs.tmac:138: warning: invalid input character code 13
troff:lib/ovs.tmac:139: warning: invalid input character code 13
troff:lib/ovs.tmac:140: warning: invalid input character code 13
troff:lib/ovs.tmac:141: warning: invalid input character code 13
troff:lib/ovs.tmac:142: warning: invalid input character code 13
troff:lib/ovs.tmac:143: warning: invalid input character code 13
troff:lib/ovs.tmac:144: warning: invalid input character code 13
troff:lib/ovs.tmac:145: warning: invalid input character code 13
troff:lib/ovs.tmac:146: warning: invalid input character code 13
troff:lib/ovs.tmac:147: warning: invalid input character code 13
troff:lib/ovs.tmac:148: warning: invalid input character code 13
troff:lib/ovs.tmac:149: warning: invalid input character code 13
troff:lib/ovs.tmac:150: warning: invalid input character code 13
troff:lib/ovs.tmac:151: warning: invalid input character code 13
troff:lib/ovs.tmac:152: warning: invalid input character code 13
troff:lib/ovs.tmac:153: warning: invalid input character code 13
troff:lib/ovs.tmac:154: warning: invalid input character code 13
troff:lib/ovs.tmac:155: warning: invalid input character code 13
troff:lib/ovs.tmac:156: warning: invalid input character code 13
troff:lib/ovs.tmac:157: warning: invalid input character code 13
troff:lib/ovs.tmac:158: warning: invalid input character code 13
troff:lib/ovs.tmac:159: warning: invalid input character code 13
troff:lib/ovs.tmac:160: warning: invalid input character code 13
troff:lib/ovs.tmac:161: warning: invalid input character code 13
troff:lib/ovs.tmac:162: warning: invalid input character code 13
troff:lib/ovs.tmac:163: warning: invalid input character code 13
troff:lib/ovs.tmac:164: warning: invalid input character code 13
troff:lib/ovs.tmac:165: warning: invalid input character code 13
troff:lib/ovs.tmac:166: warning: invalid input character code 13
troff:lib/ovs.tmac:167: warning: invalid input character code 13
troff:lib/ovs.tmac:168: warning: invalid input character code 13
troff:lib/ovs.tmac:169: warning: invalid input character code 13
troff:lib/ovs.tmac:170: warning: invalid input character code 13
troff:lib/ovs.tmac:171: warning: invalid input character code 13
troff:lib/ovs.tmac:172: warning: invalid input character code 13
troff:lib/ovs.tmac:173: warning: invalid input character code 13
troff:lib/ovs.tmac:174: warning: invalid input character code 13
troff:lib/ovs.tmac:175: warning: invalid input character code 13
troff:lib/ovs.tmac:176: warning: invalid input character code 13
troff:lib/ovs.tmac:177: warning: invalid input character code 13
troff:lib/ovs.tmac:178: warning: invalid input character code 13
troff:lib/ovs.tmac:179: warning: invalid input character code 13
troff:lib/ovs.tmac:180: warning: invalid input character code 13
troff:lib/ovs.tmac:181: warning: invalid input character code 13
troff:lib/ovs.tmac:182: warning: invalid input character code 13
troff:lib/ovs.tmac:183: warning: invalid input character code 13
troff:lib/ovs.tmac:184: warning: invalid input character code 13
troff:lib/ovs.tmac:185: warning: invalid input character code 13
troff:lib/ovs.tmac:186: warning: invalid input character code 13
troff:lib/ovs.tmac:187: warning: invalid input character code 13
troff:lib/ovs.tmac:188: warning: invalid input character code 13
troff:lib/ovs.tmac:189: warning: invalid input character code 13
troff:lib/ovs.tmac:190: warning: invalid input character code 13
troff:lib/table.man:1: warning: invalid input character code 13
troff:lib/table.man:2: warning: invalid input character code 13
troff:lib/table.man:3: warning: invalid input character code 13
troff:lib/table.man:4: warning: invalid input character code 13
troff:lib/table.man:5: warning: invalid input character code 13
troff:lib/table.man:6: warning: invalid input character code 13
troff:lib/table.man:7: warning: invalid input character code 13
troff:lib/table.man:8: warning: invalid input character code 13
troff:lib/table.man:9: warning: invalid input character code 13
troff:lib/table.man:10: warning: invalid input character code 13
troff:lib/table.man:11: warning: invalid input character code 13
troff:lib/table.man:12: warning: invalid input character code 13
troff:lib/table.man:13: warning: invalid input character code 13
troff:lib/table.man:14: warning: invalid input character code 13
troff:lib/table.man:15: warning: invalid input character code 13
troff:lib/table.man:16: warning: invalid input character code 13
troff:lib/table.man:17: warning: invalid input character code 13
troff:lib/table.man:18: warning: invalid input character code 13
troff:lib/table.man:19: warning: invalid input character code 13
troff:lib/table.man:20: warning: invalid input character code 13
troff:lib/table.man:21: warning: invalid input character code 13
troff:lib/table.man:22: warning: invalid input character code 13
troff:lib/table.man:23: warning: invalid input character code 13
troff:lib/table.man:24: warning: invalid input character code 13
troff:lib/table.man:25: warning: invalid input character code 13
troff:lib/table.man:26: warning: invalid input character code 13
troff:lib/table.man:27: warning: invalid input character code 13
troff:lib/table.man:28: warning: invalid input character code 13
troff:lib/table.man:29: warning: invalid input character code 13
troff:lib/table.man:30: warning: invalid input character code 13
troff:lib/table.man:31: warning: invalid input character code 13
troff:lib/table.man:32: warning: invalid input character code 13
troff:lib/table.man:33: warning: invalid input character code 13
troff:lib/table.man:34: warning: invalid input character code 13
troff:lib/table.man:35: warning: invalid input character code 13
troff:lib/table.man:36: warning: invalid input character code 13
troff:lib/table.man:37: warning: invalid input character code 13
troff:lib/table.man:38: warning: invalid input character code 13
troff:lib/table.man:39: warning: invalid input character code 13
troff:lib/table.man:40: warning: invalid input character code 13
troff:lib/table.man:41: warning: invalid input character code 13
troff:lib/table.man:42: warning: invalid input character code 13
troff:lib/table.man:43: warning: invalid input character code 13
troff:lib/table.man:44: warning: invalid input character code 13
troff:lib/table.man:45: warning: invalid input character code 13
troff:lib/table.man:46: warning: invalid input character code 13
troff:lib/table.man:47: warning: invalid input character code 13
troff:lib/table.man:48: warning: invalid input character code 13
troff:lib/table.man:49: warning: invalid input character code 13
troff:lib/table.man:50: warning: invalid input character code 13
troff:lib/table.man:51: warning: invalid input character code 13
troff:lib/table.man:52: warning: invalid input character code 13
troff:lib/table.man:53: warning: invalid input character code 13
troff:lib/table.man:54: warning: invalid input character code 13
troff:lib/table.man:55: warning: invalid input character code 13
troff:lib/table.man:56: warning: invalid input character code 13
troff:lib/table.man:57: warning: invalid input character code 13
troff:lib/table.man:58: warning: invalid input character code 13
troff:lib/table.man:59: warning: invalid input character code 13
troff:lib/table.man:60: warning: invalid input character code 13
troff:lib/table.man:61: warning: invalid input character code 13
troff:lib/table.man:62: warning: invalid input character code 13
troff:lib/table.man:63: warning: invalid input character code 13
troff:lib/table.man:64: warning: invalid input character code 13
troff:lib/table.man:65: warning: invalid input character code 13
troff:lib/table.man:66: warning: invalid input character code 13
troff:lib/table.man:67: warning: invalid input character code 13
troff:lib/table.man:68: warning: invalid input character code 13
troff:lib/table.man:69: warning: invalid input character code 13
troff:lib/table.man:70: warning: invalid input character code 13
troff:lib/table.man:71: warning: invalid input character code 13
troff:lib/table.man:72: warning: invalid input character code 13
troff:lib/table.man:73: warning: invalid input character code 13
troff:lib/table.man:74: warning: invalid input character code 13
troff:lib/table.man:75: warning: invalid input character code 13
troff:lib/table.man:76: warning: invalid input character code 13
troff:lib/ssl.man:1: warning: invalid input character code 13
troff:lib/ssl.man:2: warning: invalid input character code 13
troff:lib/ssl.man:3: warning: invalid input character code 13
troff:lib/ssl.man:4: warning: invalid input character code 13
troff:lib/ssl.man:5: warning: invalid input character code 13
troff:lib/ssl.man:6: warning: invalid input character code 13
troff:lib/ssl.man:7: warning: invalid input character code 13
troff:lib/ssl.man:8: warning: invalid input character code 13
troff:lib/ssl.man:9: warning: invalid input character code 13
troff:lib/ssl.man:10: warning: invalid input character code 13
troff:lib/ssl.man:11: warning: invalid input character code 13
troff:lib/ssl.man:12: warning: invalid input character code 13
troff:lib/ssl.man:13: warning: invalid input character code 13
troff:lib/ssl.man:14: warning: invalid input character code 13
troff:lib/ssl.man:15: warning: invalid input character code 13
troff:lib/ssl.man:16: warning: invalid input character code 13
troff:lib/ssl.man:17: warning: invalid input character code 13
troff:lib/ssl.man:18: warning: invalid input character code 13
troff:lib/ssl.man:19: warning: invalid input character code 13
troff:lib/ssl.man:20: warning: invalid input character code 13
troff:lib/ssl.man:21: warning: invalid input character code 13
troff:lib/ssl.man:22: warning: invalid input character code 13
troff:lib/ssl.man:23: warning: invalid input character code 13
troff:lib/ssl.man:24: warning: invalid input character code 13
troff:lib/ssl.man:25: warning: invalid input character code 13
troff:lib/ssl.man:26: warning: invalid input character code 13
troff:lib/ssl-bootstrap.man:1: warning: invalid input character code 13
troff:lib/ssl-bootstrap.man:2: warning: invalid input character code 13
troff:lib/ssl-bootstrap.man:3: warning: invalid input character code 13
troff:lib/ssl-bootstrap.man:4: warning: invalid input character code 13
troff:lib/ssl-bootstrap.man:5: warning: invalid input character code 13
troff:lib/ssl-bootstrap.man:6: warning: invalid input character code 13
troff:lib/ssl-bootstrap.man:7: warning: invalid input character code 13
troff:lib/ssl-bootstrap.man:8: warning: invalid input character code 13
troff:lib/ssl-bootstrap.man:9: warning: invalid input character code 13
troff:lib/ssl-bootstrap.man:10: warning: invalid input character code 13
troff:lib/ssl-bootstrap.man:11: warning: invalid input character code 13
troff:lib/ssl-bootstrap.man:12: warning: invalid input character code 13
troff:lib/ssl-bootstrap.man:13: warning: invalid input character code 13
troff:lib/ssl-bootstrap.man:14: warning: invalid input character code 13
troff:lib/ssl-bootstrap.man:15: warning: invalid input character code 13
troff:lib/ssl-bootstrap.man:16: warning: invalid input character code 13
troff:lib/ssl-bootstrap.man:17: warning: invalid input character code 13
troff:lib/ssl-bootstrap.man:18: warning: invalid input character code 13
troff:lib/ssl-bootstrap.man:19: warning: invalid input character code 13
troff:lib/ssl-bootstrap.man:20: warning: invalid input character code 13
troff:lib/ssl-peer-ca-cert.man:1: warning: invalid input character code 13
troff:lib/ssl-peer-ca-cert.man:2: warning: invalid input character code 13
troff:lib/ssl-peer-ca-cert.man:3: warning: invalid input character code 13
troff:lib/ssl-peer-ca-cert.man:4: warning: invalid input character code 13
troff:lib/ssl-peer-ca-cert.man:5: warning: invalid input character code 13
troff:lib/ssl-peer-ca-cert.man:6: warning: invalid input character code 13
troff:lib/ssl-peer-ca-cert.man:7: warning: invalid input character code 13
troff:lib/ssl-peer-ca-cert.man:8: warning: invalid input character code 13
troff:lib/ssl-peer-ca-cert.man:9: warning: invalid input character code 13
troff:lib/ssl-peer-ca-cert.man:10: warning: invalid input character code 13
troff:lib/ssl-peer-ca-cert.man:11: warning: invalid input character code 13
troff:lib/ssl-peer-ca-cert.man:12: warning: invalid input character code 13
troff:lib/ssl-peer-ca-cert.man:13: warning: invalid input character code 13
troff:lib/vlog.man:1: warning: invalid input character code 13
troff:lib/vlog.man:2: warning: invalid input character code 13
troff:lib/vlog.man:3: warning: invalid input character code 13
troff:lib/vlog.man:4: warning: invalid input character code 13
troff:lib/vlog.man:5: warning: invalid input character code 13
troff:lib/vlog.man:6: warning: invalid input character code 13
troff:lib/vlog.man:7: warning: invalid input character code 13
troff:lib/vlog.man:8: warning: invalid input character code 13
troff:lib/vlog.man:9: warning: invalid input character code 13
troff:lib/vlog.man:10: warning: invalid input character code 13
troff:lib/vlog.man:11: warning: invalid input character code 13
troff:lib/vlog.man:12: warning: invalid input character code 13
troff:lib/vlog.man:13: warning: invalid input character code 13
troff:lib/vlog.man:14: warning: invalid input character code 13
troff:lib/vlog.man:15: warning: invalid input character code 13
troff:lib/vlog.man:16: warning: invalid input character code 13
troff:lib/vlog.man:17: warning: invalid input character code 13
troff:lib/vlog.man:18: warning: invalid input character code 13
troff:lib/vlog.man:19: warning: invalid input character code 13
troff:lib/vlog.man:20: warning: invalid input character code 13
troff:lib/vlog.man:21: warning: invalid input character code 13
troff:lib/vlog.man:22: warning: invalid input character code 13
troff:lib/vlog.man:23: warning: invalid input character code 13
troff:lib/vlog.man:24: warning: invalid input character code 13
troff:lib/vlog.man:25: warning: invalid input character code 13
troff:lib/vlog.man:26: warning: invalid input character code 13
troff:lib/vlog.man:27: warning: invalid input character code 13
troff:lib/vlog.man:28: warning: invalid input character code 13
troff:lib/vlog.man:29: warning: invalid input character code 13
troff:lib/vlog.man:30: warning: invalid input character code 13
troff:lib/vlog.man:31: warning: invalid input character code 13
troff:lib/vlog.man:32: warning: invalid input character code 13
troff:lib/vlog.man:33: warning: invalid input character code 13
troff:lib/vlog.man:34: warning: invalid input character code 13
troff:lib/vlog.man:35: warning: invalid input character code 13
troff:lib/vlog.man:36: warning: invalid input character code 13
troff:lib/vlog.man:37: warning: invalid input character code 13
troff:lib/vlog.man:38: warning: invalid input character code 13
troff:lib/vlog.man:39: warning: invalid input character code 13
troff:lib/vlog.man:40: warning: invalid input character code 13
troff:lib/vlog.man:41: warning: invalid input character code 13
troff:lib/vlog.man:42: warning: invalid input character code 13
troff:lib/vlog.man:43: warning: invalid input character code 13
troff:lib/vlog.man:44: warning: invalid input character code 13
troff:lib/vlog.man:45: warning: invalid input character code 13
troff:lib/vlog.man:46: warning: invalid input character code 13
troff:lib/vlog.man:47: warning: invalid input character code 13
troff:lib/vlog.man:48: warning: invalid input character code 13
troff:lib/vlog.man:49: warning: invalid input character code 13
troff:lib/vlog.man:50: warning: invalid input character code 13
troff:lib/vlog.man:51: warning: invalid input character code 13
troff:lib/vlog.man:52: warning: invalid input character code 13
troff:lib/vlog.man:53: warning: invalid input character code 13
troff:lib/vlog.man:54: warning: invalid input character code 13
troff:lib/vlog.man:55: warning: invalid input character code 13
troff:lib/vlog.man:56: warning: invalid input character code 13
troff:lib/vlog.man:57: warning: invalid input character code 13
troff:lib/vlog.man:58: warning: invalid input character code 13
troff:lib/vlog.man:59: warning: invalid input character code 13
troff:lib/vlog.man:60: warning: invalid input character code 13
troff:lib/vlog.man:61: warning: invalid input character code 13
troff:lib/vlog.man:62: warning: invalid input character code 13
troff:lib/vlog.man:63: warning: invalid input character code 13
troff:lib/vlog.man:64: warning: invalid input character code 13
troff:lib/vlog.man:65: warning: invalid input character code 13
troff:lib/vlog.man:66: warning: invalid input character code 13
troff:lib/vlog.man:67: warning: invalid input character code 13
troff:lib/vlog.man:68: warning: invalid input character code 13
troff:lib/vlog.man:69: warning: invalid input character code 13
troff:lib/vlog.man:70: warning: invalid input character code 13
troff:lib/vlog.man:71: warning: invalid input character code 13
troff:lib/vlog.man:72: warning: invalid input character code 13
troff:lib/vlog.man:73: warning: invalid input character code 13
troff:lib/vlog.man:74: warning: invalid input character code 13
troff:lib/vlog.man:75: warning: invalid input character code 13
troff:lib/vlog.man:76: warning: invalid input character code 13
troff:lib/vlog.man:77: warning: invalid input character code 13
troff:lib/vlog.man:78: warning: invalid input character code 13
troff:lib/vlog.man:79: warning: invalid input character code 13
troff:lib/vlog.man:80: warning: invalid input character code 13
troff:lib/vlog.man:81: warning: invalid input character code 13
troff:lib/vlog.man:82: warning: invalid input character code 13
troff:lib/vlog.man:83: warning: invalid input character code 13
troff:lib/vlog.man:84: warning: invalid input character code 13
troff:lib/vlog.man:85: warning: invalid input character code 13
troff:lib/vlog.man:86: warning: invalid input character code 13
troff:lib/vlog.man:87: warning: invalid input character code 13
troff:lib/vlog.man:88: warning: invalid input character code 13
troff:lib/vlog.man:89: warning: invalid input character code 13
troff:lib/vlog.man:90: warning: invalid input character code 13
troff:lib/vlog.man:91: warning: invalid input character code 13
troff:lib/vlog.man:92: warning: invalid input character code 13
troff:lib/vlog.man:93: warning: invalid input character code 13
troff:lib/vlog.man:94: warning: invalid input character code 13
troff:lib/vlog.man:95: warning: invalid input character code 13
troff:lib/vlog.man:96: warning: invalid input character code 13
troff:lib/vlog.man:97: warning: invalid input character code 13
troff:lib/vlog.man:98: warning: invalid input character code 13
troff:lib/vlog.man:99: warning: invalid input character code 13
troff:lib/vlog.man:100: warning: invalid input character code 13
troff:lib/vlog.man:101: warning: invalid input character code 13
troff:lib/vlog.man:102: warning: invalid input character code 13
troff:lib/vlog.man:103: warning: invalid input character code 13
troff:lib/vlog.man:104: warning: invalid input character code 13
troff:lib/vlog.man:105: warning: invalid input character code 13
troff:lib/vlog.man:106: warning: invalid input character code 13
troff:lib/common.man:1: warning: invalid input character code 13
troff:lib/common.man:2: warning: invalid input character code 13
troff:lib/common.man:3: warning: invalid input character code 13
troff:lib/common.man:4: warning: invalid input character code 13
troff:lib/common.man:5: warning: invalid input character code 13
troff:lib/common.man:6: warning: invalid input character code 13
troff:lib/common.man:7: warning: invalid input character code 13
troff:lib/vconn-active.man:1: warning: invalid input character code 13
troff:lib/vconn-active.man:2: warning: invalid input character code 13
troff:lib/vconn-active.man:3: warning: invalid input character code 13
troff:lib/vconn-active.man:4: warning: invalid input character code 13
troff:lib/vconn-active.man:5: warning: invalid input character code 13
troff:lib/vconn-active.man:6: warning: invalid input character code 13
troff:lib/vconn-active.man:7: warning: invalid input character code 13
troff:lib/vconn-active.man:8: warning: invalid input character code 13
troff:lib/vconn-active.man:9: warning: invalid input character code 13
troff:lib/vconn-active.man:10: warning: invalid input character code 13
troff:lib/vconn-active.man:11: warning: invalid input character code 13
troff:lib/vconn-active.man:12: warning: invalid input character code 13
troff:lib/vconn-active.man:13: warning: invalid input character code 13
troff:lib/vconn-active.man:14: warning: invalid input character code 13
troff:lib/vconn-active.man:15: warning: invalid input character code 13
troff:lib/vconn-active.man:16: warning: invalid input character code 13
troff:lib/vconn-active.man:17: warning: invalid input character code 13
troff:lib/vconn-active.man:18: warning: invalid input character code 13
troff:lib/vconn-active.man:19: warning: invalid input character code 13
troff:lib/vconn-passive.man:1: warning: invalid input character code 13
troff:lib/vconn-passive.man:2: warning: invalid input character code 13
troff:lib/vconn-passive.man:3: warning: invalid input character code 13
troff:lib/vconn-passive.man:4: warning: invalid input character code 13
troff:lib/vconn-passive.man:5: warning: invalid input character code 13
troff:lib/vconn-passive.man:6: warning: invalid input character code 13
troff:lib/vconn-passive.man:7: warning: invalid input character code 13
troff:lib/vconn-passive.man:8: warning: invalid input character code 13
troff:lib/vconn-passive.man:9: warning: invalid input character code 13
troff:lib/vconn-passive.man:10: warning: invalid input character code 13
troff:lib/vconn-passive.man:11: warning: invalid input character code 13
troff:lib/vconn-passive.man:12: warning: invalid input character code 13
troff:lib/vconn-passive.man:13: warning: invalid input character code 13
troff:lib/vconn-passive.man:14: warning: invalid input character code 13
troff:lib/vconn-passive.man:15: warning: invalid input character code 13
troff:lib/vconn-passive.man:16: warning: invalid input character code 13
troff:lib/db-ctl-base.man:1: warning: invalid input character code 13
troff:lib/db-ctl-base.man:2: warning: invalid input character code 13
troff:lib/db-ctl-base.man:3: warning: invalid input character code 13
troff:lib/db-ctl-base.man:4: warning: invalid input character code 13
troff:lib/db-ctl-base.man:5: warning: invalid input character code 13
troff:lib/db-ctl-base.man:6: warning: invalid input character code 13
troff:lib/db-ctl-base.man:7: warning: invalid input character code 13
troff:lib/db-ctl-base.man:8: warning: invalid input character code 13
troff:lib/db-ctl-base.man:9: warning: invalid input character code 13
troff:lib/db-ctl-base.man:10: warning: invalid input character code 13
troff:lib/db-ctl-base.man:11: warning: invalid input character code 13
troff:lib/db-ctl-base.man:12: warning: invalid input character code 13
troff:lib/db-ctl-base.man:13: warning: invalid input character code 13
troff:lib/db-ctl-base.man:14: warning: invalid input character code 13
troff:lib/db-ctl-base.man:15: warning: invalid input character code 13
troff:lib/db-ctl-base.man:16: warning: invalid input character code 13
troff:lib/db-ctl-base.man:17: warning: invalid input character code 13
troff:lib/db-ctl-base.man:18: warning: invalid input character code 13
troff:lib/db-ctl-base.man:19: warning: invalid input character code 13
troff:lib/db-ctl-base.man:20: warning: invalid input character code 13
troff:lib/db-ctl-base.man:21: warning: invalid input character code 13
troff:lib/db-ctl-base.man:22: warning: invalid input character code 13
troff:lib/db-ctl-base.man:23: warning: invalid input character code 13
troff:lib/db-ctl-base.man:24: warning: invalid input character code 13
troff:lib/db-ctl-base.man:25: warning: invalid input character code 13
troff:lib/db-ctl-base.man:26: warning: invalid input character code 13
troff:lib/db-ctl-base.man:27: warning: invalid input character code 13
troff:lib/db-ctl-base.man:28: warning: invalid input character code 13
troff:lib/db-ctl-base.man:29: warning: invalid input character code 13
troff:lib/db-ctl-base.man:30: warning: invalid input character code 13
troff:lib/db-ctl-base.man:31: warning: invalid input character code 13
troff:lib/db-ctl-base.man:32: warning: invalid input character code 13
troff:lib/db-ctl-base.man:33: warning: invalid input character code 13
troff:lib/db-ctl-base.man:34: warning: invalid input character code 13
troff:lib/db-ctl-base.man:35: warning: invalid input character code 13
troff:lib/db-ctl-base.man:36: warning: invalid input character code 13
troff:lib/db-ctl-base.man:37: warning: invalid input character code 13
troff:lib/db-ctl-base.man:38: warning: invalid input character code 13
troff:lib/db-ctl-base.man:39: warning: invalid input character code 13
troff:lib/db-ctl-base.man:40: warning: invalid input character code 13
troff:lib/db-ctl-base.man:41: warning: invalid input character code 13
troff:lib/db-ctl-base.man:42: warning: invalid input character code 13
troff:lib/db-ctl-base.man:43: warning: invalid input character code 13
troff:lib/db-ctl-base.man:44: warning: invalid input character code 13
troff:lib/db-ctl-base.man:45: warning: invalid input character code 13
troff:lib/db-ctl-base.man:46: warning: invalid input character code 13
troff:lib/db-ctl-base.man:47: warning: invalid input character code 13
troff:lib/db-ctl-base.man:48: warning: invalid input character code 13
troff:lib/db-ctl-base.man:49: warning: invalid input character code 13
troff:lib/db-ctl-base.man:50: warning: invalid input character code 13
troff:lib/db-ctl-base.man:51: warning: invalid input character code 13
troff:lib/db-ctl-base.man:52: warning: invalid input character code 13
troff:lib/db-ctl-base.man:53: warning: invalid input character code 13
troff:lib/db-ctl-base.man:54: warning: invalid input character code 13
troff:lib/db-ctl-base.man:55: warning: invalid input character code 13
troff:lib/db-ctl-base.man:56: warning: invalid input character code 13
troff:lib/db-ctl-base.man:57: warning: invalid input character code 13
troff:lib/db-ctl-base.man:58: warning: invalid input character code 13
troff:lib/db-ctl-base.man:59: warning: invalid input character code 13
troff:lib/db-ctl-base.man:60: warning: invalid input character code 13
troff:lib/db-ctl-base.man:61: warning: invalid input character code 13
troff:lib/db-ctl-base.man:62: warning: invalid input character code 13
troff:lib/db-ctl-base.man:63: warning: invalid input character code 13
troff:lib/db-ctl-base.man:64: warning: invalid input character code 13
troff:lib/db-ctl-base.man:65: warning: invalid input character code 13
troff:lib/db-ctl-base.man:66: warning: invalid input character code 13
troff:lib/db-ctl-base.man:67: warning: invalid input character code 13
troff:lib/db-ctl-base.man:68: warning: invalid input character code 13
troff:lib/db-ctl-base.man:69: warning: invalid input character code 13
troff:lib/db-ctl-base.man:70: warning: invalid input character code 13
troff:lib/db-ctl-base.man:71: warning: invalid input character code 13
troff:lib/db-ctl-base.man:72: warning: invalid input character code 13
troff:lib/db-ctl-base.man:73: warning: invalid input character code 13
troff:lib/db-ctl-base.man:74: warning: invalid input character code 13
troff:lib/db-ctl-base.man:75: warning: invalid input character code 13
troff:lib/db-ctl-base.man:76: warning: invalid input character code 13
troff:lib/db-ctl-base.man:77: warning: invalid input character code 13
troff:lib/db-ctl-base.man:78: warning: invalid input character code 13
troff:lib/db-ctl-base.man:79: warning: invalid input character code 13
troff:lib/db-ctl-base.man:80: warning: invalid input character code 13
troff:lib/db-ctl-base.man:81: warning: invalid input character code 13
troff:lib/db-ctl-base.man:82: warning: invalid input character code 13
troff:lib/db-ctl-base.man:83: warning: invalid input character code 13
troff:lib/db-ctl-base.man:84: warning: invalid input character code 13
troff:lib/db-ctl-base.man:85: warning: invalid input character code 13
troff:lib/db-ctl-base.man:86: warning: invalid input character code 13
troff:lib/db-ctl-base.man:87: warning: invalid input character code 13
troff:lib/db-ctl-base.man:88: warning: invalid input character code 13
troff:lib/db-ctl-base.man:89: warning: invalid input character code 13
troff:lib/db-ctl-base.man:90: warning: invalid input character code 13
troff:lib/db-ctl-base.man:91: warning: invalid input character code 13
troff:lib/db-ctl-base.man:92: warning: invalid input character code 13
troff:lib/db-ctl-base.man:93: warning: invalid input character code 13
troff:lib/db-ctl-base.man:94: warning: invalid input character code 13
troff:lib/db-ctl-base.man:95: warning: invalid input character code 13
troff:lib/db-ctl-base.man:96: warning: invalid input character code 13
troff:lib/db-ctl-base.man:97: warning: invalid input character code 13
troff:lib/db-ctl-base.man:98: warning: invalid input character code 13
troff:lib/db-ctl-base.man:99: warning: invalid input character code 13
troff:lib/db-ctl-base.man:100: warning: invalid input character code 13
troff:lib/db-ctl-base.man:101: warning: invalid input character code 13
troff:lib/db-ctl-base.man:102: warning: invalid input character code 13
troff:lib/db-ctl-base.man:103: warning: invalid input character code 13
troff:lib/db-ctl-base.man:104: warning: invalid input character code 13
troff:lib/db-ctl-base.man:105: warning: invalid input character code 13
troff:lib/db-ctl-base.man:106: warning: invalid input character code 13
troff:lib/db-ctl-base.man:107: warning: invalid input character code 13
troff:lib/db-ctl-base.man:108: warning: invalid input character code 13
troff:lib/db-ctl-base.man:109: warning: invalid input character code 13
troff:lib/db-ctl-base.man:110: warning: invalid input character code 13
troff:lib/db-ctl-base.man:111: warning: invalid input character code 13
troff:lib/db-ctl-base.man:112: warning: invalid input character code 13
troff:lib/db-ctl-base.man:113: warning: invalid input character code 13
troff:lib/db-ctl-base.man:114: warning: invalid input character code 13
troff:lib/db-ctl-base.man:115: warning: invalid input character code 13
troff:lib/db-ctl-base.man:116: warning: invalid input character code 13
troff:lib/db-ctl-base.man:117: warning: invalid input character code 13
troff:lib/db-ctl-base.man:118: warning: invalid input character code 13
troff:lib/db-ctl-base.man:119: warning: invalid input character code 13
troff:lib/db-ctl-base.man:120: warning: invalid input character code 13
troff:lib/db-ctl-base.man:121: warning: invalid input character code 13
troff:lib/db-ctl-base.man:122: warning: invalid input character code 13
troff:lib/db-ctl-base.man:123: warning: invalid input character code 13
troff:lib/db-ctl-base.man:124: warning: invalid input character code 13
troff:lib/db-ctl-base.man:125: warning: invalid input character code 13
troff:lib/db-ctl-base.man:126: warning: invalid input character code 13
troff:lib/db-ctl-base.man:127: warning: invalid input character code 13
troff:lib/db-ctl-base.man:128: warning: invalid input character code 13
troff:lib/db-ctl-base.man:129: warning: invalid input character code 13
troff:lib/db-ctl-base.man:130: warning: invalid input character code 13
troff:lib/db-ctl-base.man:131: warning: invalid input character code 13
troff:lib/db-ctl-base.man:132: warning: invalid input character code 13
troff:lib/db-ctl-base.man:133: warning: invalid input character code 13
troff:lib/db-ctl-base.man:134: warning: invalid input character code 13
troff:lib/db-ctl-base.man:135: warning: invalid input character code 13
troff:lib/db-ctl-base.man:136: warning: invalid input character code 13
troff:lib/db-ctl-base.man:137: warning: invalid input character code 13
troff:lib/db-ctl-base.man:138: warning: invalid input character code 13
troff:lib/db-ctl-base.man:139: warning: invalid input character code 13
troff:lib/db-ctl-base.man:140: warning: invalid input character code 13
troff:lib/db-ctl-base.man:141: warning: invalid input character code 13
troff:lib/db-ctl-base.man:142: warning: invalid input character code 13
troff:lib/db-ctl-base.man:143: warning: invalid input character code 13
troff:lib/db-ctl-base.man:144: warning: invalid input character code 13
troff:lib/db-ctl-base.man:145: warning: invalid input character code 13
troff:lib/db-ctl-base.man:146: warning: invalid input character code 13
troff:lib/db-ctl-base.man:147: warning: invalid input character code 13
troff:lib/db-ctl-base.man:148: warning: invalid input character code 13
troff:lib/db-ctl-base.man:149: warning: invalid input character code 13
troff:lib/db-ctl-base.man:150: warning: invalid input character code 13
troff:lib/db-ctl-base.man:151: warning: invalid input character code 13
troff:lib/db-ctl-base.man:152: warning: invalid input character code 13
troff:lib/db-ctl-base.man:153: warning: invalid input character code 13
troff:lib/db-ctl-base.man:154: warning: invalid input character code 13
troff:lib/db-ctl-base.man:155: warning: invalid input character code 13
troff:lib/db-ctl-base.man:156: warning: invalid input character code 13
troff:lib/db-ctl-base.man:157: warning: invalid input character code 13
troff:lib/db-ctl-base.man:158: warning: invalid input character code 13
troff:lib/db-ctl-base.man:159: warning: invalid input character code 13
troff:lib/db-ctl-base.man:160: warning: invalid input character code 13
troff:lib/db-ctl-base.man:161: warning: invalid input character code 13
troff:lib/db-ctl-base.man:162: warning: invalid input character code 13
troff:lib/db-ctl-base.man:163: warning: invalid input character code 13
troff:lib/db-ctl-base.man:164: warning: invalid input character code 13
troff:lib/db-ctl-base.man:165: warning: invalid input character code 13
troff:lib/db-ctl-base.man:166: warning: invalid input character code 13
troff:lib/db-ctl-base.man:167: warning: invalid input character code 13
troff:lib/db-ctl-base.man:168: warning: invalid input character code 13
troff:lib/db-ctl-base.man:169: warning: invalid input character code 13
troff:lib/db-ctl-base.man:170: warning: invalid input character code 13
troff:lib/db-ctl-base.man:171: warning: invalid input character code 13
troff:lib/db-ctl-base.man:172: warning: invalid input character code 13
troff:lib/db-ctl-base.man:173: warning: invalid input character code 13
troff:lib/db-ctl-base.man:174: warning: invalid input character code 13
troff:lib/db-ctl-base.man:175: warning: invalid input character code 13
troff:lib/db-ctl-base.man:176: warning: invalid input character code 13
troff:lib/db-ctl-base.man:177: warning: invalid input character code 13
troff:lib/db-ctl-base.man:178: warning: invalid input character code 13
troff:lib/db-ctl-base.man:179: warning: invalid input character code 13
troff:lib/db-ctl-base.man:180: warning: invalid input character code 13
troff:lib/db-ctl-base.man:181: warning: invalid input character code 13
troff:lib/db-ctl-base.man:182: warning: invalid input character code 13
troff:lib/db-ctl-base.man:183: warning: invalid input character code 13
troff:lib/db-ctl-base.man:184: warning: invalid input character code 13
troff:lib/db-ctl-base.man:185: warning: invalid input character code 13
troff:lib/db-ctl-base.man:186: warning: invalid input character code 13
troff:lib/db-ctl-base.man:187: warning: invalid input character code 13
troff:lib/db-ctl-base.man:188: warning: invalid input character code 13
troff:lib/db-ctl-base.man:189: warning: invalid input character code 13
troff:lib/db-ctl-base.man:190: warning: invalid input character code 13
troff:lib/db-ctl-base.man:191: warning: invalid input character code 13
troff:lib/db-ctl-base.man:192: warning: invalid input character code 13
troff:lib/db-ctl-base.man:193: warning: invalid input character code 13
troff:lib/db-ctl-base.man:194: warning: invalid input character code 13
troff:lib/db-ctl-base.man:195: warning: invalid input character code 13
troff:lib/db-ctl-base.man:196: warning: invalid input character code 13
troff:lib/db-ctl-base.man:197: warning: invalid input character code 13
troff:lib/db-ctl-base.man:198: warning: invalid input character code 13
troff:lib/db-ctl-base.man:199: warning: invalid input character code 13
troff:lib/db-ctl-base.man:200: warning: invalid input character code 13
troff:lib/db-ctl-base.man:201: warning: invalid input character code 13
troff:lib/db-ctl-base.man:202: warning: invalid input character code 13
troff:lib/db-ctl-base.man:203: warning: invalid input character code 13
troff:lib/db-ctl-base.man:204: warning: invalid input character code 13
troff:lib/db-ctl-base.man:205: warning: invalid input character code 13
troff:lib/db-ctl-base.man:206: warning: invalid input character code 13
troff:lib/db-ctl-base.man:207: warning: invalid input character code 13
troff:lib/db-ctl-base.man:208: warning: invalid input character code 13
troff:lib/db-ctl-base.man:209: warning: invalid input character code 13
troff:lib/db-ctl-base.man:210: warning: invalid input character code 13
troff:lib/db-ctl-base.man:211: warning: invalid input character code 13
troff:lib/db-ctl-base.man:212: warning: invalid input character code 13
troff:lib/db-ctl-base.man:213: warning: invalid input character code 13
troff:lib/db-ctl-base.man:214: warning: invalid input character code 13
troff:lib/db-ctl-base.man:215: warning: invalid input character code 13
troff:lib/db-ctl-base.man:216: warning: invalid input character code 13
troff:lib/db-ctl-base.man:217: warning: invalid input character code 13
troff:lib/db-ctl-base.man:218: warning: invalid input character code 13
troff:lib/db-ctl-base.man:219: warning: invalid input character code 13
troff:lib/db-ctl-base.man:220: warning: invalid input character code 13
troff:lib/db-ctl-base.man:221: warning: invalid input character code 13
troff:lib/db-ctl-base.man:222: warning: invalid input character code 13
troff:lib/db-ctl-base.man:223: warning: invalid input character code 13
troff:lib/db-ctl-base.man:224: warning: invalid input character code 13
troff:lib/db-ctl-base.man:225: warning: invalid input character code 13
troff:lib/db-ctl-base.man:226: warning: invalid input character code 13
troff:lib/db-ctl-base.man:227: warning: invalid input character code 13
troff:lib/db-ctl-base.man:228: warning: invalid input character code 13
troff:lib/db-ctl-base.man:229: warning: invalid input character code 13
troff:lib/db-ctl-base.man:230: warning: invalid input character code 13
troff:lib/db-ctl-base.man:231: warning: invalid input character code 13
troff:lib/db-ctl-base.man:232: warning: invalid input character code 13
troff:lib/db-ctl-base.man:233: warning: invalid input character code 13
troff:lib/db-ctl-base.man:234: warning: invalid input character code 13
troff:lib/db-ctl-base.man:235: warning: invalid input character code 13
troff:lib/db-ctl-base.man:236: warning: invalid input character code 13
troff:lib/db-ctl-base.man:237: warning: invalid input character code 13
troff:lib/db-ctl-base.man:238: warning: invalid input character code 13
troff:lib/db-ctl-base.man:239: warning: invalid input character code 13
troff:lib/db-ctl-base.man:240: warning: invalid input character code 13
troff:lib/db-ctl-base.man:241: warning: invalid input character code 13
troff:lib/db-ctl-base.man:242: warning: invalid input character code 13
troff:lib/db-ctl-base.man:243: warning: invalid input character code 13
troff:lib/db-ctl-base.man:244: warning: invalid input character code 13
troff:lib/db-ctl-base.man:245: warning: invalid input character code 13
troff:lib/db-ctl-base.man:246: warning: invalid input character code 13
troff:lib/db-ctl-base.man:247: warning: invalid input character code 13
troff:lib/db-ctl-base.man:248: warning: invalid input character code 13
troff:lib/db-ctl-base.man:249: warning: invalid input character code 13
troff:lib/db-ctl-base.man:250: warning: invalid input character code 13
troff:lib/db-ctl-base.man:251: warning: invalid input character code 13
troff:lib/db-ctl-base.man:252: warning: invalid input character code 13
troff:lib/db-ctl-base.man:253: warning: invalid input character code 13
troff:lib/db-ctl-base.man:254: warning: invalid input character code 13
troff:lib/db-ctl-base.man:255: warning: invalid input character code 13
troff:lib/db-ctl-base.man:256: warning: invalid input character code 13
troff:lib/db-ctl-base.man:257: warning: invalid input character code 13
troff:lib/db-ctl-base.man:258: warning: invalid input character code 13
troff:lib/db-ctl-base.man:259: warning: invalid input character code 13
troff:lib/db-ctl-base.man:260: warning: invalid input character code 13
troff:lib/db-ctl-base.man:261: warning: invalid input character code 13
troff:lib/db-ctl-base.man:262: warning: invalid input character code 13
troff:lib/db-ctl-base.man:263: warning: invalid input character code 13
troff:lib/db-ctl-base.man:264: warning: invalid input character code 13
troff:lib/db-ctl-base.man:265: warning: invalid input character code 13
troff:lib/db-ctl-base.man:266: warning: invalid input character code 13
troff:lib/db-ctl-base.man:267: warning: invalid input character code 13
troff:lib/db-ctl-base.man:268: warning: invalid input character code 13
troff:lib/db-ctl-base.man:269: warning: invalid input character code 13
troff:lib/db-ctl-base.man:270: warning: invalid input character code 13
troff:lib/db-ctl-base.man:271: warning: invalid input character code 13
troff:lib/db-ctl-base.man:272: warning: invalid input character code 13
troff:lib/db-ctl-base.man:273: warning: invalid input character code 13
troff:lib/db-ctl-base.man:274: warning: invalid input character code 13
troff:lib/db-ctl-base.man:275: warning: invalid input character code 13
troff:lib/db-ctl-base.man:276: warning: invalid input character code 13
troff:lib/db-ctl-base.man:277: warning: invalid input character code 13
troff:lib/db-ctl-base.man:278: warning: invalid input character code 13
troff:lib/db-ctl-base.man:279: warning: invalid input character code 13
troff:lib/db-ctl-base.man:280: warning: invalid input character code 13
PYTHONPATH=./python":"$PYTHONPATH PYTHONDONTWRITEBYTECODE=yes /usr/bin/python3 ./build-aux/check-structs -I./include include/openflow/openflow.h && \
touch include/openflow/openflow.hstamp
troff:lib/ovs.tmac:1: warning: invalid input character code 13
troff:lib/ovs.tmac:2: warning: invalid input character code 13
troff:lib/ovs.tmac:3: warning: invalid input character code 13
troff:lib/ovs.tmac:4: warning: invalid input character code 13
troff:lib/ovs.tmac:5: warning: invalid input character code 13
troff:lib/ovs.tmac:6: warning: invalid input character code 13
troff:lib/ovs.tmac:7: warning: invalid input character code 13
troff:lib/ovs.tmac:8: warning: invalid input character code 13
troff:lib/ovs.tmac:9: warning: invalid input character code 13
troff:lib/ovs.tmac:10: warning: invalid input character code 13
troff:lib/ovs.tmac:11: warning: invalid input character code 13
troff:lib/ovs.tmac:12: warning: invalid input character code 13
troff:lib/ovs.tmac:13: warning: invalid input character code 13
troff:lib/ovs.tmac:14: warning: invalid input character code 13
troff:lib/ovs.tmac:15: warning: invalid input character code 13
troff:lib/ovs.tmac:16: warning: invalid input character code 13
troff:lib/ovs.tmac:17: warning: invalid input character code 13
troff:lib/ovs.tmac:18: warning: invalid input character code 13
troff:lib/ovs.tmac:19: warning: invalid input character code 13
troff:lib/ovs.tmac:20: warning: invalid input character code 13
troff:lib/ovs.tmac:21: warning: invalid input character code 13
troff:lib/ovs.tmac:22: warning: invalid input character code 13
troff:lib/ovs.tmac:23: warning: invalid input character code 13
troff:lib/ovs.tmac:24: warning: invalid input character code 13
troff:lib/ovs.tmac:25: warning: invalid input character code 13
troff:lib/ovs.tmac:26: warning: invalid input character code 13
troff:lib/ovs.tmac:27: warning: invalid input character code 13
troff:lib/ovs.tmac:28: warning: invalid input character code 13
troff:lib/ovs.tmac:29: warning: invalid input character code 13
troff:lib/ovs.tmac:30: warning: invalid input character code 13
troff:lib/ovs.tmac:31: warning: invalid input character code 13
troff:lib/ovs.tmac:32: warning: invalid input character code 13
troff:lib/ovs.tmac:33: warning: invalid input character code 13
troff:lib/ovs.tmac:34: warning: invalid input character code 13
troff:lib/ovs.tmac:35: warning: invalid input character code 13
troff:lib/ovs.tmac:36: warning: invalid input character code 13
troff:lib/ovs.tmac:37: warning: invalid input character code 13
troff:lib/ovs.tmac:38: warning: invalid input character code 13
troff:lib/ovs.tmac:39: warning: invalid input character code 13
troff:lib/ovs.tmac:40: warning: invalid input character code 13
troff:lib/ovs.tmac:41: warning: invalid input character code 13
troff:lib/ovs.tmac:42: warning: invalid input character code 13
troff:lib/ovs.tmac:43: warning: invalid input character code 13
troff:lib/ovs.tmac:44: warning: invalid input character code 13
troff:lib/ovs.tmac:45: warning: invalid input character code 13
troff:lib/ovs.tmac:46: warning: invalid input character code 13
troff:lib/ovs.tmac:47: warning: invalid input character code 13
troff:lib/ovs.tmac:48: warning: invalid input character code 13
troff:lib/ovs.tmac:49: warning: invalid input character code 13
troff:lib/ovs.tmac:50: warning: invalid input character code 13
troff:lib/ovs.tmac:51: warning: invalid input character code 13
troff:lib/ovs.tmac:52: warning: invalid input character code 13
troff:lib/ovs.tmac:53: warning: invalid input character code 13
troff:lib/ovs.tmac:54: warning: invalid input character code 13
troff:lib/ovs.tmac:55: warning: invalid input character code 13
troff:lib/ovs.tmac:56: warning: invalid input character code 13
troff:lib/ovs.tmac:57: warning: invalid input character code 13
troff:lib/ovs.tmac:58: warning: invalid input character code 13
troff:lib/ovs.tmac:59: warning: invalid input character code 13
troff:lib/ovs.tmac:60: warning: invalid input character code 13
troff:lib/ovs.tmac:61: warning: invalid input character code 13
troff:lib/ovs.tmac:62: warning: invalid input character code 13
troff:lib/ovs.tmac:63: warning: invalid input character code 13
troff:lib/ovs.tmac:64: warning: invalid input character code 13
troff:lib/ovs.tmac:65: warning: invalid input character code 13
troff:lib/ovs.tmac:66: warning: invalid input character code 13
troff:lib/ovs.tmac:67: warning: invalid input character code 13
troff:lib/ovs.tmac:68: warning: invalid input character code 13
troff:lib/ovs.tmac:69: warning: invalid input character code 13
troff:lib/ovs.tmac:70: warning: invalid input character code 13
troff:lib/ovs.tmac:71: warning: invalid input character code 13
troff:lib/ovs.tmac:72: warning: invalid input character code 13
troff:lib/ovs.tmac:73: warning: invalid input character code 13
troff:lib/ovs.tmac:74: warning: invalid input character code 13
troff:lib/ovs.tmac:75: warning: invalid input character code 13
troff:lib/ovs.tmac:76: warning: invalid input character code 13
troff:lib/ovs.tmac:77: warning: invalid input character code 13
troff:lib/ovs.tmac:78: warning: invalid input character code 13
troff:lib/ovs.tmac:79: warning: invalid input character code 13
troff:lib/ovs.tmac:80: warning: invalid input character code 13
troff:lib/ovs.tmac:81: warning: invalid input character code 13
troff:lib/ovs.tmac:82: warning: invalid input character code 13
troff:lib/ovs.tmac:83: warning: invalid input character code 13
troff:lib/ovs.tmac:84: warning: invalid input character code 13
troff:lib/ovs.tmac:85: warning: invalid input character code 13
troff:lib/ovs.tmac:86: warning: invalid input character code 13
troff:lib/ovs.tmac:87: warning: invalid input character code 13
troff:lib/ovs.tmac:88: warning: invalid input character code 13
troff:lib/ovs.tmac:89: warning: invalid input character code 13
troff:lib/ovs.tmac:90: warning: invalid input character code 13
troff:lib/ovs.tmac:91: warning: invalid input character code 13
troff:lib/ovs.tmac:92: warning: invalid input character code 13
troff:lib/ovs.tmac:93: warning: invalid input character code 13
troff:lib/ovs.tmac:94: warning: invalid input character code 13
troff:lib/ovs.tmac:95: warning: invalid input character code 13
troff:lib/ovs.tmac:96: warning: invalid input character code 13
troff:lib/ovs.tmac:97: warning: invalid input character code 13
troff:lib/ovs.tmac:98: warning: invalid input character code 13
troff:lib/ovs.tmac:99: warning: invalid input character code 13
troff:lib/ovs.tmac:100: warning: invalid input character code 13
troff:lib/ovs.tmac:101: warning: invalid input character code 13
troff:lib/ovs.tmac:102: warning: invalid input character code 13
troff:lib/ovs.tmac:103: warning: invalid input character code 13
troff:lib/ovs.tmac:104: warning: invalid input character code 13
troff:lib/ovs.tmac:105: warning: invalid input character code 13
troff:lib/ovs.tmac:106: warning: invalid input character code 13
troff:lib/ovs.tmac:107: warning: invalid input character code 13
troff:lib/ovs.tmac:108: warning: invalid input character code 13
troff:lib/ovs.tmac:109: warning: invalid input character code 13
troff:lib/ovs.tmac:110: warning: invalid input character code 13
troff:lib/ovs.tmac:111: warning: invalid input character code 13
troff:lib/ovs.tmac:112: warning: invalid input character code 13
troff:lib/ovs.tmac:113: warning: invalid input character code 13
troff:lib/ovs.tmac:114: warning: invalid input character code 13
troff:lib/ovs.tmac:115: warning: invalid input character code 13
troff:lib/ovs.tmac:116: warning: invalid input character code 13
troff:lib/ovs.tmac:117: warning: invalid input character code 13
troff:lib/ovs.tmac:118: warning: invalid input character code 13
troff:lib/ovs.tmac:119: warning: invalid input character code 13
troff:lib/ovs.tmac:120: warning: invalid input character code 13
troff:lib/ovs.tmac:121: warning: invalid input character code 13
troff:lib/ovs.tmac:122: warning: invalid input character code 13
troff:lib/ovs.tmac:123: warning: invalid input character code 13
troff:lib/ovs.tmac:124: warning: invalid input character code 13
troff:lib/ovs.tmac:125: warning: invalid input character code 13
troff:lib/ovs.tmac:126: warning: invalid input character code 13
troff:lib/ovs.tmac:127: warning: invalid input character code 13
troff:lib/ovs.tmac:128: warning: invalid input character code 13
troff:lib/ovs.tmac:129: warning: invalid input character code 13
troff:lib/ovs.tmac:130: warning: invalid input character code 13
troff:lib/ovs.tmac:131: warning: invalid input character code 13
troff:lib/ovs.tmac:132: warning: invalid input character code 13
troff:lib/ovs.tmac:133: warning: invalid input character code 13
troff:lib/ovs.tmac:134: warning: invalid input character code 13
troff:lib/ovs.tmac:135: warning: invalid input character code 13
troff:lib/ovs.tmac:136: warning: invalid input character code 13
troff:lib/ovs.tmac:137: warning: invalid input character code 13
troff:lib/ovs.tmac:138: warning: invalid input character code 13
troff:lib/ovs.tmac:139: warning: invalid input character code 13
troff:lib/ovs.tmac:140: warning: invalid input character code 13
troff:lib/ovs.tmac:141: warning: invalid input character code 13
troff:lib/ovs.tmac:142: warning: invalid input character code 13
troff:lib/ovs.tmac:143: warning: invalid input character code 13
troff:lib/ovs.tmac:144: warning: invalid input character code 13
troff:lib/ovs.tmac:145: warning: invalid input character code 13
troff:lib/ovs.tmac:146: warning: invalid input character code 13
troff:lib/ovs.tmac:147: warning: invalid input character code 13
troff:lib/ovs.tmac:148: warning: invalid input character code 13
troff:lib/ovs.tmac:149: warning: invalid input character code 13
troff:lib/ovs.tmac:150: warning: invalid input character code 13
troff:lib/ovs.tmac:151: warning: invalid input character code 13
troff:lib/ovs.tmac:152: warning: invalid input character code 13
troff:lib/ovs.tmac:153: warning: invalid input character code 13
troff:lib/ovs.tmac:154: warning: invalid input character code 13
troff:lib/ovs.tmac:155: warning: invalid input character code 13
troff:lib/ovs.tmac:156: warning: invalid input character code 13
troff:lib/ovs.tmac:157: warning: invalid input character code 13
troff:lib/ovs.tmac:158: warning: invalid input character code 13
troff:lib/ovs.tmac:159: warning: invalid input character code 13
troff:lib/ovs.tmac:160: warning: invalid input character code 13
troff:lib/ovs.tmac:161: warning: invalid input character code 13
troff:lib/ovs.tmac:162: warning: invalid input character code 13
troff:lib/ovs.tmac:163: warning: invalid input character code 13
troff:lib/ovs.tmac:164: warning: invalid input character code 13
troff:lib/ovs.tmac:165: warning: invalid input character code 13
troff:lib/ovs.tmac:166: warning: invalid input character code 13
troff:lib/ovs.tmac:167: warning: invalid input character code 13
troff:lib/ovs.tmac:168: warning: invalid input character code 13
troff:lib/ovs.tmac:169: warning: invalid input character code 13
troff:lib/ovs.tmac:170: warning: invalid input character code 13
troff:lib/ovs.tmac:171: warning: invalid input character code 13
troff:lib/ovs.tmac:172: warning: invalid input character code 13
troff:lib/ovs.tmac:173: warning: invalid input character code 13
troff:lib/ovs.tmac:174: warning: invalid input character code 13
troff:lib/ovs.tmac:175: warning: invalid input character code 13
troff:lib/ovs.tmac:176: warning: invalid input character code 13
troff:lib/ovs.tmac:177: warning: invalid input character code 13
troff:lib/ovs.tmac:178: warning: invalid input character code 13
troff:lib/ovs.tmac:179: warning: invalid input character code 13
troff:lib/ovs.tmac:180: warning: invalid input character code 13
troff:lib/ovs.tmac:181: warning: invalid input character code 13
troff:lib/ovs.tmac:182: warning: invalid input character code 13
troff:lib/ovs.tmac:183: warning: invalid input character code 13
troff:lib/ovs.tmac:184: warning: invalid input character code 13
troff:lib/ovs.tmac:185: warning: invalid input character code 13
troff:lib/ovs.tmac:186: warning: invalid input character code 13
troff:lib/ovs.tmac:187: warning: invalid input character code 13
troff:lib/ovs.tmac:188: warning: invalid input character code 13
troff:lib/ovs.tmac:189: warning: invalid input character code 13
troff:lib/ovs.tmac:190: warning: invalid input character code 13
touch cxx-check
./build-aux/cksum-schema-check vswitchd/vswitch.ovsschema vswitchd/vswitch.ovsschema.stamp
vswitchd/vswitch.ovsschema:3: The checksum "3681466777 28617" was calculated from the schema file and does not match cksum field in the schema file - you should probably update the version number and the checksum in the schema file with the value listed here.
make[1]: *** [Makefile:6395: vswitchd/vswitch.ovsschema.stamp] Error 1
make[1]: *** Waiting for unfinished jobs....
troff:lib/ovs.tmac:1: warning: invalid input character code 13
troff:lib/ovs.tmac:2: warning: invalid input character code 13
troff:lib/ovs.tmac:3: warning: invalid input character code 13
troff:lib/ovs.tmac:4: warning: invalid input character code 13
troff:lib/ovs.tmac:5: warning: invalid input character code 13
troff:lib/ovs.tmac:6: warning: invalid input character code 13
troff:lib/ovs.tmac:7: warning: invalid input character code 13
troff:lib/ovs.tmac:8: warning: invalid input character code 13
troff:lib/ovs.tmac:9: warning: invalid input character code 13
troff:lib/ovs.tmac:10: warning: invalid input character code 13
troff:lib/ovs.tmac:11: warning: invalid input character code 13
troff:lib/ovs.tmac:12: warning: invalid input character code 13
troff:lib/ovs.tmac:13: warning: invalid input character code 13
troff:lib/ovs.tmac:14: warning: invalid input character code 13
troff:lib/ovs.tmac:15: warning: invalid input character code 13
troff:lib/ovs.tmac:16: warning: invalid input character code 13
troff:lib/ovs.tmac:17: warning: invalid input character code 13
troff:lib/ovs.tmac:18: warning: invalid input character code 13
troff:lib/ovs.tmac:19: warning: invalid input character code 13
troff:lib/ovs.tmac:20: warning: invalid input character code 13
troff:lib/ovs.tmac:21: warning: invalid input character code 13
troff:lib/ovs.tmac:22: warning: invalid input character code 13
troff:lib/ovs.tmac:23: warning: invalid input character code 13
troff:lib/ovs.tmac:24: warning: invalid input character code 13
troff:lib/ovs.tmac:25: warning: invalid input character code 13
troff:lib/ovs.tmac:26: warning: invalid input character code 13
troff:lib/ovs.tmac:27: warning: invalid input character code 13
troff:lib/ovs.tmac:28: warning: invalid input character code 13
troff:lib/ovs.tmac:29: warning: invalid input character code 13
troff:lib/ovs.tmac:30: warning: invalid input character code 13
troff:lib/ovs.tmac:31: warning: invalid input character code 13
troff:lib/ovs.tmac:32: warning: invalid input character code 13
troff:lib/ovs.tmac:33: warning: invalid input character code 13
troff:lib/ovs.tmac:34: warning: invalid input character code 13
troff:lib/ovs.tmac:35: warning: invalid input character code 13
troff:lib/ovs.tmac:36: warning: invalid input character code 13
troff:lib/ovs.tmac:37: warning: invalid input character code 13
troff:lib/ovs.tmac:38: warning: invalid input character code 13
troff:lib/ovs.tmac:39: warning: invalid input character code 13
troff:lib/ovs.tmac:40: warning: invalid input character code 13
troff:lib/ovs.tmac:41: warning: invalid input character code 13
troff:lib/ovs.tmac:42: warning: invalid input character code 13
troff:lib/ovs.tmac:43: warning: invalid input character code 13
troff:lib/ovs.tmac:44: warning: invalid input character code 13
troff:lib/ovs.tmac:45: warning: invalid input character code 13
troff:lib/ovs.tmac:46: warning: invalid input character code 13
troff:lib/ovs.tmac:47: warning: invalid input character code 13
troff:lib/ovs.tmac:48: warning: invalid input character code 13
troff:lib/ovs.tmac:49: warning: invalid input character code 13
troff:lib/ovs.tmac:50: warning: invalid input character code 13
troff:lib/ovs.tmac:51: warning: invalid input character code 13
troff:lib/ovs.tmac:52: warning: invalid input character code 13
troff:lib/ovs.tmac:53: warning: invalid input character code 13
troff:lib/ovs.tmac:54: warning: invalid input character code 13
troff:lib/ovs.tmac:55: warning: invalid input character code 13
troff:lib/ovs.tmac:56: warning: invalid input character code 13
troff:lib/ovs.tmac:57: warning: invalid input character code 13
troff:lib/ovs.tmac:58: warning: invalid input character code 13
troff:lib/ovs.tmac:59: warning: invalid input character code 13
troff:lib/ovs.tmac:60: warning: invalid input character code 13
troff:lib/ovs.tmac:61: warning: invalid input character code 13
troff:lib/ovs.tmac:62: warning: invalid input character code 13
troff:lib/ovs.tmac:63: warning: invalid input character code 13
troff:lib/ovs.tmac:64: warning: invalid input character code 13
troff:lib/ovs.tmac:65: warning: invalid input character code 13
troff:lib/ovs.tmac:66: warning: invalid input character code 13
troff:lib/ovs.tmac:67: warning: invalid input character code 13
troff:lib/ovs.tmac:68: warning: invalid input character code 13
troff:lib/ovs.tmac:69: warning: invalid input character code 13
troff:lib/ovs.tmac:70: warning: invalid input character code 13
troff:lib/ovs.tmac:71: warning: invalid input character code 13
troff:lib/ovs.tmac:72: warning: invalid input character code 13
troff:lib/ovs.tmac:73: warning: invalid input character code 13
troff:lib/ovs.tmac:74: warning: invalid input character code 13
troff:lib/ovs.tmac:75: warning: invalid input character code 13
troff:lib/ovs.tmac:76: warning: invalid input character code 13
troff:lib/ovs.tmac:77: warning: invalid input character code 13
troff:lib/ovs.tmac:78: warning: invalid input character code 13
troff:lib/ovs.tmac:79: warning: invalid input character code 13
troff:lib/ovs.tmac:80: warning: invalid input character code 13
troff:lib/ovs.tmac:81: warning: invalid input character code 13
troff:lib/ovs.tmac:82: warning: invalid input character code 13
troff:lib/ovs.tmac:83: warning: invalid input character code 13
troff:lib/ovs.tmac:84: warning: invalid input character code 13
troff:lib/ovs.tmac:85: warning: invalid input character code 13
troff:lib/ovs.tmac:86: warning: invalid input character code 13
troff:lib/ovs.tmac:87: warning: invalid input character code 13
troff:lib/ovs.tmac:88: warning: invalid input character code 13
troff:lib/ovs.tmac:89: warning: invalid input character code 13
troff:lib/ovs.tmac:90: warning: invalid input character code 13
troff:lib/ovs.tmac:91: warning: invalid input character code 13
troff:lib/ovs.tmac:92: warning: invalid input character code 13
troff:lib/ovs.tmac:93: warning: invalid input character code 13
troff:lib/ovs.tmac:94: warning: invalid input character code 13
troff:lib/ovs.tmac:95: warning: invalid input character code 13
troff:lib/ovs.tmac:96: warning: invalid input character code 13
troff:lib/ovs.tmac:97: warning: invalid input character code 13
troff:lib/ovs.tmac:98: warning: invalid input character code 13
troff:lib/ovs.tmac:99: warning: invalid input character code 13
troff:lib/ovs.tmac:100: warning: invalid input character code 13
troff:lib/ovs.tmac:101: warning: invalid input character code 13
troff:lib/ovs.tmac:102: warning: invalid input character code 13
troff:lib/ovs.tmac:103: warning: invalid input character code 13
troff:lib/ovs.tmac:104: warning: invalid input character code 13
troff:lib/ovs.tmac:105: warning: invalid input character code 13
troff:lib/ovs.tmac:106: warning: invalid input character code 13
troff:lib/ovs.tmac:107: warning: invalid input character code 13
troff:lib/ovs.tmac:108: warning: invalid input character code 13
troff:lib/ovs.tmac:109: warning: invalid input character code 13
troff:lib/ovs.tmac:110: warning: invalid input character code 13
troff:lib/ovs.tmac:111: warning: invalid input character code 13
troff:lib/ovs.tmac:112: warning: invalid input character code 13
troff:lib/ovs.tmac:113: warning: invalid input character code 13
troff:lib/ovs.tmac:114: warning: invalid input character code 13
troff:lib/ovs.tmac:115: warning: invalid input character code 13
troff:lib/ovs.tmac:116: warning: invalid input character code 13
troff:lib/ovs.tmac:117: warning: invalid input character code 13
troff:lib/ovs.tmac:118: warning: invalid input character code 13
troff:lib/ovs.tmac:119: warning: invalid input character code 13
troff:lib/ovs.tmac:120: warning: invalid input character code 13
troff:lib/ovs.tmac:121: warning: invalid input character code 13
troff:lib/ovs.tmac:122: warning: invalid input character code 13
troff:lib/ovs.tmac:123: warning: invalid input character code 13
troff:lib/ovs.tmac:124: warning: invalid input character code 13
troff:lib/ovs.tmac:125: warning: invalid input character code 13
troff:lib/ovs.tmac:126: warning: invalid input character code 13
troff:lib/ovs.tmac:127: warning: invalid input character code 13
troff:lib/ovs.tmac:128: warning: invalid input character code 13
troff:lib/ovs.tmac:129: warning: invalid input character code 13
troff:lib/ovs.tmac:130: warning: invalid input character code 13
troff:lib/ovs.tmac:131: warning: invalid input character code 13
troff:lib/ovs.tmac:132: warning: invalid input character code 13
troff:lib/ovs.tmac:133: warning: invalid input character code 13
troff:lib/ovs.tmac:134: warning: invalid input character code 13
troff:lib/ovs.tmac:135: warning: invalid input character code 13
troff:lib/ovs.tmac:136: warning: invalid input character code 13
troff:lib/ovs.tmac:137: warning: invalid input character code 13
troff:lib/ovs.tmac:138: warning: invalid input character code 13
troff:lib/ovs.tmac:139: warning: invalid input character code 13
troff:lib/ovs.tmac:140: warning: invalid input character code 13
troff:lib/ovs.tmac:141: warning: invalid input character code 13
troff:lib/ovs.tmac:142: warning: invalid input character code 13
troff:lib/ovs.tmac:143: warning: invalid input character code 13
troff:lib/ovs.tmac:144: warning: invalid input character code 13
troff:lib/ovs.tmac:145: warning: invalid input character code 13
troff:lib/ovs.tmac:146: warning: invalid input character code 13
troff:lib/ovs.tmac:147: warning: invalid input character code 13
troff:lib/ovs.tmac:148: warning: invalid input character code 13
troff:lib/ovs.tmac:149: warning: invalid input character code 13
troff:lib/ovs.tmac:150: warning: invalid input character code 13
troff:lib/ovs.tmac:151: warning: invalid input character code 13
troff:lib/ovs.tmac:152: warning: invalid input character code 13
troff:lib/ovs.tmac:153: warning: invalid input character code 13
troff:lib/ovs.tmac:154: warning: invalid input character code 13
troff:lib/ovs.tmac:155: warning: invalid input character code 13
troff:lib/ovs.tmac:156: warning: invalid input character code 13
troff:lib/ovs.tmac:157: warning: invalid input character code 13
troff:lib/ovs.tmac:158: warning: invalid input character code 13
troff:lib/ovs.tmac:159: warning: invalid input character code 13
troff:lib/ovs.tmac:160: warning: invalid input character code 13
troff:lib/ovs.tmac:161: warning: invalid input character code 13
troff:lib/ovs.tmac:162: warning: invalid input character code 13
troff:lib/ovs.tmac:163: warning: invalid input character code 13
troff:lib/ovs.tmac:164: warning: invalid input character code 13
troff:lib/ovs.tmac:165: warning: invalid input character code 13
troff:lib/ovs.tmac:166: warning: invalid input character code 13
troff:lib/ovs.tmac:167: warning: invalid input character code 13
troff:lib/ovs.tmac:168: warning: invalid input character code 13
troff:lib/ovs.tmac:169: warning: invalid input character code 13
troff:lib/ovs.tmac:170: warning: invalid input character code 13
troff:lib/ovs.tmac:171: warning: invalid input character code 13
troff:lib/ovs.tmac:172: warning: invalid input character code 13
troff:lib/ovs.tmac:173: warning: invalid input character code 13
troff:lib/ovs.tmac:174: warning: invalid input character code 13
troff:lib/ovs.tmac:175: warning: invalid input character code 13
troff:lib/ovs.tmac:176: warning: invalid input character code 13
troff:lib/ovs.tmac:177: warning: invalid input character code 13
troff:lib/ovs.tmac:178: warning: invalid input character code 13
troff:lib/ovs.tmac:179: warning: invalid input character code 13
troff:lib/ovs.tmac:180: warning: invalid input character code 13
troff:lib/ovs.tmac:181: warning: invalid input character code 13
troff:lib/ovs.tmac:182: warning: invalid input character code 13
troff:lib/ovs.tmac:183: warning: invalid input character code 13
troff:lib/ovs.tmac:184: warning: invalid input character code 13
troff:lib/ovs.tmac:185: warning: invalid input character code 13
troff:lib/ovs.tmac:186: warning: invalid input character code 13
troff:lib/ovs.tmac:187: warning: invalid input character code 13
troff:lib/ovs.tmac:188: warning: invalid input character code 13
troff:lib/ovs.tmac:189: warning: invalid input character code 13
troff:lib/ovs.tmac:190: warning: invalid input character code 13
troff:lib/daemon.man:1: warning: invalid input character code 13
troff:lib/daemon.man:2: warning: invalid input character code 13
troff:lib/daemon.man:3: warning: invalid input character code 13
troff:lib/daemon.man:4: warning: invalid input character code 13
troff:lib/daemon.man:5: warning: invalid input character code 13
troff:lib/daemon.man:6: warning: invalid input character code 13
troff:lib/daemon.man:7: warning: invalid input character code 13
troff:lib/daemon.man:8: warning: invalid input character code 13
troff:lib/daemon.man:9: warning: invalid input character code 13
troff:lib/daemon.man:10: warning: invalid input character code 13
troff:lib/daemon.man:11: warning: invalid input character code 13
troff:lib/daemon.man:12: warning: invalid input character code 13
troff:lib/daemon.man:13: warning: invalid input character code 13
troff:lib/daemon.man:14: warning: invalid input character code 13
troff:lib/daemon.man:15: warning: invalid input character code 13
troff:lib/daemon.man:16: warning: invalid input character code 13
troff:lib/daemon.man:17: warning: invalid input character code 13
troff:lib/daemon.man:18: warning: invalid input character code 13
troff:lib/daemon.man:19: warning: invalid input character code 13
troff:lib/daemon.man:20: warning: invalid input character code 13
troff:lib/daemon.man:21: warning: invalid input character code 13
troff:lib/daemon.man:22: warning: invalid input character code 13
troff:lib/daemon.man:23: warning: invalid input character code 13
troff:lib/daemon.man:24: warning: invalid input character code 13
troff:lib/daemon.man:25: warning: invalid input character code 13
troff:lib/daemon.man:26: warning: invalid input character code 13
troff:lib/daemon.man:27: warning: invalid input character code 13
troff:lib/daemon.man:28: warning: invalid input character code 13
troff:lib/daemon.man:29: warning: invalid input character code 13
troff:lib/daemon.man:30: warning: invalid input character code 13
troff:lib/daemon.man:31: warning: invalid input character code 13
troff:lib/daemon.man:32: warning: invalid input character code 13
troff:lib/daemon.man:33: warning: invalid input character code 13
troff:lib/daemon.man:34: warning: invalid input character code 13
troff:lib/daemon.man:35: warning: invalid input character code 13
troff:lib/daemon.man:36: warning: invalid input character code 13
troff:lib/daemon.man:37: warning: invalid input character code 13
troff:lib/daemon.man:38: warning: invalid input character code 13
troff:lib/daemon.man:39: warning: invalid input character code 13
troff:lib/daemon.man:40: warning: invalid input character code 13
troff:lib/daemon.man:41: warning: invalid input character code 13
troff:lib/daemon.man:42: warning: invalid input character code 13
troff:lib/daemon.man:43: warning: invalid input character code 13
troff:lib/daemon.man:44: warning: invalid input character code 13
troff:lib/daemon.man:45: warning: invalid input character code 13
troff:lib/daemon.man:46: warning: invalid input character code 13
troff:lib/daemon.man:47: warning: invalid input character code 13
troff:lib/daemon.man:48: warning: invalid input character code 13
troff:lib/daemon.man:49: warning: invalid input character code 13
troff:lib/daemon.man:50: warning: invalid input character code 13
troff:lib/daemon.man:51: warning: invalid input character code 13
troff:lib/daemon.man:52: warning: invalid input character code 13
troff:lib/daemon.man:53: warning: invalid input character code 13
troff:lib/daemon.man:54: warning: invalid input character code 13
troff:lib/daemon.man:55: warning: invalid input character code 13
troff:lib/daemon.man:56: warning: invalid input character code 13
troff:lib/daemon.man:57: warning: invalid input character code 13
troff:lib/daemon.man:58: warning: invalid input character code 13
troff:lib/daemon.man:59: warning: invalid input character code 13
troff:lib/daemon.man:60: warning: invalid input character code 13
troff:lib/daemon.man:61: warning: invalid input character code 13
troff:lib/daemon.man:62: warning: invalid input character code 13
troff:lib/daemon.man:63: warning: invalid input character code 13
troff:lib/daemon.man:64: warning: invalid input character code 13
troff:lib/daemon.man:65: warning: invalid input character code 13
troff:lib/daemon.man:66: warning: invalid input character code 13
troff:lib/daemon.man:67: warning: invalid input character code 13
troff:lib/daemon.man:68: warning: invalid input character code 13
troff:lib/daemon.man:69: warning: invalid input character code 13
troff:lib/daemon.man:70: warning: invalid input character code 13
troff:lib/daemon.man:71: warning: invalid input character code 13
troff:lib/daemon.man:72: warning: invalid input character code 13
troff:lib/daemon.man:73: warning: invalid input character code 13
troff:lib/daemon.man:74: warning: invalid input character code 13
troff:lib/daemon.man:75: warning: invalid input character code 13
troff:lib/daemon.man:76: warning: invalid input character code 13
troff:lib/daemon.man:77: warning: invalid input character code 13
troff:lib/daemon.man:78: warning: invalid input character code 13
troff:lib/daemon.man:79: warning: invalid input character code 13
troff:lib/daemon.man:80: warning: invalid input character code 13
troff:lib/daemon.man:81: warning: invalid input character code 13
troff:lib/daemon.man:82: warning: invalid input character code 13
troff:lib/daemon.man:83: warning: invalid input character code 13
troff:lib/daemon.man:84: warning: invalid input character code 13
troff:lib/service.man:1: warning: invalid input character code 13
troff:lib/service.man:2: warning: invalid input character code 13
troff:lib/service.man:3: warning: invalid input character code 13
troff:lib/service.man:4: warning: invalid input character code 13
troff:lib/service.man:5: warning: invalid input character code 13
troff:lib/service.man:6: warning: invalid input character code 13
troff:lib/service.man:7: warning: invalid input character code 13
troff:lib/service.man:8: warning: invalid input character code 13
troff:lib/service.man:9: warning: invalid input character code 13
troff:lib/service.man:10: warning: invalid input character code 13
troff:lib/service.man:11: warning: invalid input character code 13
troff:lib/service.man:12: warning: invalid input character code 13
troff:lib/ssl.man:1: warning: invalid input character code 13
troff:lib/ssl.man:2: warning: invalid input character code 13
troff:lib/ssl.man:3: warning: invalid input character code 13
troff:lib/ssl.man:4: warning: invalid input character code 13
troff:lib/ssl.man:5: warning: invalid input character code 13
troff:lib/ssl.man:6: warning: invalid input character code 13
troff:lib/ssl.man:7: warning: invalid input character code 13
troff:lib/ssl.man:8: warning: invalid input character code 13
troff:lib/ssl.man:9: warning: invalid input character code 13
troff:lib/ssl.man:10: warning: invalid input character code 13
troff:lib/ssl.man:11: warning: invalid input character code 13
troff:lib/ssl.man:12: warning: invalid input character code 13
troff:lib/ssl.man:13: warning: invalid input character code 13
troff:lib/ssl.man:14: warning: invalid input character code 13
troff:lib/ssl.man:15: warning: invalid input character code 13
troff:lib/ssl.man:16: warning: invalid input character code 13
troff:lib/ssl.man:17: warning: invalid input character code 13
troff:lib/ssl.man:18: warning: invalid input character code 13
troff:lib/ssl.man:19: warning: invalid input character code 13
troff:lib/ssl.man:20: warning: invalid input character code 13
troff:lib/ssl.man:21: warning: invalid input character code 13
troff:lib/ssl.man:22: warning: invalid input character code 13
troff:lib/ssl.man:23: warning: invalid input character code 13
troff:lib/ssl.man:24: warning: invalid input character code 13
troff:lib/ssl.man:25: warning: invalid input character code 13
troff:lib/ssl.man:26: warning: invalid input character code 13
troff:lib/ssl-bootstrap.man:1: warning: invalid input character code 13
troff:lib/ssl-bootstrap.man:2: warning: invalid input character code 13
troff:lib/ssl-bootstrap.man:3: warning: invalid input character code 13
troff:lib/ssl-bootstrap.man:4: warning: invalid input character code 13
troff:lib/ssl-bootstrap.man:5: warning: invalid input character code 13
troff:lib/ssl-bootstrap.man:6: warning: invalid input character code 13
troff:lib/ssl-bootstrap.man:7: warning: invalid input character code 13
troff:lib/ssl-bootstrap.man:8: warning: invalid input character code 13
troff:lib/ssl-bootstrap.man:9: warning: invalid input character code 13
troff:lib/ssl-bootstrap.man:10: warning: invalid input character code 13
troff:lib/ssl-bootstrap.man:11: warning: invalid input character code 13
troff:lib/ssl-bootstrap.man:12: warning: invalid input character code 13
troff:lib/ssl-bootstrap.man:13: warning: invalid input character code 13
troff:lib/ssl-bootstrap.man:14: warning: invalid input character code 13
troff:lib/ssl-bootstrap.man:15: warning: invalid input character code 13
troff:lib/ssl-bootstrap.man:16: warning: invalid input character code 13
troff:lib/ssl-bootstrap.man:17: warning: invalid input character code 13
troff:lib/ssl-bootstrap.man:18: warning: invalid input character code 13
troff:lib/ssl-bootstrap.man:19: warning: invalid input character code 13
troff:lib/ssl-bootstrap.man:20: warning: invalid input character code 13
troff:lib/ssl-peer-ca-cert.man:1: warning: invalid input character code 13
troff:lib/ssl-peer-ca-cert.man:2: warning: invalid input character code 13
troff:lib/ssl-peer-ca-cert.man:3: warning: invalid input character code 13
troff:lib/ssl-peer-ca-cert.man:4: warning: invalid input character code 13
troff:lib/ssl-peer-ca-cert.man:5: warning: invalid input character code 13
troff:lib/ssl-peer-ca-cert.man:6: warning: invalid input character code 13
troff:lib/ssl-peer-ca-cert.man:7: warning: invalid input character code 13
troff:lib/ssl-peer-ca-cert.man:8: warning: invalid input character code 13
troff:lib/ssl-peer-ca-cert.man:9: warning: invalid input character code 13
troff:lib/ssl-peer-ca-cert.man:10: warning: invalid input character code 13
troff:lib/ssl-peer-ca-cert.man:11: warning: invalid input character code 13
troff:lib/ssl-peer-ca-cert.man:12: warning: invalid input character code 13
troff:lib/ssl-peer-ca-cert.man:13: warning: invalid input character code 13
troff:lib/vlog.man:1: warning: invalid input character code 13
troff:lib/vlog.man:2: warning: invalid input character code 13
troff:lib/vlog.man:3: warning: invalid input character code 13
troff:lib/vlog.man:4: warning: invalid input character code 13
troff:lib/vlog.man:5: warning: invalid input character code 13
troff:lib/vlog.man:6: warning: invalid input character code 13
troff:lib/vlog.man:7: warning: invalid input character code 13
troff:lib/vlog.man:8: warning: invalid input character code 13
troff:lib/vlog.man:9: warning: invalid input character code 13
troff:lib/vlog.man:10: warning: invalid input character code 13
troff:lib/vlog.man:11: warning: invalid input character code 13
troff:lib/vlog.man:12: warning: invalid input character code 13
troff:lib/vlog.man:13: warning: invalid input character code 13
troff:lib/vlog.man:14: warning: invalid input character code 13
troff:lib/vlog.man:15: warning: invalid input character code 13
troff:lib/vlog.man:16: warning: invalid input character code 13
troff:lib/vlog.man:17: warning: invalid input character code 13
troff:lib/vlog.man:18: warning: invalid input character code 13
troff:lib/vlog.man:19: warning: invalid input character code 13
troff:lib/vlog.man:20: warning: invalid input character code 13
troff:lib/vlog.man:21: warning: invalid input character code 13
troff:lib/vlog.man:22: warning: invalid input character code 13
troff:lib/vlog.man:23: warning: invalid input character code 13
troff:lib/vlog.man:24: warning: invalid input character code 13
troff:lib/vlog.man:25: warning: invalid input character code 13
troff:lib/vlog.man:26: warning: invalid input character code 13
troff:lib/vlog.man:27: warning: invalid input character code 13
troff:lib/vlog.man:28: warning: invalid input character code 13
troff:lib/vlog.man:29: warning: invalid input character code 13
troff:lib/vlog.man:30: warning: invalid input character code 13
troff:lib/vlog.man:31: warning: invalid input character code 13
troff:lib/vlog.man:32: warning: invalid input character code 13
troff:lib/vlog.man:33: warning: invalid input character code 13
troff:lib/vlog.man:34: warning: invalid input character code 13
troff:lib/vlog.man:35: warning: invalid input character code 13
troff:lib/vlog.man:36: warning: invalid input character code 13
troff:lib/vlog.man:37: warning: invalid input character code 13
troff:lib/vlog.man:38: warning: invalid input character code 13
troff:lib/vlog.man:39: warning: invalid input character code 13
troff:lib/vlog.man:40: warning: invalid input character code 13
troff:lib/vlog.man:41: warning: invalid input character code 13
troff:lib/vlog.man:42: warning: invalid input character code 13
troff:lib/vlog.man:43: warning: invalid input character code 13
troff:lib/vlog.man:44: warning: invalid input character code 13
troff:lib/vlog.man:45: warning: invalid input character code 13
troff:lib/vlog.man:46: warning: invalid input character code 13
troff:lib/vlog.man:47: warning: invalid input character code 13
troff:lib/vlog.man:48: warning: invalid input character code 13
troff:lib/vlog.man:49: warning: invalid input character code 13
troff:lib/vlog.man:50: warning: invalid input character code 13
troff:lib/vlog.man:51: warning: invalid input character code 13
troff:lib/vlog.man:52: warning: invalid input character code 13
troff:lib/vlog.man:53: warning: invalid input character code 13
troff:lib/vlog.man:54: warning: invalid input character code 13
troff:lib/vlog.man:55: warning: invalid input character code 13
troff:lib/vlog.man:56: warning: invalid input character code 13
troff:lib/vlog.man:57: warning: invalid input character code 13
troff:lib/vlog.man:58: warning: invalid input character code 13
troff:lib/vlog.man:59: warning: invalid input character code 13
troff:lib/vlog.man:60: warning: invalid input character code 13
troff:lib/vlog.man:61: warning: invalid input character code 13
troff:lib/vlog.man:62: warning: invalid input character code 13
troff:lib/vlog.man:63: warning: invalid input character code 13
troff:lib/vlog.man:64: warning: invalid input character code 13
troff:lib/vlog.man:65: warning: invalid input character code 13
troff:lib/vlog.man:66: warning: invalid input character code 13
troff:lib/vlog.man:67: warning: invalid input character code 13
troff:lib/vlog.man:68: warning: invalid input character code 13
troff:lib/vlog.man:69: warning: invalid input character code 13
troff:lib/vlog.man:70: warning: invalid input character code 13
troff:lib/vlog.man:71: warning: invalid input character code 13
troff:lib/vlog.man:72: warning: invalid input character code 13
troff:lib/vlog.man:73: warning: invalid input character code 13
troff:lib/vlog.man:74: warning: invalid input character code 13
troff:lib/vlog.man:75: warning: invalid input character code 13
troff:lib/vlog.man:76: warning: invalid input character code 13
troff:lib/vlog.man:77: warning: invalid input character code 13
troff:lib/vlog.man:78: warning: invalid input character code 13
troff:lib/vlog.man:79: warning: invalid input character code 13
troff:lib/vlog.man:80: warning: invalid input character code 13
troff:lib/vlog.man:81: warning: invalid input character code 13
troff:lib/vlog.man:82: warning: invalid input character code 13
troff:lib/vlog.man:83: warning: invalid input character code 13
troff:lib/vlog.man:84: warning: invalid input character code 13
troff:lib/vlog.man:85: warning: invalid input character code 13
troff:lib/vlog.man:86: warning: invalid input character code 13
troff:lib/vlog.man:87: warning: invalid input character code 13
troff:lib/vlog.man:88: warning: invalid input character code 13
troff:lib/vlog.man:89: warning: invalid input character code 13
troff:lib/vlog.man:90: warning: invalid input character code 13
troff:lib/vlog.man:91: warning: invalid input character code 13
troff:lib/vlog.man:92: warning: invalid input character code 13
troff:lib/vlog.man:93: warning: invalid input character code 13
troff:lib/vlog.man:94: warning: invalid input character code 13
troff:lib/vlog.man:95: warning: invalid input character code 13
troff:lib/vlog.man:96: warning: invalid input character code 13
troff:lib/vlog.man:97: warning: invalid input character code 13
troff:lib/vlog.man:98: warning: invalid input character code 13
troff:lib/vlog.man:99: warning: invalid input character code 13
troff:lib/vlog.man:100: warning: invalid input character code 13
troff:lib/vlog.man:101: warning: invalid input character code 13
troff:lib/vlog.man:102: warning: invalid input character code 13
troff:lib/vlog.man:103: warning: invalid input character code 13
troff:lib/vlog.man:104: warning: invalid input character code 13
troff:lib/vlog.man:105: warning: invalid input character code 13
troff:lib/vlog.man:106: warning: invalid input character code 13
troff:lib/unixctl.man:1: warning: invalid input character code 13
troff:lib/unixctl.man:2: warning: invalid input character code 13
troff:lib/unixctl.man:3: warning: invalid input character code 13
troff:lib/unixctl.man:4: warning: invalid input character code 13
troff:lib/unixctl.man:5: warning: invalid input character code 13
troff:lib/unixctl.man:6: warning: invalid input character code 13
troff:lib/unixctl.man:7: warning: invalid input character code 13
troff:lib/unixctl.man:8: warning: invalid input character code 13
troff:lib/unixctl.man:9: warning: invalid input character code 13
troff:lib/unixctl.man:10: warning: invalid input character code 13
troff:lib/unixctl.man:11: warning: invalid input character code 13
troff:lib/unixctl.man:12: warning: invalid input character code 13
troff:lib/unixctl.man:13: warning: invalid input character code 13
troff:lib/unixctl.man:14: warning: invalid input character code 13
troff:lib/unixctl.man:15: warning: invalid input character code 13
troff:lib/unixctl.man:16: warning: invalid input character code 13
troff:lib/unixctl.man:17: warning: invalid input character code 13
troff:lib/common.man:1: warning: invalid input character code 13
troff:lib/common.man:2: warning: invalid input character code 13
troff:lib/common.man:3: warning: invalid input character code 13
troff:lib/common.man:4: warning: invalid input character code 13
troff:lib/common.man:5: warning: invalid input character code 13
troff:lib/common.man:6: warning: invalid input character code 13
troff:lib/common.man:7: warning: invalid input character code 13
troff:lib/dpctl.man:1: warning: invalid input character code 13
troff:lib/dpctl.man:2: warning: invalid input character code 13
troff:lib/dpctl.man:3: warning: invalid input character code 13
troff:lib/dpctl.man:4: warning: invalid input character code 13
troff:lib/dpctl.man:5: warning: invalid input character code 13
troff:lib/dpctl.man:6: warning: invalid input character code 13
troff:lib/dpctl.man:7: warning: invalid input character code 13
troff:lib/dpctl.man:8: warning: invalid input character code 13
troff:lib/dpctl.man:9: warning: invalid input character code 13
troff:lib/dpctl.man:10: warning: invalid input character code 13
troff:lib/dpctl.man:11: warning: invalid input character code 13
troff:lib/dpctl.man:12: warning: invalid input character code 13
troff:lib/dpctl.man:13: warning: invalid input character code 13
troff:lib/dpctl.man:14: warning: invalid input character code 13
troff:lib/dpctl.man:15: warning: invalid input character code 13
troff:lib/dpctl.man:16: warning: invalid input character code 13
troff:lib/dpctl.man:17: warning: invalid input character code 13
troff:lib/dpctl.man:18: warning: invalid input character code 13
troff:lib/dpctl.man:19: warning: invalid input character code 13
troff:lib/dpctl.man:20: warning: invalid input character code 13
troff:lib/dpctl.man:21: warning: invalid input character code 13
troff:lib/dpctl.man:22: warning: invalid input character code 13
troff:lib/dpctl.man:23: warning: invalid input character code 13
troff:lib/dpctl.man:24: warning: invalid input character code 13
troff:lib/dpctl.man:25: warning: invalid input character code 13
troff:lib/dpctl.man:26: warning: invalid input character code 13
troff:lib/dpctl.man:27: warning: invalid input character code 13
troff:lib/dpctl.man:28: warning: invalid input character code 13
troff:lib/dpctl.man:29: warning: invalid input character code 13
troff:lib/dpctl.man:30: warning: invalid input character code 13
troff:lib/dpctl.man:31: warning: invalid input character code 13
troff:lib/dpctl.man:32: warning: invalid input character code 13
troff:lib/dpctl.man:33: warning: invalid input character code 13
troff:lib/dpctl.man:34: warning: invalid input character code 13
troff:lib/dpctl.man:35: warning: invalid input character code 13
troff:lib/dpctl.man:36: warning: invalid input character code 13
troff:lib/dpctl.man:37: warning: invalid input character code 13
troff:lib/dpctl.man:38: warning: invalid input character code 13
troff:lib/dpctl.man:39: warning: invalid input character code 13
troff:lib/dpctl.man:40: warning: invalid input character code 13
troff:lib/dpctl.man:41: warning: invalid input character code 13
troff:lib/dpctl.man:42: warning: invalid input character code 13
troff:lib/dpctl.man:43: warning: invalid input character code 13
troff:lib/dpctl.man:44: warning: invalid input character code 13
troff:lib/dpctl.man:45: warning: invalid input character code 13
troff:lib/dpctl.man:46: warning: invalid input character code 13
troff:lib/dpctl.man:47: warning: invalid input character code 13
troff:lib/dpctl.man:48: warning: invalid input character code 13
troff:lib/dpctl.man:49: warning: invalid input character code 13
troff:lib/dpctl.man:50: warning: invalid input character code 13
troff:lib/dpctl.man:51: warning: invalid input character code 13
troff:lib/dpctl.man:52: warning: invalid input character code 13
troff:lib/dpctl.man:53: warning: invalid input character code 13
troff:lib/dpctl.man:54: warning: invalid input character code 13
troff:lib/dpctl.man:55: warning: invalid input character code 13
troff:lib/dpctl.man:56: warning: invalid input character code 13
troff:lib/dpctl.man:57: warning: invalid input character code 13
troff:lib/dpctl.man:58: warning: invalid input character code 13
troff:lib/dpctl.man:59: warning: invalid input character code 13
troff:lib/dpctl.man:60: warning: invalid input character code 13
troff:lib/dpctl.man:61: warning: invalid input character code 13
troff:lib/dpctl.man:62: warning: invalid input character code 13
troff:lib/dpctl.man:63: warning: invalid input character code 13
troff:lib/dpctl.man:64: warning: invalid input character code 13
troff:lib/dpctl.man:65: warning: invalid input character code 13
troff:lib/dpctl.man:66: warning: invalid input character code 13
troff:lib/dpctl.man:67: warning: invalid input character code 13
troff:lib/dpctl.man:68: warning: invalid input character code 13
troff:lib/dpctl.man:69: warning: invalid input character code 13
troff:lib/dpctl.man:70: warning: invalid input character code 13
troff:lib/dpctl.man:71: warning: invalid input character code 13
troff:lib/dpctl.man:72: warning: invalid input character code 13
troff:lib/dpctl.man:73: warning: invalid input character code 13
troff:lib/dpctl.man:74: warning: invalid input character code 13
troff:lib/dpctl.man:75: warning: invalid input character code 13
troff:lib/dpctl.man:76: warning: invalid input character code 13
troff:lib/dpctl.man:77: warning: invalid input character code 13
troff:lib/dpctl.man:78: warning: invalid input character code 13
troff:lib/dpctl.man:79: warning: invalid input character code 13
troff:lib/dpctl.man:80: warning: invalid input character code 13
troff:lib/dpctl.man:81: warning: invalid input character code 13
troff:lib/dpctl.man:82: warning: invalid input character code 13
troff:lib/dpctl.man:83: warning: invalid input character code 13
troff:lib/dpctl.man:84: warning: invalid input character code 13
troff:lib/dpctl.man:85: warning: invalid input character code 13
troff:lib/dpctl.man:86: warning: invalid input character code 13
troff:lib/dpctl.man:87: warning: invalid input character code 13
troff:lib/dpctl.man:88: warning: invalid input character code 13
troff:lib/dpctl.man:89: warning: invalid input character code 13
troff:lib/dpctl.man:90: warning: invalid input character code 13
troff:lib/dpctl.man:91: warning: invalid input character code 13
troff:lib/dpctl.man:92: warning: invalid input character code 13
troff:lib/dpctl.man:93: warning: invalid input character code 13
troff:lib/dpctl.man:94: warning: invalid input character code 13
troff:lib/dpctl.man:95: warning: invalid input character code 13
troff:lib/dpctl.man:96: warning: invalid input character code 13
troff:lib/dpctl.man:97: warning: invalid input character code 13
troff:lib/dpctl.man:98: warning: invalid input character code 13
troff:lib/dpctl.man:99: warning: invalid input character code 13
troff:lib/dpctl.man:100: warning: invalid input character code 13
troff:lib/dpctl.man:101: warning: invalid input character code 13
troff:lib/dpctl.man:102: warning: invalid input character code 13
troff:lib/dpctl.man:103: warning: invalid input character code 13
troff:lib/dpctl.man:104: warning: invalid input character code 13
troff:lib/dpctl.man:105: warning: invalid input character code 13
troff:lib/dpctl.man:106: warning: invalid input character code 13
troff:lib/dpctl.man:107: warning: invalid input character code 13
troff:lib/dpctl.man:108: warning: invalid input character code 13
troff:lib/dpctl.man:109: warning: invalid input character code 13
troff:lib/dpctl.man:110: warning: invalid input character code 13
troff:lib/dpctl.man:111: warning: invalid input character code 13
troff:lib/dpctl.man:112: warning: invalid input character code 13
troff:lib/dpctl.man:113: warning: invalid input character code 13
troff:lib/dpctl.man:114: warning: invalid input character code 13
troff:lib/dpctl.man:115: warning: invalid input character code 13
troff:lib/dpctl.man:116: warning: invalid input character code 13
troff:lib/dpctl.man:117: warning: invalid input character code 13
troff:lib/dpctl.man:118: warning: invalid input character code 13
troff:lib/dpctl.man:119: warning: invalid input character code 13
troff:lib/dpctl.man:120: warning: invalid input character code 13
troff:lib/dpctl.man:121: warning: invalid input character code 13
troff:lib/dpctl.man:122: warning: invalid input character code 13
troff:lib/dpctl.man:123: warning: invalid input character code 13
troff:lib/dpctl.man:124: warning: invalid input character code 13
troff:lib/dpctl.man:125: warning: invalid input character code 13
troff:lib/dpctl.man:126: warning: invalid input character code 13
troff:lib/dpctl.man:127: warning: invalid input character code 13
troff:lib/dpctl.man:128: warning: invalid input character code 13
troff:lib/dpctl.man:129: warning: invalid input character code 13
troff:lib/dpctl.man:130: warning: invalid input character code 13
troff:lib/dpctl.man:131: warning: invalid input character code 13
troff:lib/dpctl.man:132: warning: invalid input character code 13
troff:lib/dpctl.man:133: warning: invalid input character code 13
troff:lib/dpctl.man:134: warning: invalid input character code 13
troff:lib/dpctl.man:135: warning: invalid input character code 13
troff:lib/dpctl.man:136: warning: invalid input character code 13
troff:lib/dpctl.man:137: warning: invalid input character code 13
troff:lib/dpctl.man:138: warning: invalid input character code 13
troff:lib/dpctl.man:139: warning: invalid input character code 13
troff:lib/dpctl.man:140: warning: invalid input character code 13
troff:lib/dpctl.man:141: warning: invalid input character code 13
troff:lib/dpctl.man:142: warning: invalid input character code 13
troff:lib/dpctl.man:143: warning: invalid input character code 13
troff:lib/dpctl.man:144: warning: invalid input character code 13
troff:lib/dpctl.man:145: warning: invalid input character code 13
troff:lib/dpctl.man:146: warning: invalid input character code 13
troff:lib/dpctl.man:147: warning: invalid input character code 13
troff:lib/dpctl.man:148: warning: invalid input character code 13
troff:lib/dpctl.man:149: warning: invalid input character code 13
troff:lib/dpctl.man:150: warning: invalid input character code 13
troff:lib/dpctl.man:151: warning: invalid input character code 13
troff:lib/dpctl.man:152: warning: invalid input character code 13
troff:lib/dpctl.man:153: warning: invalid input character code 13
troff:lib/dpctl.man:154: warning: invalid input character code 13
troff:lib/dpctl.man:155: warning: invalid input character code 13
troff:lib/dpctl.man:156: warning: invalid input character code 13
troff:lib/dpctl.man:157: warning: invalid input character code 13
troff:lib/dpctl.man:158: warning: invalid input character code 13
troff:lib/dpctl.man:159: warning: invalid input character code 13
troff:lib/dpctl.man:160: warning: invalid input character code 13
troff:lib/dpctl.man:161: warning: invalid input character code 13
troff:lib/dpctl.man:162: warning: invalid input character code 13
troff:lib/dpctl.man:163: warning: invalid input character code 13
troff:lib/dpctl.man:164: warning: invalid input character code 13
troff:lib/dpctl.man:165: warning: invalid input character code 13
troff:lib/dpctl.man:166: warning: invalid input character code 13
troff:lib/dpctl.man:167: warning: invalid input character code 13
troff:lib/dpctl.man:168: warning: invalid input character code 13
troff:lib/dpctl.man:169: warning: invalid input character code 13
troff:lib/dpctl.man:170: warning: invalid input character code 13
troff:lib/dpctl.man:171: warning: invalid input character code 13
troff:lib/dpctl.man:172: warning: invalid input character code 13
troff:lib/dpctl.man:173: warning: invalid input character code 13
troff:lib/dpctl.man:174: warning: invalid input character code 13
troff:lib/dpctl.man:175: warning: invalid input character code 13
troff:lib/dpctl.man:176: warning: invalid input character code 13
troff:lib/dpctl.man:177: warning: invalid input character code 13
troff:lib/dpctl.man:178: warning: invalid input character code 13
troff:lib/dpctl.man:179: warning: invalid input character code 13
troff:lib/dpctl.man:180: warning: invalid input character code 13
troff:lib/dpctl.man:181: warning: invalid input character code 13
troff:lib/dpctl.man:182: warning: invalid input character code 13
troff:lib/dpctl.man:183: warning: invalid input character code 13
troff:lib/dpctl.man:184: warning: invalid input character code 13
troff:lib/dpctl.man:185: warning: invalid input character code 13
troff:lib/dpctl.man:186: warning: invalid input character code 13
troff:lib/dpctl.man:187: warning: invalid input character code 13
troff:lib/dpctl.man:188: warning: invalid input character code 13
troff:lib/dpctl.man:189: warning: invalid input character code 13
troff:lib/dpctl.man:190: warning: invalid input character code 13
troff:lib/dpctl.man:191: warning: invalid input character code 13
troff:lib/dpctl.man:192: warning: invalid input character code 13
troff:lib/dpctl.man:193: warning: invalid input character code 13
troff:lib/dpctl.man:194: warning: invalid input character code 13
troff:lib/dpctl.man:195: warning: invalid input character code 13
troff:lib/dpctl.man:196: warning: invalid input character code 13
troff:lib/dpctl.man:197: warning: invalid input character code 13
troff:lib/dpctl.man:198: warning: invalid input character code 13
troff:lib/dpctl.man:199: warning: invalid input character code 13
troff:lib/dpctl.man:200: warning: invalid input character code 13
troff:lib/dpctl.man:201: warning: invalid input character code 13
troff:lib/dpctl.man:202: warning: invalid input character code 13
troff:lib/dpctl.man:203: warning: invalid input character code 13
troff:lib/dpctl.man:204: warning: invalid input character code 13
troff:lib/dpctl.man:205: warning: invalid input character code 13
troff:lib/dpctl.man:206: warning: invalid input character code 13
troff:lib/dpctl.man:207: warning: invalid input character code 13
troff:lib/dpctl.man:208: warning: invalid input character code 13
troff:lib/dpctl.man:209: warning: invalid input character code 13
troff:lib/dpctl.man:210: warning: invalid input character code 13
troff:lib/dpctl.man:211: warning: invalid input character code 13
troff:lib/dpctl.man:212: warning: invalid input character code 13
troff:lib/dpctl.man:213: warning: invalid input character code 13
troff:lib/dpctl.man:214: warning: invalid input character code 13
troff:lib/dpctl.man:215: warning: invalid input character code 13
troff:lib/dpctl.man:216: warning: invalid input character code 13
troff:lib/dpctl.man:217: warning: invalid input character code 13
troff:lib/dpctl.man:218: warning: invalid input character code 13
troff:lib/dpctl.man:219: warning: invalid input character code 13
troff:lib/dpctl.man:220: warning: invalid input character code 13
troff:lib/dpctl.man:221: warning: invalid input character code 13
troff:lib/dpctl.man:222: warning: invalid input character code 13
troff:lib/dpctl.man:223: warning: invalid input character code 13
troff:lib/dpctl.man:224: warning: invalid input character code 13
troff:lib/dpctl.man:225: warning: invalid input character code 13
troff:lib/dpctl.man:226: warning: invalid input character code 13
troff:lib/dpctl.man:227: warning: invalid input character code 13
troff:lib/dpctl.man:228: warning: invalid input character code 13
troff:lib/dpctl.man:229: warning: invalid input character code 13
troff:lib/dpctl.man:230: warning: invalid input character code 13
troff:lib/dpctl.man:231: warning: invalid input character code 13
troff:lib/dpctl.man:232: warning: invalid input character code 13
troff:lib/dpctl.man:233: warning: invalid input character code 13
troff:lib/dpctl.man:234: warning: invalid input character code 13
troff:lib/dpctl.man:235: warning: invalid input character code 13
troff:lib/dpctl.man:236: warning: invalid input character code 13
troff:lib/dpctl.man:237: warning: invalid input character code 13
troff:lib/dpctl.man:238: warning: invalid input character code 13
troff:lib/dpctl.man:239: warning: invalid input character code 13
troff:lib/dpctl.man:240: warning: invalid input character code 13
troff:lib/dpctl.man:241: warning: invalid input character code 13
troff:lib/dpctl.man:242: warning: invalid input character code 13
troff:lib/dpctl.man:243: warning: invalid input character code 13
troff:lib/dpctl.man:244: warning: invalid input character code 13
troff:lib/dpctl.man:245: warning: invalid input character code 13
troff:lib/dpctl.man:246: warning: invalid input character code 13
troff:lib/dpctl.man:247: warning: invalid input character code 13
troff:lib/dpctl.man:248: warning: invalid input character code 13
troff:lib/dpctl.man:249: warning: invalid input character code 13
troff:lib/dpctl.man:250: warning: invalid input character code 13
troff:lib/dpctl.man:251: warning: invalid input character code 13
troff:lib/dpctl.man:252: warning: invalid input character code 13
troff:lib/dpctl.man:253: warning: invalid input character code 13
troff:lib/dpctl.man:254: warning: invalid input character code 13
troff:lib/dpctl.man:255: warning: invalid input character code 13
troff:lib/dpctl.man:256: warning: invalid input character code 13
troff:lib/dpctl.man:257: warning: invalid input character code 13
troff:lib/dpctl.man:258: warning: invalid input character code 13
troff:lib/dpctl.man:259: warning: invalid input character code 13
troff:lib/dpctl.man:260: warning: invalid input character code 13
troff:lib/dpctl.man:261: warning: invalid input character code 13
troff:lib/dpctl.man:262: warning: invalid input character code 13
troff:lib/dpctl.man:263: warning: invalid input character code 13
troff:lib/dpctl.man:264: warning: invalid input character code 13
troff:lib/dpctl.man:265: warning: invalid input character code 13
troff:lib/dpctl.man:266: warning: invalid input character code 13
troff:lib/dpctl.man:267: warning: invalid input character code 13
troff:lib/dpctl.man:268: warning: invalid input character code 13
troff:lib/dpctl.man:269: warning: invalid input character code 13
troff:lib/dpctl.man:270: warning: invalid input character code 13
troff:lib/dpctl.man:271: warning: invalid input character code 13
troff:lib/dpctl.man:272: warning: invalid input character code 13
troff:lib/dpctl.man:273: warning: invalid input character code 13
troff:lib/dpctl.man:274: warning: invalid input character code 13
troff:lib/dpctl.man:275: warning: invalid input character code 13
troff:lib/dpctl.man:276: warning: invalid input character code 13
troff:lib/dpctl.man:277: warning: invalid input character code 13
troff:lib/dpctl.man:278: warning: invalid input character code 13
troff:lib/dpctl.man:279: warning: invalid input character code 13
troff:lib/dpctl.man:280: warning: invalid input character code 13
troff:lib/dpctl.man:281: warning: invalid input character code 13
troff:lib/dpctl.man:282: warning: invalid input character code 13
troff:lib/dpctl.man:283: warning: invalid input character code 13
troff:lib/dpctl.man:284: warning: invalid input character code 13
troff:lib/dpctl.man:285: warning: invalid input character code 13
troff:lib/dpctl.man:286: warning: invalid input character code 13
troff:lib/dpctl.man:287: warning: invalid input character code 13
troff:lib/dpctl.man:288: warning: invalid input character code 13
troff:lib/dpctl.man:289: warning: invalid input character code 13
troff:lib/dpctl.man:290: warning: invalid input character code 13
troff:lib/dpctl.man:291: warning: invalid input character code 13
troff:lib/dpctl.man:292: warning: invalid input character code 13
troff:lib/dpctl.man:293: warning: invalid input character code 13
troff:lib/dpctl.man:294: warning: invalid input character code 13
troff:lib/dpctl.man:295: warning: invalid input character code 13
troff:lib/dpctl.man:296: warning: invalid input character code 13
troff:lib/dpctl.man:297: warning: invalid input character code 13
troff:lib/dpctl.man:298: warning: invalid input character code 13
troff:lib/dpctl.man:299: warning: invalid input character code 13
troff:lib/dpctl.man:300: warning: invalid input character code 13
troff:lib/dpctl.man:301: warning: invalid input character code 13
troff:lib/dpctl.man:302: warning: invalid input character code 13
troff:lib/dpctl.man:303: warning: invalid input character code 13
troff:lib/dpctl.man:304: warning: invalid input character code 13
troff:lib/dpctl.man:305: warning: invalid input character code 13
troff:lib/dpctl.man:306: warning: invalid input character code 13
troff:lib/dpctl.man:307: warning: invalid input character code 13
troff:lib/dpctl.man:308: warning: invalid input character code 13
troff:lib/dpctl.man:309: warning: invalid input character code 13
troff:lib/dpctl.man:310: warning: invalid input character code 13
troff:lib/dpctl.man:311: warning: invalid input character code 13
troff:lib/dpctl.man:312: warning: invalid input character code 13
troff:lib/dpctl.man:313: warning: invalid input character code 13
troff:lib/dpctl.man:314: warning: invalid input character code 13
troff:lib/dpctl.man:315: warning: invalid input character code 13
troff:lib/dpctl.man:316: warning: invalid input character code 13
troff:lib/dpctl.man:317: warning: invalid input character code 13
troff:lib/dpctl.man:318: warning: invalid input character code 13
troff:lib/dpctl.man:319: warning: invalid input character code 13
troff:lib/dpctl.man:320: warning: invalid input character code 13
troff:lib/dpctl.man:321: warning: invalid input character code 13
troff:lib/dpctl.man:322: warning: invalid input character code 13
troff:lib/dpctl.man:323: warning: invalid input character code 13
troff:lib/dpctl.man:324: warning: invalid input character code 13
troff:lib/dpctl.man:325: warning: invalid input character code 13
troff:lib/dpctl.man:326: warning: invalid input character code 13
troff:lib/dpctl.man:327: warning: invalid input character code 13
troff:lib/dpctl.man:328: warning: invalid input character code 13
troff:lib/dpctl.man:329: warning: invalid input character code 13
troff:lib/dpctl.man:330: warning: invalid input character code 13
troff:lib/dpctl.man:331: warning: invalid input character code 13
troff:lib/dpctl.man:332: warning: invalid input character code 13
troff:lib/dpctl.man:333: warning: invalid input character code 13
troff:lib/dpctl.man:334: warning: invalid input character code 13
troff:lib/dpctl.man:335: warning: invalid input character code 13
troff:lib/dpctl.man:336: warning: invalid input character code 13
troff:lib/dpctl.man:337: warning: invalid input character code 13
troff:lib/dpctl.man:338: warning: invalid input character code 13
troff:lib/dpctl.man:339: warning: invalid input character code 13
troff:lib/dpctl.man:340: warning: invalid input character code 13
troff:lib/dpctl.man:341: warning: invalid input character code 13
troff:lib/dpctl.man:342: warning: invalid input character code 13
troff:lib/dpctl.man:343: warning: invalid input character code 13
troff:lib/dpctl.man:344: warning: invalid input character code 13
troff:lib/dpctl.man:345: warning: invalid input character code 13
troff:lib/dpctl.man:346: warning: invalid input character code 13
troff:lib/dpctl.man:347: warning: invalid input character code 13
troff:lib/dpctl.man:348: warning: invalid input character code 13
troff:lib/dpctl.man:349: warning: invalid input character code 13
troff:lib/dpctl.man:350: warning: invalid input character code 13
troff:lib/dpctl.man:351: warning: invalid input character code 13
troff:lib/dpctl.man:352: warning: invalid input character code 13
troff:lib/dpctl.man:353: warning: invalid input character code 13
troff:lib/dpctl.man:354: warning: invalid input character code 13
troff:lib/dpctl.man:355: warning: invalid input character code 13
troff:lib/dpctl.man:356: warning: invalid input character code 13
troff:lib/dpctl.man:357: warning: invalid input character code 13
troff:lib/dpctl.man:358: warning: invalid input character code 13
troff:lib/dpctl.man:359: warning: invalid input character code 13
troff:lib/dpctl.man:360: warning: invalid input character code 13
troff:lib/dpctl.man:361: warning: invalid input character code 13
troff:lib/dpctl.man:362: warning: invalid input character code 13
troff:lib/dpctl.man:363: warning: invalid input character code 13
troff:lib/dpctl.man:364: warning: invalid input character code 13
troff:lib/dpctl.man:365: warning: invalid input character code 13
troff:lib/dpctl.man:366: warning: invalid input character code 13
troff:lib/dpctl.man:367: warning: invalid input character code 13
troff:lib/dpctl.man:368: warning: invalid input character code 13
troff:lib/dpctl.man:369: warning: invalid input character code 13
troff:lib/dpctl.man:370: warning: invalid input character code 13
troff:lib/dpctl.man:371: warning: invalid input character code 13
troff:lib/dpctl.man:372: warning: invalid input character code 13
troff:lib/dpctl.man:373: warning: invalid input character code 13
troff:lib/dpctl.man:374: warning: invalid input character code 13
troff:lib/dpctl.man:375: warning: invalid input character code 13
troff:lib/dpctl.man:376: warning: invalid input character code 13
troff:lib/dpctl.man:377: warning: invalid input character code 13
troff:lib/dpctl.man:378: warning: invalid input character code 13
troff:lib/dpctl.man:379: warning: invalid input character code 13
troff:lib/dpctl.man:380: warning: invalid input character code 13
troff:lib/dpctl.man:381: warning: invalid input character code 13
troff:lib/dpctl.man:382: warning: invalid input character code 13
troff:lib/dpctl.man:383: warning: invalid input character code 13
troff:lib/dpctl.man:384: warning: invalid input character code 13
troff:lib/dpctl.man:385: warning: invalid input character code 13
troff:lib/dpctl.man:386: warning: invalid input character code 13
troff:lib/dpctl.man:387: warning: invalid input character code 13
troff:lib/dpctl.man:388: warning: invalid input character code 13
troff:lib/dpctl.man:389: warning: invalid input character code 13
troff:lib/dpctl.man:390: warning: invalid input character code 13
troff:lib/dpctl.man:391: warning: invalid input character code 13
troff:lib/dpctl.man:392: warning: invalid input character code 13
troff:lib/dpctl.man:393: warning: invalid input character code 13
troff:lib/dpctl.man:394: warning: invalid input character code 13
troff:lib/dpctl.man:395: warning: invalid input character code 13
troff:lib/dpctl.man:396: warning: invalid input character code 13
troff:lib/dpctl.man:397: warning: invalid input character code 13
troff:lib/dpctl.man:398: warning: invalid input character code 13
troff:lib/dpctl.man:399: warning: invalid input character code 13
troff:lib/dpctl.man:400: warning: invalid input character code 13
troff:lib/dpctl.man:401: warning: invalid input character code 13
troff:lib/dpctl.man:402: warning: invalid input character code 13
troff:lib/dpctl.man:403: warning: invalid input character code 13
troff:lib/dpctl.man:404: warning: invalid input character code 13
troff:lib/dpctl.man:405: warning: invalid input character code 13
troff:lib/dpctl.man:406: warning: invalid input character code 13
troff:lib/dpctl.man:407: warning: invalid input character code 13
troff:lib/dpctl.man:408: warning: invalid input character code 13
troff:lib/dpctl.man:409: warning: invalid input character code 13
troff:lib/dpctl.man:410: warning: invalid input character code 13
troff:lib/dpctl.man:411: warning: invalid input character code 13
troff:lib/dpctl.man:412: warning: invalid input character code 13
troff:lib/dpctl.man:413: warning: invalid input character code 13
troff:lib/dpctl.man:414: warning: invalid input character code 13
troff:lib/dpctl.man:415: warning: invalid input character code 13
troff:lib/dpctl.man:416: warning: invalid input character code 13
troff:lib/dpctl.man:417: warning: invalid input character code 13
troff:lib/dpctl.man:418: warning: invalid input character code 13
troff:lib/dpctl.man:419: warning: invalid input character code 13
troff:lib/dpctl.man:420: warning: invalid input character code 13
troff:lib/dpdk-unixctl.man:1: warning: invalid input character code 13
troff:lib/dpdk-unixctl.man:2: warning: invalid input character code 13
troff:lib/dpdk-unixctl.man:3: warning: invalid input character code 13
troff:lib/dpdk-unixctl.man:4: warning: invalid input character code 13
troff:lib/dpdk-unixctl.man:5: warning: invalid input character code 13
troff:lib/dpdk-unixctl.man:6: warning: invalid input character code 13
troff:lib/dpdk-unixctl.man:7: warning: invalid input character code 13
troff:lib/dpdk-unixctl.man:8: warning: invalid input character code 13
troff:lib/dpdk-unixctl.man:9: warning: invalid input character code 13
troff:lib/dpdk-unixctl.man:10: warning: invalid input character code 13
troff:lib/dpdk-unixctl.man:11: warning: invalid input character code 13
troff:lib/dpdk-unixctl.man:12: warning: invalid input character code 13
troff:lib/dpdk-unixctl.man:13: warning: invalid input character code 13
troff:lib/dpdk-unixctl.man:14: warning: invalid input character code 13
troff:lib/dpdk-unixctl.man:15: warning: invalid input character code 13
troff:lib/dpdk-unixctl.man:16: warning: invalid input character code 13
troff:lib/dpdk-unixctl.man:17: warning: invalid input character code 13
troff:lib/dpdk-unixctl.man:18: warning: invalid input character code 13
troff:lib/dpdk-unixctl.man:19: warning: invalid input character code 13
troff:lib/dpdk-unixctl.man:20: warning: invalid input character code 13
troff:lib/dpdk-unixctl.man:21: warning: invalid input character code 13
troff:lib/dpif-netdev-unixctl.man:1: warning: invalid input character code 13
troff:lib/dpif-netdev-unixctl.man:2: warning: invalid input character code 13
troff:lib/dpif-netdev-unixctl.man:3: warning: invalid input character code 13
troff:lib/dpif-netdev-unixctl.man:4: warning: invalid input character code 13
troff:lib/dpif-netdev-unixctl.man:5: warning: invalid input character code 13
troff:lib/dpif-netdev-unixctl.man:6: warning: invalid input character code 13
troff:lib/dpif-netdev-unixctl.man:7: warning: invalid input character code 13
troff:lib/dpif-netdev-unixctl.man:8: warning: invalid input character code 13
troff:lib/dpif-netdev-unixctl.man:9: warning: invalid input character code 13
troff:lib/dpif-netdev-unixctl.man:10: warning: invalid input character code 13
troff:lib/dpif-netdev-unixctl.man:11: warning: invalid input character code 13
troff:lib/dpif-netdev-unixctl.man:12: warning: invalid input character code 13
troff:lib/dpif-netdev-unixctl.man:13: warning: invalid input character code 13
troff:lib/dpif-netdev-unixctl.man:14: warning: invalid input character code 13
troff:lib/dpif-netdev-unixctl.man:15: warning: invalid input character code 13
troff:lib/dpif-netdev-unixctl.man:16: warning: invalid input character code 13
troff:lib/dpif-netdev-unixctl.man:17: warning: invalid input character code 13
troff:lib/dpif-netdev-unixctl.man:18: warning: invalid input character code 13
troff:lib/dpif-netdev-unixctl.man:19: warning: invalid input character code 13
troff:lib/dpif-netdev-unixctl.man:20: warning: invalid input character code 13
troff:lib/dpif-netdev-unixctl.man:21: warning: invalid input character code 13
troff:lib/dpif-netdev-unixctl.man:22: warning: invalid input character code 13
troff:lib/dpif-netdev-unixctl.man:23: warning: invalid input character code 13
troff:lib/dpif-netdev-unixctl.man:24: warning: invalid input character code 13
troff:lib/dpif-netdev-unixctl.man:25: warning: invalid input character code 13
troff:lib/dpif-netdev-unixctl.man:26: warning: invalid input character code 13
troff:lib/dpif-netdev-unixctl.man:27: warning: invalid input character code 13
troff:lib/dpif-netdev-unixctl.man:28: warning: invalid input character code 13
troff:lib/dpif-netdev-unixctl.man:29: warning: invalid input character code 13
troff:lib/dpif-netdev-unixctl.man:30: warning: invalid input character code 13
troff:lib/dpif-netdev-unixctl.man:31: warning: invalid input character code 13
troff:lib/dpif-netdev-unixctl.man:32: warning: invalid input character code 13
troff:lib/dpif-netdev-unixctl.man:33: warning: invalid input character code 13
troff:lib/dpif-netdev-unixctl.man:34: warning: invalid input character code 13
troff:lib/dpif-netdev-unixctl.man:35: warning: invalid input character code 13
troff:lib/dpif-netdev-unixctl.man:36: warning: invalid input character code 13
troff:lib/dpif-netdev-unixctl.man:37: warning: invalid input character code 13
troff:lib/dpif-netdev-unixctl.man:38: warning: invalid input character code 13
troff:lib/dpif-netdev-unixctl.man:39: warning: invalid input character code 13
troff:lib/dpif-netdev-unixctl.man:40: warning: invalid input character code 13
troff:lib/dpif-netdev-unixctl.man:41: warning: invalid input character code 13
troff:lib/dpif-netdev-unixctl.man:42: warning: invalid input character code 13
troff:lib/dpif-netdev-unixctl.man:43: warning: invalid input character code 13
troff:lib/dpif-netdev-unixctl.man:44: warning: invalid input character code 13
troff:lib/dpif-netdev-unixctl.man:45: warning: invalid input character code 13
troff:lib/dpif-netdev-unixctl.man:46: warning: invalid input character code 13
troff:lib/dpif-netdev-unixctl.man:47: warning: invalid input character code 13
troff:lib/dpif-netdev-unixctl.man:48: warning: invalid input character code 13
troff:lib/dpif-netdev-unixctl.man:49: warning: invalid input character code 13
troff:lib/dpif-netdev-unixctl.man:50: warning: invalid input character code 13
troff:lib/dpif-netdev-unixctl.man:51: warning: invalid input character code 13
troff:lib/dpif-netdev-unixctl.man:52: warning: invalid input character code 13
troff:lib/dpif-netdev-unixctl.man:53: warning: invalid input character code 13
troff:lib/dpif-netdev-unixctl.man:54: warning: invalid input character code 13
troff:lib/dpif-netdev-unixctl.man:55: warning: invalid input character code 13
troff:lib/dpif-netdev-unixctl.man:56: warning: invalid input character code 13
troff:lib/dpif-netdev-unixctl.man:57: warning: invalid input character code 13
troff:lib/dpif-netdev-unixctl.man:58: warning: invalid input character code 13
troff:lib/dpif-netdev-unixctl.man:59: warning: invalid input character code 13
troff:lib/dpif-netdev-unixctl.man:60: warning: invalid input character code 13
troff:lib/dpif-netdev-unixctl.man:61: warning: invalid input character code 13
troff:lib/dpif-netdev-unixctl.man:62: warning: invalid input character code 13
troff:lib/dpif-netdev-unixctl.man:63: warning: invalid input character code 13
troff:lib/dpif-netdev-unixctl.man:64: warning: invalid input character code 13
troff:lib/dpif-netdev-unixctl.man:65: warning: invalid input character code 13
troff:lib/dpif-netdev-unixctl.man:66: warning: invalid input character code 13
troff:lib/dpif-netdev-unixctl.man:67: warning: invalid input character code 13
troff:lib/dpif-netdev-unixctl.man:68: warning: invalid input character code 13
troff:lib/dpif-netdev-unixctl.man:69: warning: invalid input character code 13
troff:lib/dpif-netdev-unixctl.man:70: warning: invalid input character code 13
troff:lib/dpif-netdev-unixctl.man:71: warning: invalid input character code 13
troff:lib/dpif-netdev-unixctl.man:72: warning: invalid input character code 13
troff:lib/dpif-netdev-unixctl.man:73: warning: invalid input character code 13
troff:lib/dpif-netdev-unixctl.man:74: warning: invalid input character code 13
troff:lib/dpif-netdev-unixctl.man:75: warning: invalid input character code 13
troff:lib/dpif-netdev-unixctl.man:76: warning: invalid input character code 13
troff:lib/dpif-netdev-unixctl.man:77: warning: invalid input character code 13
troff:lib/dpif-netdev-unixctl.man:78: warning: invalid input character code 13
troff:lib/dpif-netdev-unixctl.man:79: warning: invalid input character code 13
troff:lib/dpif-netdev-unixctl.man:80: warning: invalid input character code 13
troff:lib/dpif-netdev-unixctl.man:81: warning: invalid input character code 13
troff:lib/dpif-netdev-unixctl.man:82: warning: invalid input character code 13
troff:lib/dpif-netdev-unixctl.man:83: warning: invalid input character code 13
troff:lib/dpif-netdev-unixctl.man:84: warning: invalid input character code 13
troff:lib/dpif-netdev-unixctl.man:85: warning: invalid input character code 13
troff:lib/dpif-netdev-unixctl.man:86: warning: invalid input character code 13
troff:lib/dpif-netdev-unixctl.man:87: warning: invalid input character code 13
troff:lib/dpif-netdev-unixctl.man:88: warning: invalid input character code 13
troff:lib/dpif-netdev-unixctl.man:89: warning: invalid input character code 13
troff:lib/dpif-netdev-unixctl.man:90: warning: invalid input character code 13
troff:lib/dpif-netdev-unixctl.man:91: warning: invalid input character code 13
troff:lib/dpif-netdev-unixctl.man:92: warning: invalid input character code 13
troff:lib/dpif-netdev-unixctl.man:93: warning: invalid input character code 13
troff:lib/dpif-netdev-unixctl.man:94: warning: invalid input character code 13
troff:lib/dpif-netdev-unixctl.man:95: warning: invalid input character code 13
troff:lib/dpif-netdev-unixctl.man:96: warning: invalid input character code 13
troff:lib/dpif-netdev-unixctl.man:97: warning: invalid input character code 13
troff:lib/dpif-netdev-unixctl.man:98: warning: invalid input character code 13
troff:lib/dpif-netdev-unixctl.man:99: warning: invalid input character code 13
troff:lib/dpif-netdev-unixctl.man:100: warning: invalid input character code 13
troff:lib/dpif-netdev-unixctl.man:101: warning: invalid input character code 13
troff:lib/dpif-netdev-unixctl.man:102: warning: invalid input character code 13
troff:lib/dpif-netdev-unixctl.man:103: warning: invalid input character code 13
troff:lib/dpif-netdev-unixctl.man:104: warning: invalid input character code 13
troff:lib/dpif-netdev-unixctl.man:105: warning: invalid input character code 13
troff:lib/dpif-netdev-unixctl.man:106: warning: invalid input character code 13
troff:lib/dpif-netdev-unixctl.man:107: warning: invalid input character code 13
troff:lib/dpif-netdev-unixctl.man:108: warning: invalid input character code 13
troff:lib/dpif-netdev-unixctl.man:109: warning: invalid input character code 13
troff:lib/dpif-netdev-unixctl.man:110: warning: invalid input character code 13
troff:lib/dpif-netdev-unixctl.man:111: warning: invalid input character code 13
troff:lib/dpif-netdev-unixctl.man:112: warning: invalid input character code 13
troff:lib/dpif-netdev-unixctl.man:113: warning: invalid input character code 13
troff:lib/dpif-netdev-unixctl.man:114: warning: invalid input character code 13
troff:lib/dpif-netdev-unixctl.man:115: warning: invalid input character code 13
troff:lib/dpif-netdev-unixctl.man:116: warning: invalid input character code 13
troff:lib/dpif-netdev-unixctl.man:117: warning: invalid input character code 13
troff:lib/dpif-netdev-unixctl.man:118: warning: invalid input character code 13
troff:lib/dpif-netdev-unixctl.man:119: warning: invalid input character code 13
troff:lib/dpif-netdev-unixctl.man:120: warning: invalid input character code 13
troff:lib/dpif-netdev-unixctl.man:121: warning: invalid input character code 13
troff:lib/dpif-netdev-unixctl.man:122: warning: invalid input character code 13
troff:lib/dpif-netdev-unixctl.man:123: warning: invalid input character code 13
troff:lib/dpif-netdev-unixctl.man:124: warning: invalid input character code 13
troff:lib/dpif-netdev-unixctl.man:125: warning: invalid input character code 13
troff:lib/dpif-netdev-unixctl.man:126: warning: invalid input character code 13
troff:lib/dpif-netdev-unixctl.man:127: warning: invalid input character code 13
troff:lib/dpif-netdev-unixctl.man:128: warning: invalid input character code 13
troff:lib/dpif-netdev-unixctl.man:129: warning: invalid input character code 13
troff:lib/dpif-netdev-unixctl.man:130: warning: invalid input character code 13
troff:lib/dpif-netdev-unixctl.man:131: warning: invalid input character code 13
troff:lib/dpif-netdev-unixctl.man:132: warning: invalid input character code 13
troff:lib/dpif-netdev-unixctl.man:133: warning: invalid input character code 13
troff:lib/dpif-netdev-unixctl.man:134: warning: invalid input character code 13
troff:lib/dpif-netdev-unixctl.man:135: warning: invalid input character code 13
troff:lib/dpif-netdev-unixctl.man:136: warning: invalid input character code 13
troff:lib/dpif-netdev-unixctl.man:137: warning: invalid input character code 13
troff:lib/dpif-netdev-unixctl.man:138: warning: invalid input character code 13
troff:lib/dpif-netdev-unixctl.man:139: warning: invalid input character code 13
troff:lib/dpif-netdev-unixctl.man:140: warning: invalid input character code 13
troff:lib/dpif-netdev-unixctl.man:141: warning: invalid input character code 13
troff:lib/dpif-netdev-unixctl.man:142: warning: invalid input character code 13
troff:lib/dpif-netdev-unixctl.man:143: warning: invalid input character code 13
troff:lib/dpif-netdev-unixctl.man:144: warning: invalid input character code 13
troff:lib/dpif-netdev-unixctl.man:145: warning: invalid input character code 13
troff:lib/dpif-netdev-unixctl.man:146: warning: invalid input character code 13
troff:lib/dpif-netdev-unixctl.man:147: warning: invalid input character code 13
troff:lib/dpif-netdev-unixctl.man:148: warning: invalid input character code 13
troff:lib/dpif-netdev-unixctl.man:149: warning: invalid input character code 13
troff:lib/dpif-netdev-unixctl.man:150: warning: invalid input character code 13
troff:lib/dpif-netdev-unixctl.man:151: warning: invalid input character code 13
troff:lib/dpif-netdev-unixctl.man:152: warning: invalid input character code 13
troff:lib/dpif-netdev-unixctl.man:153: warning: invalid input character code 13
troff:lib/dpif-netdev-unixctl.man:154: warning: invalid input character code 13
troff:lib/dpif-netdev-unixctl.man:155: warning: invalid input character code 13
troff:lib/dpif-netdev-unixctl.man:156: warning: invalid input character code 13
troff:lib/dpif-netdev-unixctl.man:157: warning: invalid input character code 13
troff:lib/dpif-netdev-unixctl.man:158: warning: invalid input character code 13
troff:lib/dpif-netdev-unixctl.man:159: warning: invalid input character code 13
troff:lib/dpif-netdev-unixctl.man:160: warning: invalid input character code 13
troff:lib/dpif-netdev-unixctl.man:161: warning: invalid input character code 13
troff:lib/dpif-netdev-unixctl.man:162: warning: invalid input character code 13
troff:lib/dpif-netdev-unixctl.man:163: warning: invalid input character code 13
troff:lib/dpif-netdev-unixctl.man:164: warning: invalid input character code 13
troff:lib/dpif-netdev-unixctl.man:165: warning: invalid input character code 13
troff:lib/dpif-netdev-unixctl.man:166: warning: invalid input character code 13
troff:lib/dpif-netdev-unixctl.man:167: warning: invalid input character code 13
troff:lib/dpif-netdev-unixctl.man:168: warning: invalid input character code 13
troff:lib/dpif-netdev-unixctl.man:169: warning: invalid input character code 13
troff:lib/dpif-netdev-unixctl.man:170: warning: invalid input character code 13
troff:lib/dpif-netdev-unixctl.man:171: warning: invalid input character code 13
troff:lib/dpif-netdev-unixctl.man:172: warning: invalid input character code 13
troff:lib/dpif-netdev-unixctl.man:173: warning: invalid input character code 13
troff:lib/dpif-netdev-unixctl.man:174: warning: invalid input character code 13
troff:lib/dpif-netdev-unixctl.man:175: warning: invalid input character code 13
troff:lib/dpif-netdev-unixctl.man:176: warning: invalid input character code 13
troff:lib/dpif-netdev-unixctl.man:177: warning: invalid input character code 13
troff:lib/dpif-netdev-unixctl.man:178: warning: invalid input character code 13
troff:lib/dpif-netdev-unixctl.man:179: warning: invalid input character code 13
troff:lib/dpif-netdev-unixctl.man:180: warning: invalid input character code 13
troff:lib/dpif-netdev-unixctl.man:181: warning: invalid input character code 13
troff:lib/dpif-netdev-unixctl.man:182: warning: invalid input character code 13
troff:lib/dpif-netdev-unixctl.man:183: warning: invalid input character code 13
troff:lib/dpif-netdev-unixctl.man:184: warning: invalid input character code 13
troff:lib/dpif-netdev-unixctl.man:185: warning: invalid input character code 13
troff:lib/dpif-netdev-unixctl.man:186: warning: invalid input character code 13
troff:lib/dpif-netdev-unixctl.man:187: warning: invalid input character code 13
troff:lib/dpif-netdev-unixctl.man:188: warning: invalid input character code 13
troff:lib/dpif-netdev-unixctl.man:189: warning: invalid input character code 13
troff:lib/dpif-netdev-unixctl.man:190: warning: invalid input character code 13
troff:lib/dpif-netdev-unixctl.man:191: warning: invalid input character code 13
troff:lib/dpif-netdev-unixctl.man:192: warning: invalid input character code 13
troff:lib/dpif-netdev-unixctl.man:193: warning: invalid input character code 13
troff:lib/dpif-netdev-unixctl.man:194: warning: invalid input character code 13
troff:lib/dpif-netdev-unixctl.man:195: warning: invalid input character code 13
troff:lib/dpif-netdev-unixctl.man:196: warning: invalid input character code 13
troff:lib/dpif-netdev-unixctl.man:197: warning: invalid input character code 13
troff:lib/dpif-netdev-unixctl.man:198: warning: invalid input character code 13
troff:lib/dpif-netdev-unixctl.man:199: warning: invalid input character code 13
troff:lib/dpif-netdev-unixctl.man:200: warning: invalid input character code 13
troff:lib/dpif-netdev-unixctl.man:201: warning: invalid input character code 13
troff:lib/dpif-netdev-unixctl.man:202: warning: invalid input character code 13
troff:lib/dpif-netdev-unixctl.man:203: warning: invalid input character code 13
troff:lib/dpif-netdev-unixctl.man:204: warning: invalid input character code 13
troff:lib/dpif-netdev-unixctl.man:205: warning: invalid input character code 13
troff:lib/dpif-netdev-unixctl.man:206: warning: invalid input character code 13
troff:lib/dpif-netdev-unixctl.man:207: warning: invalid input character code 13
troff:lib/dpif-netdev-unixctl.man:208: warning: invalid input character code 13
troff:lib/dpif-netdev-unixctl.man:209: warning: invalid input character code 13
troff:lib/dpif-netdev-unixctl.man:210: warning: invalid input character code 13
troff:lib/dpif-netdev-unixctl.man:211: warning: invalid input character code 13
troff:lib/dpif-netdev-unixctl.man:212: warning: invalid input character code 13
troff:lib/dpif-netdev-unixctl.man:213: warning: invalid input character code 13
troff:lib/dpif-netdev-unixctl.man:214: warning: invalid input character code 13
troff:lib/dpif-netdev-unixctl.man:215: warning: invalid input character code 13
troff:lib/dpif-netdev-unixctl.man:216: warning: invalid input character code 13
troff:lib/dpif-netdev-unixctl.man:217: warning: invalid input character code 13
troff:lib/dpif-netdev-unixctl.man:218: warning: invalid input character code 13
troff:lib/dpif-netdev-unixctl.man:219: warning: invalid input character code 13
troff:lib/dpif-netdev-unixctl.man:220: warning: invalid input character code 13
troff:lib/dpif-netdev-unixctl.man:221: warning: invalid input character code 13
troff:lib/dpif-netdev-unixctl.man:222: warning: invalid input character code 13
troff:lib/dpif-netdev-unixctl.man:223: warning: invalid input character code 13
troff:lib/dpif-netdev-unixctl.man:224: warning: invalid input character code 13
troff:lib/dpif-netdev-unixctl.man:225: warning: invalid input character code 13
troff:lib/dpif-netdev-unixctl.man:226: warning: invalid input character code 13
troff:lib/dpif-netdev-unixctl.man:227: warning: invalid input character code 13
troff:lib/dpif-netdev-unixctl.man:228: warning: invalid input character code 13
troff:lib/dpif-netdev-unixctl.man:229: warning: invalid input character code 13
troff:lib/dpif-netdev-unixctl.man:230: warning: invalid input character code 13
troff:lib/dpif-netdev-unixctl.man:231: warning: invalid input character code 13
troff:lib/dpif-netdev-unixctl.man:232: warning: invalid input character code 13
troff:lib/dpif-netdev-unixctl.man:233: warning: invalid input character code 13
troff:lib/dpif-netdev-unixctl.man:234: warning: invalid input character code 13
troff:lib/dpif-netdev-unixctl.man:235: warning: invalid input character code 13
troff:lib/dpif-netdev-unixctl.man:236: warning: invalid input character code 13
troff:lib/dpif-netdev-unixctl.man:237: warning: invalid input character code 13
troff:lib/dpif-netdev-unixctl.man:238: warning: invalid input character code 13
troff:lib/dpif-netdev-unixctl.man:239: warning: invalid input character code 13
troff:lib/dpif-netdev-unixctl.man:240: warning: invalid input character code 13
troff:lib/dpif-netdev-unixctl.man:241: warning: invalid input character code 13
troff:lib/dpif-netdev-unixctl.man:242: warning: invalid input character code 13
troff:lib/dpif-netdev-unixctl.man:243: warning: invalid input character code 13
troff:lib/dpif-netdev-unixctl.man:244: warning: invalid input character code 13
troff:lib/dpif-netdev-unixctl.man:245: warning: invalid input character code 13
troff:lib/dpif-netdev-unixctl.man:246: warning: invalid input character code 13
troff:lib/dpif-netdev-unixctl.man:247: warning: invalid input character code 13
troff:lib/dpif-netdev-unixctl.man:248: warning: invalid input character code 13
troff:lib/dpif-netdev-unixctl.man:249: warning: invalid input character code 13
troff:lib/dpif-netdev-unixctl.man:250: warning: invalid input character code 13
troff:lib/dpif-netdev-unixctl.man:251: warning: invalid input character code 13
troff:lib/dpif-netdev-unixctl.man:252: warning: invalid input character code 13
troff:lib/dpif-netdev-unixctl.man:253: warning: invalid input character code 13
troff:lib/dpif-netdev-unixctl.man:254: warning: invalid input character code 13
troff:lib/dpif-netdev-unixctl.man:255: warning: invalid input character code 13
troff:lib/dpif-netdev-unixctl.man:256: warning: invalid input character code 13
troff:lib/dpif-netdev-unixctl.man:257: warning: invalid input character code 13
troff:lib/dpif-netdev-unixctl.man:258: warning: invalid input character code 13
troff:lib/dpif-netdev-unixctl.man:259: warning: invalid input character code 13
troff:lib/dpif-netdev-unixctl.man:260: warning: invalid input character code 13
troff:lib/dpif-netdev-unixctl.man:261: warning: invalid input character code 13
troff:lib/dpif-netdev-unixctl.man:262: warning: invalid input character code 13
troff:lib/dpif-netdev-unixctl.man:263: warning: invalid input character code 13
troff:lib/dpif-netdev-unixctl.man:264: warning: invalid input character code 13
troff:lib/dpif-netlink-unixctl.man:1: warning: invalid input character code 13
troff:lib/dpif-netlink-unixctl.man:2: warning: invalid input character code 13
troff:lib/dpif-netlink-unixctl.man:3: warning: invalid input character code 13
troff:lib/dpif-netlink-unixctl.man:4: warning: invalid input character code 13
troff:lib/dpif-netlink-unixctl.man:5: warning: invalid input character code 13
troff:lib/dpif-netlink-unixctl.man:6: warning: invalid input character code 13
troff:lib/netdev-dpdk-unixctl.man:1: warning: invalid input character code 13
troff:lib/netdev-dpdk-unixctl.man:2: warning: invalid input character code 13
troff:lib/netdev-dpdk-unixctl.man:3: warning: invalid input character code 13
troff:lib/netdev-dpdk-unixctl.man:4: warning: invalid input character code 13
troff:lib/netdev-dpdk-unixctl.man:5: warning: invalid input character code 13
troff:lib/netdev-dpdk-unixctl.man:6: warning: invalid input character code 13
troff:lib/netdev-dpdk-unixctl.man:7: warning: invalid input character code 13
troff:lib/netdev-dpdk-unixctl.man:8: warning: invalid input character code 13
troff:lib/netdev-dpdk-unixctl.man:9: warning: invalid input character code 13
troff:lib/netdev-dpdk-unixctl.man:10: warning: invalid input character code 13
troff:lib/netdev-dpdk-unixctl.man:11: warning: invalid input character code 13
troff:lib/netdev-dpdk-unixctl.man:12: warning: invalid input character code 13
troff:lib/netdev-dpdk-unixctl.man:13: warning: invalid input character code 13
troff:lib/netdev-dpdk-unixctl.man:14: warning: invalid input character code 13
troff:lib/odp-execute-unixctl.man:1: warning: invalid input character code 13
troff:lib/odp-execute-unixctl.man:2: warning: invalid input character code 13
troff:lib/odp-execute-unixctl.man:3: warning: invalid input character code 13
troff:lib/odp-execute-unixctl.man:4: warning: invalid input character code 13
troff:lib/odp-execute-unixctl.man:5: warning: invalid input character code 13
troff:lib/odp-execute-unixctl.man:6: warning: invalid input character code 13
troff:lib/odp-execute-unixctl.man:7: warning: invalid input character code 13
troff:lib/odp-execute-unixctl.man:8: warning: invalid input character code 13
troff:lib/odp-execute-unixctl.man:9: warning: invalid input character code 13
troff:lib/odp-execute-unixctl.man:10: warning: invalid input character code 13
troff:ofproto/ofproto-dpif-unixctl.man:1: warning: invalid input character code 13
troff:ofproto/ofproto-dpif-unixctl.man:2: warning: invalid input character code 13
troff:ofproto/ofproto-dpif-unixctl.man:3: warning: invalid input character code 13
troff:ofproto/ofproto-dpif-unixctl.man:4: warning: invalid input character code 13
troff:ofproto/ofproto-dpif-unixctl.man:5: warning: invalid input character code 13
troff:ofproto/ofproto-dpif-unixctl.man:6: warning: invalid input character code 13
troff:ofproto/ofproto-dpif-unixctl.man:7: warning: invalid input character code 13
troff:ofproto/ofproto-dpif-unixctl.man:8: warning: invalid input character code 13
troff:ofproto/ofproto-dpif-unixctl.man:9: warning: invalid input character code 13
troff:ofproto/ofproto-dpif-unixctl.man:10: warning: invalid input character code 13
troff:ofproto/ofproto-dpif-unixctl.man:11: warning: invalid input character code 13
troff:ofproto/ofproto-dpif-unixctl.man:12: warning: invalid input character code 13
troff:ofproto/ofproto-dpif-unixctl.man:13: warning: invalid input character code 13
troff:ofproto/ofproto-dpif-unixctl.man:14: warning: invalid input character code 13
troff:ofproto/ofproto-dpif-unixctl.man:15: warning: invalid input character code 13
troff:ofproto/ofproto-dpif-unixctl.man:16: warning: invalid input character code 13
troff:ofproto/ofproto-dpif-unixctl.man:17: warning: invalid input character code 13
troff:ofproto/ofproto-dpif-unixctl.man:18: warning: invalid input character code 13
troff:ofproto/ofproto-dpif-unixctl.man:19: warning: invalid input character code 13
troff:ofproto/ofproto-dpif-unixctl.man:20: warning: invalid input character code 13
troff:ofproto/ofproto-dpif-unixctl.man:21: warning: invalid input character code 13
troff:ofproto/ofproto-dpif-unixctl.man:22: warning: invalid input character code 13
troff:ofproto/ofproto-dpif-unixctl.man:23: warning: invalid input character code 13
troff:ofproto/ofproto-dpif-unixctl.man:24: warning: invalid input character code 13
troff:ofproto/ofproto-dpif-unixctl.man:25: warning: invalid input character code 13
troff:ofproto/ofproto-dpif-unixctl.man:26: warning: invalid input character code 13
troff:ofproto/ofproto-dpif-unixctl.man:27: warning: invalid input character code 13
troff:ofproto/ofproto-dpif-unixctl.man:28: warning: invalid input character code 13
troff:ofproto/ofproto-dpif-unixctl.man:29: warning: invalid input character code 13
troff:ofproto/ofproto-dpif-unixctl.man:30: warning: invalid input character code 13
troff:ofproto/ofproto-dpif-unixctl.man:31: warning: invalid input character code 13
troff:ofproto/ofproto-dpif-unixctl.man:32: warning: invalid input character code 13
troff:ofproto/ofproto-dpif-unixctl.man:33: warning: invalid input character code 13
troff:ofproto/ofproto-dpif-unixctl.man:34: warning: invalid input character code 13
troff:ofproto/ofproto-unixctl.man:1: warning: invalid input character code 13
troff:ofproto/ofproto-unixctl.man:2: warning: invalid input character code 13
troff:ofproto/ofproto-unixctl.man:3: warning: invalid input character code 13
troff:ofproto/ofproto-unixctl.man:4: warning: invalid input character code 13
troff:ofproto/ofproto-unixctl.man:5: warning: invalid input character code 13
troff:ofproto/ofproto-unixctl.man:6: warning: invalid input character code 13
troff:ofproto/ofproto-unixctl.man:7: warning: invalid input character code 13
troff:ofproto/ofproto-unixctl.man:8: warning: invalid input character code 13
troff:ofproto/ofproto-unixctl.man:9: warning: invalid input character code 13
troff:ofproto/ofproto-unixctl.man:10: warning: invalid input character code 13
troff:ofproto/ofproto-unixctl.man:11: warning: invalid input character code 13
troff:ofproto/ofproto-unixctl.man:12: warning: invalid input character code 13
troff:ofproto/ofproto-unixctl.man:13: warning: invalid input character code 13
troff:ofproto/ofproto-unixctl.man:14: warning: invalid input character code 13
troff:ofproto/ofproto-unixctl.man:15: warning: invalid input character code 13
troff:ofproto/ofproto-unixctl.man:16: warning: invalid input character code 13
troff:ofproto/ofproto-unixctl.man:17: warning: invalid input character code 13
troff:ofproto/ofproto-unixctl.man:18: warning: invalid input character code 13
troff:ofproto/ofproto-unixctl.man:19: warning: invalid input character code 13
troff:ofproto/ofproto-unixctl.man:20: warning: invalid input character code 13
troff:ofproto/ofproto-unixctl.man:21: warning: invalid input character code 13
troff:ofproto/ofproto-unixctl.man:22: warning: invalid input character code 13
troff:ofproto/ofproto-unixctl.man:23: warning: invalid input character code 13
troff:ofproto/ofproto-unixctl.man:24: warning: invalid input character code 13
troff:ofproto/ofproto-unixctl.man:25: warning: invalid input character code 13
troff:ofproto/ofproto-unixctl.man:26: warning: invalid input character code 13
troff:ofproto/ofproto-unixctl.man:27: warning: invalid input character code 13
troff:ofproto/ofproto-unixctl.man:28: warning: invalid input character code 13
troff:ofproto/ofproto-unixctl.man:29: warning: invalid input character code 13
troff:ofproto/ofproto-unixctl.man:30: warning: invalid input character code 13
troff:ofproto/ofproto-unixctl.man:31: warning: invalid input character code 13
troff:ofproto/ofproto-unixctl.man:32: warning: invalid input character code 13
troff:ofproto/ofproto-unixctl.man:33: warning: invalid input character code 13
troff:ofproto/ofproto-unixctl.man:34: warning: invalid input character code 13
troff:ofproto/ofproto-unixctl.man:35: warning: invalid input character code 13
troff:ofproto/ofproto-unixctl.man:36: warning: invalid input character code 13
troff:ofproto/ofproto-unixctl.man:37: warning: invalid input character code 13
troff:ofproto/ofproto-unixctl.man:38: warning: invalid input character code 13
troff:ofproto/ofproto-unixctl.man:39: warning: invalid input character code 13
troff:ofproto/ofproto-unixctl.man:40: warning: invalid input character code 13
troff:ofproto/ofproto-unixctl.man:41: warning: invalid input character code 13
troff:ofproto/ofproto-unixctl.man:42: warning: invalid input character code 13
troff:ofproto/ofproto-unixctl.man:43: warning: invalid input character code 13
troff:ofproto/ofproto-unixctl.man:44: warning: invalid input character code 13
troff:ofproto/ofproto-unixctl.man:45: warning: invalid input character code 13
troff:ofproto/ofproto-unixctl.man:46: warning: invalid input character code 13
troff:ofproto/ofproto-unixctl.man:47: warning: invalid input character code 13
troff:ofproto/ofproto-unixctl.man:48: warning: invalid input character code 13
troff:ofproto/ofproto-unixctl.man:49: warning: invalid input character code 13
troff:ofproto/ofproto-unixctl.man:50: warning: invalid input character code 13
troff:ofproto/ofproto-unixctl.man:51: warning: invalid input character code 13
troff:ofproto/ofproto-unixctl.man:52: warning: invalid input character code 13
troff:ofproto/ofproto-unixctl.man:53: warning: invalid input character code 13
troff:ofproto/ofproto-unixctl.man:54: warning: invalid input character code 13
troff:ofproto/ofproto-unixctl.man:55: warning: invalid input character code 13
troff:ofproto/ofproto-unixctl.man:56: warning: invalid input character code 13
troff:ofproto/ofproto-unixctl.man:57: warning: invalid input character code 13
troff:ofproto/ofproto-unixctl.man:58: warning: invalid input character code 13
troff:ofproto/ofproto-unixctl.man:59: warning: invalid input character code 13
troff:ofproto/ofproto-unixctl.man:60: warning: invalid input character code 13
troff:ofproto/ofproto-unixctl.man:61: warning: invalid input character code 13
troff:ofproto/ofproto-unixctl.man:62: warning: invalid input character code 13
troff:ofproto/ofproto-unixctl.man:63: warning: invalid input character code 13
troff:ofproto/ofproto-unixctl.man:64: warning: invalid input character code 13
troff:ofproto/ofproto-unixctl.man:65: warning: invalid input character code 13
troff:ofproto/ofproto-unixctl.man:66: warning: invalid input character code 13
troff:ofproto/ofproto-unixctl.man:67: warning: invalid input character code 13
troff:ofproto/ofproto-unixctl.man:68: warning: invalid input character code 13
troff:ofproto/ofproto-unixctl.man:69: warning: invalid input character code 13
troff:ofproto/ofproto-unixctl.man:70: warning: invalid input character code 13
troff:ofproto/ofproto-unixctl.man:71: warning: invalid input character code 13
troff:ofproto/ofproto-unixctl.man:72: warning: invalid input character code 13
troff:ofproto/ofproto-unixctl.man:73: warning: invalid input character code 13
troff:ofproto/ofproto-unixctl.man:74: warning: invalid input character code 13
troff:ofproto/ofproto-unixctl.man:75: warning: invalid input character code 13
troff:ofproto/ofproto-unixctl.man:76: warning: invalid input character code 13
troff:ofproto/ofproto-unixctl.man:77: warning: invalid input character code 13
troff:ofproto/ofproto-unixctl.man:78: warning: invalid input character code 13
troff:ofproto/ofproto-unixctl.man:79: warning: invalid input character code 13
troff:ofproto/ofproto-unixctl.man:80: warning: invalid input character code 13
troff:ofproto/ofproto-unixctl.man:81: warning: invalid input character code 13
troff:ofproto/ofproto-unixctl.man:82: warning: invalid input character code 13
troff:ofproto/ofproto-unixctl.man:83: warning: invalid input character code 13
troff:ofproto/ofproto-unixctl.man:84: warning: invalid input character code 13
troff:ofproto/ofproto-unixctl.man:85: warning: invalid input character code 13
troff:ofproto/ofproto-unixctl.man:86: warning: invalid input character code 13
troff:ofproto/ofproto-unixctl.man:87: warning: invalid input character code 13
troff:ofproto/ofproto-unixctl.man:88: warning: invalid input character code 13
troff:ofproto/ofproto-unixctl.man:89: warning: invalid input character code 13
troff:ofproto/ofproto-unixctl.man:90: warning: invalid input character code 13
troff:ofproto/ofproto-unixctl.man:91: warning: invalid input character code 13
troff:ofproto/ofproto-unixctl.man:92: warning: invalid input character code 13
troff:ofproto/ofproto-unixctl.man:93: warning: invalid input character code 13
troff:ofproto/ofproto-unixctl.man:94: warning: invalid input character code 13
troff:ofproto/ofproto-unixctl.man:95: warning: invalid input character code 13
troff:ofproto/ofproto-unixctl.man:96: warning: invalid input character code 13
troff:ofproto/ofproto-unixctl.man:97: warning: invalid input character code 13
troff:ofproto/ofproto-unixctl.man:98: warning: invalid input character code 13
troff:ofproto/ofproto-unixctl.man:99: warning: invalid input character code 13
troff:ofproto/ofproto-unixctl.man:100: warning: invalid input character code 13
troff:ofproto/ofproto-unixctl.man:101: warning: invalid input character code 13
troff:ofproto/ofproto-unixctl.man:102: warning: invalid input character code 13
troff:ofproto/ofproto-unixctl.man:103: warning: invalid input character code 13
troff:ofproto/ofproto-unixctl.man:104: warning: invalid input character code 13
troff:ofproto/ofproto-unixctl.man:105: warning: invalid input character code 13
troff:ofproto/ofproto-unixctl.man:106: warning: invalid input character code 13
troff:ofproto/ofproto-unixctl.man:107: warning: invalid input character code 13
troff:ofproto/ofproto-unixctl.man:108: warning: invalid input character code 13
troff:ofproto/ofproto-unixctl.man:109: warning: invalid input character code 13
troff:ofproto/ofproto-unixctl.man:110: warning: invalid input character code 13
troff:ofproto/ofproto-unixctl.man:111: warning: invalid input character code 13
troff:ofproto/ofproto-unixctl.man:112: warning: invalid input character code 13
troff:ofproto/ofproto-unixctl.man:113: warning: invalid input character code 13
troff:ofproto/ofproto-unixctl.man:114: warning: invalid input character code 13
troff:ofproto/ofproto-unixctl.man:115: warning: invalid input character code 13
troff:ofproto/ofproto-unixctl.man:116: warning: invalid input character code 13
troff:ofproto/ofproto-unixctl.man:117: warning: invalid input character code 13
troff:ofproto/ofproto-unixctl.man:118: warning: invalid input character code 13
troff:ofproto/ofproto-unixctl.man:119: warning: invalid input character code 13
troff:ofproto/ofproto-unixctl.man:120: warning: invalid input character code 13
troff:ofproto/ofproto-unixctl.man:121: warning: invalid input character code 13
troff:ofproto/ofproto-unixctl.man:122: warning: invalid input character code 13
troff:ofproto/ofproto-unixctl.man:123: warning: invalid input character code 13
troff:ofproto/ofproto-unixctl.man:124: warning: invalid input character code 13
troff:ofproto/ofproto-unixctl.man:125: warning: invalid input character code 13
troff:ofproto/ofproto-unixctl.man:126: warning: invalid input character code 13
troff:ofproto/ofproto-unixctl.man:127: warning: invalid input character code 13
troff:ofproto/ofproto-unixctl.man:128: warning: invalid input character code 13
troff:ofproto/ofproto-unixctl.man:129: warning: invalid input character code 13
troff:ofproto/ofproto-unixctl.man:130: warning: invalid input character code 13
troff:ofproto/ofproto-unixctl.man:131: warning: invalid input character code 13
troff:ofproto/ofproto-unixctl.man:132: warning: invalid input character code 13
troff:ofproto/ofproto-unixctl.man:133: warning: invalid input character code 13
troff:ofproto/ofproto-unixctl.man:134: warning: invalid input character code 13
troff:ofproto/ofproto-unixctl.man:135: warning: invalid input character code 13
troff:ofproto/ofproto-unixctl.man:136: warning: invalid input character code 13
troff:ofproto/ofproto-unixctl.man:137: warning: invalid input character code 13
troff:ofproto/ofproto-unixctl.man:138: warning: invalid input character code 13
troff:ofproto/ofproto-unixctl.man:139: warning: invalid input character code 13
troff:ofproto/ofproto-unixctl.man:140: warning: invalid input character code 13
troff:ofproto/ofproto-unixctl.man:141: warning: invalid input character code 13
troff:ofproto/ofproto-unixctl.man:142: warning: invalid input character code 13
troff:ofproto/ofproto-unixctl.man:143: warning: invalid input character code 13
troff:ofproto/ofproto-unixctl.man:144: warning: invalid input character code 13
troff:ofproto/ofproto-unixctl.man:145: warning: invalid input character code 13
troff:ofproto/ofproto-unixctl.man:146: warning: invalid input character code 13
troff:ofproto/ofproto-unixctl.man:147: warning: invalid input character code 13
troff:ofproto/ofproto-unixctl.man:148: warning: invalid input character code 13
troff:ofproto/ofproto-unixctl.man:149: warning: invalid input character code 13
troff:ofproto/ofproto-unixctl.man:150: warning: invalid input character code 13
troff:ofproto/ofproto-unixctl.man:151: warning: invalid input character code 13
troff:ofproto/ofproto-unixctl.man:152: warning: invalid input character code 13
troff:ofproto/ofproto-unixctl.man:153: warning: invalid input character code 13
troff:ofproto/ofproto-unixctl.man:154: warning: invalid input character code 13
troff:ofproto/ofproto-unixctl.man:155: warning: invalid input character code 13
troff:ofproto/ofproto-unixctl.man:156: warning: invalid input character code 13
troff:ofproto/ofproto-unixctl.man:157: warning: invalid input character code 13
troff:ofproto/ofproto-unixctl.man:158: warning: invalid input character code 13
troff:ofproto/ofproto-unixctl.man:159: warning: invalid input character code 13
troff:ofproto/ofproto-unixctl.man:160: warning: invalid input character code 13
troff:ofproto/ofproto-unixctl.man:161: warning: invalid input character code 13
troff:ofproto/ofproto-unixctl.man:162: warning: invalid input character code 13
troff:ofproto/ofproto-unixctl.man:163: warning: invalid input character code 13
troff:ofproto/ofproto-unixctl.man:164: warning: invalid input character code 13
troff:ofproto/ofproto-unixctl.man:165: warning: invalid input character code 13
troff:ofproto/ofproto-unixctl.man:166: warning: invalid input character code 13
troff:ofproto/ofproto-unixctl.man:167: warning: invalid input character code 13
troff:ofproto/ofproto-unixctl.man:168: warning: invalid input character code 13
troff:ofproto/ofproto-unixctl.man:169: warning: invalid input character code 13
troff:ofproto/ofproto-unixctl.man:170: warning: invalid input character code 13
troff:ofproto/ofproto-unixctl.man:171: warning: invalid input character code 13
troff:ofproto/ofproto-unixctl.man:172: warning: invalid input character code 13
troff:ofproto/ofproto-unixctl.man:173: warning: invalid input character code 13
troff:ofproto/ofproto-unixctl.man:174: warning: invalid input character code 13
troff:ofproto/ofproto-unixctl.man:175: warning: invalid input character code 13
troff:ofproto/ofproto-unixctl.man:176: warning: invalid input character code 13
troff:ofproto/ofproto-unixctl.man:177: warning: invalid input character code 13
troff:ofproto/ofproto-unixctl.man:178: warning: invalid input character code 13
troff:ofproto/ofproto-unixctl.man:179: warning: invalid input character code 13
troff:ofproto/ofproto-unixctl.man:180: warning: invalid input character code 13
troff:ofproto/ofproto-unixctl.man:181: warning: invalid input character code 13
troff:ofproto/ofproto-unixctl.man:182: warning: invalid input character code 13
troff:ofproto/ofproto-unixctl.man:183: warning: invalid input character code 13
troff:ofproto/ofproto-unixctl.man:184: warning: invalid input character code 13
troff:ofproto/ofproto-unixctl.man:185: warning: invalid input character code 13
troff:ofproto/ofproto-unixctl.man:186: warning: invalid input character code 13
troff:ofproto/ofproto-unixctl.man:187: warning: invalid input character code 13
troff:ofproto/ofproto-unixctl.man:188: warning: invalid input character code 13
troff:ofproto/ofproto-unixctl.man:189: warning: invalid input character code 13
troff:ofproto/ofproto-unixctl.man:190: warning: invalid input character code 13
troff:ofproto/ofproto-unixctl.man:191: warning: invalid input character code 13
troff:ofproto/ofproto-unixctl.man:192: warning: invalid input character code 13
troff:ofproto/ofproto-unixctl.man:193: warning: invalid input character code 13
troff:ofproto/ofproto-unixctl.man:194: warning: invalid input character code 13
troff:ofproto/ofproto-unixctl.man:195: warning: invalid input character code 13
troff:ofproto/ofproto-unixctl.man:196: warning: invalid input character code 13
troff:ofproto/ofproto-unixctl.man:197: warning: invalid input character code 13
troff:ofproto/ofproto-unixctl.man:198: warning: invalid input character code 13
troff:ofproto/ofproto-unixctl.man:199: warning: invalid input character code 13
troff:ofproto/ofproto-unixctl.man:200: warning: invalid input character code 13
troff:ofproto/ofproto-unixctl.man:201: warning: invalid input character code 13
troff:ofproto/ofproto-unixctl.man:202: warning: invalid input character code 13
troff:ofproto/ofproto-unixctl.man:203: warning: invalid input character code 13
troff:ofproto/ofproto-unixctl.man:204: warning: invalid input character code 13
troff:ofproto/ofproto-unixctl.man:205: warning: invalid input character code 13
troff:ofproto/ofproto-unixctl.man:206: warning: invalid input character code 13
troff:ofproto/ofproto-unixctl.man:207: warning: invalid input character code 13
troff:ofproto/ofproto-unixctl.man:208: warning: invalid input character code 13
troff:ofproto/ofproto-unixctl.man:209: warning: invalid input character code 13
troff:ofproto/ofproto-unixctl.man:210: warning: invalid input character code 13
troff:ofproto/ofproto-unixctl.man:211: warning: invalid input character code 13
troff:ofproto/ofproto-unixctl.man:212: warning: invalid input character code 13
troff:ofproto/ofproto-unixctl.man:213: warning: invalid input character code 13
troff:ofproto/ofproto-unixctl.man:214: warning: invalid input character code 13
troff:ofproto/ofproto-unixctl.man:215: warning: invalid input character code 13
troff:ofproto/ofproto-unixctl.man:216: warning: invalid input character code 13
troff:ofproto/ofproto-unixctl.man:217: warning: invalid input character code 13
troff:ofproto/ofproto-unixctl.man:218: warning: invalid input character code 13
troff:ofproto/ofproto-unixctl.man:219: warning: invalid input character code 13
troff:ofproto/ofproto-unixctl.man:220: warning: invalid input character code 13
troff:ofproto/ofproto-unixctl.man:221: warning: invalid input character code 13
troff:ofproto/ofproto-unixctl.man:222: warning: invalid input character code 13
troff:ofproto/ofproto-unixctl.man:223: warning: invalid input character code 13
troff:ofproto/ofproto-unixctl.man:224: warning: invalid input character code 13
troff:ofproto/ofproto-unixctl.man:225: warning: invalid input character code 13
troff:ofproto/ofproto-unixctl.man:226: warning: invalid input character code 13
troff:ofproto/ofproto-unixctl.man:227: warning: invalid input character code 13
troff:ofproto/ofproto-unixctl.man:228: warning: invalid input character code 13
troff:ofproto/ofproto-unixctl.man:229: warning: invalid input character code 13
troff:ofproto/ofproto-unixctl.man:230: warning: invalid input character code 13
troff:ofproto/ofproto-unixctl.man:231: warning: invalid input character code 13
troff:ofproto/ofproto-unixctl.man:232: warning: invalid input character code 13
troff:lib/vlog-unixctl.man:1: warning: invalid input character code 13
troff:lib/vlog-unixctl.man:2: warning: invalid input character code 13
troff:lib/vlog-unixctl.man:3: warning: invalid input character code 13
troff:lib/vlog-unixctl.man:4: warning: invalid input character code 13
troff:lib/vlog-unixctl.man:5: warning: invalid input character code 13
troff:lib/vlog-unixctl.man:6: warning: invalid input character code 13
troff:lib/vlog-unixctl.man:7: warning: invalid input character code 13
troff:lib/vlog-unixctl.man:8: warning: invalid input character code 13
troff:lib/vlog-unixctl.man:9: warning: invalid input character code 13
troff:lib/vlog-unixctl.man:10: warning: invalid input character code 13
troff:lib/vlog-unixctl.man:11: warning: invalid input character code 13
troff:lib/vlog-unixctl.man:12: warning: invalid input character code 13
troff:lib/vlog-unixctl.man:13: warning: invalid input character code 13
troff:lib/vlog-unixctl.man:14: warning: invalid input character code 13
troff:lib/vlog-unixctl.man:15: warning: invalid input character code 13
troff:lib/vlog-unixctl.man:16: warning: invalid input character code 13
troff:lib/vlog-unixctl.man:17: warning: invalid input character code 13
troff:lib/vlog-unixctl.man:18: warning: invalid input character code 13
troff:lib/vlog-unixctl.man:19: warning: invalid input character code 13
troff:lib/vlog-unixctl.man:20: warning: invalid input character code 13
troff:lib/vlog-unixctl.man:21: warning: invalid input character code 13
troff:lib/vlog-unixctl.man:22: warning: invalid input character code 13
troff:lib/vlog-unixctl.man:23: warning: invalid input character code 13
troff:lib/vlog-unixctl.man:24: warning: invalid input character code 13
troff:lib/vlog-unixctl.man:25: warning: invalid input character code 13
troff:lib/vlog-unixctl.man:26: warning: invalid input character code 13
troff:lib/vlog-unixctl.man:27: warning: invalid input character code 13
troff:lib/vlog-unixctl.man:28: warning: invalid input character code 13
troff:lib/vlog-unixctl.man:29: warning: invalid input character code 13
troff:lib/vlog-unixctl.man:30: warning: invalid input character code 13
troff:lib/vlog-unixctl.man:31: warning: invalid input character code 13
troff:lib/vlog-unixctl.man:32: warning: invalid input character code 13
troff:lib/vlog-unixctl.man:33: warning: invalid input character code 13
troff:lib/vlog-unixctl.man:34: warning: invalid input character code 13
troff:lib/vlog-unixctl.man:35: warning: invalid input character code 13
troff:lib/vlog-unixctl.man:36: warning: invalid input character code 13
troff:lib/vlog-unixctl.man:37: warning: invalid input character code 13
troff:lib/vlog-unixctl.man:38: warning: invalid input character code 13
troff:lib/vlog-unixctl.man:39: warning: invalid input character code 13
troff:lib/vlog-unixctl.man:40: warning: invalid input character code 13
troff:lib/vlog-unixctl.man:41: warning: invalid input character code 13
troff:lib/vlog-unixctl.man:42: warning: invalid input character code 13
troff:lib/vlog-unixctl.man:43: warning: invalid input character code 13
troff:lib/vlog-unixctl.man:44: warning: invalid input character code 13
troff:lib/vlog-unixctl.man:45: warning: invalid input character code 13
troff:lib/vlog-unixctl.man:46: warning: invalid input character code 13
troff:lib/vlog-unixctl.man:47: warning: invalid input character code 13
troff:lib/vlog-unixctl.man:48: warning: invalid input character code 13
troff:lib/vlog-unixctl.man:49: warning: invalid input character code 13
troff:lib/vlog-unixctl.man:50: warning: invalid input character code 13
troff:lib/vlog-unixctl.man:51: warning: invalid input character code 13
troff:lib/vlog-unixctl.man:52: warning: invalid input character code 13
troff:lib/vlog-unixctl.man:53: warning: invalid input character code 13
troff:lib/vlog-unixctl.man:54: warning: invalid input character code 13
troff:lib/vlog-unixctl.man:55: warning: invalid input character code 13
troff:lib/vlog-unixctl.man:56: warning: invalid input character code 13
troff:lib/vlog-unixctl.man:57: warning: invalid input character code 13
troff:lib/vlog-unixctl.man:58: warning: invalid input character code 13
troff:lib/vlog-unixctl.man:59: warning: invalid input character code 13
troff:lib/vlog-unixctl.man:60: warning: invalid input character code 13
troff:lib/vlog-unixctl.man:61: warning: invalid input character code 13
troff:lib/vlog-unixctl.man:62: warning: invalid input character code 13
troff:lib/vlog-unixctl.man:63: warning: invalid input character code 13
troff:lib/vlog-unixctl.man:64: warning: invalid input character code 13
troff:lib/vlog-unixctl.man:65: warning: invalid input character code 13
troff:lib/vlog-unixctl.man:66: warning: invalid input character code 13
troff:lib/vlog-unixctl.man:67: warning: invalid input character code 13
troff:lib/vlog-unixctl.man:68: warning: invalid input character code 13
troff:lib/vlog-unixctl.man:69: warning: invalid input character code 13
troff:lib/vlog-unixctl.man:70: warning: invalid input character code 13
troff:lib/vlog-unixctl.man:71: warning: invalid input character code 13
troff:lib/vlog-unixctl.man:72: warning: invalid input character code 13
troff:lib/vlog-unixctl.man:73: warning: invalid input character code 13
troff:lib/vlog-unixctl.man:74: warning: invalid input character code 13
troff:lib/vlog-unixctl.man:75: warning: invalid input character code 13
troff:lib/vlog-unixctl.man:76: warning: invalid input character code 13
troff:lib/vlog-unixctl.man:77: warning: invalid input character code 13
troff:lib/vlog-unixctl.man:78: warning: invalid input character code 13
troff:lib/vlog-unixctl.man:79: warning: invalid input character code 13
troff:lib/memory-unixctl.man:1: warning: invalid input character code 13
troff:lib/memory-unixctl.man:2: warning: invalid input character code 13
troff:lib/memory-unixctl.man:3: warning: invalid input character code 13
troff:lib/memory-unixctl.man:4: warning: invalid input character code 13
troff:lib/memory-unixctl.man:5: warning: invalid input character code 13
troff:lib/memory-unixctl.man:6: warning: invalid input character code 13
troff:lib/memory-unixctl.man:7: warning: invalid input character code 13
troff:lib/coverage-unixctl.man:1: warning: invalid input character code 13
troff:lib/coverage-unixctl.man:2: warning: invalid input character code 13
troff:lib/coverage-unixctl.man:3: warning: invalid input character code 13
troff:lib/coverage-unixctl.man:4: warning: invalid input character code 13
troff:lib/coverage-unixctl.man:5: warning: invalid input character code 13
troff:lib/coverage-unixctl.man:6: warning: invalid input character code 13
troff:lib/coverage-unixctl.man:7: warning: invalid input character code 13
troff:lib/coverage-unixctl.man:8: warning: invalid input character code 13
troff:lib/coverage-unixctl.man:9: warning: invalid input character code 13
troff:lib/coverage-unixctl.man:10: warning: invalid input character code 13
troff:lib/coverage-unixctl.man:11: warning: invalid input character code 13
troff:lib/coverage-unixctl.man:12: warning: invalid input character code 13
troff:lib/coverage-unixctl.man:13: warning: invalid input character code 13
troff:lib/coverage-unixctl.man:14: warning: invalid input character code 13
troff:lib/coverage-unixctl.man:15: warning: invalid input character code 13
troff:ofproto/ofproto-tnl-unixctl.man:1: warning: invalid input character code 13
troff:ofproto/ofproto-tnl-unixctl.man:2: warning: invalid input character code 13
troff:ofproto/ofproto-tnl-unixctl.man:3: warning: invalid input character code 13
troff:ofproto/ofproto-tnl-unixctl.man:4: warning: invalid input character code 13
troff:ofproto/ofproto-tnl-unixctl.man:5: warning: invalid input character code 13
troff:ofproto/ofproto-tnl-unixctl.man:6: warning: invalid input character code 13
troff:ofproto/ofproto-tnl-unixctl.man:7: warning: invalid input character code 13
troff:ofproto/ofproto-tnl-unixctl.man:8: warning: invalid input character code 13
troff:ofproto/ofproto-tnl-unixctl.man:9: warning: invalid input character code 13
troff:ofproto/ofproto-tnl-unixctl.man:10: warning: invalid input character code 13
troff:ofproto/ofproto-tnl-unixctl.man:11: warning: invalid input character code 13
troff:ofproto/ofproto-tnl-unixctl.man:12: warning: invalid input character code 13
troff:ofproto/ofproto-tnl-unixctl.man:13: warning: invalid input character code 13
troff:ofproto/ofproto-tnl-unixctl.man:14: warning: invalid input character code 13
troff:ofproto/ofproto-tnl-unixctl.man:15: warning: invalid input character code 13
troff:ofproto/ofproto-tnl-unixctl.man:16: warning: invalid input character code 13
troff:ofproto/ofproto-tnl-unixctl.man:17: warning: invalid input character code 13
troff:ofproto/ofproto-tnl-unixctl.man:18: warning: invalid input character code 13
troff:ofproto/ofproto-tnl-unixctl.man:19: warning: invalid input character code 13
troff:ofproto/ofproto-tnl-unixctl.man:20: warning: invalid input character code 13
troff:ofproto/ofproto-tnl-unixctl.man:21: warning: invalid input character code 13
troff:ofproto/ofproto-tnl-unixctl.man:22: warning: invalid input character code 13
troff:ofproto/ofproto-tnl-unixctl.man:23: warning: invalid input character code 13
troff:ofproto/ofproto-tnl-unixctl.man:24: warning: invalid input character code 13
troff:ofproto/ofproto-tnl-unixctl.man:25: warning: invalid input character code 13
troff:ofproto/ofproto-tnl-unixctl.man:26: warning: invalid input character code 13
troff:ofproto/ofproto-tnl-unixctl.man:27: warning: invalid input character code 13
troff:ofproto/ofproto-tnl-unixctl.man:28: warning: invalid input character code 13
troff:ofproto/ofproto-tnl-unixctl.man:29: warning: invalid input character code 13
troff:ofproto/ofproto-tnl-unixctl.man:30: warning: invalid input character code 13
troff:ofproto/ofproto-tnl-unixctl.man:31: warning: invalid input character code 13
troff:ofproto/ofproto-tnl-unixctl.man:32: warning: invalid input character code 13
troff:ofproto/ofproto-tnl-unixctl.man:33: warning: invalid input character code 13
troff:ofproto/ofproto-tnl-unixctl.man:34: warning: invalid input character code 13
troff:ofproto/ofproto-tnl-unixctl.man:35: warning: invalid input character code 13
troff:ofproto/ofproto-tnl-unixctl.man:36: warning: invalid input character code 13
troff:ofproto/ofproto-tnl-unixctl.man:37: warning: invalid input character code 13
troff:ofproto/ofproto-tnl-unixctl.man:38: warning: invalid input character code 13
troff:ofproto/ofproto-tnl-unixctl.man:39: warning: invalid input character code 13
troff:ofproto/ofproto-tnl-unixctl.man:40: warning: invalid input character code 13
troff:ofproto/ofproto-tnl-unixctl.man:41: warning: invalid input character code 13
troff:ofproto/ofproto-tnl-unixctl.man:42: warning: invalid input character code 13
troff:ofproto/ofproto-tnl-unixctl.man:43: warning: invalid input character code 13
troff:lib/ovs.tmac:1: warning: invalid input character code 13
troff:lib/ovs.tmac:2: warning: invalid input character code 13
troff:lib/ovs.tmac:3: warning: invalid input character code 13
troff:lib/ovs.tmac:4: warning: invalid input character code 13
troff:lib/ovs.tmac:5: warning: invalid input character code 13
troff:lib/ovs.tmac:6: warning: invalid input character code 13
troff:lib/ovs.tmac:7: warning: invalid input character code 13
troff:lib/ovs.tmac:8: warning: invalid input character code 13
troff:lib/ovs.tmac:9: warning: invalid input character code 13
troff:lib/ovs.tmac:10: warning: invalid input character code 13
troff:lib/ovs.tmac:11: warning: invalid input character code 13
troff:lib/ovs.tmac:12: warning: invalid input character code 13
troff:lib/ovs.tmac:13: warning: invalid input character code 13
troff:lib/ovs.tmac:14: warning: invalid input character code 13
troff:lib/ovs.tmac:15: warning: invalid input character code 13
troff:lib/ovs.tmac:16: warning: invalid input character code 13
troff:lib/ovs.tmac:17: warning: invalid input character code 13
troff:lib/ovs.tmac:18: warning: invalid input character code 13
troff:lib/ovs.tmac:19: warning: invalid input character code 13
troff:lib/ovs.tmac:20: warning: invalid input character code 13
troff:lib/ovs.tmac:21: warning: invalid input character code 13
troff:lib/ovs.tmac:22: warning: invalid input character code 13
troff:lib/ovs.tmac:23: warning: invalid input character code 13
troff:lib/ovs.tmac:24: warning: invalid input character code 13
troff:lib/ovs.tmac:25: warning: invalid input character code 13
troff:lib/ovs.tmac:26: warning: invalid input character code 13
troff:lib/ovs.tmac:27: warning: invalid input character code 13
troff:lib/ovs.tmac:28: warning: invalid input character code 13
troff:lib/ovs.tmac:29: warning: invalid input character code 13
troff:lib/ovs.tmac:30: warning: invalid input character code 13
troff:lib/ovs.tmac:31: warning: invalid input character code 13
troff:lib/ovs.tmac:32: warning: invalid input character code 13
troff:lib/ovs.tmac:33: warning: invalid input character code 13
troff:lib/ovs.tmac:34: warning: invalid input character code 13
troff:lib/ovs.tmac:35: warning: invalid input character code 13
troff:lib/ovs.tmac:36: warning: invalid input character code 13
troff:lib/ovs.tmac:37: warning: invalid input character code 13
troff:lib/ovs.tmac:38: warning: invalid input character code 13
troff:lib/ovs.tmac:39: warning: invalid input character code 13
troff:lib/ovs.tmac:40: warning: invalid input character code 13
troff:lib/ovs.tmac:41: warning: invalid input character code 13
troff:lib/ovs.tmac:42: warning: invalid input character code 13
troff:lib/ovs.tmac:43: warning: invalid input character code 13
troff:lib/ovs.tmac:44: warning: invalid input character code 13
troff:lib/ovs.tmac:45: warning: invalid input character code 13
troff:lib/ovs.tmac:46: warning: invalid input character code 13
troff:lib/ovs.tmac:47: warning: invalid input character code 13
troff:lib/ovs.tmac:48: warning: invalid input character code 13
troff:lib/ovs.tmac:49: warning: invalid input character code 13
troff:lib/ovs.tmac:50: warning: invalid input character code 13
troff:lib/ovs.tmac:51: warning: invalid input character code 13
troff:lib/ovs.tmac:52: warning: invalid input character code 13
troff:lib/ovs.tmac:53: warning: invalid input character code 13
troff:lib/ovs.tmac:54: warning: invalid input character code 13
troff:lib/ovs.tmac:55: warning: invalid input character code 13
troff:lib/ovs.tmac:56: warning: invalid input character code 13
troff:lib/ovs.tmac:57: warning: invalid input character code 13
troff:lib/ovs.tmac:58: warning: invalid input character code 13
troff:lib/ovs.tmac:59: warning: invalid input character code 13
troff:lib/ovs.tmac:60: warning: invalid input character code 13
troff:lib/ovs.tmac:61: warning: invalid input character code 13
troff:lib/ovs.tmac:62: warning: invalid input character code 13
troff:lib/ovs.tmac:63: warning: invalid input character code 13
troff:lib/ovs.tmac:64: warning: invalid input character code 13
troff:lib/ovs.tmac:65: warning: invalid input character code 13
troff:lib/ovs.tmac:66: warning: invalid input character code 13
troff:lib/ovs.tmac:67: warning: invalid input character code 13
troff:lib/ovs.tmac:68: warning: invalid input character code 13
troff:lib/ovs.tmac:69: warning: invalid input character code 13
troff:lib/ovs.tmac:70: warning: invalid input character code 13
troff:lib/ovs.tmac:71: warning: invalid input character code 13
troff:lib/ovs.tmac:72: warning: invalid input character code 13
troff:lib/ovs.tmac:73: warning: invalid input character code 13
troff:lib/ovs.tmac:74: warning: invalid input character code 13
troff:lib/ovs.tmac:75: warning: invalid input character code 13
troff:lib/ovs.tmac:76: warning: invalid input character code 13
troff:lib/ovs.tmac:77: warning: invalid input character code 13
troff:lib/ovs.tmac:78: warning: invalid input character code 13
troff:lib/ovs.tmac:79: warning: invalid input character code 13
troff:lib/ovs.tmac:80: warning: invalid input character code 13
troff:lib/ovs.tmac:81: warning: invalid input character code 13
troff:lib/ovs.tmac:82: warning: invalid input character code 13
troff:lib/ovs.tmac:83: warning: invalid input character code 13
troff:lib/ovs.tmac:84: warning: invalid input character code 13
troff:lib/ovs.tmac:85: warning: invalid input character code 13
troff:lib/ovs.tmac:86: warning: invalid input character code 13
troff:lib/ovs.tmac:87: warning: invalid input character code 13
troff:lib/ovs.tmac:88: warning: invalid input character code 13
troff:lib/ovs.tmac:89: warning: invalid input character code 13
troff:lib/ovs.tmac:90: warning: invalid input character code 13
troff:lib/ovs.tmac:91: warning: invalid input character code 13
troff:lib/ovs.tmac:92: warning: invalid input character code 13
troff:lib/ovs.tmac:93: warning: invalid input character code 13
troff:lib/ovs.tmac:94: warning: invalid input character code 13
troff:lib/ovs.tmac:95: warning: invalid input character code 13
troff:lib/ovs.tmac:96: warning: invalid input character code 13
troff:lib/ovs.tmac:97: warning: invalid input character code 13
troff:lib/ovs.tmac:98: warning: invalid input character code 13
troff:lib/ovs.tmac:99: warning: invalid input character code 13
troff:lib/ovs.tmac:100: warning: invalid input character code 13
troff:lib/ovs.tmac:101: warning: invalid input character code 13
troff:lib/ovs.tmac:102: warning: invalid input character code 13
troff:lib/ovs.tmac:103: warning: invalid input character code 13
troff:lib/ovs.tmac:104: warning: invalid input character code 13
troff:lib/ovs.tmac:105: warning: invalid input character code 13
troff:lib/ovs.tmac:106: warning: invalid input character code 13
troff:lib/ovs.tmac:107: warning: invalid input character code 13
troff:lib/ovs.tmac:108: warning: invalid input character code 13
troff:lib/ovs.tmac:109: warning: invalid input character code 13
troff:lib/ovs.tmac:110: warning: invalid input character code 13
troff:lib/ovs.tmac:111: warning: invalid input character code 13
troff:lib/ovs.tmac:112: warning: invalid input character code 13
troff:lib/ovs.tmac:113: warning: invalid input character code 13
troff:lib/ovs.tmac:114: warning: invalid input character code 13
troff:lib/ovs.tmac:115: warning: invalid input character code 13
troff:lib/ovs.tmac:116: warning: invalid input character code 13
troff:lib/ovs.tmac:117: warning: invalid input character code 13
troff:lib/ovs.tmac:118: warning: invalid input character code 13
troff:lib/ovs.tmac:119: warning: invalid input character code 13
troff:lib/ovs.tmac:120: warning: invalid input character code 13
troff:lib/ovs.tmac:121: warning: invalid input character code 13
troff:lib/ovs.tmac:122: warning: invalid input character code 13
troff:lib/ovs.tmac:123: warning: invalid input character code 13
troff:lib/ovs.tmac:124: warning: invalid input character code 13
troff:lib/ovs.tmac:125: warning: invalid input character code 13
troff:lib/ovs.tmac:126: warning: invalid input character code 13
troff:lib/ovs.tmac:127: warning: invalid input character code 13
troff:lib/ovs.tmac:128: warning: invalid input character code 13
troff:lib/ovs.tmac:129: warning: invalid input character code 13
troff:lib/ovs.tmac:130: warning: invalid input character code 13
troff:lib/ovs.tmac:131: warning: invalid input character code 13
troff:lib/ovs.tmac:132: warning: invalid input character code 13
troff:lib/ovs.tmac:133: warning: invalid input character code 13
troff:lib/ovs.tmac:134: warning: invalid input character code 13
troff:lib/ovs.tmac:135: warning: invalid input character code 13
troff:lib/ovs.tmac:136: warning: invalid input character code 13
troff:lib/ovs.tmac:137: warning: invalid input character code 13
troff:lib/ovs.tmac:138: warning: invalid input character code 13
troff:lib/ovs.tmac:139: warning: invalid input character code 13
troff:lib/ovs.tmac:140: warning: invalid input character code 13
troff:lib/ovs.tmac:141: warning: invalid input character code 13
troff:lib/ovs.tmac:142: warning: invalid input character code 13
troff:lib/ovs.tmac:143: warning: invalid input character code 13
troff:lib/ovs.tmac:144: warning: invalid input character code 13
troff:lib/ovs.tmac:145: warning: invalid input character code 13
troff:lib/ovs.tmac:146: warning: invalid input character code 13
troff:lib/ovs.tmac:147: warning: invalid input character code 13
troff:lib/ovs.tmac:148: warning: invalid input character code 13
troff:lib/ovs.tmac:149: warning: invalid input character code 13
troff:lib/ovs.tmac:150: warning: invalid input character code 13
troff:lib/ovs.tmac:151: warning: invalid input character code 13
troff:lib/ovs.tmac:152: warning: invalid input character code 13
troff:lib/ovs.tmac:153: warning: invalid input character code 13
troff:lib/ovs.tmac:154: warning: invalid input character code 13
troff:lib/ovs.tmac:155: warning: invalid input character code 13
troff:lib/ovs.tmac:156: warning: invalid input character code 13
troff:lib/ovs.tmac:157: warning: invalid input character code 13
troff:lib/ovs.tmac:158: warning: invalid input character code 13
troff:lib/ovs.tmac:159: warning: invalid input character code 13
troff:lib/ovs.tmac:160: warning: invalid input character code 13
troff:lib/ovs.tmac:161: warning: invalid input character code 13
troff:lib/ovs.tmac:162: warning: invalid input character code 13
troff:lib/ovs.tmac:163: warning: invalid input character code 13
troff:lib/ovs.tmac:164: warning: invalid input character code 13
troff:lib/ovs.tmac:165: warning: invalid input character code 13
troff:lib/ovs.tmac:166: warning: invalid input character code 13
troff:lib/ovs.tmac:167: warning: invalid input character code 13
troff:lib/ovs.tmac:168: warning: invalid input character code 13
troff:lib/ovs.tmac:169: warning: invalid input character code 13
troff:lib/ovs.tmac:170: warning: invalid input character code 13
troff:lib/ovs.tmac:171: warning: invalid input character code 13
troff:lib/ovs.tmac:172: warning: invalid input character code 13
troff:lib/ovs.tmac:173: warning: invalid input character code 13
troff:lib/ovs.tmac:174: warning: invalid input character code 13
troff:lib/ovs.tmac:175: warning: invalid input character code 13
troff:lib/ovs.tmac:176: warning: invalid input character code 13
troff:lib/ovs.tmac:177: warning: invalid input character code 13
troff:lib/ovs.tmac:178: warning: invalid input character code 13
troff:lib/ovs.tmac:179: warning: invalid input character code 13
troff:lib/ovs.tmac:180: warning: invalid input character code 13
troff:lib/ovs.tmac:181: warning: invalid input character code 13
troff:lib/ovs.tmac:182: warning: invalid input character code 13
troff:lib/ovs.tmac:183: warning: invalid input character code 13
troff:lib/ovs.tmac:184: warning: invalid input character code 13
troff:lib/ovs.tmac:185: warning: invalid input character code 13
troff:lib/ovs.tmac:186: warning: invalid input character code 13
troff:lib/ovs.tmac:187: warning: invalid input character code 13
troff:lib/ovs.tmac:188: warning: invalid input character code 13
troff:lib/ovs.tmac:189: warning: invalid input character code 13
troff:lib/ovs.tmac:190: warning: invalid input character code 13
troff:lib/vlog-syn.man:1: warning: invalid input character code 13
troff:lib/vlog-syn.man:2: warning: invalid input character code 13
troff:lib/vlog-syn.man:3: warning: invalid input character code 13
troff:lib/vlog-syn.man:4: warning: invalid input character code 13
troff:lib/vlog-syn.man:5: warning: invalid input character code 13
troff:lib/vlog-syn.man:6: warning: invalid input character code 13
troff:lib/common-syn.man:1: warning: invalid input character code 13
troff:lib/common-syn.man:2: warning: invalid input character code 13
troff:lib/common-syn.man:3: warning: invalid input character code 13
troff:lib/common-syn.man:4: warning: invalid input character code 13
troff:ovsdb/ovsdb-schemas.man:1: warning: invalid input character code 13
troff:ovsdb/ovsdb-schemas.man:2: warning: invalid input character code 13
troff:ovsdb/ovsdb-schemas.man:3: warning: invalid input character code 13
troff:ovsdb/ovsdb-schemas.man:4: warning: invalid input character code 13
troff:ovsdb/ovsdb-schemas.man:5: warning: invalid input character code 13
troff:ovsdb/ovsdb-schemas.man:6: warning: invalid input character code 13
troff:ovsdb/ovsdb-schemas.man:7: warning: invalid input character code 13
troff:ovsdb/ovsdb-schemas.man:8: warning: invalid input character code 13
troff:ovsdb/ovsdb-schemas.man:9: warning: invalid input character code 13
troff:ovsdb/ovsdb-schemas.man:10: warning: invalid input character code 13
troff:ovsdb/ovsdb-schemas.man:11: warning: invalid input character code 13
troff:ovsdb/ovsdb-schemas.man:12: warning: invalid input character code 13
troff:ovsdb/ovsdb-schemas.man:13: warning: invalid input character code 13
troff:ovsdb/ovsdb-schemas.man:14: warning: invalid input character code 13
troff:ovsdb/ovsdb-schemas.man:15: warning: invalid input character code 13
troff:ovsdb/ovsdb-schemas.man:16: warning: invalid input character code 13
troff:ovsdb/ovsdb-schemas.man:17: warning: invalid input character code 13
troff:ovsdb/ovsdb-schemas.man:18: warning: invalid input character code 13
troff:ovsdb/ovsdb-schemas.man:19: warning: invalid input character code 13
troff:lib/vlog.man:1: warning: invalid input character code 13
troff:lib/vlog.man:2: warning: invalid input character code 13
troff:lib/vlog.man:3: warning: invalid input character code 13
troff:lib/vlog.man:4: warning: invalid input character code 13
troff:lib/vlog.man:5: warning: invalid input character code 13
troff:lib/vlog.man:6: warning: invalid input character code 13
troff:lib/vlog.man:7: warning: invalid input character code 13
troff:lib/vlog.man:8: warning: invalid input character code 13
troff:lib/vlog.man:9: warning: invalid input character code 13
troff:lib/vlog.man:10: warning: invalid input character code 13
troff:lib/vlog.man:11: warning: invalid input character code 13
troff:lib/vlog.man:12: warning: invalid input character code 13
troff:lib/vlog.man:13: warning: invalid input character code 13
troff:lib/vlog.man:14: warning: invalid input character code 13
troff:lib/vlog.man:15: warning: invalid input character code 13
troff:lib/vlog.man:16: warning: invalid input character code 13
troff:lib/vlog.man:17: warning: invalid input character code 13
troff:lib/vlog.man:18: warning: invalid input character code 13
troff:lib/vlog.man:19: warning: invalid input character code 13
troff:lib/vlog.man:20: warning: invalid input character code 13
troff:lib/vlog.man:21: warning: invalid input character code 13
troff:lib/vlog.man:22: warning: invalid input character code 13
troff:lib/vlog.man:23: warning: invalid input character code 13
troff:lib/vlog.man:24: warning: invalid input character code 13
troff:lib/vlog.man:25: warning: invalid input character code 13
troff:lib/vlog.man:26: warning: invalid input character code 13
troff:lib/vlog.man:27: warning: invalid input character code 13
troff:lib/vlog.man:28: warning: invalid input character code 13
troff:lib/vlog.man:29: warning: invalid input character code 13
troff:lib/vlog.man:30: warning: invalid input character code 13
troff:lib/vlog.man:31: warning: invalid input character code 13
troff:lib/vlog.man:32: warning: invalid input character code 13
troff:lib/vlog.man:33: warning: invalid input character code 13
troff:lib/vlog.man:34: warning: invalid input character code 13
troff:lib/vlog.man:35: warning: invalid input character code 13
troff:lib/vlog.man:36: warning: invalid input character code 13
troff:lib/vlog.man:37: warning: invalid input character code 13
troff:lib/vlog.man:38: warning: invalid input character code 13
troff:lib/vlog.man:39: warning: invalid input character code 13
troff:lib/vlog.man:40: warning: invalid input character code 13
troff:lib/vlog.man:41: warning: invalid input character code 13
troff:lib/vlog.man:42: warning: invalid input character code 13
troff:lib/vlog.man:43: warning: invalid input character code 13
troff:lib/vlog.man:44: warning: invalid input character code 13
troff:lib/vlog.man:45: warning: invalid input character code 13
troff:lib/vlog.man:46: warning: invalid input character code 13
troff:lib/vlog.man:47: warning: invalid input character code 13
troff:lib/vlog.man:48: warning: invalid input character code 13
troff:lib/vlog.man:49: warning: invalid input character code 13
troff:lib/vlog.man:50: warning: invalid input character code 13
troff:lib/vlog.man:51: warning: invalid input character code 13
troff:lib/vlog.man:52: warning: invalid input character code 13
troff:lib/vlog.man:53: warning: invalid input character code 13
troff:lib/vlog.man:54: warning: invalid input character code 13
troff:lib/vlog.man:55: warning: invalid input character code 13
troff:lib/vlog.man:56: warning: invalid input character code 13
troff:lib/vlog.man:57: warning: invalid input character code 13
troff:lib/vlog.man:58: warning: invalid input character code 13
troff:lib/vlog.man:59: warning: invalid input character code 13
troff:lib/vlog.man:60: warning: invalid input character code 13
troff:lib/vlog.man:61: warning: invalid input character code 13
troff:lib/vlog.man:62: warning: invalid input character code 13
troff:lib/vlog.man:63: warning: invalid input character code 13
troff:lib/vlog.man:64: warning: invalid input character code 13
troff:lib/vlog.man:65: warning: invalid input character code 13
troff:lib/vlog.man:66: warning: invalid input character code 13
troff:lib/vlog.man:67: warning: invalid input character code 13
troff:lib/vlog.man:68: warning: invalid input character code 13
troff:lib/vlog.man:69: warning: invalid input character code 13
troff:lib/vlog.man:70: warning: invalid input character code 13
troff:lib/vlog.man:71: warning: invalid input character code 13
troff:lib/vlog.man:72: warning: invalid input character code 13
troff:lib/vlog.man:73: warning: invalid input character code 13
troff:lib/vlog.man:74: warning: invalid input character code 13
troff:lib/vlog.man:75: warning: invalid input character code 13
troff:lib/vlog.man:76: warning: invalid input character code 13
troff:lib/vlog.man:77: warning: invalid input character code 13
troff:lib/vlog.man:78: warning: invalid input character code 13
troff:lib/vlog.man:79: warning: invalid input character code 13
troff:lib/vlog.man:80: warning: invalid input character code 13
troff:lib/vlog.man:81: warning: invalid input character code 13
troff:lib/vlog.man:82: warning: invalid input character code 13
troff:lib/vlog.man:83: warning: invalid input character code 13
troff:lib/vlog.man:84: warning: invalid input character code 13
troff:lib/vlog.man:85: warning: invalid input character code 13
troff:lib/vlog.man:86: warning: invalid input character code 13
troff:lib/vlog.man:87: warning: invalid input character code 13
troff:lib/vlog.man:88: warning: invalid input character code 13
troff:lib/vlog.man:89: warning: invalid input character code 13
troff:lib/vlog.man:90: warning: invalid input character code 13
troff:lib/vlog.man:91: warning: invalid input character code 13
troff:lib/vlog.man:92: warning: invalid input character code 13
troff:lib/vlog.man:93: warning: invalid input character code 13
troff:lib/vlog.man:94: warning: invalid input character code 13
troff:lib/vlog.man:95: warning: invalid input character code 13
troff:lib/vlog.man:96: warning: invalid input character code 13
troff:lib/vlog.man:97: warning: invalid input character code 13
troff:lib/vlog.man:98: warning: invalid input character code 13
troff:lib/vlog.man:99: warning: invalid input character code 13
troff:lib/vlog.man:100: warning: invalid input character code 13
troff:lib/vlog.man:101: warning: invalid input character code 13
troff:lib/vlog.man:102: warning: invalid input character code 13
troff:lib/vlog.man:103: warning: invalid input character code 13
troff:lib/vlog.man:104: warning: invalid input character code 13
troff:lib/vlog.man:105: warning: invalid input character code 13
troff:lib/vlog.man:106: warning: invalid input character code 13
troff:lib/common.man:1: warning: invalid input character code 13
troff:lib/common.man:2: warning: invalid input character code 13
troff:lib/common.man:3: warning: invalid input character code 13
troff:lib/common.man:4: warning: invalid input character code 13
troff:lib/common.man:5: warning: invalid input character code 13
troff:lib/common.man:6: warning: invalid input character code 13
troff:lib/common.man:7: warning: invalid input character code 13
troff:lib/ovs.tmac:1: warning: invalid input character code 13
troff:lib/ovs.tmac:2: warning: invalid input character code 13
troff:lib/ovs.tmac:3: warning: invalid input character code 13
troff:lib/ovs.tmac:4: warning: invalid input character code 13
troff:lib/ovs.tmac:5: warning: invalid input character code 13
troff:lib/ovs.tmac:6: warning: invalid input character code 13
troff:lib/ovs.tmac:7: warning: invalid input character code 13
troff:lib/ovs.tmac:8: warning: invalid input character code 13
troff:lib/ovs.tmac:9: warning: invalid input character code 13
troff:lib/ovs.tmac:10: warning: invalid input character code 13
troff:lib/ovs.tmac:11: warning: invalid input character code 13
troff:lib/ovs.tmac:12: warning: invalid input character code 13
troff:lib/ovs.tmac:13: warning: invalid input character code 13
troff:lib/ovs.tmac:14: warning: invalid input character code 13
troff:lib/ovs.tmac:15: warning: invalid input character code 13
troff:lib/ovs.tmac:16: warning: invalid input character code 13
troff:lib/ovs.tmac:17: warning: invalid input character code 13
troff:lib/ovs.tmac:18: warning: invalid input character code 13
troff:lib/ovs.tmac:19: warning: invalid input character code 13
troff:lib/ovs.tmac:20: warning: invalid input character code 13
troff:lib/ovs.tmac:21: warning: invalid input character code 13
troff:lib/ovs.tmac:22: warning: invalid input character code 13
troff:lib/ovs.tmac:23: warning: invalid input character code 13
troff:lib/ovs.tmac:24: warning: invalid input character code 13
troff:lib/ovs.tmac:25: warning: invalid input character code 13
troff:lib/ovs.tmac:26: warning: invalid input character code 13
troff:lib/ovs.tmac:27: warning: invalid input character code 13
troff:lib/ovs.tmac:28: warning: invalid input character code 13
troff:lib/ovs.tmac:29: warning: invalid input character code 13
troff:lib/ovs.tmac:30: warning: invalid input character code 13
troff:lib/ovs.tmac:31: warning: invalid input character code 13
troff:lib/ovs.tmac:32: warning: invalid input character code 13
troff:lib/ovs.tmac:33: warning: invalid input character code 13
troff:lib/ovs.tmac:34: warning: invalid input character code 13
troff:lib/ovs.tmac:35: warning: invalid input character code 13
troff:lib/ovs.tmac:36: warning: invalid input character code 13
troff:lib/ovs.tmac:37: warning: invalid input character code 13
troff:lib/ovs.tmac:38: warning: invalid input character code 13
troff:lib/ovs.tmac:39: warning: invalid input character code 13
troff:lib/ovs.tmac:40: warning: invalid input character code 13
troff:lib/ovs.tmac:41: warning: invalid input character code 13
troff:lib/ovs.tmac:42: warning: invalid input character code 13
troff:lib/ovs.tmac:43: warning: invalid input character code 13
troff:lib/ovs.tmac:44: warning: invalid input character code 13
troff:lib/ovs.tmac:45: warning: invalid input character code 13
troff:lib/ovs.tmac:46: warning: invalid input character code 13
troff:lib/ovs.tmac:47: warning: invalid input character code 13
troff:lib/ovs.tmac:48: warning: invalid input character code 13
troff:lib/ovs.tmac:49: warning: invalid input character code 13
troff:lib/ovs.tmac:50: warning: invalid input character code 13
troff:lib/ovs.tmac:51: warning: invalid input character code 13
troff:lib/ovs.tmac:52: warning: invalid input character code 13
troff:lib/ovs.tmac:53: warning: invalid input character code 13
troff:lib/ovs.tmac:54: warning: invalid input character code 13
troff:lib/ovs.tmac:55: warning: invalid input character code 13
troff:lib/ovs.tmac:56: warning: invalid input character code 13
troff:lib/ovs.tmac:57: warning: invalid input character code 13
troff:lib/ovs.tmac:58: warning: invalid input character code 13
troff:lib/ovs.tmac:59: warning: invalid input character code 13
troff:lib/ovs.tmac:60: warning: invalid input character code 13
troff:lib/ovs.tmac:61: warning: invalid input character code 13
troff:lib/ovs.tmac:62: warning: invalid input character code 13
troff:lib/ovs.tmac:63: warning: invalid input character code 13
troff:lib/ovs.tmac:64: warning: invalid input character code 13
troff:lib/ovs.tmac:65: warning: invalid input character code 13
troff:lib/ovs.tmac:66: warning: invalid input character code 13
troff:lib/ovs.tmac:67: warning: invalid input character code 13
troff:lib/ovs.tmac:68: warning: invalid input character code 13
troff:lib/ovs.tmac:69: warning: invalid input character code 13
troff:lib/ovs.tmac:70: warning: invalid input character code 13
troff:lib/ovs.tmac:71: warning: invalid input character code 13
troff:lib/ovs.tmac:72: warning: invalid input character code 13
troff:lib/ovs.tmac:73: warning: invalid input character code 13
troff:lib/ovs.tmac:74: warning: invalid input character code 13
troff:lib/ovs.tmac:75: warning: invalid input character code 13
troff:lib/ovs.tmac:76: warning: invalid input character code 13
troff:lib/ovs.tmac:77: warning: invalid input character code 13
troff:lib/ovs.tmac:78: warning: invalid input character code 13
troff:lib/ovs.tmac:79: warning: invalid input character code 13
troff:lib/ovs.tmac:80: warning: invalid input character code 13
troff:lib/ovs.tmac:81: warning: invalid input character code 13
troff:lib/ovs.tmac:82: warning: invalid input character code 13
troff:lib/ovs.tmac:83: warning: invalid input character code 13
troff:lib/ovs.tmac:84: warning: invalid input character code 13
troff:lib/ovs.tmac:85: warning: invalid input character code 13
troff:lib/ovs.tmac:86: warning: invalid input character code 13
troff:lib/ovs.tmac:87: warning: invalid input character code 13
troff:lib/ovs.tmac:88: warning: invalid input character code 13
troff:lib/ovs.tmac:89: warning: invalid input character code 13
troff:lib/ovs.tmac:90: warning: invalid input character code 13
troff:lib/ovs.tmac:91: warning: invalid input character code 13
troff:lib/ovs.tmac:92: warning: invalid input character code 13
troff:lib/ovs.tmac:93: warning: invalid input character code 13
troff:lib/ovs.tmac:94: warning: invalid input character code 13
troff:lib/ovs.tmac:95: warning: invalid input character code 13
troff:lib/ovs.tmac:96: warning: invalid input character code 13
troff:lib/ovs.tmac:97: warning: invalid input character code 13
troff:lib/ovs.tmac:98: warning: invalid input character code 13
troff:lib/ovs.tmac:99: warning: invalid input character code 13
troff:lib/ovs.tmac:100: warning: invalid input character code 13
troff:lib/ovs.tmac:101: warning: invalid input character code 13
troff:lib/ovs.tmac:102: warning: invalid input character code 13
troff:lib/ovs.tmac:103: warning: invalid input character code 13
troff:lib/ovs.tmac:104: warning: invalid input character code 13
troff:lib/ovs.tmac:105: warning: invalid input character code 13
troff:lib/ovs.tmac:106: warning: invalid input character code 13
troff:lib/ovs.tmac:107: warning: invalid input character code 13
troff:lib/ovs.tmac:108: warning: invalid input character code 13
troff:lib/ovs.tmac:109: warning: invalid input character code 13
troff:lib/ovs.tmac:110: warning: invalid input character code 13
troff:lib/ovs.tmac:111: warning: invalid input character code 13
troff:lib/ovs.tmac:112: warning: invalid input character code 13
troff:lib/ovs.tmac:113: warning: invalid input character code 13
troff:lib/ovs.tmac:114: warning: invalid input character code 13
troff:lib/ovs.tmac:115: warning: invalid input character code 13
troff:lib/ovs.tmac:116: warning: invalid input character code 13
troff:lib/ovs.tmac:117: warning: invalid input character code 13
troff:lib/ovs.tmac:118: warning: invalid input character code 13
troff:lib/ovs.tmac:119: warning: invalid input character code 13
troff:lib/ovs.tmac:120: warning: invalid input character code 13
troff:lib/ovs.tmac:121: warning: invalid input character code 13
troff:lib/ovs.tmac:122: warning: invalid input character code 13
troff:lib/ovs.tmac:123: warning: invalid input character code 13
troff:lib/ovs.tmac:124: warning: invalid input character code 13
troff:lib/ovs.tmac:125: warning: invalid input character code 13
troff:lib/ovs.tmac:126: warning: invalid input character code 13
troff:lib/ovs.tmac:127: warning: invalid input character code 13
troff:lib/ovs.tmac:128: warning: invalid input character code 13
troff:lib/ovs.tmac:129: warning: invalid input character code 13
troff:lib/ovs.tmac:130: warning: invalid input character code 13
troff:lib/ovs.tmac:131: warning: invalid input character code 13
troff:lib/ovs.tmac:132: warning: invalid input character code 13
troff:lib/ovs.tmac:133: warning: invalid input character code 13
troff:lib/ovs.tmac:134: warning: invalid input character code 13
troff:lib/ovs.tmac:135: warning: invalid input character code 13
troff:lib/ovs.tmac:136: warning: invalid input character code 13
troff:lib/ovs.tmac:137: warning: invalid input character code 13
troff:lib/ovs.tmac:138: warning: invalid input character code 13
troff:lib/ovs.tmac:139: warning: invalid input character code 13
troff:lib/ovs.tmac:140: warning: invalid input character code 13
troff:lib/ovs.tmac:141: warning: invalid input character code 13
troff:lib/ovs.tmac:142: warning: invalid input character code 13
troff:lib/ovs.tmac:143: warning: invalid input character code 13
troff:lib/ovs.tmac:144: warning: invalid input character code 13
troff:lib/ovs.tmac:145: warning: invalid input character code 13
troff:lib/ovs.tmac:146: warning: invalid input character code 13
troff:lib/ovs.tmac:147: warning: invalid input character code 13
troff:lib/ovs.tmac:148: warning: invalid input character code 13
troff:lib/ovs.tmac:149: warning: invalid input character code 13
troff:lib/ovs.tmac:150: warning: invalid input character code 13
troff:lib/ovs.tmac:151: warning: invalid input character code 13
troff:lib/ovs.tmac:152: warning: invalid input character code 13
troff:lib/ovs.tmac:153: warning: invalid input character code 13
troff:lib/ovs.tmac:154: warning: invalid input character code 13
troff:lib/ovs.tmac:155: warning: invalid input character code 13
troff:lib/ovs.tmac:156: warning: invalid input character code 13
troff:lib/ovs.tmac:157: warning: invalid input character code 13
troff:lib/ovs.tmac:158: warning: invalid input character code 13
troff:lib/ovs.tmac:159: warning: invalid input character code 13
troff:lib/ovs.tmac:160: warning: invalid input character code 13
troff:lib/ovs.tmac:161: warning: invalid input character code 13
troff:lib/ovs.tmac:162: warning: invalid input character code 13
troff:lib/ovs.tmac:163: warning: invalid input character code 13
troff:lib/ovs.tmac:164: warning: invalid input character code 13
troff:lib/ovs.tmac:165: warning: invalid input character code 13
troff:lib/ovs.tmac:166: warning: invalid input character code 13
troff:lib/ovs.tmac:167: warning: invalid input character code 13
troff:lib/ovs.tmac:168: warning: invalid input character code 13
troff:lib/ovs.tmac:169: warning: invalid input character code 13
troff:lib/ovs.tmac:170: warning: invalid input character code 13
troff:lib/ovs.tmac:171: warning: invalid input character code 13
troff:lib/ovs.tmac:172: warning: invalid input character code 13
troff:lib/ovs.tmac:173: warning: invalid input character code 13
troff:lib/ovs.tmac:174: warning: invalid input character code 13
troff:lib/ovs.tmac:175: warning: invalid input character code 13
troff:lib/ovs.tmac:176: warning: invalid input character code 13
troff:lib/ovs.tmac:177: warning: invalid input character code 13
troff:lib/ovs.tmac:178: warning: invalid input character code 13
troff:lib/ovs.tmac:179: warning: invalid input character code 13
troff:lib/ovs.tmac:180: warning: invalid input character code 13
troff:lib/ovs.tmac:181: warning: invalid input character code 13
troff:lib/ovs.tmac:182: warning: invalid input character code 13
troff:lib/ovs.tmac:183: warning: invalid input character code 13
troff:lib/ovs.tmac:184: warning: invalid input character code 13
troff:lib/ovs.tmac:185: warning: invalid input character code 13
troff:lib/ovs.tmac:186: warning: invalid input character code 13
troff:lib/ovs.tmac:187: warning: invalid input character code 13
troff:lib/ovs.tmac:188: warning: invalid input character code 13
troff:lib/ovs.tmac:189: warning: invalid input character code 13
troff:lib/ovs.tmac:190: warning: invalid input character code 13
troff:lib/daemon-syn.man:1: warning: invalid input character code 13
troff:lib/daemon-syn.man:2: warning: invalid input character code 13
troff:lib/daemon-syn.man:3: warning: invalid input character code 13
troff:lib/daemon-syn.man:4: warning: invalid input character code 13
troff:lib/daemon-syn.man:5: warning: invalid input character code 13
troff:lib/daemon-syn.man:6: warning: invalid input character code 13
troff:lib/vlog-syn.man:1: warning: invalid input character code 13
troff:lib/vlog-syn.man:2: warning: invalid input character code 13
troff:lib/vlog-syn.man:3: warning: invalid input character code 13
troff:lib/vlog-syn.man:4: warning: invalid input character code 13
troff:lib/vlog-syn.man:5: warning: invalid input character code 13
troff:lib/vlog-syn.man:6: warning: invalid input character code 13
troff:lib/ssl-syn.man:1: warning: invalid input character code 13
troff:lib/ssl-syn.man:2: warning: invalid input character code 13
troff:lib/ssl-syn.man:3: warning: invalid input character code 13
troff:lib/ssl-syn.man:4: warning: invalid input character code 13
troff:lib/ssl-syn.man:5: warning: invalid input character code 13
troff:lib/ssl-syn.man:6: warning: invalid input character code 13
troff:lib/ssl-bootstrap-syn.man:1: warning: invalid input character code 13
troff:lib/ssl-bootstrap-syn.man:2: warning: invalid input character code 13
troff:lib/ssl-connect-syn.man:1: warning: invalid input character code 13
troff:lib/ssl-connect-syn.man:2: warning: invalid input character code 13
troff:lib/ssl-connect-syn.man:3: warning: invalid input character code 13
troff:lib/ssl-connect-syn.man:4: warning: invalid input character code 13
troff:lib/ssl-connect-syn.man:5: warning: invalid input character code 13
troff:lib/ssl-connect-syn.man:6: warning: invalid input character code 13
troff:lib/ssl-connect-syn.man:7: warning: invalid input character code 13
troff:lib/ovs-replay-syn.man:1: warning: invalid input character code 13
troff:lib/ovs-replay-syn.man:2: warning: invalid input character code 13
troff:lib/ovs-replay-syn.man:3: warning: invalid input character code 13
troff:lib/common-syn.man:1: warning: invalid input character code 13
troff:lib/common-syn.man:2: warning: invalid input character code 13
troff:lib/common-syn.man:3: warning: invalid input character code 13
troff:lib/common-syn.man:4: warning: invalid input character code 13
troff:ovsdb/ovsdb-schemas.man:1: warning: invalid input character code 13
troff:ovsdb/ovsdb-schemas.man:2: warning: invalid input character code 13
troff:ovsdb/ovsdb-schemas.man:3: warning: invalid input character code 13
troff:ovsdb/ovsdb-schemas.man:4: warning: invalid input character code 13
troff:ovsdb/ovsdb-schemas.man:5: warning: invalid input character code 13
troff:ovsdb/ovsdb-schemas.man:6: warning: invalid input character code 13
troff:ovsdb/ovsdb-schemas.man:7: warning: invalid input character code 13
troff:ovsdb/ovsdb-schemas.man:8: warning: invalid input character code 13
troff:ovsdb/ovsdb-schemas.man:9: warning: invalid input character code 13
troff:ovsdb/ovsdb-schemas.man:10: warning: invalid input character code 13
troff:ovsdb/ovsdb-schemas.man:11: warning: invalid input character code 13
troff:ovsdb/ovsdb-schemas.man:12: warning: invalid input character code 13
troff:ovsdb/ovsdb-schemas.man:13: warning: invalid input character code 13
troff:ovsdb/ovsdb-schemas.man:14: warning: invalid input character code 13
troff:ovsdb/ovsdb-schemas.man:15: warning: invalid input character code 13
troff:ovsdb/ovsdb-schemas.man:16: warning: invalid input character code 13
troff:ovsdb/ovsdb-schemas.man:17: warning: invalid input character code 13
troff:ovsdb/ovsdb-schemas.man:18: warning: invalid input character code 13
troff:ovsdb/ovsdb-schemas.man:19: warning: invalid input character code 13
troff:lib/table.man:1: warning: invalid input character code 13
troff:lib/table.man:2: warning: invalid input character code 13
troff:lib/table.man:3: warning: invalid input character code 13
troff:lib/table.man:4: warning: invalid input character code 13
troff:lib/table.man:5: warning: invalid input character code 13
troff:lib/table.man:6: warning: invalid input character code 13
troff:lib/table.man:7: warning: invalid input character code 13
troff:lib/table.man:8: warning: invalid input character code 13
troff:lib/table.man:9: warning: invalid input character code 13
troff:lib/table.man:10: warning: invalid input character code 13
troff:lib/table.man:11: warning: invalid input character code 13
troff:lib/table.man:12: warning: invalid input character code 13
troff:lib/table.man:13: warning: invalid input character code 13
troff:lib/table.man:14: warning: invalid input character code 13
troff:lib/table.man:15: warning: invalid input character code 13
troff:lib/table.man:16: warning: invalid input character code 13
troff:lib/table.man:17: warning: invalid input character code 13
troff:lib/table.man:18: warning: invalid input character code 13
troff:lib/table.man:19: warning: invalid input character code 13
troff:lib/table.man:20: warning: invalid input character code 13
troff:lib/table.man:21: warning: invalid input character code 13
troff:lib/table.man:22: warning: invalid input character code 13
troff:lib/table.man:23: warning: invalid input character code 13
troff:lib/table.man:24: warning: invalid input character code 13
troff:lib/table.man:25: warning: invalid input character code 13
troff:lib/table.man:26: warning: invalid input character code 13
troff:lib/table.man:27: warning: invalid input character code 13
troff:lib/table.man:28: warning: invalid input character code 13
troff:lib/table.man:29: warning: invalid input character code 13
troff:lib/table.man:30: warning: invalid input character code 13
troff:lib/table.man:31: warning: invalid input character code 13
troff:lib/table.man:32: warning: invalid input character code 13
troff:lib/table.man:33: warning: invalid input character code 13
troff:lib/table.man:34: warning: invalid input character code 13
troff:lib/table.man:35: warning: invalid input character code 13
troff:lib/table.man:36: warning: invalid input character code 13
troff:lib/table.man:37: warning: invalid input character code 13
troff:lib/table.man:38: warning: invalid input character code 13
troff:lib/table.man:39: warning: invalid input character code 13
troff:lib/table.man:40: warning: invalid input character code 13
troff:lib/table.man:41: warning: invalid input character code 13
troff:lib/table.man:42: warning: invalid input character code 13
troff:lib/table.man:43: warning: invalid input character code 13
troff:lib/table.man:44: warning: invalid input character code 13
troff:lib/table.man:45: warning: invalid input character code 13
troff:lib/table.man:46: warning: invalid input character code 13
troff:lib/table.man:47: warning: invalid input character code 13
troff:lib/table.man:48: warning: invalid input character code 13
troff:lib/table.man:49: warning: invalid input character code 13
troff:lib/table.man:50: warning: invalid input character code 13
troff:lib/table.man:51: warning: invalid input character code 13
troff:lib/table.man:52: warning: invalid input character code 13
troff:lib/table.man:53: warning: invalid input character code 13
troff:lib/table.man:54: warning: invalid input character code 13
troff:lib/table.man:55: warning: invalid input character code 13
troff:lib/table.man:56: warning: invalid input character code 13
troff:lib/table.man:57: warning: invalid input character code 13
troff:lib/table.man:58: warning: invalid input character code 13
troff:lib/table.man:59: warning: invalid input character code 13
troff:lib/table.man:60: warning: invalid input character code 13
troff:lib/table.man:61: warning: invalid input character code 13
troff:lib/table.man:62: warning: invalid input character code 13
troff:lib/table.man:63: warning: invalid input character code 13
troff:lib/table.man:64: warning: invalid input character code 13
troff:lib/table.man:65: warning: invalid input character code 13
troff:lib/table.man:66: warning: invalid input character code 13
troff:lib/table.man:67: warning: invalid input character code 13
troff:lib/table.man:68: warning: invalid input character code 13
troff:lib/table.man:69: warning: invalid input character code 13
troff:lib/table.man:70: warning: invalid input character code 13
troff:lib/table.man:71: warning: invalid input character code 13
troff:lib/table.man:72: warning: invalid input character code 13
troff:lib/table.man:73: warning: invalid input character code 13
troff:lib/table.man:74: warning: invalid input character code 13
troff:lib/table.man:75: warning: invalid input character code 13
troff:lib/table.man:76: warning: invalid input character code 13
troff:lib/daemon.man:1: warning: invalid input character code 13
troff:lib/daemon.man:2: warning: invalid input character code 13
troff:lib/daemon.man:3: warning: invalid input character code 13
troff:lib/daemon.man:4: warning: invalid input character code 13
troff:lib/daemon.man:5: warning: invalid input character code 13
troff:lib/daemon.man:6: warning: invalid input character code 13
troff:lib/daemon.man:7: warning: invalid input character code 13
troff:lib/daemon.man:8: warning: invalid input character code 13
troff:lib/daemon.man:9: warning: invalid input character code 13
troff:lib/daemon.man:10: warning: invalid input character code 13
troff:lib/daemon.man:11: warning: invalid input character code 13
troff:lib/daemon.man:12: warning: invalid input character code 13
troff:lib/daemon.man:13: warning: invalid input character code 13
troff:lib/daemon.man:14: warning: invalid input character code 13
troff:lib/daemon.man:15: warning: invalid input character code 13
troff:lib/daemon.man:16: warning: invalid input character code 13
troff:lib/daemon.man:17: warning: invalid input character code 13
troff:lib/daemon.man:18: warning: invalid input character code 13
troff:lib/daemon.man:19: warning: invalid input character code 13
troff:lib/daemon.man:20: warning: invalid input character code 13
troff:lib/daemon.man:21: warning: invalid input character code 13
troff:lib/daemon.man:22: warning: invalid input character code 13
troff:lib/daemon.man:23: warning: invalid input character code 13
troff:lib/daemon.man:24: warning: invalid input character code 13
troff:lib/daemon.man:25: warning: invalid input character code 13
troff:lib/daemon.man:26: warning: invalid input character code 13
troff:lib/daemon.man:27: warning: invalid input character code 13
troff:lib/daemon.man:28: warning: invalid input character code 13
troff:lib/daemon.man:29: warning: invalid input character code 13
troff:lib/daemon.man:30: warning: invalid input character code 13
troff:lib/daemon.man:31: warning: invalid input character code 13
troff:lib/daemon.man:32: warning: invalid input character code 13
troff:lib/daemon.man:33: warning: invalid input character code 13
troff:lib/daemon.man:34: warning: invalid input character code 13
troff:lib/daemon.man:35: warning: invalid input character code 13
troff:lib/daemon.man:36: warning: invalid input character code 13
troff:lib/daemon.man:37: warning: invalid input character code 13
troff:lib/daemon.man:38: warning: invalid input character code 13
troff:lib/daemon.man:39: warning: invalid input character code 13
troff:lib/daemon.man:40: warning: invalid input character code 13
troff:lib/daemon.man:41: warning: invalid input character code 13
troff:lib/daemon.man:42: warning: invalid input character code 13
troff:lib/daemon.man:43: warning: invalid input character code 13
troff:lib/daemon.man:44: warning: invalid input character code 13
troff:lib/daemon.man:45: warning: invalid input character code 13
troff:lib/daemon.man:46: warning: invalid input character code 13
troff:lib/daemon.man:47: warning: invalid input character code 13
troff:lib/daemon.man:48: warning: invalid input character code 13
troff:lib/daemon.man:49: warning: invalid input character code 13
troff:lib/daemon.man:50: warning: invalid input character code 13
troff:lib/daemon.man:51: warning: invalid input character code 13
troff:lib/daemon.man:52: warning: invalid input character code 13
troff:lib/daemon.man:53: warning: invalid input character code 13
troff:lib/daemon.man:54: warning: invalid input character code 13
troff:lib/daemon.man:55: warning: invalid input character code 13
troff:lib/daemon.man:56: warning: invalid input character code 13
troff:lib/daemon.man:57: warning: invalid input character code 13
troff:lib/daemon.man:58: warning: invalid input character code 13
troff:lib/daemon.man:59: warning: invalid input character code 13
troff:lib/daemon.man:60: warning: invalid input character code 13
troff:lib/daemon.man:61: warning: invalid input character code 13
troff:lib/daemon.man:62: warning: invalid input character code 13
troff:lib/daemon.man:63: warning: invalid input character code 13
troff:lib/daemon.man:64: warning: invalid input character code 13
troff:lib/daemon.man:65: warning: invalid input character code 13
troff:lib/daemon.man:66: warning: invalid input character code 13
troff:lib/daemon.man:67: warning: invalid input character code 13
troff:lib/daemon.man:68: warning: invalid input character code 13
troff:lib/daemon.man:69: warning: invalid input character code 13
troff:lib/daemon.man:70: warning: invalid input character code 13
troff:lib/daemon.man:71: warning: invalid input character code 13
troff:lib/daemon.man:72: warning: invalid input character code 13
troff:lib/daemon.man:73: warning: invalid input character code 13
troff:lib/daemon.man:74: warning: invalid input character code 13
troff:lib/daemon.man:75: warning: invalid input character code 13
troff:lib/daemon.man:76: warning: invalid input character code 13
troff:lib/daemon.man:77: warning: invalid input character code 13
troff:lib/daemon.man:78: warning: invalid input character code 13
troff:lib/daemon.man:79: warning: invalid input character code 13
troff:lib/daemon.man:80: warning: invalid input character code 13
troff:lib/daemon.man:81: warning: invalid input character code 13
troff:lib/daemon.man:82: warning: invalid input character code 13
troff:lib/daemon.man:83: warning: invalid input character code 13
troff:lib/daemon.man:84: warning: invalid input character code 13
troff:lib/vlog.man:1: warning: invalid input character code 13
troff:lib/vlog.man:2: warning: invalid input character code 13
troff:lib/vlog.man:3: warning: invalid input character code 13
troff:lib/vlog.man:4: warning: invalid input character code 13
troff:lib/vlog.man:5: warning: invalid input character code 13
troff:lib/vlog.man:6: warning: invalid input character code 13
troff:lib/vlog.man:7: warning: invalid input character code 13
troff:lib/vlog.man:8: warning: invalid input character code 13
troff:lib/vlog.man:9: warning: invalid input character code 13
troff:lib/vlog.man:10: warning: invalid input character code 13
troff:lib/vlog.man:11: warning: invalid input character code 13
troff:lib/vlog.man:12: warning: invalid input character code 13
troff:lib/vlog.man:13: warning: invalid input character code 13
troff:lib/vlog.man:14: warning: invalid input character code 13
troff:lib/vlog.man:15: warning: invalid input character code 13
troff:lib/vlog.man:16: warning: invalid input character code 13
troff:lib/vlog.man:17: warning: invalid input character code 13
troff:lib/vlog.man:18: warning: invalid input character code 13
troff:lib/vlog.man:19: warning: invalid input character code 13
troff:lib/vlog.man:20: warning: invalid input character code 13
troff:lib/vlog.man:21: warning: invalid input character code 13
troff:lib/vlog.man:22: warning: invalid input character code 13
troff:lib/vlog.man:23: warning: invalid input character code 13
troff:lib/vlog.man:24: warning: invalid input character code 13
troff:lib/vlog.man:25: warning: invalid input character code 13
troff:lib/vlog.man:26: warning: invalid input character code 13
troff:lib/vlog.man:27: warning: invalid input character code 13
troff:lib/vlog.man:28: warning: invalid input character code 13
troff:lib/vlog.man:29: warning: invalid input character code 13
troff:lib/vlog.man:30: warning: invalid input character code 13
troff:lib/vlog.man:31: warning: invalid input character code 13
troff:lib/vlog.man:32: warning: invalid input character code 13
troff:lib/vlog.man:33: warning: invalid input character code 13
troff:lib/vlog.man:34: warning: invalid input character code 13
troff:lib/vlog.man:35: warning: invalid input character code 13
troff:lib/vlog.man:36: warning: invalid input character code 13
troff:lib/vlog.man:37: warning: invalid input character code 13
troff:lib/vlog.man:38: warning: invalid input character code 13
troff:lib/vlog.man:39: warning: invalid input character code 13
troff:lib/vlog.man:40: warning: invalid input character code 13
troff:lib/vlog.man:41: warning: invalid input character code 13
troff:lib/vlog.man:42: warning: invalid input character code 13
troff:lib/vlog.man:43: warning: invalid input character code 13
troff:lib/vlog.man:44: warning: invalid input character code 13
troff:lib/vlog.man:45: warning: invalid input character code 13
troff:lib/vlog.man:46: warning: invalid input character code 13
troff:lib/vlog.man:47: warning: invalid input character code 13
troff:lib/vlog.man:48: warning: invalid input character code 13
troff:lib/vlog.man:49: warning: invalid input character code 13
troff:lib/vlog.man:50: warning: invalid input character code 13
troff:lib/vlog.man:51: warning: invalid input character code 13
troff:lib/vlog.man:52: warning: invalid input character code 13
troff:lib/vlog.man:53: warning: invalid input character code 13
troff:lib/vlog.man:54: warning: invalid input character code 13
troff:lib/vlog.man:55: warning: invalid input character code 13
troff:lib/vlog.man:56: warning: invalid input character code 13
troff:lib/vlog.man:57: warning: invalid input character code 13
troff:lib/vlog.man:58: warning: invalid input character code 13
troff:lib/vlog.man:59: warning: invalid input character code 13
troff:lib/vlog.man:60: warning: invalid input character code 13
troff:lib/vlog.man:61: warning: invalid input character code 13
troff:lib/vlog.man:62: warning: invalid input character code 13
troff:lib/vlog.man:63: warning: invalid input character code 13
troff:lib/vlog.man:64: warning: invalid input character code 13
troff:lib/vlog.man:65: warning: invalid input character code 13
troff:lib/vlog.man:66: warning: invalid input character code 13
troff:lib/vlog.man:67: warning: invalid input character code 13
troff:lib/vlog.man:68: warning: invalid input character code 13
troff:lib/vlog.man:69: warning: invalid input character code 13
troff:lib/vlog.man:70: warning: invalid input character code 13
troff:lib/vlog.man:71: warning: invalid input character code 13
troff:lib/vlog.man:72: warning: invalid input character code 13
troff:lib/vlog.man:73: warning: invalid input character code 13
troff:lib/vlog.man:74: warning: invalid input character code 13
troff:lib/vlog.man:75: warning: invalid input character code 13
troff:lib/vlog.man:76: warning: invalid input character code 13
troff:lib/vlog.man:77: warning: invalid input character code 13
troff:lib/vlog.man:78: warning: invalid input character code 13
troff:lib/vlog.man:79: warning: invalid input character code 13
troff:lib/vlog.man:80: warning: invalid input character code 13
troff:lib/vlog.man:81: warning: invalid input character code 13
troff:lib/vlog.man:82: warning: invalid input character code 13
troff:lib/vlog.man:83: warning: invalid input character code 13
troff:lib/vlog.man:84: warning: invalid input character code 13
troff:lib/vlog.man:85: warning: invalid input character code 13
troff:lib/vlog.man:86: warning: invalid input character code 13
troff:lib/vlog.man:87: warning: invalid input character code 13
troff:lib/vlog.man:88: warning: invalid input character code 13
troff:lib/vlog.man:89: warning: invalid input character code 13
troff:lib/vlog.man:90: warning: invalid input character code 13
troff:lib/vlog.man:91: warning: invalid input character code 13
troff:lib/vlog.man:92: warning: invalid input character code 13
troff:lib/vlog.man:93: warning: invalid input character code 13
troff:lib/vlog.man:94: warning: invalid input character code 13
troff:lib/vlog.man:95: warning: invalid input character code 13
troff:lib/vlog.man:96: warning: invalid input character code 13
troff:lib/vlog.man:97: warning: invalid input character code 13
troff:lib/vlog.man:98: warning: invalid input character code 13
troff:lib/vlog.man:99: warning: invalid input character code 13
troff:lib/vlog.man:100: warning: invalid input character code 13
troff:lib/vlog.man:101: warning: invalid input character code 13
troff:lib/vlog.man:102: warning: invalid input character code 13
troff:lib/vlog.man:103: warning: invalid input character code 13
troff:lib/vlog.man:104: warning: invalid input character code 13
troff:lib/vlog.man:105: warning: invalid input character code 13
troff:lib/vlog.man:106: warning: invalid input character code 13
troff:lib/ssl.man:1: warning: invalid input character code 13
troff:lib/ssl.man:2: warning: invalid input character code 13
troff:lib/ssl.man:3: warning: invalid input character code 13
troff:lib/ssl.man:4: warning: invalid input character code 13
troff:lib/ssl.man:5: warning: invalid input character code 13
troff:lib/ssl.man:6: warning: invalid input character code 13
troff:lib/ssl.man:7: warning: invalid input character code 13
troff:lib/ssl.man:8: warning: invalid input character code 13
troff:lib/ssl.man:9: warning: invalid input character code 13
troff:lib/ssl.man:10: warning: invalid input character code 13
troff:lib/ssl.man:11: warning: invalid input character code 13
troff:lib/ssl.man:12: warning: invalid input character code 13
troff:lib/ssl.man:13: warning: invalid input character code 13
troff:lib/ssl.man:14: warning: invalid input character code 13
troff:lib/ssl.man:15: warning: invalid input character code 13
troff:lib/ssl.man:16: warning: invalid input character code 13
troff:lib/ssl.man:17: warning: invalid input character code 13
troff:lib/ssl.man:18: warning: invalid input character code 13
troff:lib/ssl.man:19: warning: invalid input character code 13
troff:lib/ssl.man:20: warning: invalid input character code 13
troff:lib/ssl.man:21: warning: invalid input character code 13
troff:lib/ssl.man:22: warning: invalid input character code 13
troff:lib/ssl.man:23: warning: invalid input character code 13
troff:lib/ssl.man:24: warning: invalid input character code 13
troff:lib/ssl.man:25: warning: invalid input character code 13
troff:lib/ssl.man:26: warning: invalid input character code 13
troff:lib/ssl-bootstrap.man:1: warning: invalid input character code 13
troff:lib/ssl-bootstrap.man:2: warning: invalid input character code 13
troff:lib/ssl-bootstrap.man:3: warning: invalid input character code 13
troff:lib/ssl-bootstrap.man:4: warning: invalid input character code 13
troff:lib/ssl-bootstrap.man:5: warning: invalid input character code 13
troff:lib/ssl-bootstrap.man:6: warning: invalid input character code 13
troff:lib/ssl-bootstrap.man:7: warning: invalid input character code 13
troff:lib/ssl-bootstrap.man:8: warning: invalid input character code 13
troff:lib/ssl-bootstrap.man:9: warning: invalid input character code 13
troff:lib/ssl-bootstrap.man:10: warning: invalid input character code 13
troff:lib/ssl-bootstrap.man:11: warning: invalid input character code 13
troff:lib/ssl-bootstrap.man:12: warning: invalid input character code 13
troff:lib/ssl-bootstrap.man:13: warning: invalid input character code 13
troff:lib/ssl-bootstrap.man:14: warning: invalid input character code 13
troff:lib/ssl-bootstrap.man:15: warning: invalid input character code 13
troff:lib/ssl-bootstrap.man:16: warning: invalid input character code 13
troff:lib/ssl-bootstrap.man:17: warning: invalid input character code 13
troff:lib/ssl-bootstrap.man:18: warning: invalid input character code 13
troff:lib/ssl-bootstrap.man:19: warning: invalid input character code 13
troff:lib/ssl-bootstrap.man:20: warning: invalid input character code 13
troff:lib/ssl-connect.man:1: warning: invalid input character code 13
troff:lib/ssl-connect.man:2: warning: invalid input character code 13
troff:lib/ssl-connect.man:3: warning: invalid input character code 13
troff:lib/ssl-connect.man:4: warning: invalid input character code 13
troff:lib/ssl-connect.man:5: warning: invalid input character code 13
troff:lib/ssl-connect.man:6: warning: invalid input character code 13
troff:lib/ssl-connect.man:7: warning: invalid input character code 13
troff:lib/ssl-connect.man:8: warning: invalid input character code 13
troff:lib/ssl-connect.man:9: warning: invalid input character code 13
troff:lib/ssl-connect.man:10: warning: invalid input character code 13
troff:lib/ssl-connect.man:11: warning: invalid input character code 13
troff:lib/ssl-connect.man:12: warning: invalid input character code 13
troff:lib/ssl-connect.man:13: warning: invalid input character code 13
troff:lib/ssl-connect.man:14: warning: invalid input character code 13
troff:lib/ssl-connect.man:15: warning: invalid input character code 13
troff:lib/ssl-connect.man:16: warning: invalid input character code 13
troff:lib/ssl-connect.man:17: warning: invalid input character code 13
troff:lib/ssl-connect.man:18: warning: invalid input character code 13
troff:lib/ssl-connect.man:19: warning: invalid input character code 13
troff:lib/ssl-connect.man:20: warning: invalid input character code 13
troff:lib/ssl-connect.man:21: warning: invalid input character code 13
troff:lib/ssl-connect.man:22: warning: invalid input character code 13
troff:lib/ssl-connect.man:23: warning: invalid input character code 13
troff:lib/ssl-connect.man:24: warning: invalid input character code 13
troff:lib/ssl-connect.man:25: warning: invalid input character code 13
troff:lib/ssl-connect.man:26: warning: invalid input character code 13
troff:lib/ovs-replay.man:1: warning: invalid input character code 13
troff:lib/ovs-replay.man:2: warning: invalid input character code 13
troff:lib/ovs-replay.man:3: warning: invalid input character code 13
troff:lib/ovs-replay.man:4: warning: invalid input character code 13
troff:lib/ovs-replay.man:5: warning: invalid input character code 13
troff:lib/ovs-replay.man:6: warning: invalid input character code 13
troff:lib/ovs-replay.man:7: warning: invalid input character code 13
troff:lib/ovs-replay.man:8: warning: invalid input character code 13
troff:lib/ovs-replay.man:9: warning: invalid input character code 13
troff:lib/ovs-replay.man:10: warning: invalid input character code 13
troff:lib/ovs-replay.man:11: warning: invalid input character code 13
troff:lib/ovs-replay.man:12: warning: invalid input character code 13
troff:lib/ovs-replay.man:13: warning: invalid input character code 13
troff:lib/ovs-replay.man:14: warning: invalid input character code 13
troff:lib/ovs-replay.man:15: warning: invalid input character code 13
troff:lib/ovs-replay.man:16: warning: invalid input character code 13
troff:lib/common.man:1: warning: invalid input character code 13
troff:lib/common.man:2: warning: invalid input character code 13
troff:lib/common.man:3: warning: invalid input character code 13
troff:lib/common.man:4: warning: invalid input character code 13
troff:lib/common.man:5: warning: invalid input character code 13
troff:lib/common.man:6: warning: invalid input character code 13
troff:lib/common.man:7: warning: invalid input character code 13
troff:lib/ovs.tmac:1: warning: invalid input character code 13
troff:lib/ovs.tmac:2: warning: invalid input character code 13
troff:lib/ovs.tmac:3: warning: invalid input character code 13
troff:lib/ovs.tmac:4: warning: invalid input character code 13
troff:lib/ovs.tmac:5: warning: invalid input character code 13
troff:lib/ovs.tmac:6: warning: invalid input character code 13
troff:lib/ovs.tmac:7: warning: invalid input character code 13
troff:lib/ovs.tmac:8: warning: invalid input character code 13
troff:lib/ovs.tmac:9: warning: invalid input character code 13
troff:lib/ovs.tmac:10: warning: invalid input character code 13
troff:lib/ovs.tmac:11: warning: invalid input character code 13
troff:lib/ovs.tmac:12: warning: invalid input character code 13
troff:lib/ovs.tmac:13: warning: invalid input character code 13
troff:lib/ovs.tmac:14: warning: invalid input character code 13
troff:lib/ovs.tmac:15: warning: invalid input character code 13
troff:lib/ovs.tmac:16: warning: invalid input character code 13
troff:lib/ovs.tmac:17: warning: invalid input character code 13
troff:lib/ovs.tmac:18: warning: invalid input character code 13
troff:lib/ovs.tmac:19: warning: invalid input character code 13
troff:lib/ovs.tmac:20: warning: invalid input character code 13
troff:lib/ovs.tmac:21: warning: invalid input character code 13
troff:lib/ovs.tmac:22: warning: invalid input character code 13
troff:lib/ovs.tmac:23: warning: invalid input character code 13
troff:lib/ovs.tmac:24: warning: invalid input character code 13
troff:lib/ovs.tmac:25: warning: invalid input character code 13
troff:lib/ovs.tmac:26: warning: invalid input character code 13
troff:lib/ovs.tmac:27: warning: invalid input character code 13
troff:lib/ovs.tmac:28: warning: invalid input character code 13
troff:lib/ovs.tmac:29: warning: invalid input character code 13
troff:lib/ovs.tmac:30: warning: invalid input character code 13
troff:lib/ovs.tmac:31: warning: invalid input character code 13
troff:lib/ovs.tmac:32: warning: invalid input character code 13
troff:lib/ovs.tmac:33: warning: invalid input character code 13
troff:lib/ovs.tmac:34: warning: invalid input character code 13
troff:lib/ovs.tmac:35: warning: invalid input character code 13
troff:lib/ovs.tmac:36: warning: invalid input character code 13
troff:lib/ovs.tmac:37: warning: invalid input character code 13
troff:lib/ovs.tmac:38: warning: invalid input character code 13
troff:lib/ovs.tmac:39: warning: invalid input character code 13
troff:lib/ovs.tmac:40: warning: invalid input character code 13
troff:lib/ovs.tmac:41: warning: invalid input character code 13
troff:lib/ovs.tmac:42: warning: invalid input character code 13
troff:lib/ovs.tmac:43: warning: invalid input character code 13
troff:lib/ovs.tmac:44: warning: invalid input character code 13
troff:lib/ovs.tmac:45: warning: invalid input character code 13
troff:lib/ovs.tmac:46: warning: invalid input character code 13
troff:lib/ovs.tmac:47: warning: invalid input character code 13
troff:lib/ovs.tmac:48: warning: invalid input character code 13
troff:lib/ovs.tmac:49: warning: invalid input character code 13
troff:lib/ovs.tmac:50: warning: invalid input character code 13
troff:lib/ovs.tmac:51: warning: invalid input character code 13
troff:lib/ovs.tmac:52: warning: invalid input character code 13
troff:lib/ovs.tmac:53: warning: invalid input character code 13
troff:lib/ovs.tmac:54: warning: invalid input character code 13
troff:lib/ovs.tmac:55: warning: invalid input character code 13
troff:lib/ovs.tmac:56: warning: invalid input character code 13
troff:lib/ovs.tmac:57: warning: invalid input character code 13
troff:lib/ovs.tmac:58: warning: invalid input character code 13
troff:lib/ovs.tmac:59: warning: invalid input character code 13
troff:lib/ovs.tmac:60: warning: invalid input character code 13
troff:lib/ovs.tmac:61: warning: invalid input character code 13
troff:lib/ovs.tmac:62: warning: invalid input character code 13
troff:lib/ovs.tmac:63: warning: invalid input character code 13
troff:lib/ovs.tmac:64: warning: invalid input character code 13
troff:lib/ovs.tmac:65: warning: invalid input character code 13
troff:lib/ovs.tmac:66: warning: invalid input character code 13
troff:lib/ovs.tmac:67: warning: invalid input character code 13
troff:lib/ovs.tmac:68: warning: invalid input character code 13
troff:lib/ovs.tmac:69: warning: invalid input character code 13
troff:lib/ovs.tmac:70: warning: invalid input character code 13
troff:lib/ovs.tmac:71: warning: invalid input character code 13
troff:lib/ovs.tmac:72: warning: invalid input character code 13
troff:lib/ovs.tmac:73: warning: invalid input character code 13
troff:lib/ovs.tmac:74: warning: invalid input character code 13
troff:lib/ovs.tmac:75: warning: invalid input character code 13
troff:lib/ovs.tmac:76: warning: invalid input character code 13
troff:lib/ovs.tmac:77: warning: invalid input character code 13
troff:lib/ovs.tmac:78: warning: invalid input character code 13
troff:lib/ovs.tmac:79: warning: invalid input character code 13
troff:lib/ovs.tmac:80: warning: invalid input character code 13
troff:lib/ovs.tmac:81: warning: invalid input character code 13
troff:lib/ovs.tmac:82: warning: invalid input character code 13
troff:lib/ovs.tmac:83: warning: invalid input character code 13
troff:lib/ovs.tmac:84: warning: invalid input character code 13
troff:lib/ovs.tmac:85: warning: invalid input character code 13
troff:lib/ovs.tmac:86: warning: invalid input character code 13
troff:lib/ovs.tmac:87: warning: invalid input character code 13
troff:lib/ovs.tmac:88: warning: invalid input character code 13
troff:lib/ovs.tmac:89: warning: invalid input character code 13
troff:lib/ovs.tmac:90: warning: invalid input character code 13
troff:lib/ovs.tmac:91: warning: invalid input character code 13
troff:lib/ovs.tmac:92: warning: invalid input character code 13
troff:lib/ovs.tmac:93: warning: invalid input character code 13
troff:lib/ovs.tmac:94: warning: invalid input character code 13
troff:lib/ovs.tmac:95: warning: invalid input character code 13
troff:lib/ovs.tmac:96: warning: invalid input character code 13
troff:lib/ovs.tmac:97: warning: invalid input character code 13
troff:lib/ovs.tmac:98: warning: invalid input character code 13
troff:lib/ovs.tmac:99: warning: invalid input character code 13
troff:lib/ovs.tmac:100: warning: invalid input character code 13
troff:lib/ovs.tmac:101: warning: invalid input character code 13
troff:lib/ovs.tmac:102: warning: invalid input character code 13
troff:lib/ovs.tmac:103: warning: invalid input character code 13
troff:lib/ovs.tmac:104: warning: invalid input character code 13
troff:lib/ovs.tmac:105: warning: invalid input character code 13
troff:lib/ovs.tmac:106: warning: invalid input character code 13
troff:lib/ovs.tmac:107: warning: invalid input character code 13
troff:lib/ovs.tmac:108: warning: invalid input character code 13
troff:lib/ovs.tmac:109: warning: invalid input character code 13
troff:lib/ovs.tmac:110: warning: invalid input character code 13
troff:lib/ovs.tmac:111: warning: invalid input character code 13
troff:lib/ovs.tmac:112: warning: invalid input character code 13
troff:lib/ovs.tmac:113: warning: invalid input character code 13
troff:lib/ovs.tmac:114: warning: invalid input character code 13
troff:lib/ovs.tmac:115: warning: invalid input character code 13
troff:lib/ovs.tmac:116: warning: invalid input character code 13
troff:lib/ovs.tmac:117: warning: invalid input character code 13
troff:lib/ovs.tmac:118: warning: invalid input character code 13
troff:lib/ovs.tmac:119: warning: invalid input character code 13
troff:lib/ovs.tmac:120: warning: invalid input character code 13
troff:lib/ovs.tmac:121: warning: invalid input character code 13
troff:lib/ovs.tmac:122: warning: invalid input character code 13
troff:lib/ovs.tmac:123: warning: invalid input character code 13
troff:lib/ovs.tmac:124: warning: invalid input character code 13
troff:lib/ovs.tmac:125: warning: invalid input character code 13
troff:lib/ovs.tmac:126: warning: invalid input character code 13
troff:lib/ovs.tmac:127: warning: invalid input character code 13
troff:lib/ovs.tmac:128: warning: invalid input character code 13
troff:lib/ovs.tmac:129: warning: invalid input character code 13
troff:lib/ovs.tmac:130: warning: invalid input character code 13
troff:lib/ovs.tmac:131: warning: invalid input character code 13
troff:lib/ovs.tmac:132: warning: invalid input character code 13
troff:lib/ovs.tmac:133: warning: invalid input character code 13
troff:lib/ovs.tmac:134: warning: invalid input character code 13
troff:lib/ovs.tmac:135: warning: invalid input character code 13
troff:lib/ovs.tmac:136: warning: invalid input character code 13
troff:lib/ovs.tmac:137: warning: invalid input character code 13
troff:lib/ovs.tmac:138: warning: invalid input character code 13
troff:lib/ovs.tmac:139: warning: invalid input character code 13
troff:lib/ovs.tmac:140: warning: invalid input character code 13
troff:lib/ovs.tmac:141: warning: invalid input character code 13
troff:lib/ovs.tmac:142: warning: invalid input character code 13
troff:lib/ovs.tmac:143: warning: invalid input character code 13
troff:lib/ovs.tmac:144: warning: invalid input character code 13
troff:lib/ovs.tmac:145: warning: invalid input character code 13
troff:lib/ovs.tmac:146: warning: invalid input character code 13
troff:lib/ovs.tmac:147: warning: invalid input character code 13
troff:lib/ovs.tmac:148: warning: invalid input character code 13
troff:lib/ovs.tmac:149: warning: invalid input character code 13
troff:lib/ovs.tmac:150: warning: invalid input character code 13
troff:lib/ovs.tmac:151: warning: invalid input character code 13
troff:lib/ovs.tmac:152: warning: invalid input character code 13
troff:lib/ovs.tmac:153: warning: invalid input character code 13
troff:lib/ovs.tmac:154: warning: invalid input character code 13
troff:lib/ovs.tmac:155: warning: invalid input character code 13
troff:lib/ovs.tmac:156: warning: invalid input character code 13
troff:lib/ovs.tmac:157: warning: invalid input character code 13
troff:lib/ovs.tmac:158: warning: invalid input character code 13
troff:lib/ovs.tmac:159: warning: invalid input character code 13
troff:lib/ovs.tmac:160: warning: invalid input character code 13
troff:lib/ovs.tmac:161: warning: invalid input character code 13
troff:lib/ovs.tmac:162: warning: invalid input character code 13
troff:lib/ovs.tmac:163: warning: invalid input character code 13
troff:lib/ovs.tmac:164: warning: invalid input character code 13
troff:lib/ovs.tmac:165: warning: invalid input character code 13
troff:lib/ovs.tmac:166: warning: invalid input character code 13
troff:lib/ovs.tmac:167: warning: invalid input character code 13
troff:lib/ovs.tmac:168: warning: invalid input character code 13
troff:lib/ovs.tmac:169: warning: invalid input character code 13
troff:lib/ovs.tmac:170: warning: invalid input character code 13
troff:lib/ovs.tmac:171: warning: invalid input character code 13
troff:lib/ovs.tmac:172: warning: invalid input character code 13
troff:lib/ovs.tmac:173: warning: invalid input character code 13
troff:lib/ovs.tmac:174: warning: invalid input character code 13
troff:lib/ovs.tmac:175: warning: invalid input character code 13
troff:lib/ovs.tmac:176: warning: invalid input character code 13
troff:lib/ovs.tmac:177: warning: invalid input character code 13
troff:lib/ovs.tmac:178: warning: invalid input character code 13
troff:lib/ovs.tmac:179: warning: invalid input character code 13
troff:lib/ovs.tmac:180: warning: invalid input character code 13
troff:lib/ovs.tmac:181: warning: invalid input character code 13
troff:lib/ovs.tmac:182: warning: invalid input character code 13
troff:lib/ovs.tmac:183: warning: invalid input character code 13
troff:lib/ovs.tmac:184: warning: invalid input character code 13
troff:lib/ovs.tmac:185: warning: invalid input character code 13
troff:lib/ovs.tmac:186: warning: invalid input character code 13
troff:lib/ovs.tmac:187: warning: invalid input character code 13
troff:lib/ovs.tmac:188: warning: invalid input character code 13
troff:lib/ovs.tmac:189: warning: invalid input character code 13
troff:lib/ovs.tmac:190: warning: invalid input character code 13
troff:lib/daemon-syn.man:1: warning: invalid input character code 13
troff:lib/daemon-syn.man:2: warning: invalid input character code 13
troff:lib/daemon-syn.man:3: warning: invalid input character code 13
troff:lib/daemon-syn.man:4: warning: invalid input character code 13
troff:lib/daemon-syn.man:5: warning: invalid input character code 13
troff:lib/daemon-syn.man:6: warning: invalid input character code 13
troff:lib/service-syn.man:1: warning: invalid input character code 13
troff:lib/service-syn.man:2: warning: invalid input character code 13
troff:lib/service-syn.man:3: warning: invalid input character code 13
troff:lib/vlog-syn.man:1: warning: invalid input character code 13
troff:lib/vlog-syn.man:2: warning: invalid input character code 13
troff:lib/vlog-syn.man:3: warning: invalid input character code 13
troff:lib/vlog-syn.man:4: warning: invalid input character code 13
troff:lib/vlog-syn.man:5: warning: invalid input character code 13
troff:lib/vlog-syn.man:6: warning: invalid input character code 13
troff:lib/ssl-syn.man:1: warning: invalid input character code 13
troff:lib/ssl-syn.man:2: warning: invalid input character code 13
troff:lib/ssl-syn.man:3: warning: invalid input character code 13
troff:lib/ssl-syn.man:4: warning: invalid input character code 13
troff:lib/ssl-syn.man:5: warning: invalid input character code 13
troff:lib/ssl-syn.man:6: warning: invalid input character code 13
troff:lib/ssl-bootstrap-syn.man:1: warning: invalid input character code 13
troff:lib/ssl-bootstrap-syn.man:2: warning: invalid input character code 13
troff:lib/ssl-peer-ca-cert-syn.man:1: warning: invalid input character code 13
troff:lib/ssl-peer-ca-cert-syn.man:2: warning: invalid input character code 13
troff:lib/ssl-connect-syn.man:1: warning: invalid input character code 13
troff:lib/ssl-connect-syn.man:2: warning: invalid input character code 13
troff:lib/ssl-connect-syn.man:3: warning: invalid input character code 13
troff:lib/ssl-connect-syn.man:4: warning: invalid input character code 13
troff:lib/ssl-connect-syn.man:5: warning: invalid input character code 13
troff:lib/ssl-connect-syn.man:6: warning: invalid input character code 13
troff:lib/ssl-connect-syn.man:7: warning: invalid input character code 13
troff:lib/unixctl-syn.man:1: warning: invalid input character code 13
troff:lib/unixctl-syn.man:2: warning: invalid input character code 13
troff:lib/ovs-replay-syn.man:1: warning: invalid input character code 13
troff:lib/ovs-replay-syn.man:2: warning: invalid input character code 13
troff:lib/ovs-replay-syn.man:3: warning: invalid input character code 13
troff:lib/common-syn.man:1: warning: invalid input character code 13
troff:lib/common-syn.man:2: warning: invalid input character code 13
troff:lib/common-syn.man:3: warning: invalid input character code 13
troff:lib/common-syn.man:4: warning: invalid input character code 13
troff:lib/daemon.man:1: warning: invalid input character code 13
troff:lib/daemon.man:2: warning: invalid input character code 13
troff:lib/daemon.man:3: warning: invalid input character code 13
troff:lib/daemon.man:4: warning: invalid input character code 13
troff:lib/daemon.man:5: warning: invalid input character code 13
troff:lib/daemon.man:6: warning: invalid input character code 13
troff:lib/daemon.man:7: warning: invalid input character code 13
troff:lib/daemon.man:8: warning: invalid input character code 13
troff:lib/daemon.man:9: warning: invalid input character code 13
troff:lib/daemon.man:10: warning: invalid input character code 13
troff:lib/daemon.man:11: warning: invalid input character code 13
troff:lib/daemon.man:12: warning: invalid input character code 13
troff:lib/daemon.man:13: warning: invalid input character code 13
troff:lib/daemon.man:14: warning: invalid input character code 13
troff:lib/daemon.man:15: warning: invalid input character code 13
troff:lib/daemon.man:16: warning: invalid input character code 13
troff:lib/daemon.man:17: warning: invalid input character code 13
troff:lib/daemon.man:18: warning: invalid input character code 13
troff:lib/daemon.man:19: warning: invalid input character code 13
troff:lib/daemon.man:20: warning: invalid input character code 13
troff:lib/daemon.man:21: warning: invalid input character code 13
troff:lib/daemon.man:22: warning: invalid input character code 13
troff:lib/daemon.man:23: warning: invalid input character code 13
troff:lib/daemon.man:24: warning: invalid input character code 13
troff:lib/daemon.man:25: warning: invalid input character code 13
troff:lib/daemon.man:26: warning: invalid input character code 13
troff:lib/daemon.man:27: warning: invalid input character code 13
troff:lib/daemon.man:28: warning: invalid input character code 13
troff:lib/daemon.man:29: warning: invalid input character code 13
troff:lib/daemon.man:30: warning: invalid input character code 13
troff:lib/daemon.man:31: warning: invalid input character code 13
troff:lib/daemon.man:32: warning: invalid input character code 13
troff:lib/daemon.man:33: warning: invalid input character code 13
troff:lib/daemon.man:34: warning: invalid input character code 13
troff:lib/daemon.man:35: warning: invalid input character code 13
troff:lib/daemon.man:36: warning: invalid input character code 13
troff:lib/daemon.man:37: warning: invalid input character code 13
troff:lib/daemon.man:38: warning: invalid input character code 13
troff:lib/daemon.man:39: warning: invalid input character code 13
troff:lib/daemon.man:40: warning: invalid input character code 13
troff:lib/daemon.man:41: warning: invalid input character code 13
troff:lib/daemon.man:42: warning: invalid input character code 13
troff:lib/daemon.man:43: warning: invalid input character code 13
troff:lib/daemon.man:44: warning: invalid input character code 13
troff:lib/daemon.man:45: warning: invalid input character code 13
troff:lib/daemon.man:46: warning: invalid input character code 13
troff:lib/daemon.man:47: warning: invalid input character code 13
troff:lib/daemon.man:48: warning: invalid input character code 13
troff:lib/daemon.man:49: warning: invalid input character code 13
troff:lib/daemon.man:50: warning: invalid input character code 13
troff:lib/daemon.man:51: warning: invalid input character code 13
troff:lib/daemon.man:52: warning: invalid input character code 13
troff:lib/daemon.man:53: warning: invalid input character code 13
troff:lib/daemon.man:54: warning: invalid input character code 13
troff:lib/daemon.man:55: warning: invalid input character code 13
troff:lib/daemon.man:56: warning: invalid input character code 13
troff:lib/daemon.man:57: warning: invalid input character code 13
troff:lib/daemon.man:58: warning: invalid input character code 13
troff:lib/daemon.man:59: warning: invalid input character code 13
troff:lib/daemon.man:60: warning: invalid input character code 13
troff:lib/daemon.man:61: warning: invalid input character code 13
troff:lib/daemon.man:62: warning: invalid input character code 13
troff:lib/daemon.man:63: warning: invalid input character code 13
troff:lib/daemon.man:64: warning: invalid input character code 13
troff:lib/daemon.man:65: warning: invalid input character code 13
troff:lib/daemon.man:66: warning: invalid input character code 13
troff:lib/daemon.man:67: warning: invalid input character code 13
troff:lib/daemon.man:68: warning: invalid input character code 13
troff:lib/daemon.man:69: warning: invalid input character code 13
troff:lib/daemon.man:70: warning: invalid input character code 13
troff:lib/daemon.man:71: warning: invalid input character code 13
troff:lib/daemon.man:72: warning: invalid input character code 13
troff:lib/daemon.man:73: warning: invalid input character code 13
troff:lib/daemon.man:74: warning: invalid input character code 13
troff:lib/daemon.man:75: warning: invalid input character code 13
troff:lib/daemon.man:76: warning: invalid input character code 13
troff:lib/daemon.man:77: warning: invalid input character code 13
troff:lib/daemon.man:78: warning: invalid input character code 13
troff:lib/daemon.man:79: warning: invalid input character code 13
troff:lib/daemon.man:80: warning: invalid input character code 13
troff:lib/daemon.man:81: warning: invalid input character code 13
troff:lib/daemon.man:82: warning: invalid input character code 13
troff:lib/daemon.man:83: warning: invalid input character code 13
troff:lib/daemon.man:84: warning: invalid input character code 13
troff:lib/service.man:1: warning: invalid input character code 13
troff:lib/service.man:2: warning: invalid input character code 13
troff:lib/service.man:3: warning: invalid input character code 13
troff:lib/service.man:4: warning: invalid input character code 13
troff:lib/service.man:5: warning: invalid input character code 13
troff:lib/service.man:6: warning: invalid input character code 13
troff:lib/service.man:7: warning: invalid input character code 13
troff:lib/service.man:8: warning: invalid input character code 13
troff:lib/service.man:9: warning: invalid input character code 13
troff:lib/service.man:10: warning: invalid input character code 13
troff:lib/service.man:11: warning: invalid input character code 13
troff:lib/service.man:12: warning: invalid input character code 13
troff:lib/vlog.man:1: warning: invalid input character code 13
troff:lib/vlog.man:2: warning: invalid input character code 13
troff:lib/vlog.man:3: warning: invalid input character code 13
troff:lib/vlog.man:4: warning: invalid input character code 13
troff:lib/vlog.man:5: warning: invalid input character code 13
troff:lib/vlog.man:6: warning: invalid input character code 13
troff:lib/vlog.man:7: warning: invalid input character code 13
troff:lib/vlog.man:8: warning: invalid input character code 13
troff:lib/vlog.man:9: warning: invalid input character code 13
troff:lib/vlog.man:10: warning: invalid input character code 13
troff:lib/vlog.man:11: warning: invalid input character code 13
troff:lib/vlog.man:12: warning: invalid input character code 13
troff:lib/vlog.man:13: warning: invalid input character code 13
troff:lib/vlog.man:14: warning: invalid input character code 13
troff:lib/vlog.man:15: warning: invalid input character code 13
troff:lib/vlog.man:16: warning: invalid input character code 13
troff:lib/vlog.man:17: warning: invalid input character code 13
troff:lib/vlog.man:18: warning: invalid input character code 13
troff:lib/vlog.man:19: warning: invalid input character code 13
troff:lib/vlog.man:20: warning: invalid input character code 13
troff:lib/vlog.man:21: warning: invalid input character code 13
troff:lib/vlog.man:22: warning: invalid input character code 13
troff:lib/vlog.man:23: warning: invalid input character code 13
troff:lib/vlog.man:24: warning: invalid input character code 13
troff:lib/vlog.man:25: warning: invalid input character code 13
troff:lib/vlog.man:26: warning: invalid input character code 13
troff:lib/vlog.man:27: warning: invalid input character code 13
troff:lib/vlog.man:28: warning: invalid input character code 13
troff:lib/vlog.man:29: warning: invalid input character code 13
troff:lib/vlog.man:30: warning: invalid input character code 13
troff:lib/vlog.man:31: warning: invalid input character code 13
troff:lib/vlog.man:32: warning: invalid input character code 13
troff:lib/vlog.man:33: warning: invalid input character code 13
troff:lib/vlog.man:34: warning: invalid input character code 13
troff:lib/vlog.man:35: warning: invalid input character code 13
troff:lib/vlog.man:36: warning: invalid input character code 13
troff:lib/vlog.man:37: warning: invalid input character code 13
troff:lib/vlog.man:38: warning: invalid input character code 13
troff:lib/vlog.man:39: warning: invalid input character code 13
troff:lib/vlog.man:40: warning: invalid input character code 13
troff:lib/vlog.man:41: warning: invalid input character code 13
troff:lib/vlog.man:42: warning: invalid input character code 13
troff:lib/vlog.man:43: warning: invalid input character code 13
troff:lib/vlog.man:44: warning: invalid input character code 13
troff:lib/vlog.man:45: warning: invalid input character code 13
troff:lib/vlog.man:46: warning: invalid input character code 13
troff:lib/vlog.man:47: warning: invalid input character code 13
troff:lib/vlog.man:48: warning: invalid input character code 13
troff:lib/vlog.man:49: warning: invalid input character code 13
troff:lib/vlog.man:50: warning: invalid input character code 13
troff:lib/vlog.man:51: warning: invalid input character code 13
troff:lib/vlog.man:52: warning: invalid input character code 13
troff:lib/vlog.man:53: warning: invalid input character code 13
troff:lib/vlog.man:54: warning: invalid input character code 13
troff:lib/vlog.man:55: warning: invalid input character code 13
troff:lib/vlog.man:56: warning: invalid input character code 13
troff:lib/vlog.man:57: warning: invalid input character code 13
troff:lib/vlog.man:58: warning: invalid input character code 13
troff:lib/vlog.man:59: warning: invalid input character code 13
troff:lib/vlog.man:60: warning: invalid input character code 13
troff:lib/vlog.man:61: warning: invalid input character code 13
troff:lib/vlog.man:62: warning: invalid input character code 13
troff:lib/vlog.man:63: warning: invalid input character code 13
troff:lib/vlog.man:64: warning: invalid input character code 13
troff:lib/vlog.man:65: warning: invalid input character code 13
troff:lib/vlog.man:66: warning: invalid input character code 13
troff:lib/vlog.man:67: warning: invalid input character code 13
troff:lib/vlog.man:68: warning: invalid input character code 13
troff:lib/vlog.man:69: warning: invalid input character code 13
troff:lib/vlog.man:70: warning: invalid input character code 13
troff:lib/vlog.man:71: warning: invalid input character code 13
troff:lib/vlog.man:72: warning: invalid input character code 13
troff:lib/vlog.man:73: warning: invalid input character code 13
troff:lib/vlog.man:74: warning: invalid input character code 13
troff:lib/vlog.man:75: warning: invalid input character code 13
troff:lib/vlog.man:76: warning: invalid input character code 13
troff:lib/vlog.man:77: warning: invalid input character code 13
troff:lib/vlog.man:78: warning: invalid input character code 13
troff:lib/vlog.man:79: warning: invalid input character code 13
troff:lib/vlog.man:80: warning: invalid input character code 13
troff:lib/vlog.man:81: warning: invalid input character code 13
troff:lib/vlog.man:82: warning: invalid input character code 13
troff:lib/vlog.man:83: warning: invalid input character code 13
troff:lib/vlog.man:84: warning: invalid input character code 13
troff:lib/vlog.man:85: warning: invalid input character code 13
troff:lib/vlog.man:86: warning: invalid input character code 13
troff:lib/vlog.man:87: warning: invalid input character code 13
troff:lib/vlog.man:88: warning: invalid input character code 13
troff:lib/vlog.man:89: warning: invalid input character code 13
troff:lib/vlog.man:90: warning: invalid input character code 13
troff:lib/vlog.man:91: warning: invalid input character code 13
troff:lib/vlog.man:92: warning: invalid input character code 13
troff:lib/vlog.man:93: warning: invalid input character code 13
troff:lib/vlog.man:94: warning: invalid input character code 13
troff:lib/vlog.man:95: warning: invalid input character code 13
troff:lib/vlog.man:96: warning: invalid input character code 13
troff:lib/vlog.man:97: warning: invalid input character code 13
troff:lib/vlog.man:98: warning: invalid input character code 13
troff:lib/vlog.man:99: warning: invalid input character code 13
troff:lib/vlog.man:100: warning: invalid input character code 13
troff:lib/vlog.man:101: warning: invalid input character code 13
troff:lib/vlog.man:102: warning: invalid input character code 13
troff:lib/vlog.man:103: warning: invalid input character code 13
troff:lib/vlog.man:104: warning: invalid input character code 13
troff:lib/vlog.man:105: warning: invalid input character code 13
troff:lib/vlog.man:106: warning: invalid input character code 13
troff:lib/ssl.man:1: warning: invalid input character code 13
troff:lib/ssl.man:2: warning: invalid input character code 13
troff:lib/ssl.man:3: warning: invalid input character code 13
troff:lib/ssl.man:4: warning: invalid input character code 13
troff:lib/ssl.man:5: warning: invalid input character code 13
troff:lib/ssl.man:6: warning: invalid input character code 13
troff:lib/ssl.man:7: warning: invalid input character code 13
troff:lib/ssl.man:8: warning: invalid input character code 13
troff:lib/ssl.man:9: warning: invalid input character code 13
troff:lib/ssl.man:10: warning: invalid input character code 13
troff:lib/ssl.man:11: warning: invalid input character code 13
troff:lib/ssl.man:12: warning: invalid input character code 13
troff:lib/ssl.man:13: warning: invalid input character code 13
troff:lib/ssl.man:14: warning: invalid input character code 13
troff:lib/ssl.man:15: warning: invalid input character code 13
troff:lib/ssl.man:16: warning: invalid input character code 13
troff:lib/ssl.man:17: warning: invalid input character code 13
troff:lib/ssl.man:18: warning: invalid input character code 13
troff:lib/ssl.man:19: warning: invalid input character code 13
troff:lib/ssl.man:20: warning: invalid input character code 13
troff:lib/ssl.man:21: warning: invalid input character code 13
troff:lib/ssl.man:22: warning: invalid input character code 13
troff:lib/ssl.man:23: warning: invalid input character code 13
troff:lib/ssl.man:24: warning: invalid input character code 13
troff:lib/ssl.man:25: warning: invalid input character code 13
troff:lib/ssl.man:26: warning: invalid input character code 13
troff:lib/ssl-bootstrap.man:1: warning: invalid input character code 13
troff:lib/ssl-bootstrap.man:2: warning: invalid input character code 13
troff:lib/ssl-bootstrap.man:3: warning: invalid input character code 13
troff:lib/ssl-bootstrap.man:4: warning: invalid input character code 13
troff:lib/ssl-bootstrap.man:5: warning: invalid input character code 13
troff:lib/ssl-bootstrap.man:6: warning: invalid input character code 13
troff:lib/ssl-bootstrap.man:7: warning: invalid input character code 13
troff:lib/ssl-bootstrap.man:8: warning: invalid input character code 13
troff:lib/ssl-bootstrap.man:9: warning: invalid input character code 13
troff:lib/ssl-bootstrap.man:10: warning: invalid input character code 13
troff:lib/ssl-bootstrap.man:11: warning: invalid input character code 13
troff:lib/ssl-bootstrap.man:12: warning: invalid input character code 13
troff:lib/ssl-bootstrap.man:13: warning: invalid input character code 13
troff:lib/ssl-bootstrap.man:14: warning: invalid input character code 13
troff:lib/ssl-bootstrap.man:15: warning: invalid input character code 13
troff:lib/ssl-bootstrap.man:16: warning: invalid input character code 13
troff:lib/ssl-bootstrap.man:17: warning: invalid input character code 13
troff:lib/ssl-bootstrap.man:18: warning: invalid input character code 13
troff:lib/ssl-bootstrap.man:19: warning: invalid input character code 13
troff:lib/ssl-bootstrap.man:20: warning: invalid input character code 13
troff:lib/ssl-peer-ca-cert.man:1: warning: invalid input character code 13
troff:lib/ssl-peer-ca-cert.man:2: warning: invalid input character code 13
troff:lib/ssl-peer-ca-cert.man:3: warning: invalid input character code 13
troff:lib/ssl-peer-ca-cert.man:4: warning: invalid input character code 13
troff:lib/ssl-peer-ca-cert.man:5: warning: invalid input character code 13
troff:lib/ssl-peer-ca-cert.man:6: warning: invalid input character code 13
troff:lib/ssl-peer-ca-cert.man:7: warning: invalid input character code 13
troff:lib/ssl-peer-ca-cert.man:8: warning: invalid input character code 13
troff:lib/ssl-peer-ca-cert.man:9: warning: invalid input character code 13
troff:lib/ssl-peer-ca-cert.man:10: warning: invalid input character code 13
troff:lib/ssl-peer-ca-cert.man:11: warning: invalid input character code 13
troff:lib/ssl-peer-ca-cert.man:12: warning: invalid input character code 13
troff:lib/ssl-peer-ca-cert.man:13: warning: invalid input character code 13
troff:lib/ssl-connect.man:1: warning: invalid input character code 13
troff:lib/ssl-connect.man:2: warning: invalid input character code 13
troff:lib/ssl-connect.man:3: warning: invalid input character code 13
troff:lib/ssl-connect.man:4: warning: invalid input character code 13
troff:lib/ssl-connect.man:5: warning: invalid input character code 13
troff:lib/ssl-connect.man:6: warning: invalid input character code 13
troff:lib/ssl-connect.man:7: warning: invalid input character code 13
troff:lib/ssl-connect.man:8: warning: invalid input character code 13
troff:lib/ssl-connect.man:9: warning: invalid input character code 13
troff:lib/ssl-connect.man:10: warning: invalid input character code 13
troff:lib/ssl-connect.man:11: warning: invalid input character code 13
troff:lib/ssl-connect.man:12: warning: invalid input character code 13
troff:lib/ssl-connect.man:13: warning: invalid input character code 13
troff:lib/ssl-connect.man:14: warning: invalid input character code 13
troff:lib/ssl-connect.man:15: warning: invalid input character code 13
troff:lib/ssl-connect.man:16: warning: invalid input character code 13
troff:lib/ssl-connect.man:17: warning: invalid input character code 13
troff:lib/ssl-connect.man:18: warning: invalid input character code 13
troff:lib/ssl-connect.man:19: warning: invalid input character code 13
troff:lib/ssl-connect.man:20: warning: invalid input character code 13
troff:lib/ssl-connect.man:21: warning: invalid input character code 13
troff:lib/ssl-connect.man:22: warning: invalid input character code 13
troff:lib/ssl-connect.man:23: warning: invalid input character code 13
troff:lib/ssl-connect.man:24: warning: invalid input character code 13
troff:lib/ssl-connect.man:25: warning: invalid input character code 13
troff:lib/ssl-connect.man:26: warning: invalid input character code 13
troff:lib/unixctl.man:1: warning: invalid input character code 13
troff:lib/unixctl.man:2: warning: invalid input character code 13
troff:lib/unixctl.man:3: warning: invalid input character code 13
troff:lib/unixctl.man:4: warning: invalid input character code 13
troff:lib/unixctl.man:5: warning: invalid input character code 13
troff:lib/unixctl.man:6: warning: invalid input character code 13
troff:lib/unixctl.man:7: warning: invalid input character code 13
troff:lib/unixctl.man:8: warning: invalid input character code 13
troff:lib/unixctl.man:9: warning: invalid input character code 13
troff:lib/unixctl.man:10: warning: invalid input character code 13
troff:lib/unixctl.man:11: warning: invalid input character code 13
troff:lib/unixctl.man:12: warning: invalid input character code 13
troff:lib/unixctl.man:13: warning: invalid input character code 13
troff:lib/unixctl.man:14: warning: invalid input character code 13
troff:lib/unixctl.man:15: warning: invalid input character code 13
troff:lib/unixctl.man:16: warning: invalid input character code 13
troff:lib/unixctl.man:17: warning: invalid input character code 13
troff:lib/ovs-replay.man:1: warning: invalid input character code 13
troff:lib/ovs-replay.man:2: warning: invalid input character code 13
troff:lib/ovs-replay.man:3: warning: invalid input character code 13
troff:lib/ovs-replay.man:4: warning: invalid input character code 13
troff:lib/ovs-replay.man:5: warning: invalid input character code 13
troff:lib/ovs-replay.man:6: warning: invalid input character code 13
troff:lib/ovs-replay.man:7: warning: invalid input character code 13
troff:lib/ovs-replay.man:8: warning: invalid input character code 13
troff:lib/ovs-replay.man:9: warning: invalid input character code 13
troff:lib/ovs-replay.man:10: warning: invalid input character code 13
troff:lib/ovs-replay.man:11: warning: invalid input character code 13
troff:lib/ovs-replay.man:12: warning: invalid input character code 13
troff:lib/ovs-replay.man:13: warning: invalid input character code 13
troff:lib/ovs-replay.man:14: warning: invalid input character code 13
troff:lib/ovs-replay.man:15: warning: invalid input character code 13
troff:lib/ovs-replay.man:16: warning: invalid input character code 13
troff:lib/common.man:1: warning: invalid input character code 13
troff:lib/common.man:2: warning: invalid input character code 13
troff:lib/common.man:3: warning: invalid input character code 13
troff:lib/common.man:4: warning: invalid input character code 13
troff:lib/common.man:5: warning: invalid input character code 13
troff:lib/common.man:6: warning: invalid input character code 13
troff:lib/common.man:7: warning: invalid input character code 13
troff:lib/vlog-unixctl.man:1: warning: invalid input character code 13
troff:lib/vlog-unixctl.man:2: warning: invalid input character code 13
troff:lib/vlog-unixctl.man:3: warning: invalid input character code 13
troff:lib/vlog-unixctl.man:4: warning: invalid input character code 13
troff:lib/vlog-unixctl.man:5: warning: invalid input character code 13
troff:lib/vlog-unixctl.man:6: warning: invalid input character code 13
troff:lib/vlog-unixctl.man:7: warning: invalid input character code 13
troff:lib/vlog-unixctl.man:8: warning: invalid input character code 13
troff:lib/vlog-unixctl.man:9: warning: invalid input character code 13
troff:lib/vlog-unixctl.man:10: warning: invalid input character code 13
troff:lib/vlog-unixctl.man:11: warning: invalid input character code 13
troff:lib/vlog-unixctl.man:12: warning: invalid input character code 13
troff:lib/vlog-unixctl.man:13: warning: invalid input character code 13
troff:lib/vlog-unixctl.man:14: warning: invalid input character code 13
troff:lib/vlog-unixctl.man:15: warning: invalid input character code 13
troff:lib/vlog-unixctl.man:16: warning: invalid input character code 13
troff:lib/vlog-unixctl.man:17: warning: invalid input character code 13
troff:lib/vlog-unixctl.man:18: warning: invalid input character code 13
troff:lib/vlog-unixctl.man:19: warning: invalid input character code 13
troff:lib/vlog-unixctl.man:20: warning: invalid input character code 13
troff:lib/vlog-unixctl.man:21: warning: invalid input character code 13
troff:lib/vlog-unixctl.man:22: warning: invalid input character code 13
troff:lib/vlog-unixctl.man:23: warning: invalid input character code 13
troff:lib/vlog-unixctl.man:24: warning: invalid input character code 13
troff:lib/vlog-unixctl.man:25: warning: invalid input character code 13
troff:lib/vlog-unixctl.man:26: warning: invalid input character code 13
troff:lib/vlog-unixctl.man:27: warning: invalid input character code 13
troff:lib/vlog-unixctl.man:28: warning: invalid input character code 13
troff:lib/vlog-unixctl.man:29: warning: invalid input character code 13
troff:lib/vlog-unixctl.man:30: warning: invalid input character code 13
troff:lib/vlog-unixctl.man:31: warning: invalid input character code 13
troff:lib/vlog-unixctl.man:32: warning: invalid input character code 13
troff:lib/vlog-unixctl.man:33: warning: invalid input character code 13
troff:lib/vlog-unixctl.man:34: warning: invalid input character code 13
troff:lib/vlog-unixctl.man:35: warning: invalid input character code 13
troff:lib/vlog-unixctl.man:36: warning: invalid input character code 13
troff:lib/vlog-unixctl.man:37: warning: invalid input character code 13
troff:lib/vlog-unixctl.man:38: warning: invalid input character code 13
troff:lib/vlog-unixctl.man:39: warning: invalid input character code 13
troff:lib/vlog-unixctl.man:40: warning: invalid input character code 13
troff:lib/vlog-unixctl.man:41: warning: invalid input character code 13
troff:lib/vlog-unixctl.man:42: warning: invalid input character code 13
troff:lib/vlog-unixctl.man:43: warning: invalid input character code 13
troff:lib/vlog-unixctl.man:44: warning: invalid input character code 13
troff:lib/vlog-unixctl.man:45: warning: invalid input character code 13
troff:lib/vlog-unixctl.man:46: warning: invalid input character code 13
troff:lib/vlog-unixctl.man:47: warning: invalid input character code 13
troff:lib/vlog-unixctl.man:48: warning: invalid input character code 13
troff:lib/vlog-unixctl.man:49: warning: invalid input character code 13
troff:lib/vlog-unixctl.man:50: warning: invalid input character code 13
troff:lib/vlog-unixctl.man:51: warning: invalid input character code 13
troff:lib/vlog-unixctl.man:52: warning: invalid input character code 13
troff:lib/vlog-unixctl.man:53: warning: invalid input character code 13
troff:lib/vlog-unixctl.man:54: warning: invalid input character code 13
troff:lib/vlog-unixctl.man:55: warning: invalid input character code 13
troff:lib/vlog-unixctl.man:56: warning: invalid input character code 13
troff:lib/vlog-unixctl.man:57: warning: invalid input character code 13
troff:lib/vlog-unixctl.man:58: warning: invalid input character code 13
troff:lib/vlog-unixctl.man:59: warning: invalid input character code 13
troff:lib/vlog-unixctl.man:60: warning: invalid input character code 13
troff:lib/vlog-unixctl.man:61: warning: invalid input character code 13
troff:lib/vlog-unixctl.man:62: warning: invalid input character code 13
troff:lib/vlog-unixctl.man:63: warning: invalid input character code 13
troff:lib/vlog-unixctl.man:64: warning: invalid input character code 13
troff:lib/vlog-unixctl.man:65: warning: invalid input character code 13
troff:lib/vlog-unixctl.man:66: warning: invalid input character code 13
troff:lib/vlog-unixctl.man:67: warning: invalid input character code 13
troff:lib/vlog-unixctl.man:68: warning: invalid input character code 13
troff:lib/vlog-unixctl.man:69: warning: invalid input character code 13
troff:lib/vlog-unixctl.man:70: warning: invalid input character code 13
troff:lib/vlog-unixctl.man:71: warning: invalid input character code 13
troff:lib/vlog-unixctl.man:72: warning: invalid input character code 13
troff:lib/vlog-unixctl.man:73: warning: invalid input character code 13
troff:lib/vlog-unixctl.man:74: warning: invalid input character code 13
troff:lib/vlog-unixctl.man:75: warning: invalid input character code 13
troff:lib/vlog-unixctl.man:76: warning: invalid input character code 13
troff:lib/vlog-unixctl.man:77: warning: invalid input character code 13
troff:lib/vlog-unixctl.man:78: warning: invalid input character code 13
troff:lib/vlog-unixctl.man:79: warning: invalid input character code 13
troff:lib/memory-unixctl.man:1: warning: invalid input character code 13
troff:lib/memory-unixctl.man:2: warning: invalid input character code 13
troff:lib/memory-unixctl.man:3: warning: invalid input character code 13
troff:lib/memory-unixctl.man:4: warning: invalid input character code 13
troff:lib/memory-unixctl.man:5: warning: invalid input character code 13
troff:lib/memory-unixctl.man:6: warning: invalid input character code 13
troff:lib/memory-unixctl.man:7: warning: invalid input character code 13
troff:lib/coverage-unixctl.man:1: warning: invalid input character code 13
troff:lib/coverage-unixctl.man:2: warning: invalid input character code 13
troff:lib/coverage-unixctl.man:3: warning: invalid input character code 13
troff:lib/coverage-unixctl.man:4: warning: invalid input character code 13
troff:lib/coverage-unixctl.man:5: warning: invalid input character code 13
troff:lib/coverage-unixctl.man:6: warning: invalid input character code 13
troff:lib/coverage-unixctl.man:7: warning: invalid input character code 13
troff:lib/coverage-unixctl.man:8: warning: invalid input character code 13
troff:lib/coverage-unixctl.man:9: warning: invalid input character code 13
troff:lib/coverage-unixctl.man:10: warning: invalid input character code 13
troff:lib/coverage-unixctl.man:11: warning: invalid input character code 13
troff:lib/coverage-unixctl.man:12: warning: invalid input character code 13
troff:lib/coverage-unixctl.man:13: warning: invalid input character code 13
troff:lib/coverage-unixctl.man:14: warning: invalid input character code 13
troff:lib/coverage-unixctl.man:15: warning: invalid input character code 13
troff:lib/ovs.tmac:1: warning: invalid input character code 13
troff:lib/ovs.tmac:2: warning: invalid input character code 13
troff:lib/ovs.tmac:3: warning: invalid input character code 13
troff:lib/ovs.tmac:4: warning: invalid input character code 13
troff:lib/ovs.tmac:5: warning: invalid input character code 13
troff:lib/ovs.tmac:6: warning: invalid input character code 13
troff:lib/ovs.tmac:7: warning: invalid input character code 13
troff:lib/ovs.tmac:8: warning: invalid input character code 13
troff:lib/ovs.tmac:9: warning: invalid input character code 13
troff:lib/ovs.tmac:10: warning: invalid input character code 13
troff:lib/ovs.tmac:11: warning: invalid input character code 13
troff:lib/ovs.tmac:12: warning: invalid input character code 13
troff:lib/ovs.tmac:13: warning: invalid input character code 13
troff:lib/ovs.tmac:14: warning: invalid input character code 13
troff:lib/ovs.tmac:15: warning: invalid input character code 13
troff:lib/ovs.tmac:16: warning: invalid input character code 13
troff:lib/ovs.tmac:17: warning: invalid input character code 13
troff:lib/ovs.tmac:18: warning: invalid input character code 13
troff:lib/ovs.tmac:19: warning: invalid input character code 13
troff:lib/ovs.tmac:20: warning: invalid input character code 13
troff:lib/ovs.tmac:21: warning: invalid input character code 13
troff:lib/ovs.tmac:22: warning: invalid input character code 13
troff:lib/ovs.tmac:23: warning: invalid input character code 13
troff:lib/ovs.tmac:24: warning: invalid input character code 13
troff:lib/ovs.tmac:25: warning: invalid input character code 13
troff:lib/ovs.tmac:26: warning: invalid input character code 13
troff:lib/ovs.tmac:27: warning: invalid input character code 13
troff:lib/ovs.tmac:28: warning: invalid input character code 13
troff:lib/ovs.tmac:29: warning: invalid input character code 13
troff:lib/ovs.tmac:30: warning: invalid input character code 13
troff:lib/ovs.tmac:31: warning: invalid input character code 13
troff:lib/ovs.tmac:32: warning: invalid input character code 13
troff:lib/ovs.tmac:33: warning: invalid input character code 13
troff:lib/ovs.tmac:34: warning: invalid input character code 13
troff:lib/ovs.tmac:35: warning: invalid input character code 13
troff:lib/ovs.tmac:36: warning: invalid input character code 13
troff:lib/ovs.tmac:37: warning: invalid input character code 13
troff:lib/ovs.tmac:38: warning: invalid input character code 13
troff:lib/ovs.tmac:39: warning: invalid input character code 13
troff:lib/ovs.tmac:40: warning: invalid input character code 13
troff:lib/ovs.tmac:41: warning: invalid input character code 13
troff:lib/ovs.tmac:42: warning: invalid input character code 13
troff:lib/ovs.tmac:43: warning: invalid input character code 13
troff:lib/ovs.tmac:44: warning: invalid input character code 13
troff:lib/ovs.tmac:45: warning: invalid input character code 13
troff:lib/ovs.tmac:46: warning: invalid input character code 13
troff:lib/ovs.tmac:47: warning: invalid input character code 13
troff:lib/ovs.tmac:48: warning: invalid input character code 13
troff:lib/ovs.tmac:49: warning: invalid input character code 13
troff:lib/ovs.tmac:50: warning: invalid input character code 13
troff:lib/ovs.tmac:51: warning: invalid input character code 13
troff:lib/ovs.tmac:52: warning: invalid input character code 13
troff:lib/ovs.tmac:53: warning: invalid input character code 13
troff:lib/ovs.tmac:54: warning: invalid input character code 13
troff:lib/ovs.tmac:55: warning: invalid input character code 13
troff:lib/ovs.tmac:56: warning: invalid input character code 13
troff:lib/ovs.tmac:57: warning: invalid input character code 13
troff:lib/ovs.tmac:58: warning: invalid input character code 13
troff:lib/ovs.tmac:59: warning: invalid input character code 13
troff:lib/ovs.tmac:60: warning: invalid input character code 13
troff:lib/ovs.tmac:61: warning: invalid input character code 13
troff:lib/ovs.tmac:62: warning: invalid input character code 13
troff:lib/ovs.tmac:63: warning: invalid input character code 13
troff:lib/ovs.tmac:64: warning: invalid input character code 13
troff:lib/ovs.tmac:65: warning: invalid input character code 13
troff:lib/ovs.tmac:66: warning: invalid input character code 13
troff:lib/ovs.tmac:67: warning: invalid input character code 13
troff:lib/ovs.tmac:68: warning: invalid input character code 13
troff:lib/ovs.tmac:69: warning: invalid input character code 13
troff:lib/ovs.tmac:70: warning: invalid input character code 13
troff:lib/ovs.tmac:71: warning: invalid input character code 13
troff:lib/ovs.tmac:72: warning: invalid input character code 13
troff:lib/ovs.tmac:73: warning: invalid input character code 13
troff:lib/ovs.tmac:74: warning: invalid input character code 13
troff:lib/ovs.tmac:75: warning: invalid input character code 13
troff:lib/ovs.tmac:76: warning: invalid input character code 13
troff:lib/ovs.tmac:77: warning: invalid input character code 13
troff:lib/ovs.tmac:78: warning: invalid input character code 13
troff:lib/ovs.tmac:79: warning: invalid input character code 13
troff:lib/ovs.tmac:80: warning: invalid input character code 13
troff:lib/ovs.tmac:81: warning: invalid input character code 13
troff:lib/ovs.tmac:82: warning: invalid input character code 13
troff:lib/ovs.tmac:83: warning: invalid input character code 13
troff:lib/ovs.tmac:84: warning: invalid input character code 13
troff:lib/ovs.tmac:85: warning: invalid input character code 13
troff:lib/ovs.tmac:86: warning: invalid input character code 13
troff:lib/ovs.tmac:87: warning: invalid input character code 13
troff:lib/ovs.tmac:88: warning: invalid input character code 13
troff:lib/ovs.tmac:89: warning: invalid input character code 13
troff:lib/ovs.tmac:90: warning: invalid input character code 13
troff:lib/ovs.tmac:91: warning: invalid input character code 13
troff:lib/ovs.tmac:92: warning: invalid input character code 13
troff:lib/ovs.tmac:93: warning: invalid input character code 13
troff:lib/ovs.tmac:94: warning: invalid input character code 13
troff:lib/ovs.tmac:95: warning: invalid input character code 13
troff:lib/ovs.tmac:96: warning: invalid input character code 13
troff:lib/ovs.tmac:97: warning: invalid input character code 13
troff:lib/ovs.tmac:98: warning: invalid input character code 13
troff:lib/ovs.tmac:99: warning: invalid input character code 13
troff:lib/ovs.tmac:100: warning: invalid input character code 13
troff:lib/ovs.tmac:101: warning: invalid input character code 13
troff:lib/ovs.tmac:102: warning: invalid input character code 13
troff:lib/ovs.tmac:103: warning: invalid input character code 13
troff:lib/ovs.tmac:104: warning: invalid input character code 13
troff:lib/ovs.tmac:105: warning: invalid input character code 13
troff:lib/ovs.tmac:106: warning: invalid input character code 13
troff:lib/ovs.tmac:107: warning: invalid input character code 13
troff:lib/ovs.tmac:108: warning: invalid input character code 13
troff:lib/ovs.tmac:109: warning: invalid input character code 13
troff:lib/ovs.tmac:110: warning: invalid input character code 13
troff:lib/ovs.tmac:111: warning: invalid input character code 13
troff:lib/ovs.tmac:112: warning: invalid input character code 13
troff:lib/ovs.tmac:113: warning: invalid input character code 13
troff:lib/ovs.tmac:114: warning: invalid input character code 13
troff:lib/ovs.tmac:115: warning: invalid input character code 13
troff:lib/ovs.tmac:116: warning: invalid input character code 13
troff:lib/ovs.tmac:117: warning: invalid input character code 13
troff:lib/ovs.tmac:118: warning: invalid input character code 13
troff:lib/ovs.tmac:119: warning: invalid input character code 13
troff:lib/ovs.tmac:120: warning: invalid input character code 13
troff:lib/ovs.tmac:121: warning: invalid input character code 13
troff:lib/ovs.tmac:122: warning: invalid input character code 13
troff:lib/ovs.tmac:123: warning: invalid input character code 13
troff:lib/ovs.tmac:124: warning: invalid input character code 13
troff:lib/ovs.tmac:125: warning: invalid input character code 13
troff:lib/ovs.tmac:126: warning: invalid input character code 13
troff:lib/ovs.tmac:127: warning: invalid input character code 13
troff:lib/ovs.tmac:128: warning: invalid input character code 13
troff:lib/ovs.tmac:129: warning: invalid input character code 13
troff:lib/ovs.tmac:130: warning: invalid input character code 13
troff:lib/ovs.tmac:131: warning: invalid input character code 13
troff:lib/ovs.tmac:132: warning: invalid input character code 13
troff:lib/ovs.tmac:133: warning: invalid input character code 13
troff:lib/ovs.tmac:134: warning: invalid input character code 13
troff:lib/ovs.tmac:135: warning: invalid input character code 13
troff:lib/ovs.tmac:136: warning: invalid input character code 13
troff:lib/ovs.tmac:137: warning: invalid input character code 13
troff:lib/ovs.tmac:138: warning: invalid input character code 13
troff:lib/ovs.tmac:139: warning: invalid input character code 13
troff:lib/ovs.tmac:140: warning: invalid input character code 13
troff:lib/ovs.tmac:141: warning: invalid input character code 13
troff:lib/ovs.tmac:142: warning: invalid input character code 13
troff:lib/ovs.tmac:143: warning: invalid input character code 13
troff:lib/ovs.tmac:144: warning: invalid input character code 13
troff:lib/ovs.tmac:145: warning: invalid input character code 13
troff:lib/ovs.tmac:146: warning: invalid input character code 13
troff:lib/ovs.tmac:147: warning: invalid input character code 13
troff:lib/ovs.tmac:148: warning: invalid input character code 13
troff:lib/ovs.tmac:149: warning: invalid input character code 13
troff:lib/ovs.tmac:150: warning: invalid input character code 13
troff:lib/ovs.tmac:151: warning: invalid input character code 13
troff:lib/ovs.tmac:152: warning: invalid input character code 13
troff:lib/ovs.tmac:153: warning: invalid input character code 13
troff:lib/ovs.tmac:154: warning: invalid input character code 13
troff:lib/ovs.tmac:155: warning: invalid input character code 13
troff:lib/ovs.tmac:156: warning: invalid input character code 13
troff:lib/ovs.tmac:157: warning: invalid input character code 13
troff:lib/ovs.tmac:158: warning: invalid input character code 13
troff:lib/ovs.tmac:159: warning: invalid input character code 13
troff:lib/ovs.tmac:160: warning: invalid input character code 13
troff:lib/ovs.tmac:161: warning: invalid input character code 13
troff:lib/ovs.tmac:162: warning: invalid input character code 13
troff:lib/ovs.tmac:163: warning: invalid input character code 13
troff:lib/ovs.tmac:164: warning: invalid input character code 13
troff:lib/ovs.tmac:165: warning: invalid input character code 13
troff:lib/ovs.tmac:166: warning: invalid input character code 13
troff:lib/ovs.tmac:167: warning: invalid input character code 13
troff:lib/ovs.tmac:168: warning: invalid input character code 13
troff:lib/ovs.tmac:169: warning: invalid input character code 13
troff:lib/ovs.tmac:170: warning: invalid input character code 13
troff:lib/ovs.tmac:171: warning: invalid input character code 13
troff:lib/ovs.tmac:172: warning: invalid input character code 13
troff:lib/ovs.tmac:173: warning: invalid input character code 13
troff:lib/ovs.tmac:174: warning: invalid input character code 13
troff:lib/ovs.tmac:175: warning: invalid input character code 13
troff:lib/ovs.tmac:176: warning: invalid input character code 13
troff:lib/ovs.tmac:177: warning: invalid input character code 13
troff:lib/ovs.tmac:178: warning: invalid input character code 13
troff:lib/ovs.tmac:179: warning: invalid input character code 13
troff:lib/ovs.tmac:180: warning: invalid input character code 13
troff:lib/ovs.tmac:181: warning: invalid input character code 13
troff:lib/ovs.tmac:182: warning: invalid input character code 13
troff:lib/ovs.tmac:183: warning: invalid input character code 13
troff:lib/ovs.tmac:184: warning: invalid input character code 13
troff:lib/ovs.tmac:185: warning: invalid input character code 13
troff:lib/ovs.tmac:186: warning: invalid input character code 13
troff:lib/ovs.tmac:187: warning: invalid input character code 13
troff:lib/ovs.tmac:188: warning: invalid input character code 13
troff:lib/ovs.tmac:189: warning: invalid input character code 13
troff:lib/ovs.tmac:190: warning: invalid input character code 13
troff:lib/table.man:1: warning: invalid input character code 13
troff:lib/table.man:2: warning: invalid input character code 13
troff:lib/table.man:3: warning: invalid input character code 13
troff:lib/table.man:4: warning: invalid input character code 13
troff:lib/table.man:5: warning: invalid input character code 13
troff:lib/table.man:6: warning: invalid input character code 13
troff:lib/table.man:7: warning: invalid input character code 13
troff:lib/table.man:8: warning: invalid input character code 13
troff:lib/table.man:9: warning: invalid input character code 13
troff:lib/table.man:10: warning: invalid input character code 13
troff:lib/table.man:11: warning: invalid input character code 13
troff:lib/table.man:12: warning: invalid input character code 13
troff:lib/table.man:13: warning: invalid input character code 13
troff:lib/table.man:14: warning: invalid input character code 13
troff:lib/table.man:15: warning: invalid input character code 13
troff:lib/table.man:16: warning: invalid input character code 13
troff:lib/table.man:17: warning: invalid input character code 13
troff:lib/table.man:18: warning: invalid input character code 13
troff:lib/table.man:19: warning: invalid input character code 13
troff:lib/table.man:20: warning: invalid input character code 13
troff:lib/table.man:21: warning: invalid input character code 13
troff:lib/table.man:22: warning: invalid input character code 13
troff:lib/table.man:23: warning: invalid input character code 13
troff:lib/table.man:24: warning: invalid input character code 13
troff:lib/table.man:25: warning: invalid input character code 13
troff:lib/table.man:26: warning: invalid input character code 13
troff:lib/table.man:27: warning: invalid input character code 13
troff:lib/table.man:28: warning: invalid input character code 13
troff:lib/table.man:29: warning: invalid input character code 13
troff:lib/table.man:30: warning: invalid input character code 13
troff:lib/table.man:31: warning: invalid input character code 13
troff:lib/table.man:32: warning: invalid input character code 13
troff:lib/table.man:33: warning: invalid input character code 13
troff:lib/table.man:34: warning: invalid input character code 13
troff:lib/table.man:35: warning: invalid input character code 13
troff:lib/table.man:36: warning: invalid input character code 13
troff:lib/table.man:37: warning: invalid input character code 13
troff:lib/table.man:38: warning: invalid input character code 13
troff:lib/table.man:39: warning: invalid input character code 13
troff:lib/table.man:40: warning: invalid input character code 13
troff:lib/table.man:41: warning: invalid input character code 13
troff:lib/table.man:42: warning: invalid input character code 13
troff:lib/table.man:43: warning: invalid input character code 13
troff:lib/table.man:44: warning: invalid input character code 13
troff:lib/table.man:45: warning: invalid input character code 13
troff:lib/table.man:46: warning: invalid input character code 13
troff:lib/table.man:47: warning: invalid input character code 13
troff:lib/table.man:48: warning: invalid input character code 13
troff:lib/table.man:49: warning: invalid input character code 13
troff:lib/table.man:50: warning: invalid input character code 13
troff:lib/table.man:51: warning: invalid input character code 13
troff:lib/table.man:52: warning: invalid input character code 13
troff:lib/table.man:53: warning: invalid input character code 13
troff:lib/table.man:54: warning: invalid input character code 13
troff:lib/table.man:55: warning: invalid input character code 13
troff:lib/table.man:56: warning: invalid input character code 13
troff:lib/table.man:57: warning: invalid input character code 13
troff:lib/table.man:58: warning: invalid input character code 13
troff:lib/table.man:59: warning: invalid input character code 13
troff:lib/table.man:60: warning: invalid input character code 13
troff:lib/table.man:61: warning: invalid input character code 13
troff:lib/table.man:62: warning: invalid input character code 13
troff:lib/table.man:63: warning: invalid input character code 13
troff:lib/table.man:64: warning: invalid input character code 13
troff:lib/table.man:65: warning: invalid input character code 13
troff:lib/table.man:66: warning: invalid input character code 13
troff:lib/table.man:67: warning: invalid input character code 13
troff:lib/table.man:68: warning: invalid input character code 13
troff:lib/table.man:69: warning: invalid input character code 13
troff:lib/table.man:70: warning: invalid input character code 13
troff:lib/table.man:71: warning: invalid input character code 13
troff:lib/table.man:72: warning: invalid input character code 13
troff:lib/table.man:73: warning: invalid input character code 13
troff:lib/table.man:74: warning: invalid input character code 13
troff:lib/table.man:75: warning: invalid input character code 13
troff:lib/table.man:76: warning: invalid input character code 13
troff:lib/ssl.man:1: warning: invalid input character code 13
troff:lib/ssl.man:2: warning: invalid input character code 13
troff:lib/ssl.man:3: warning: invalid input character code 13
troff:lib/ssl.man:4: warning: invalid input character code 13
troff:lib/ssl.man:5: warning: invalid input character code 13
troff:lib/ssl.man:6: warning: invalid input character code 13
troff:lib/ssl.man:7: warning: invalid input character code 13
troff:lib/ssl.man:8: warning: invalid input character code 13
troff:lib/ssl.man:9: warning: invalid input character code 13
troff:lib/ssl.man:10: warning: invalid input character code 13
troff:lib/ssl.man:11: warning: invalid input character code 13
troff:lib/ssl.man:12: warning: invalid input character code 13
troff:lib/ssl.man:13: warning: invalid input character code 13
troff:lib/ssl.man:14: warning: invalid input character code 13
troff:lib/ssl.man:15: warning: invalid input character code 13
troff:lib/ssl.man:16: warning: invalid input character code 13
troff:lib/ssl.man:17: warning: invalid input character code 13
troff:lib/ssl.man:18: warning: invalid input character code 13
troff:lib/ssl.man:19: warning: invalid input character code 13
troff:lib/ssl.man:20: warning: invalid input character code 13
troff:lib/ssl.man:21: warning: invalid input character code 13
troff:lib/ssl.man:22: warning: invalid input character code 13
troff:lib/ssl.man:23: warning: invalid input character code 13
troff:lib/ssl.man:24: warning: invalid input character code 13
troff:lib/ssl.man:25: warning: invalid input character code 13
troff:lib/ssl.man:26: warning: invalid input character code 13
troff:lib/ssl-bootstrap.man:1: warning: invalid input character code 13
troff:lib/ssl-bootstrap.man:2: warning: invalid input character code 13
troff:lib/ssl-bootstrap.man:3: warning: invalid input character code 13
troff:lib/ssl-bootstrap.man:4: warning: invalid input character code 13
troff:lib/ssl-bootstrap.man:5: warning: invalid input character code 13
troff:lib/ssl-bootstrap.man:6: warning: invalid input character code 13
troff:lib/ssl-bootstrap.man:7: warning: invalid input character code 13
troff:lib/ssl-bootstrap.man:8: warning: invalid input character code 13
troff:lib/ssl-bootstrap.man:9: warning: invalid input character code 13
troff:lib/ssl-bootstrap.man:10: warning: invalid input character code 13
troff:lib/ssl-bootstrap.man:11: warning: invalid input character code 13
troff:lib/ssl-bootstrap.man:12: warning: invalid input character code 13
troff:lib/ssl-bootstrap.man:13: warning: invalid input character code 13
troff:lib/ssl-bootstrap.man:14: warning: invalid input character code 13
troff:lib/ssl-bootstrap.man:15: warning: invalid input character code 13
troff:lib/ssl-bootstrap.man:16: warning: invalid input character code 13
troff:lib/ssl-bootstrap.man:17: warning: invalid input character code 13
troff:lib/ssl-bootstrap.man:18: warning: invalid input character code 13
troff:lib/ssl-bootstrap.man:19: warning: invalid input character code 13
troff:lib/ssl-bootstrap.man:20: warning: invalid input character code 13
troff:lib/ssl-peer-ca-cert.man:1: warning: invalid input character code 13
troff:lib/ssl-peer-ca-cert.man:2: warning: invalid input character code 13
troff:lib/ssl-peer-ca-cert.man:3: warning: invalid input character code 13
troff:lib/ssl-peer-ca-cert.man:4: warning: invalid input character code 13
troff:lib/ssl-peer-ca-cert.man:5: warning: invalid input character code 13
troff:lib/ssl-peer-ca-cert.man:6: warning: invalid input character code 13
troff:lib/ssl-peer-ca-cert.man:7: warning: invalid input character code 13
troff:lib/ssl-peer-ca-cert.man:8: warning: invalid input character code 13
troff:lib/ssl-peer-ca-cert.man:9: warning: invalid input character code 13
troff:lib/ssl-peer-ca-cert.man:10: warning: invalid input character code 13
troff:lib/ssl-peer-ca-cert.man:11: warning: invalid input character code 13
troff:lib/ssl-peer-ca-cert.man:12: warning: invalid input character code 13
troff:lib/ssl-peer-ca-cert.man:13: warning: invalid input character code 13
troff:lib/vlog.man:1: warning: invalid input character code 13
troff:lib/vlog.man:2: warning: invalid input character code 13
troff:lib/vlog.man:3: warning: invalid input character code 13
troff:lib/vlog.man:4: warning: invalid input character code 13
troff:lib/vlog.man:5: warning: invalid input character code 13
troff:lib/vlog.man:6: warning: invalid input character code 13
troff:lib/vlog.man:7: warning: invalid input character code 13
troff:lib/vlog.man:8: warning: invalid input character code 13
troff:lib/vlog.man:9: warning: invalid input character code 13
troff:lib/vlog.man:10: warning: invalid input character code 13
troff:lib/vlog.man:11: warning: invalid input character code 13
troff:lib/vlog.man:12: warning: invalid input character code 13
troff:lib/vlog.man:13: warning: invalid input character code 13
troff:lib/vlog.man:14: warning: invalid input character code 13
troff:lib/vlog.man:15: warning: invalid input character code 13
troff:lib/vlog.man:16: warning: invalid input character code 13
troff:lib/vlog.man:17: warning: invalid input character code 13
troff:lib/vlog.man:18: warning: invalid input character code 13
troff:lib/vlog.man:19: warning: invalid input character code 13
troff:lib/vlog.man:20: warning: invalid input character code 13
troff:lib/vlog.man:21: warning: invalid input character code 13
troff:lib/vlog.man:22: warning: invalid input character code 13
troff:lib/vlog.man:23: warning: invalid input character code 13
troff:lib/vlog.man:24: warning: invalid input character code 13
troff:lib/vlog.man:25: warning: invalid input character code 13
troff:lib/vlog.man:26: warning: invalid input character code 13
troff:lib/vlog.man:27: warning: invalid input character code 13
troff:lib/vlog.man:28: warning: invalid input character code 13
troff:lib/vlog.man:29: warning: invalid input character code 13
troff:lib/vlog.man:30: warning: invalid input character code 13
troff:lib/vlog.man:31: warning: invalid input character code 13
troff:lib/vlog.man:32: warning: invalid input character code 13
troff:lib/vlog.man:33: warning: invalid input character code 13
troff:lib/vlog.man:34: warning: invalid input character code 13
troff:lib/vlog.man:35: warning: invalid input character code 13
troff:lib/vlog.man:36: warning: invalid input character code 13
troff:lib/vlog.man:37: warning: invalid input character code 13
troff:lib/vlog.man:38: warning: invalid input character code 13
troff:lib/vlog.man:39: warning: invalid input character code 13
troff:lib/vlog.man:40: warning: invalid input character code 13
troff:lib/vlog.man:41: warning: invalid input character code 13
troff:lib/vlog.man:42: warning: invalid input character code 13
troff:lib/vlog.man:43: warning: invalid input character code 13
troff:lib/vlog.man:44: warning: invalid input character code 13
troff:lib/vlog.man:45: warning: invalid input character code 13
troff:lib/vlog.man:46: warning: invalid input character code 13
troff:lib/vlog.man:47: warning: invalid input character code 13
troff:lib/vlog.man:48: warning: invalid input character code 13
troff:lib/vlog.man:49: warning: invalid input character code 13
troff:lib/vlog.man:50: warning: invalid input character code 13
troff:lib/vlog.man:51: warning: invalid input character code 13
troff:lib/vlog.man:52: warning: invalid input character code 13
troff:lib/vlog.man:53: warning: invalid input character code 13
troff:lib/vlog.man:54: warning: invalid input character code 13
troff:lib/vlog.man:55: warning: invalid input character code 13
troff:lib/vlog.man:56: warning: invalid input character code 13
troff:lib/vlog.man:57: warning: invalid input character code 13
troff:lib/vlog.man:58: warning: invalid input character code 13
troff:lib/vlog.man:59: warning: invalid input character code 13
troff:lib/vlog.man:60: warning: invalid input character code 13
troff:lib/vlog.man:61: warning: invalid input character code 13
troff:lib/vlog.man:62: warning: invalid input character code 13
troff:lib/vlog.man:63: warning: invalid input character code 13
troff:lib/vlog.man:64: warning: invalid input character code 13
troff:lib/vlog.man:65: warning: invalid input character code 13
troff:lib/vlog.man:66: warning: invalid input character code 13
troff:lib/vlog.man:67: warning: invalid input character code 13
troff:lib/vlog.man:68: warning: invalid input character code 13
troff:lib/vlog.man:69: warning: invalid input character code 13
troff:lib/vlog.man:70: warning: invalid input character code 13
troff:lib/vlog.man:71: warning: invalid input character code 13
troff:lib/vlog.man:72: warning: invalid input character code 13
troff:lib/vlog.man:73: warning: invalid input character code 13
troff:lib/vlog.man:74: warning: invalid input character code 13
troff:lib/vlog.man:75: warning: invalid input character code 13
troff:lib/vlog.man:76: warning: invalid input character code 13
troff:lib/vlog.man:77: warning: invalid input character code 13
troff:lib/vlog.man:78: warning: invalid input character code 13
troff:lib/vlog.man:79: warning: invalid input character code 13
troff:lib/vlog.man:80: warning: invalid input character code 13
troff:lib/vlog.man:81: warning: invalid input character code 13
troff:lib/vlog.man:82: warning: invalid input character code 13
troff:lib/vlog.man:83: warning: invalid input character code 13
troff:lib/vlog.man:84: warning: invalid input character code 13
troff:lib/vlog.man:85: warning: invalid input character code 13
troff:lib/vlog.man:86: warning: invalid input character code 13
troff:lib/vlog.man:87: warning: invalid input character code 13
troff:lib/vlog.man:88: warning: invalid input character code 13
troff:lib/vlog.man:89: warning: invalid input character code 13
troff:lib/vlog.man:90: warning: invalid input character code 13
troff:lib/vlog.man:91: warning: invalid input character code 13
troff:lib/vlog.man:92: warning: invalid input character code 13
troff:lib/vlog.man:93: warning: invalid input character code 13
troff:lib/vlog.man:94: warning: invalid input character code 13
troff:lib/vlog.man:95: warning: invalid input character code 13
troff:lib/vlog.man:96: warning: invalid input character code 13
troff:lib/vlog.man:97: warning: invalid input character code 13
troff:lib/vlog.man:98: warning: invalid input character code 13
troff:lib/vlog.man:99: warning: invalid input character code 13
troff:lib/vlog.man:100: warning: invalid input character code 13
troff:lib/vlog.man:101: warning: invalid input character code 13
troff:lib/vlog.man:102: warning: invalid input character code 13
troff:lib/vlog.man:103: warning: invalid input character code 13
troff:lib/vlog.man:104: warning: invalid input character code 13
troff:lib/vlog.man:105: warning: invalid input character code 13
troff:lib/vlog.man:106: warning: invalid input character code 13
troff:lib/common.man:1: warning: invalid input character code 13
troff:lib/common.man:2: warning: invalid input character code 13
troff:lib/common.man:3: warning: invalid input character code 13
troff:lib/common.man:4: warning: invalid input character code 13
troff:lib/common.man:5: warning: invalid input character code 13
troff:lib/common.man:6: warning: invalid input character code 13
troff:lib/common.man:7: warning: invalid input character code 13
troff:lib/db-ctl-base.man:1: warning: invalid input character code 13
troff:lib/db-ctl-base.man:2: warning: invalid input character code 13
troff:lib/db-ctl-base.man:3: warning: invalid input character code 13
troff:lib/db-ctl-base.man:4: warning: invalid input character code 13
troff:lib/db-ctl-base.man:5: warning: invalid input character code 13
troff:lib/db-ctl-base.man:6: warning: invalid input character code 13
troff:lib/db-ctl-base.man:7: warning: invalid input character code 13
troff:lib/db-ctl-base.man:8: warning: invalid input character code 13
troff:lib/db-ctl-base.man:9: warning: invalid input character code 13
troff:lib/db-ctl-base.man:10: warning: invalid input character code 13
troff:lib/db-ctl-base.man:11: warning: invalid input character code 13
troff:lib/db-ctl-base.man:12: warning: invalid input character code 13
troff:lib/db-ctl-base.man:13: warning: invalid input character code 13
troff:lib/db-ctl-base.man:14: warning: invalid input character code 13
troff:lib/db-ctl-base.man:15: warning: invalid input character code 13
troff:lib/db-ctl-base.man:16: warning: invalid input character code 13
troff:lib/db-ctl-base.man:17: warning: invalid input character code 13
troff:lib/db-ctl-base.man:18: warning: invalid input character code 13
troff:lib/db-ctl-base.man:19: warning: invalid input character code 13
troff:lib/db-ctl-base.man:20: warning: invalid input character code 13
troff:lib/db-ctl-base.man:21: warning: invalid input character code 13
troff:lib/db-ctl-base.man:22: warning: invalid input character code 13
troff:lib/db-ctl-base.man:23: warning: invalid input character code 13
troff:lib/db-ctl-base.man:24: warning: invalid input character code 13
troff:lib/db-ctl-base.man:25: warning: invalid input character code 13
troff:lib/db-ctl-base.man:26: warning: invalid input character code 13
troff:lib/db-ctl-base.man:27: warning: invalid input character code 13
troff:lib/db-ctl-base.man:28: warning: invalid input character code 13
troff:lib/db-ctl-base.man:29: warning: invalid input character code 13
troff:lib/db-ctl-base.man:30: warning: invalid input character code 13
troff:lib/db-ctl-base.man:31: warning: invalid input character code 13
troff:lib/db-ctl-base.man:32: warning: invalid input character code 13
troff:lib/db-ctl-base.man:33: warning: invalid input character code 13
troff:lib/db-ctl-base.man:34: warning: invalid input character code 13
troff:lib/db-ctl-base.man:35: warning: invalid input character code 13
troff:lib/db-ctl-base.man:36: warning: invalid input character code 13
troff:lib/db-ctl-base.man:37: warning: invalid input character code 13
troff:lib/db-ctl-base.man:38: warning: invalid input character code 13
troff:lib/db-ctl-base.man:39: warning: invalid input character code 13
troff:lib/db-ctl-base.man:40: warning: invalid input character code 13
troff:lib/db-ctl-base.man:41: warning: invalid input character code 13
troff:lib/db-ctl-base.man:42: warning: invalid input character code 13
troff:lib/db-ctl-base.man:43: warning: invalid input character code 13
troff:lib/db-ctl-base.man:44: warning: invalid input character code 13
troff:lib/db-ctl-base.man:45: warning: invalid input character code 13
troff:lib/db-ctl-base.man:46: warning: invalid input character code 13
troff:lib/db-ctl-base.man:47: warning: invalid input character code 13
troff:lib/db-ctl-base.man:48: warning: invalid input character code 13
troff:lib/db-ctl-base.man:49: warning: invalid input character code 13
troff:lib/db-ctl-base.man:50: warning: invalid input character code 13
troff:lib/db-ctl-base.man:51: warning: invalid input character code 13
troff:lib/db-ctl-base.man:52: warning: invalid input character code 13
troff:lib/db-ctl-base.man:53: warning: invalid input character code 13
troff:lib/db-ctl-base.man:54: warning: invalid input character code 13
troff:lib/db-ctl-base.man:55: warning: invalid input character code 13
troff:lib/db-ctl-base.man:56: warning: invalid input character code 13
troff:lib/db-ctl-base.man:57: warning: invalid input character code 13
troff:lib/db-ctl-base.man:58: warning: invalid input character code 13
troff:lib/db-ctl-base.man:59: warning: invalid input character code 13
troff:lib/db-ctl-base.man:60: warning: invalid input character code 13
troff:lib/db-ctl-base.man:61: warning: invalid input character code 13
troff:lib/db-ctl-base.man:62: warning: invalid input character code 13
troff:lib/db-ctl-base.man:63: warning: invalid input character code 13
troff:lib/db-ctl-base.man:64: warning: invalid input character code 13
troff:lib/db-ctl-base.man:65: warning: invalid input character code 13
troff:lib/db-ctl-base.man:66: warning: invalid input character code 13
troff:lib/db-ctl-base.man:67: warning: invalid input character code 13
troff:lib/db-ctl-base.man:68: warning: invalid input character code 13
troff:lib/db-ctl-base.man:69: warning: invalid input character code 13
troff:lib/db-ctl-base.man:70: warning: invalid input character code 13
troff:lib/db-ctl-base.man:71: warning: invalid input character code 13
troff:lib/db-ctl-base.man:72: warning: invalid input character code 13
troff:lib/db-ctl-base.man:73: warning: invalid input character code 13
troff:lib/db-ctl-base.man:74: warning: invalid input character code 13
troff:lib/db-ctl-base.man:75: warning: invalid input character code 13
troff:lib/db-ctl-base.man:76: warning: invalid input character code 13
troff:lib/db-ctl-base.man:77: warning: invalid input character code 13
troff:lib/db-ctl-base.man:78: warning: invalid input character code 13
troff:lib/db-ctl-base.man:79: warning: invalid input character code 13
troff:lib/db-ctl-base.man:80: warning: invalid input character code 13
troff:lib/db-ctl-base.man:81: warning: invalid input character code 13
troff:lib/db-ctl-base.man:82: warning: invalid input character code 13
troff:lib/db-ctl-base.man:83: warning: invalid input character code 13
troff:lib/db-ctl-base.man:84: warning: invalid input character code 13
troff:lib/db-ctl-base.man:85: warning: invalid input character code 13
troff:lib/db-ctl-base.man:86: warning: invalid input character code 13
troff:lib/db-ctl-base.man:87: warning: invalid input character code 13
troff:lib/db-ctl-base.man:88: warning: invalid input character code 13
troff:lib/db-ctl-base.man:89: warning: invalid input character code 13
troff:lib/db-ctl-base.man:90: warning: invalid input character code 13
troff:lib/db-ctl-base.man:91: warning: invalid input character code 13
troff:lib/db-ctl-base.man:92: warning: invalid input character code 13
troff:lib/db-ctl-base.man:93: warning: invalid input character code 13
troff:lib/db-ctl-base.man:94: warning: invalid input character code 13
troff:lib/db-ctl-base.man:95: warning: invalid input character code 13
troff:lib/db-ctl-base.man:96: warning: invalid input character code 13
troff:lib/db-ctl-base.man:97: warning: invalid input character code 13
troff:lib/db-ctl-base.man:98: warning: invalid input character code 13
troff:lib/db-ctl-base.man:99: warning: invalid input character code 13
troff:lib/db-ctl-base.man:100: warning: invalid input character code 13
troff:lib/db-ctl-base.man:101: warning: invalid input character code 13
troff:lib/db-ctl-base.man:102: warning: invalid input character code 13
troff:lib/db-ctl-base.man:103: warning: invalid input character code 13
troff:lib/db-ctl-base.man:104: warning: invalid input character code 13
troff:lib/db-ctl-base.man:105: warning: invalid input character code 13
troff:lib/db-ctl-base.man:106: warning: invalid input character code 13
troff:lib/db-ctl-base.man:107: warning: invalid input character code 13
troff:lib/db-ctl-base.man:108: warning: invalid input character code 13
troff:lib/db-ctl-base.man:109: warning: invalid input character code 13
troff:lib/db-ctl-base.man:110: warning: invalid input character code 13
troff:lib/db-ctl-base.man:111: warning: invalid input character code 13
troff:lib/db-ctl-base.man:112: warning: invalid input character code 13
troff:lib/db-ctl-base.man:113: warning: invalid input character code 13
troff:lib/db-ctl-base.man:114: warning: invalid input character code 13
troff:lib/db-ctl-base.man:115: warning: invalid input character code 13
troff:lib/db-ctl-base.man:116: warning: invalid input character code 13
troff:lib/db-ctl-base.man:117: warning: invalid input character code 13
troff:lib/db-ctl-base.man:118: warning: invalid input character code 13
troff:lib/db-ctl-base.man:119: warning: invalid input character code 13
troff:lib/db-ctl-base.man:120: warning: invalid input character code 13
troff:lib/db-ctl-base.man:121: warning: invalid input character code 13
troff:lib/db-ctl-base.man:122: warning: invalid input character code 13
troff:lib/db-ctl-base.man:123: warning: invalid input character code 13
troff:lib/db-ctl-base.man:124: warning: invalid input character code 13
troff:lib/db-ctl-base.man:125: warning: invalid input character code 13
troff:lib/db-ctl-base.man:126: warning: invalid input character code 13
troff:lib/db-ctl-base.man:127: warning: invalid input character code 13
troff:lib/db-ctl-base.man:128: warning: invalid input character code 13
troff:lib/db-ctl-base.man:129: warning: invalid input character code 13
troff:lib/db-ctl-base.man:130: warning: invalid input character code 13
troff:lib/db-ctl-base.man:131: warning: invalid input character code 13
troff:lib/db-ctl-base.man:132: warning: invalid input character code 13
troff:lib/db-ctl-base.man:133: warning: invalid input character code 13
troff:lib/db-ctl-base.man:134: warning: invalid input character code 13
troff:lib/db-ctl-base.man:135: warning: invalid input character code 13
troff:lib/db-ctl-base.man:136: warning: invalid input character code 13
troff:lib/db-ctl-base.man:137: warning: invalid input character code 13
troff:lib/db-ctl-base.man:138: warning: invalid input character code 13
troff:lib/db-ctl-base.man:139: warning: invalid input character code 13
troff:lib/db-ctl-base.man:140: warning: invalid input character code 13
troff:lib/db-ctl-base.man:141: warning: invalid input character code 13
troff:lib/db-ctl-base.man:142: warning: invalid input character code 13
troff:lib/db-ctl-base.man:143: warning: invalid input character code 13
troff:lib/db-ctl-base.man:144: warning: invalid input character code 13
troff:lib/db-ctl-base.man:145: warning: invalid input character code 13
troff:lib/db-ctl-base.man:146: warning: invalid input character code 13
troff:lib/db-ctl-base.man:147: warning: invalid input character code 13
troff:lib/db-ctl-base.man:148: warning: invalid input character code 13
troff:lib/db-ctl-base.man:149: warning: invalid input character code 13
troff:lib/db-ctl-base.man:150: warning: invalid input character code 13
troff:lib/db-ctl-base.man:151: warning: invalid input character code 13
troff:lib/db-ctl-base.man:152: warning: invalid input character code 13
troff:lib/db-ctl-base.man:153: warning: invalid input character code 13
troff:lib/db-ctl-base.man:154: warning: invalid input character code 13
troff:lib/db-ctl-base.man:155: warning: invalid input character code 13
troff:lib/db-ctl-base.man:156: warning: invalid input character code 13
troff:lib/db-ctl-base.man:157: warning: invalid input character code 13
troff:lib/db-ctl-base.man:158: warning: invalid input character code 13
troff:lib/db-ctl-base.man:159: warning: invalid input character code 13
troff:lib/db-ctl-base.man:160: warning: invalid input character code 13
troff:lib/db-ctl-base.man:161: warning: invalid input character code 13
troff:lib/db-ctl-base.man:162: warning: invalid input character code 13
troff:lib/db-ctl-base.man:163: warning: invalid input character code 13
troff:lib/db-ctl-base.man:164: warning: invalid input character code 13
troff:lib/db-ctl-base.man:165: warning: invalid input character code 13
troff:lib/db-ctl-base.man:166: warning: invalid input character code 13
troff:lib/db-ctl-base.man:167: warning: invalid input character code 13
troff:lib/db-ctl-base.man:168: warning: invalid input character code 13
troff:lib/db-ctl-base.man:169: warning: invalid input character code 13
troff:lib/db-ctl-base.man:170: warning: invalid input character code 13
troff:lib/db-ctl-base.man:171: warning: invalid input character code 13
troff:lib/db-ctl-base.man:172: warning: invalid input character code 13
troff:lib/db-ctl-base.man:173: warning: invalid input character code 13
troff:lib/db-ctl-base.man:174: warning: invalid input character code 13
troff:lib/db-ctl-base.man:175: warning: invalid input character code 13
troff:lib/db-ctl-base.man:176: warning: invalid input character code 13
troff:lib/db-ctl-base.man:177: warning: invalid input character code 13
troff:lib/db-ctl-base.man:178: warning: invalid input character code 13
troff:lib/db-ctl-base.man:179: warning: invalid input character code 13
troff:lib/db-ctl-base.man:180: warning: invalid input character code 13
troff:lib/db-ctl-base.man:181: warning: invalid input character code 13
troff:lib/db-ctl-base.man:182: warning: invalid input character code 13
troff:lib/db-ctl-base.man:183: warning: invalid input character code 13
troff:lib/db-ctl-base.man:184: warning: invalid input character code 13
troff:lib/db-ctl-base.man:185: warning: invalid input character code 13
troff:lib/db-ctl-base.man:186: warning: invalid input character code 13
troff:lib/db-ctl-base.man:187: warning: invalid input character code 13
troff:lib/db-ctl-base.man:188: warning: invalid input character code 13
troff:lib/db-ctl-base.man:189: warning: invalid input character code 13
troff:lib/db-ctl-base.man:190: warning: invalid input character code 13
troff:lib/db-ctl-base.man:191: warning: invalid input character code 13
troff:lib/db-ctl-base.man:192: warning: invalid input character code 13
troff:lib/db-ctl-base.man:193: warning: invalid input character code 13
troff:lib/db-ctl-base.man:194: warning: invalid input character code 13
troff:lib/db-ctl-base.man:195: warning: invalid input character code 13
troff:lib/db-ctl-base.man:196: warning: invalid input character code 13
troff:lib/db-ctl-base.man:197: warning: invalid input character code 13
troff:lib/db-ctl-base.man:198: warning: invalid input character code 13
troff:lib/db-ctl-base.man:199: warning: invalid input character code 13
troff:lib/db-ctl-base.man:200: warning: invalid input character code 13
troff:lib/db-ctl-base.man:201: warning: invalid input character code 13
troff:lib/db-ctl-base.man:202: warning: invalid input character code 13
troff:lib/db-ctl-base.man:203: warning: invalid input character code 13
troff:lib/db-ctl-base.man:204: warning: invalid input character code 13
troff:lib/db-ctl-base.man:205: warning: invalid input character code 13
troff:lib/db-ctl-base.man:206: warning: invalid input character code 13
troff:lib/db-ctl-base.man:207: warning: invalid input character code 13
troff:lib/db-ctl-base.man:208: warning: invalid input character code 13
troff:lib/db-ctl-base.man:209: warning: invalid input character code 13
troff:lib/db-ctl-base.man:210: warning: invalid input character code 13
troff:lib/db-ctl-base.man:211: warning: invalid input character code 13
troff:lib/db-ctl-base.man:212: warning: invalid input character code 13
troff:lib/db-ctl-base.man:213: warning: invalid input character code 13
troff:lib/db-ctl-base.man:214: warning: invalid input character code 13
troff:lib/db-ctl-base.man:215: warning: invalid input character code 13
troff:lib/db-ctl-base.man:216: warning: invalid input character code 13
troff:lib/db-ctl-base.man:217: warning: invalid input character code 13
troff:lib/db-ctl-base.man:218: warning: invalid input character code 13
troff:lib/db-ctl-base.man:219: warning: invalid input character code 13
troff:lib/db-ctl-base.man:220: warning: invalid input character code 13
troff:lib/db-ctl-base.man:221: warning: invalid input character code 13
troff:lib/db-ctl-base.man:222: warning: invalid input character code 13
troff:lib/db-ctl-base.man:223: warning: invalid input character code 13
troff:lib/db-ctl-base.man:224: warning: invalid input character code 13
troff:lib/db-ctl-base.man:225: warning: invalid input character code 13
troff:lib/db-ctl-base.man:226: warning: invalid input character code 13
troff:lib/db-ctl-base.man:227: warning: invalid input character code 13
troff:lib/db-ctl-base.man:228: warning: invalid input character code 13
troff:lib/db-ctl-base.man:229: warning: invalid input character code 13
troff:lib/db-ctl-base.man:230: warning: invalid input character code 13
troff:lib/db-ctl-base.man:231: warning: invalid input character code 13
troff:lib/db-ctl-base.man:232: warning: invalid input character code 13
troff:lib/db-ctl-base.man:233: warning: invalid input character code 13
troff:lib/db-ctl-base.man:234: warning: invalid input character code 13
troff:lib/db-ctl-base.man:235: warning: invalid input character code 13
troff:lib/db-ctl-base.man:236: warning: invalid input character code 13
troff:lib/db-ctl-base.man:237: warning: invalid input character code 13
troff:lib/db-ctl-base.man:238: warning: invalid input character code 13
troff:lib/db-ctl-base.man:239: warning: invalid input character code 13
troff:lib/db-ctl-base.man:240: warning: invalid input character code 13
troff:lib/db-ctl-base.man:241: warning: invalid input character code 13
troff:lib/db-ctl-base.man:242: warning: invalid input character code 13
troff:lib/db-ctl-base.man:243: warning: invalid input character code 13
troff:lib/db-ctl-base.man:244: warning: invalid input character code 13
troff:lib/db-ctl-base.man:245: warning: invalid input character code 13
troff:lib/db-ctl-base.man:246: warning: invalid input character code 13
troff:lib/db-ctl-base.man:247: warning: invalid input character code 13
troff:lib/db-ctl-base.man:248: warning: invalid input character code 13
troff:lib/db-ctl-base.man:249: warning: invalid input character code 13
troff:lib/db-ctl-base.man:250: warning: invalid input character code 13
troff:lib/db-ctl-base.man:251: warning: invalid input character code 13
troff:lib/db-ctl-base.man:252: warning: invalid input character code 13
troff:lib/db-ctl-base.man:253: warning: invalid input character code 13
troff:lib/db-ctl-base.man:254: warning: invalid input character code 13
troff:lib/db-ctl-base.man:255: warning: invalid input character code 13
troff:lib/db-ctl-base.man:256: warning: invalid input character code 13
troff:lib/db-ctl-base.man:257: warning: invalid input character code 13
troff:lib/db-ctl-base.man:258: warning: invalid input character code 13
troff:lib/db-ctl-base.man:259: warning: invalid input character code 13
troff:lib/db-ctl-base.man:260: warning: invalid input character code 13
troff:lib/db-ctl-base.man:261: warning: invalid input character code 13
troff:lib/db-ctl-base.man:262: warning: invalid input character code 13
troff:lib/db-ctl-base.man:263: warning: invalid input character code 13
troff:lib/db-ctl-base.man:264: warning: invalid input character code 13
troff:lib/db-ctl-base.man:265: warning: invalid input character code 13
troff:lib/db-ctl-base.man:266: warning: invalid input character code 13
troff:lib/db-ctl-base.man:267: warning: invalid input character code 13
troff:lib/db-ctl-base.man:268: warning: invalid input character code 13
troff:lib/db-ctl-base.man:269: warning: invalid input character code 13
troff:lib/db-ctl-base.man:270: warning: invalid input character code 13
troff:lib/db-ctl-base.man:271: warning: invalid input character code 13
troff:lib/db-ctl-base.man:272: warning: invalid input character code 13
troff:lib/db-ctl-base.man:273: warning: invalid input character code 13
troff:lib/db-ctl-base.man:274: warning: invalid input character code 13
troff:lib/db-ctl-base.man:275: warning: invalid input character code 13
troff:lib/db-ctl-base.man:276: warning: invalid input character code 13
troff:lib/db-ctl-base.man:277: warning: invalid input character code 13
troff:lib/db-ctl-base.man:278: warning: invalid input character code 13
troff:lib/db-ctl-base.man:279: warning: invalid input character code 13
troff:lib/db-ctl-base.man:280: warning: invalid input character code 13
make[1]: *** [Makefile:5941: manpage-check] Error 1
make[1]: Leaving directory '/mnt/d/ovs_DS'
make: *** [Makefile:2924: all] Error 2
